<?xml version="1.0" encoding="utf-8"?>
<testsuites>
	<testsuite name="130297">
		<testcase name="test: [google.tesseract.libtesseract-master]/[130297]/[apiexample]">
			<system-out>Running main() from gmock_main.cc
[==========] Running 4 tests from 2 test suites.
[----------] Global test environment set-up.
[----------] 1 test from EuroText
[ RUN      ] EuroText.FastLatinOCR
[       OK ] EuroText.FastLatinOCR (1021 ms)
[----------] 1 test from EuroText (1021 ms total)

[----------] 3 tests from Eng/MatchGroundTruth
[ RUN      ] Eng/MatchGroundTruth.FastPhototestOCR/0
[       OK ] Eng/MatchGroundTruth.FastPhototestOCR/0 (291 ms)
[ RUN      ] Eng/MatchGroundTruth.BestPhototestOCR/0
[       OK ] Eng/MatchGroundTruth.BestPhototestOCR/0 (2670 ms)
[ RUN      ] Eng/MatchGroundTruth.TessPhototestOCR/0
[       OK ] Eng/MatchGroundTruth.TessPhototestOCR/0 (559 ms)
[----------] 3 tests from Eng/MatchGroundTruth (3520 ms total)

[----------] Global test environment tear-down
[==========] 4 tests from 2 test suites ran. (4544 ms total)
[  PASSED  ] 4 tests.

  YOU HAVE 9 DISABLED TESTS

</system-out>
			<system-err></system-err>
		</testcase>
		<testcase name="test: [google.tesseract.libtesseract-master]/[130297]/[bitvector]">
			<system-out>Running main() from gmock_main.cc
[==========] Running 4 tests from 1 test suite.
[----------] Global test environment set-up.
[----------] 4 tests from BitVectorTest
[ RUN      ] BitVectorTest.Primes
[       OK ] BitVectorTest.Primes (2 ms)
[ RUN      ] BitVectorTest.SetAll
[       OK ] BitVectorTest.SetAll (0 ms)
[ RUN      ] BitVectorTest.TestNextSetBit
[       OK ] BitVectorTest.TestNextSetBit (1 ms)
[ RUN      ] BitVectorTest.TestNumSetBits
[       OK ] BitVectorTest.TestNumSetBits (0 ms)
[----------] 4 tests from BitVectorTest (4 ms total)

[----------] Global test environment tear-down
[==========] 4 tests from 1 test suite ran. (4 ms total)
[  PASSED  ] 4 tests.
</system-out>
			<system-err></system-err>
		</testcase>
		<testcase name="test: [google.tesseract.libtesseract-master]/[130297]/[applybox]">
			<system-out>Running main() from gmock_main.cc
[==========] Running 4 tests from 1 test suite.
[----------] Global test environment set-up.
[----------] 4 tests from ApplyBoxTest
[ RUN      ] ApplyBoxTest.TimesCharLevel
[       OK ] ApplyBoxTest.TimesCharLevel (205 ms)
[ RUN      ] ApplyBoxTest.ItalicCharLevel
[       OK ] ApplyBoxTest.ItalicCharLevel (190 ms)
[ RUN      ] ApplyBoxTest.TimesLineLevel
[       OK ] ApplyBoxTest.TimesLineLevel (235 ms)
[ RUN      ] ApplyBoxTest.ItalLineLevel
[       OK ] ApplyBoxTest.ItalLineLevel (213 ms)
[----------] 4 tests from ApplyBoxTest (843 ms total)

[----------] Global test environment tear-down
[==========] 4 tests from 1 test suite ran. (843 ms total)
[  PASSED  ] 4 tests.
</system-out>
			<system-err>APPLY_BOXES:
   Boxes read from boxfile:      33
   Found 33 good blobs.
APPLY_BOXES:
   Boxes read from boxfile:      33
   Found 33 good blobs.
APPLY_BOXES:
   Boxes read from boxfile:       1
   Found 33 good blobs.
APPLY_BOXES:
   Boxes read from boxfile:       1
   Found 33 good blobs.
</system-err>
		</testcase>
		<testcase name="test: [google.tesseract.libtesseract-master]/[130297]/[tablerecog]">
			<system-out>Running main() from gmock_main.cc
[==========] Running 13 tests from 2 test suites.
[----------] Global test environment set-up.
[----------] 6 tests from TableRecognizerTest
[ RUN      ] TableRecognizerTest.HasSignificantLinesBasicPass
[       OK ] TableRecognizerTest.HasSignificantLinesBasicPass (3 ms)
[ RUN      ] TableRecognizerTest.HasSignificantLinesBasicFail
[       OK ] TableRecognizerTest.HasSignificantLinesBasicFail (1 ms)
[ RUN      ] TableRecognizerTest.HasSignificantLinesHorizontalOnlyFails
[       OK ] TableRecognizerTest.HasSignificantLinesHorizontalOnlyFails (1 ms)
[ RUN      ] TableRecognizerTest.FindLinesBoundingBoxBasic
[       OK ] TableRecognizerTest.FindLinesBoundingBoxBasic (1 ms)
[ RUN      ] TableRecognizerTest.RecognizeLinedTableBasic
[       OK ] TableRecognizerTest.RecognizeLinedTableBasic (2 ms)
[ RUN      ] TableRecognizerTest.RecognizeWhitespacedTableBasic
[       OK ] TableRecognizerTest.RecognizeWhitespacedTableBasic (80 ms)
[----------] 6 tests from TableRecognizerTest (89 ms total)

[----------] 7 tests from StructuredTableTest
[ RUN      ] StructuredTableTest.CountVerticalIntersectionsAll
[       OK ] StructuredTableTest.CountVerticalIntersectionsAll (2 ms)
[ RUN      ] StructuredTableTest.CountHorizontalIntersectionsAll
[       OK ] StructuredTableTest.CountHorizontalIntersectionsAll (1 ms)
[ RUN      ] StructuredTableTest.VerifyLinedTableBasicPass
[       OK ] StructuredTableTest.VerifyLinedTableBasicPass (2 ms)
[ RUN      ] StructuredTableTest.VerifyLinedTableHorizontalFail
[       OK ] StructuredTableTest.VerifyLinedTableHorizontalFail (1 ms)
[ RUN      ] StructuredTableTest.VerifyLinedTableVerticalFail
[       OK ] StructuredTableTest.VerifyLinedTableVerticalFail (1 ms)
[ RUN      ] StructuredTableTest.FindWhitespacedColumnsBasic
[       OK ] StructuredTableTest.FindWhitespacedColumnsBasic (8 ms)
[ RUN      ] StructuredTableTest.FindWhitespacedColumnsSorted
[       OK ] StructuredTableTest.FindWhitespacedColumnsSorted (6 ms)
[----------] 7 tests from StructuredTableTest (21 ms total)

[----------] Global test environment tear-down
[==========] 13 tests from 2 test suites ran. (110 ms total)
[  PASSED  ] 13 tests.
</system-out>
			<system-err></system-err>
		</testcase>
		<testcase name="test: [google.tesseract.libtesseract-master]/[130297]/[baseapi]">
			<system-out>Running main() from gmock_main.cc
[==========] Running 11 tests from 2 test suites.
[----------] Global test environment set-up.
[----------] 9 tests from TesseractTest
[ RUN      ] TesseractTest.BasicTesseractTest
[       OK ] TesseractTest.BasicTesseractTest (430 ms)
[ RUN      ] TesseractTest.IteratesParagraphsEvenIfNotDetected
[       OK ] TesseractTest.IteratesParagraphsEvenIfNotDetected (71 ms)
[ RUN      ] TesseractTest.HOCRWorksWithoutSetInputName
[       OK ] TesseractTest.HOCRWorksWithoutSetInputName (85 ms)
[ RUN      ] TesseractTest.HOCRContainsBaseline
[       OK ] TesseractTest.HOCRContainsBaseline (80 ms)
[ RUN      ] TesseractTest.RickSnyderNotFuckSnyder
[  SKIPPED ] TesseractTest.RickSnyderNotFuckSnyder (69 ms)
[ RUN      ] TesseractTest.AdaptToWordStrTest
[       OK ] TesseractTest.AdaptToWordStrTest (198 ms)
[ RUN      ] TesseractTest.BasicLSTMTest
[       OK ] TesseractTest.BasicLSTMTest (665 ms)
[ RUN      ] TesseractTest.LSTMGeometryTest
[       OK ] TesseractTest.LSTMGeometryTest (104 ms)
[ RUN      ] TesseractTest.InitConfigOnlyTest
[INFO]  Lang eng took 58ms in regular init[INFO]  Lang chi_tra took 468ms in regular init[INFO]  Lang jpn took 310ms in regular init[INFO]  Lang vie took 97ms in regular init[INFO]  Switching to config only initialization:[INFO]  Lang eng took 28ms in config-only init[INFO]  Lang chi_tra took 67ms in config-only init[INFO]  Lang jpn took 42ms in config-only init[INFO]  Lang vie took 10ms in config-only init[       OK ] TesseractTest.InitConfigOnlyTest (1178 ms)
[----------] 9 tests from TesseractTest (2880 ms total)

[----------] 2 tests from TesseractInstanceTest
[ RUN      ] TesseractInstanceTest.TestMultipleTessInstances
[       OK ] TesseractInstanceTest.TestMultipleTessInstances (1023 ms)
[ RUN      ] TesseractInstanceTest.TestMultipleTessInstanceVariables
[       OK ] TesseractInstanceTest.TestMultipleTessInstanceVariables (79 ms)
[----------] 2 tests from TesseractInstanceTest (1102 ms total)

[----------] Global test environment tear-down
[==========] 11 tests from 2 test suites ran. (3982 ms total)
[  PASSED  ] 10 tests.
[  SKIPPED ] 1 test, listed below:
[  SKIPPED ] TesseractTest.RickSnyderNotFuckSnyder
</system-out>
			<system-err>Trying to adapt "136
" to "1 3 6"
Trying to adapt "256
" to "2 5 6"
Trying to adapt "410
" to "4 1 0"
Trying to adapt "432
" to "4 3 2"
Trying to adapt "540
" to "5 4 0"
Trying to adapt "692
" to "6 9 2"
Trying to adapt "779
" to "7 7 9"
Trying to adapt "793
" to "7 9 3"
Trying to adapt "808
" to "8 0 8"
Trying to adapt "815
" to "8 1 5"
Trying to adapt "12
" to "1 2"
Trying to adapt "12
" to "1 2"
</system-err>
		</testcase>
		<testcase name="test: [google.tesseract.libtesseract-master]/[130297]/[lstm_squashed]">
			<skipped />
		</testcase>
		<testcase name="test: [google.tesseract.libtesseract-master]/[130297]/[cleanapi]">
			<system-out>Running main() from gmock_main.cc
[==========] Running 1 test from 1 test suite.
[----------] Global test environment set-up.
[----------] 1 test from CleanNamespaceTess
[ RUN      ] CleanNamespaceTess.DummyTest
[       OK ] CleanNamespaceTess.DummyTest (0 ms)
[----------] 1 test from CleanNamespaceTess (0 ms total)

[----------] Global test environment tear-down
[==========] 1 test from 1 test suite ran. (0 ms total)
[  PASSED  ] 1 test.
</system-out>
			<system-err></system-err>
		</testcase>
		<testcase name="test: [google.tesseract.libtesseract-master]/[130297]/[resultiterator]">
			<system-out>Running main() from gmock_main.cc
[==========] Running 9 tests from 1 test suite.
[----------] Global test environment set-up.
[----------] 9 tests from ResultIteratorTest
[ RUN      ] ResultIteratorTest.EasyTest
[INFO]  Verifying image rebuilds 1 (pageiterator)
[INFO]  BBox: [L:36, T:92, R:618, B:361]
[INFO]  At level 0: pix diff = 6
[INFO]  BBox: [L:36, T:92, R:618, B:184]
[INFO]  BBox: [L:36, T:194, R:597, B:361]
[INFO]  At level 1: pix diff = 6
[INFO]  BBox: [L:36, T:92, R:580, B:122]
[INFO]  BBox: [L:36, T:126, R:618, B:157]
[INFO]  BBox: [L:36, T:160, R:223, B:184]
[INFO]  BBox: [L:36, T:194, R:585, B:225]
[INFO]  BBox: [L:37, T:228, R:585, B:259]
[INFO]  BBox: [L:36, T:262, R:597, B:293]
[INFO]  BBox: [L:43, T:296, R:561, B:327]
[INFO]  BBox: [L:37, T:330, R:561, B:361]
[INFO]  At level 2: pix diff = 0
[INFO]  BBox: [L:36, T:92, R:96, B:116]
[INFO]  BBox: [L:109, T:92, R:129, B:116]
[INFO]  BBox: [L:141, T:98, R:156, B:116]
[INFO]  BBox: [L:169, T:92, R:201, B:116]
[INFO]  BBox: [L:212, T:92, R:240, B:116]
[INFO]  BBox: [L:251, T:92, R:282, B:116]
[INFO]  BBox: [L:296, T:92, R:364, B:122]
[INFO]  BBox: [L:374, T:93, R:427, B:116]
[INFO]  BBox: [L:437, T:93, R:463, B:116]
[INFO]  BBox: [L:474, T:93, R:526, B:116]
[INFO]  BBox: [L:536, T:92, R:580, B:116]
[INFO]  BBox: [L:36, T:132, R:81, B:150]
[INFO]  BBox: [L:91, T:126, R:160, B:150]
[INFO]  BBox: [L:172, T:126, R:223, B:150]
[INFO]  BBox: [L:236, T:132, R:286, B:150]
[INFO]  BBox: [L:299, T:126, R:314, B:150]
[INFO]  BBox: [L:325, T:126, R:339, B:150]
[INFO]  BBox: [L:348, T:126, R:433, B:150]
[INFO]  BBox: [L:445, T:132, R:478, B:150]
[INFO]  BBox: [L:500, T:126, R:529, B:150]
[INFO]  BBox: [L:541, T:127, R:618, B:157]
[INFO]  BBox: [L:36, T:160, R:64, B:184]
[INFO]  BBox: [L:72, T:160, R:113, B:184]
[INFO]  BBox: [L:123, T:160, R:223, B:184]
[INFO]  BBox: [L:36, T:194, R:91, B:218]
[INFO]  BBox: [L:102, T:194, R:177, B:224]
[INFO]  BBox: [L:189, T:194, R:274, B:218]
[INFO]  BBox: [L:287, T:194, R:339, B:225]
[INFO]  BBox: [L:348, T:194, R:456, B:225]
[INFO]  BBox: [L:468, T:200, R:531, B:218]
[INFO]  BBox: [L:540, T:194, R:585, B:218]
[INFO]  BBox: [L:37, T:228, R:92, B:259]
[INFO]  BBox: [L:103, T:228, R:153, B:252]
[INFO]  BBox: [L:165, T:228, R:220, B:252]
[INFO]  BBox: [L:232, T:228, R:307, B:258]
[INFO]  BBox: [L:319, T:228, R:404, B:252]
[INFO]  BBox: [L:417, T:228, R:468, B:259]
[INFO]  BBox: [L:478, T:228, R:585, B:259]
[INFO]  BBox: [L:36, T:268, R:99, B:286]
[INFO]  BBox: [L:109, T:262, R:153, B:286]
[INFO]  BBox: [L:165, T:262, R:221, B:293]
[INFO]  BBox: [L:231, T:262, R:281, B:286]
[INFO]  BBox: [L:294, T:262, R:349, B:286]
[INFO]  BBox: [L:360, T:262, R:435, B:292]
[INFO]  BBox: [L:447, T:262, R:532, B:286]
[INFO]  BBox: [L:545, T:262, R:597, B:293]
[INFO]  BBox: [L:43, T:296, R:150, B:327]
[INFO]  BBox: [L:162, T:302, R:226, B:320]
[INFO]  BBox: [L:235, T:296, R:279, B:320]
[INFO]  BBox: [L:292, T:296, R:347, B:327]
[INFO]  BBox: [L:357, T:296, R:407, B:320]
[INFO]  BBox: [L:420, T:296, R:475, B:320]
[INFO]  BBox: [L:486, T:296, R:561, B:326]
[INFO]  BBox: [L:37, T:330, R:122, B:354]
[INFO]  BBox: [L:135, T:330, R:187, B:361]
[INFO]  BBox: [L:196, T:330, R:304, B:361]
[INFO]  BBox: [L:316, T:336, R:379, B:354]
[INFO]  BBox: [L:388, T:330, R:433, B:354]
[INFO]  BBox: [L:445, T:330, R:500, B:361]
[INFO]  BBox: [L:511, T:330, R:561, B:354]
[INFO]  At level 3: pix diff = 0
[INFO]  BBox: [L:36, T:92, R:55, B:116]
[INFO]  BBox: [L:57, T:92, R:71, B:116]
[INFO]  BBox: [L:76, T:92, R:79, B:116]
[INFO]  BBox: [L:82, T:98, R:96, B:116]
[INFO]  BBox: [L:109, T:92, R:112, B:116]
[INFO]  BBox: [L:115, T:98, R:129, B:116]
[INFO]  BBox: [L:141, T:98, R:156, B:116]
[INFO]  BBox: [L:169, T:92, R:172, B:116]
[INFO]  BBox: [L:175, T:98, R:191, B:116]
[INFO]  BBox: [L:193, T:93, R:201, B:116]
[INFO]  BBox: [L:212, T:98, R:228, B:116]
[INFO]  BBox: [L:229, T:92, R:240, B:116]
[INFO]  BBox: [L:251, T:92, R:260, B:116]
[INFO]  BBox: [L:267, T:92, R:282, B:116]
[INFO]  BBox: [L:296, T:98, R:311, B:122]
[INFO]  BBox: [L:313, T:98, R:329, B:116]
[INFO]  BBox: [L:332, T:92, R:335, B:116]
[INFO]  BBox: [L:339, T:98, R:353, B:116]
[INFO]  BBox: [L:356, T:93, R:364, B:116]
[INFO]  BBox: [L:374, T:93, R:383, B:116]
[INFO]  BBox: [L:384, T:98, R:400, B:116]
[INFO]  BBox: [L:402, T:98, R:417, B:116]
[INFO]  BBox: [L:418, T:93, R:427, B:116]
[INFO]  BBox: [L:437, T:93, R:445, B:116]
[INFO]  BBox: [L:447, T:98, R:463, B:116]
[INFO]  BBox: [L:474, T:93, R:482, B:116]
[INFO]  BBox: [L:484, T:98, R:500, B:116]
[INFO]  BBox: [L:502, T:98, R:516, B:116]
[INFO]  BBox: [L:518, T:93, R:526, B:116]
[INFO]  BBox: [L:536, T:93, R:545, B:116]
[INFO]  BBox: [L:547, T:92, R:561, B:116]
[INFO]  BBox: [L:564, T:98, R:580, B:116]
[INFO]  BBox: [L:36, T:132, R:52, B:150]
[INFO]  BBox: [L:54, T:132, R:69, B:150]
[INFO]  BBox: [L:72, T:132, R:81, B:150]
[INFO]  BBox: [L:91, T:132, R:106, B:150]
[INFO]  BBox: [L:108, T:132, R:124, B:150]
[INFO]  BBox: [L:126, T:126, R:141, B:150]
[INFO]  BBox: [L:144, T:132, R:160, B:150]
[INFO]  BBox: [L:172, T:132, R:187, B:150]
[INFO]  BBox: [L:191, T:132, R:205, B:150]
[INFO]  BBox: [L:208, T:126, R:223, B:150]
[INFO]  BBox: [L:236, T:132, R:250, B:150]
[INFO]  BBox: [L:252, T:132, R:268, B:150]
[INFO]  BBox: [L:270, T:132, R:286, B:150]
[INFO]  BBox: [L:299, T:126, R:302, B:150]
[INFO]  BBox: [L:304, T:126, R:314, B:150]
[INFO]  BBox: [L:325, T:126, R:328, B:150]
[INFO]  BBox: [L:330, T:127, R:339, B:150]
[INFO]  BBox: [L:348, T:132, R:372, B:150]
[INFO]  BBox: [L:373, T:132, R:389, B:150]
[INFO]  BBox: [L:392, T:132, R:402, B:150]
[INFO]  BBox: [L:403, T:126, R:417, B:150]
[INFO]  BBox: [L:419, T:132, R:433, B:150]
[INFO]  BBox: [L:445, T:132, R:461, B:150]
[INFO]  BBox: [L:464, T:132, R:478, B:150]
[INFO]  BBox: [L:500, T:132, R:515, B:150]
[INFO]  BBox: [L:519, T:126, R:522, B:150]
[INFO]  BBox: [L:526, T:126, R:529, B:150]
[INFO]  BBox: [L:541, T:127, R:549, B:150]
[INFO]  BBox: [L:550, T:132, R:565, B:157]
[INFO]  BBox: [L:568, T:132, R:584, B:156]
[INFO]  BBox: [L:586, T:132, R:602, B:150]
[INFO]  BBox: [L:604, T:132, R:618, B:150]
[INFO]  BBox: [L:36, T:166, R:52, B:184]
[INFO]  BBox: [L:53, T:160, R:64, B:184]
[INFO]  BBox: [L:72, T:160, R:82, B:184]
[INFO]  BBox: [L:83, T:160, R:86, B:184]
[INFO]  BBox: [L:90, T:160, R:94, B:184]
[INFO]  BBox: [L:97, T:166, R:113, B:184]
[INFO]  BBox: [L:123, T:160, R:133, B:184]
[INFO]  BBox: [L:133, T:166, R:149, B:184]
[INFO]  BBox: [L:153, T:166, R:162, B:184]
[INFO]  BBox: [L:164, T:166, R:187, B:184]
[INFO]  BBox: [L:190, T:166, R:206, B:184]
[INFO]  BBox: [L:208, T:161, R:216, B:184]
[INFO]  BBox: [L:219, T:181, R:223, B:184]
[INFO]  BBox: [L:36, T:194, R:55, B:218]
[INFO]  BBox: [L:57, T:194, R:71, B:218]
[INFO]  BBox: [L:75, T:200, R:91, B:218]
[INFO]  BBox: [L:102, T:200, R:117, B:224]
[INFO]  BBox: [L:121, T:200, R:135, B:218]
[INFO]  BBox: [L:140, T:194, R:143, B:218]
[INFO]  BBox: [L:146, T:200, R:161, B:218]
[INFO]  BBox: [L:163, T:194, R:177, B:218]
[INFO]  BBox: [L:189, T:194, R:204, B:218]
[INFO]  BBox: [L:207, T:200, R:217, B:218]
[INFO]  BBox: [L:217, T:200, R:233, B:218]
[INFO]  BBox: [L:235, T:200, R:258, B:218]
[INFO]  BBox: [L:260, T:200, R:274, B:218]
[INFO]  BBox: [L:287, T:194, R:302, B:218]
[INFO]  BBox: [L:305, T:200, R:321, B:218]
[INFO]  BBox: [L:323, T:200, R:339, B:225]
[INFO]  BBox: [L:348, T:194, R:355, B:225]
[INFO]  BBox: [L:359, T:200, R:373, B:218]
[INFO]  BBox: [L:377, T:200, R:401, B:218]
[INFO]  BBox: [L:405, T:200, R:420, B:224]
[INFO]  BBox: [L:422, T:200, R:438, B:218]
[INFO]  BBox: [L:440, T:194, R:456, B:218]
[INFO]  BBox: [L:468, T:200, R:484, B:218]
[INFO]  BBox: [L:486, T:200, R:501, B:218]
[INFO]  BBox: [L:503, T:200, R:519, B:218]
[INFO]  BBox: [L:522, T:200, R:531, B:218]
[INFO]  BBox: [L:540, T:195, R:549, B:218]
[INFO]  BBox: [L:551, T:194, R:565, B:218]
[INFO]  BBox: [L:569, T:200, R:585, B:218]
[INFO]  BBox: [L:37, T:228, R:40, B:252]
[INFO]  BBox: [L:43, T:234, R:59, B:252]
[INFO]  BBox: [L:62, T:234, R:77, B:252]
[INFO]  BBox: [L:78, T:234, R:92, B:259]
[INFO]  BBox: [L:103, T:228, R:113, B:252]
[INFO]  BBox: [L:113, T:234, R:129, B:252]
[INFO]  BBox: [L:131, T:234, R:146, B:252]
[INFO]  BBox: [L:150, T:249, R:153, B:252]
[INFO]  BBox: [L:165, T:228, R:184, B:252]
[INFO]  BBox: [L:187, T:228, R:201, B:252]
[INFO]  BBox: [L:204, T:234, R:220, B:252]
[INFO]  BBox: [L:232, T:234, R:247, B:258]
[INFO]  BBox: [L:251, T:234, R:265, B:252]
[INFO]  BBox: [L:269, T:228, R:273, B:252]
[INFO]  BBox: [L:276, T:234, R:291, B:252]
[INFO]  BBox: [L:293, T:228, R:307, B:252]
[INFO]  BBox: [L:319, T:228, R:334, B:252]
[INFO]  BBox: [L:337, T:234, R:346, B:252]
[INFO]  BBox: [L:347, T:234, R:363, B:252]
[INFO]  BBox: [L:364, T:234, R:388, B:252]
[INFO]  BBox: [L:390, T:234, R:404, B:252]
[INFO]  BBox: [L:417, T:228, R:432, B:252]
[INFO]  BBox: [L:435, T:234, R:451, B:252]
[INFO]  BBox: [L:453, T:234, R:468, B:259]
[INFO]  BBox: [L:478, T:228, R:485, B:259]
[INFO]  BBox: [L:489, T:234, R:503, B:252]
[INFO]  BBox: [L:507, T:234, R:531, B:252]
[INFO]  BBox: [L:535, T:234, R:550, B:258]
[INFO]  BBox: [L:552, T:234, R:568, B:252]
[INFO]  BBox: [L:570, T:228, R:585, B:252]
[INFO]  BBox: [L:36, T:268, R:52, B:286]
[INFO]  BBox: [L:54, T:268, R:69, B:286]
[INFO]  BBox: [L:71, T:268, R:87, B:286]
[INFO]  BBox: [L:90, T:268, R:99, B:286]
[INFO]  BBox: [L:109, T:263, R:117, B:286]
[INFO]  BBox: [L:120, T:262, R:134, B:286]
[INFO]  BBox: [L:137, T:268, R:153, B:286]
[INFO]  BBox: [L:165, T:262, R:169, B:286]
[INFO]  BBox: [L:172, T:268, R:187, B:286]
[INFO]  BBox: [L:190, T:268, R:205, B:286]
[INFO]  BBox: [L:206, T:268, R:221, B:293]
[INFO]  BBox: [L:231, T:262, R:241, B:286]
[INFO]  BBox: [L:241, T:268, R:257, B:286]
[INFO]  BBox: [L:259, T:268, R:274, B:286]
[INFO]  BBox: [L:278, T:283, R:281, B:286]
[INFO]  BBox: [L:294, T:262, R:313, B:286]
[INFO]  BBox: [L:315, T:262, R:329, B:286]
[INFO]  BBox: [L:333, T:268, R:349, B:286]
[INFO]  BBox: [L:360, T:268, R:375, B:292]
[INFO]  BBox: [L:379, T:268, R:393, B:286]
[INFO]  BBox: [L:398, T:262, R:401, B:286]
[INFO]  BBox: [L:404, T:268, R:419, B:286]
[INFO]  BBox: [L:421, T:262, R:435, B:286]
[INFO]  BBox: [L:447, T:262, R:462, B:286]
[INFO]  BBox: [L:465, T:268, R:475, B:286]
[INFO]  BBox: [L:475, T:268, R:491, B:286]
[INFO]  BBox: [L:493, T:268, R:516, B:286]
[INFO]  BBox: [L:518, T:268, R:532, B:286]
[INFO]  BBox: [L:545, T:262, R:560, B:286]
[INFO]  BBox: [L:563, T:268, R:579, B:286]
[INFO]  BBox: [L:581, T:268, R:597, B:293]
[INFO]  BBox: [L:43, T:296, R:50, B:327]
[INFO]  BBox: [L:54, T:302, R:68, B:320]
[INFO]  BBox: [L:72, T:302, R:96, B:320]
[INFO]  BBox: [L:99, T:302, R:115, B:326]
[INFO]  BBox: [L:117, T:302, R:133, B:320]
[INFO]  BBox: [L:135, T:296, R:150, B:320]
[INFO]  BBox: [L:162, T:302, R:178, B:320]
[INFO]  BBox: [L:180, T:302, R:195, B:320]
[INFO]  BBox: [L:197, T:302, R:213, B:320]
[INFO]  BBox: [L:216, T:302, R:226, B:320]
[INFO]  BBox: [L:235, T:297, R:243, B:320]
[INFO]  BBox: [L:246, T:296, R:260, B:320]
[INFO]  BBox: [L:263, T:302, R:279, B:320]
[INFO]  BBox: [L:292, T:296, R:295, B:320]
[INFO]  BBox: [L:298, T:302, R:313, B:320]
[INFO]  BBox: [L:316, T:302, R:331, B:320]
[INFO]  BBox: [L:332, T:302, R:347, B:327]
[INFO]  BBox: [L:357, T:296, R:368, B:320]
[INFO]  BBox: [L:368, T:302, R:384, B:320]
[INFO]  BBox: [L:385, T:302, R:401, B:320]
[INFO]  BBox: [L:404, T:317, R:407, B:320]
[INFO]  BBox: [L:420, T:296, R:439, B:320]
[INFO]  BBox: [L:442, T:296, R:456, B:320]
[INFO]  BBox: [L:459, T:302, R:475, B:320]
[INFO]  BBox: [L:486, T:302, R:501, B:326]
[INFO]  BBox: [L:506, T:302, R:520, B:320]
[INFO]  BBox: [L:524, T:296, R:527, B:320]
[INFO]  BBox: [L:530, T:302, R:545, B:320]
[INFO]  BBox: [L:548, T:296, R:561, B:320]
[INFO]  BBox: [L:37, T:330, R:52, B:354]
[INFO]  BBox: [L:55, T:336, R:65, B:354]
[INFO]  BBox: [L:65, T:336, R:81, B:354]
[INFO]  BBox: [L:83, T:336, R:106, B:354]
[INFO]  BBox: [L:108, T:336, R:122, B:354]
[INFO]  BBox: [L:135, T:330, R:150, B:354]
[INFO]  BBox: [L:153, T:336, R:169, B:354]
[INFO]  BBox: [L:171, T:336, R:187, B:361]
[INFO]  BBox: [L:196, T:330, R:203, B:361]
[INFO]  BBox: [L:207, T:336, R:221, B:354]
[INFO]  BBox: [L:225, T:336, R:249, B:354]
[INFO]  BBox: [L:253, T:336, R:268, B:360]
[INFO]  BBox: [L:270, T:336, R:286, B:354]
[INFO]  BBox: [L:288, T:330, R:304, B:354]
[INFO]  BBox: [L:316, T:336, R:332, B:354]
[INFO]  BBox: [L:334, T:336, R:349, B:354]
[INFO]  BBox: [L:351, T:336, R:367, B:354]
[INFO]  BBox: [L:370, T:336, R:379, B:354]
[INFO]  BBox: [L:388, T:331, R:397, B:354]
[INFO]  BBox: [L:399, T:330, R:413, B:354]
[INFO]  BBox: [L:417, T:336, R:433, B:354]
[INFO]  BBox: [L:445, T:330, R:448, B:354]
[INFO]  BBox: [L:451, T:336, R:467, B:354]
[INFO]  BBox: [L:470, T:336, R:485, B:354]
[INFO]  BBox: [L:486, T:336, R:500, B:361]
[INFO]  BBox: [L:511, T:330, R:521, B:354]
[INFO]  BBox: [L:521, T:336, R:537, B:354]
[INFO]  BBox: [L:539, T:336, R:554, B:354]
[INFO]  BBox: [L:558, T:351, R:561, B:354]
[INFO]  At level 4: pix diff = 0
[INFO]  Verifying image rebuilds 2a (resultiterator)
[INFO]  BBox: [L:36, T:92, R:618, B:361]
[INFO]  At level 0: pix diff = 6
[INFO]  BBox: [L:36, T:92, R:618, B:184]
[INFO]  BBox: [L:36, T:194, R:597, B:361]
[INFO]  At level 1: pix diff = 6
[INFO]  BBox: [L:36, T:92, R:580, B:122]
[INFO]  BBox: [L:36, T:126, R:618, B:157]
[INFO]  BBox: [L:36, T:160, R:223, B:184]
[INFO]  BBox: [L:36, T:194, R:585, B:225]
[INFO]  BBox: [L:37, T:228, R:585, B:259]
[INFO]  BBox: [L:36, T:262, R:597, B:293]
[INFO]  BBox: [L:43, T:296, R:561, B:327]
[INFO]  BBox: [L:37, T:330, R:561, B:361]
[INFO]  At level 2: pix diff = 0
[INFO]  BBox: [L:36, T:92, R:96, B:116]
[INFO]  BBox: [L:109, T:92, R:129, B:116]
[INFO]  BBox: [L:141, T:98, R:156, B:116]
[INFO]  BBox: [L:169, T:92, R:201, B:116]
[INFO]  BBox: [L:212, T:92, R:240, B:116]
[INFO]  BBox: [L:251, T:92, R:282, B:116]
[INFO]  BBox: [L:296, T:92, R:364, B:122]
[INFO]  BBox: [L:374, T:93, R:427, B:116]
[INFO]  BBox: [L:437, T:93, R:463, B:116]
[INFO]  BBox: [L:474, T:93, R:526, B:116]
[INFO]  BBox: [L:536, T:92, R:580, B:116]
[INFO]  BBox: [L:36, T:132, R:81, B:150]
[INFO]  BBox: [L:91, T:126, R:160, B:150]
[INFO]  BBox: [L:172, T:126, R:223, B:150]
[INFO]  BBox: [L:236, T:132, R:286, B:150]
[INFO]  BBox: [L:299, T:126, R:314, B:150]
[INFO]  BBox: [L:325, T:126, R:339, B:150]
[INFO]  BBox: [L:348, T:126, R:433, B:150]
[INFO]  BBox: [L:445, T:132, R:478, B:150]
[INFO]  BBox: [L:500, T:126, R:529, B:150]
[INFO]  BBox: [L:541, T:127, R:618, B:157]
[INFO]  BBox: [L:36, T:160, R:64, B:184]
[INFO]  BBox: [L:72, T:160, R:113, B:184]
[INFO]  BBox: [L:123, T:160, R:223, B:184]
[INFO]  BBox: [L:36, T:194, R:91, B:218]
[INFO]  BBox: [L:102, T:194, R:177, B:224]
[INFO]  BBox: [L:189, T:194, R:274, B:218]
[INFO]  BBox: [L:287, T:194, R:339, B:225]
[INFO]  BBox: [L:348, T:194, R:456, B:225]
[INFO]  BBox: [L:468, T:200, R:531, B:218]
[INFO]  BBox: [L:540, T:194, R:585, B:218]
[INFO]  BBox: [L:37, T:228, R:92, B:259]
[INFO]  BBox: [L:103, T:228, R:153, B:252]
[INFO]  BBox: [L:165, T:228, R:220, B:252]
[INFO]  BBox: [L:232, T:228, R:307, B:258]
[INFO]  BBox: [L:319, T:228, R:404, B:252]
[INFO]  BBox: [L:417, T:228, R:468, B:259]
[INFO]  BBox: [L:478, T:228, R:585, B:259]
[INFO]  BBox: [L:36, T:268, R:99, B:286]
[INFO]  BBox: [L:109, T:262, R:153, B:286]
[INFO]  BBox: [L:165, T:262, R:221, B:293]
[INFO]  BBox: [L:231, T:262, R:281, B:286]
[INFO]  BBox: [L:294, T:262, R:349, B:286]
[INFO]  BBox: [L:360, T:262, R:435, B:292]
[INFO]  BBox: [L:447, T:262, R:532, B:286]
[INFO]  BBox: [L:545, T:262, R:597, B:293]
[INFO]  BBox: [L:43, T:296, R:150, B:327]
[INFO]  BBox: [L:162, T:302, R:226, B:320]
[INFO]  BBox: [L:235, T:296, R:279, B:320]
[INFO]  BBox: [L:292, T:296, R:347, B:327]
[INFO]  BBox: [L:357, T:296, R:407, B:320]
[INFO]  BBox: [L:420, T:296, R:475, B:320]
[INFO]  BBox: [L:486, T:296, R:561, B:326]
[INFO]  BBox: [L:37, T:330, R:122, B:354]
[INFO]  BBox: [L:135, T:330, R:187, B:361]
[INFO]  BBox: [L:196, T:330, R:304, B:361]
[INFO]  BBox: [L:316, T:336, R:379, B:354]
[INFO]  BBox: [L:388, T:330, R:433, B:354]
[INFO]  BBox: [L:445, T:330, R:500, B:361]
[INFO]  BBox: [L:511, T:330, R:561, B:354]
[INFO]  At level 3: pix diff = 0
[INFO]  BBox: [L:36, T:92, R:55, B:116]
[INFO]  BBox: [L:57, T:92, R:71, B:116]
[INFO]  BBox: [L:76, T:92, R:79, B:116]
[INFO]  BBox: [L:82, T:98, R:96, B:116]
[INFO]  BBox: [L:109, T:92, R:112, B:116]
[INFO]  BBox: [L:115, T:98, R:129, B:116]
[INFO]  BBox: [L:141, T:98, R:156, B:116]
[INFO]  BBox: [L:169, T:92, R:172, B:116]
[INFO]  BBox: [L:175, T:98, R:191, B:116]
[INFO]  BBox: [L:193, T:93, R:201, B:116]
[INFO]  BBox: [L:212, T:98, R:228, B:116]
[INFO]  BBox: [L:229, T:92, R:240, B:116]
[INFO]  BBox: [L:251, T:92, R:260, B:116]
[INFO]  BBox: [L:267, T:92, R:282, B:116]
[INFO]  BBox: [L:296, T:98, R:311, B:122]
[INFO]  BBox: [L:313, T:98, R:329, B:116]
[INFO]  BBox: [L:332, T:92, R:335, B:116]
[INFO]  BBox: [L:339, T:98, R:353, B:116]
[INFO]  BBox: [L:356, T:93, R:364, B:116]
[INFO]  BBox: [L:374, T:93, R:383, B:116]
[INFO]  BBox: [L:384, T:98, R:400, B:116]
[INFO]  BBox: [L:402, T:98, R:417, B:116]
[INFO]  BBox: [L:418, T:93, R:427, B:116]
[INFO]  BBox: [L:437, T:93, R:445, B:116]
[INFO]  BBox: [L:447, T:98, R:463, B:116]
[INFO]  BBox: [L:474, T:93, R:482, B:116]
[INFO]  BBox: [L:484, T:98, R:500, B:116]
[INFO]  BBox: [L:502, T:98, R:516, B:116]
[INFO]  BBox: [L:518, T:93, R:526, B:116]
[INFO]  BBox: [L:536, T:93, R:545, B:116]
[INFO]  BBox: [L:547, T:92, R:561, B:116]
[INFO]  BBox: [L:564, T:98, R:580, B:116]
[INFO]  BBox: [L:36, T:132, R:52, B:150]
[INFO]  BBox: [L:54, T:132, R:69, B:150]
[INFO]  BBox: [L:72, T:132, R:81, B:150]
[INFO]  BBox: [L:91, T:132, R:106, B:150]
[INFO]  BBox: [L:108, T:132, R:124, B:150]
[INFO]  BBox: [L:126, T:126, R:141, B:150]
[INFO]  BBox: [L:144, T:132, R:160, B:150]
[INFO]  BBox: [L:172, T:132, R:187, B:150]
[INFO]  BBox: [L:191, T:132, R:205, B:150]
[INFO]  BBox: [L:208, T:126, R:223, B:150]
[INFO]  BBox: [L:236, T:132, R:250, B:150]
[INFO]  BBox: [L:252, T:132, R:268, B:150]
[INFO]  BBox: [L:270, T:132, R:286, B:150]
[INFO]  BBox: [L:299, T:126, R:302, B:150]
[INFO]  BBox: [L:304, T:126, R:314, B:150]
[INFO]  BBox: [L:325, T:126, R:328, B:150]
[INFO]  BBox: [L:330, T:127, R:339, B:150]
[INFO]  BBox: [L:348, T:132, R:372, B:150]
[INFO]  BBox: [L:373, T:132, R:389, B:150]
[INFO]  BBox: [L:392, T:132, R:402, B:150]
[INFO]  BBox: [L:403, T:126, R:417, B:150]
[INFO]  BBox: [L:419, T:132, R:433, B:150]
[INFO]  BBox: [L:445, T:132, R:461, B:150]
[INFO]  BBox: [L:464, T:132, R:478, B:150]
[INFO]  BBox: [L:500, T:132, R:515, B:150]
[INFO]  BBox: [L:519, T:126, R:522, B:150]
[INFO]  BBox: [L:526, T:126, R:529, B:150]
[INFO]  BBox: [L:541, T:127, R:549, B:150]
[INFO]  BBox: [L:550, T:132, R:565, B:157]
[INFO]  BBox: [L:568, T:132, R:584, B:156]
[INFO]  BBox: [L:586, T:132, R:602, B:150]
[INFO]  BBox: [L:604, T:132, R:618, B:150]
[INFO]  BBox: [L:36, T:166, R:52, B:184]
[INFO]  BBox: [L:53, T:160, R:64, B:184]
[INFO]  BBox: [L:72, T:160, R:82, B:184]
[INFO]  BBox: [L:83, T:160, R:86, B:184]
[INFO]  BBox: [L:90, T:160, R:94, B:184]
[INFO]  BBox: [L:97, T:166, R:113, B:184]
[INFO]  BBox: [L:123, T:160, R:133, B:184]
[INFO]  BBox: [L:133, T:166, R:149, B:184]
[INFO]  BBox: [L:153, T:166, R:162, B:184]
[INFO]  BBox: [L:164, T:166, R:187, B:184]
[INFO]  BBox: [L:190, T:166, R:206, B:184]
[INFO]  BBox: [L:208, T:161, R:216, B:184]
[INFO]  BBox: [L:219, T:181, R:223, B:184]
[INFO]  BBox: [L:36, T:194, R:55, B:218]
[INFO]  BBox: [L:57, T:194, R:71, B:218]
[INFO]  BBox: [L:75, T:200, R:91, B:218]
[INFO]  BBox: [L:102, T:200, R:117, B:224]
[INFO]  BBox: [L:121, T:200, R:135, B:218]
[INFO]  BBox: [L:140, T:194, R:143, B:218]
[INFO]  BBox: [L:146, T:200, R:161, B:218]
[INFO]  BBox: [L:163, T:194, R:177, B:218]
[INFO]  BBox: [L:189, T:194, R:204, B:218]
[INFO]  BBox: [L:207, T:200, R:217, B:218]
[INFO]  BBox: [L:217, T:200, R:233, B:218]
[INFO]  BBox: [L:235, T:200, R:258, B:218]
[INFO]  BBox: [L:260, T:200, R:274, B:218]
[INFO]  BBox: [L:287, T:194, R:302, B:218]
[INFO]  BBox: [L:305, T:200, R:321, B:218]
[INFO]  BBox: [L:323, T:200, R:339, B:225]
[INFO]  BBox: [L:348, T:194, R:355, B:225]
[INFO]  BBox: [L:359, T:200, R:373, B:218]
[INFO]  BBox: [L:377, T:200, R:401, B:218]
[INFO]  BBox: [L:405, T:200, R:420, B:224]
[INFO]  BBox: [L:422, T:200, R:438, B:218]
[INFO]  BBox: [L:440, T:194, R:456, B:218]
[INFO]  BBox: [L:468, T:200, R:484, B:218]
[INFO]  BBox: [L:486, T:200, R:501, B:218]
[INFO]  BBox: [L:503, T:200, R:519, B:218]
[INFO]  BBox: [L:522, T:200, R:531, B:218]
[INFO]  BBox: [L:540, T:195, R:549, B:218]
[INFO]  BBox: [L:551, T:194, R:565, B:218]
[INFO]  BBox: [L:569, T:200, R:585, B:218]
[INFO]  BBox: [L:37, T:228, R:40, B:252]
[INFO]  BBox: [L:43, T:234, R:59, B:252]
[INFO]  BBox: [L:62, T:234, R:77, B:252]
[INFO]  BBox: [L:78, T:234, R:92, B:259]
[INFO]  BBox: [L:103, T:228, R:113, B:252]
[INFO]  BBox: [L:113, T:234, R:129, B:252]
[INFO]  BBox: [L:131, T:234, R:146, B:252]
[INFO]  BBox: [L:150, T:249, R:153, B:252]
[INFO]  BBox: [L:165, T:228, R:184, B:252]
[INFO]  BBox: [L:187, T:228, R:201, B:252]
[INFO]  BBox: [L:204, T:234, R:220, B:252]
[INFO]  BBox: [L:232, T:234, R:247, B:258]
[INFO]  BBox: [L:251, T:234, R:265, B:252]
[INFO]  BBox: [L:269, T:228, R:273, B:252]
[INFO]  BBox: [L:276, T:234, R:291, B:252]
[INFO]  BBox: [L:293, T:228, R:307, B:252]
[INFO]  BBox: [L:319, T:228, R:334, B:252]
[INFO]  BBox: [L:337, T:234, R:346, B:252]
[INFO]  BBox: [L:347, T:234, R:363, B:252]
[INFO]  BBox: [L:364, T:234, R:388, B:252]
[INFO]  BBox: [L:390, T:234, R:404, B:252]
[INFO]  BBox: [L:417, T:228, R:432, B:252]
[INFO]  BBox: [L:435, T:234, R:451, B:252]
[INFO]  BBox: [L:453, T:234, R:468, B:259]
[INFO]  BBox: [L:478, T:228, R:485, B:259]
[INFO]  BBox: [L:489, T:234, R:503, B:252]
[INFO]  BBox: [L:507, T:234, R:531, B:252]
[INFO]  BBox: [L:535, T:234, R:550, B:258]
[INFO]  BBox: [L:552, T:234, R:568, B:252]
[INFO]  BBox: [L:570, T:228, R:585, B:252]
[INFO]  BBox: [L:36, T:268, R:52, B:286]
[INFO]  BBox: [L:54, T:268, R:69, B:286]
[INFO]  BBox: [L:71, T:268, R:87, B:286]
[INFO]  BBox: [L:90, T:268, R:99, B:286]
[INFO]  BBox: [L:109, T:263, R:117, B:286]
[INFO]  BBox: [L:120, T:262, R:134, B:286]
[INFO]  BBox: [L:137, T:268, R:153, B:286]
[INFO]  BBox: [L:165, T:262, R:169, B:286]
[INFO]  BBox: [L:172, T:268, R:187, B:286]
[INFO]  BBox: [L:190, T:268, R:205, B:286]
[INFO]  BBox: [L:206, T:268, R:221, B:293]
[INFO]  BBox: [L:231, T:262, R:241, B:286]
[INFO]  BBox: [L:241, T:268, R:257, B:286]
[INFO]  BBox: [L:259, T:268, R:274, B:286]
[INFO]  BBox: [L:278, T:283, R:281, B:286]
[INFO]  BBox: [L:294, T:262, R:313, B:286]
[INFO]  BBox: [L:315, T:262, R:329, B:286]
[INFO]  BBox: [L:333, T:268, R:349, B:286]
[INFO]  BBox: [L:360, T:268, R:375, B:292]
[INFO]  BBox: [L:379, T:268, R:393, B:286]
[INFO]  BBox: [L:398, T:262, R:401, B:286]
[INFO]  BBox: [L:404, T:268, R:419, B:286]
[INFO]  BBox: [L:421, T:262, R:435, B:286]
[INFO]  BBox: [L:447, T:262, R:462, B:286]
[INFO]  BBox: [L:465, T:268, R:475, B:286]
[INFO]  BBox: [L:475, T:268, R:491, B:286]
[INFO]  BBox: [L:493, T:268, R:516, B:286]
[INFO]  BBox: [L:518, T:268, R:532, B:286]
[INFO]  BBox: [L:545, T:262, R:560, B:286]
[INFO]  BBox: [L:563, T:268, R:579, B:286]
[INFO]  BBox: [L:581, T:268, R:597, B:293]
[INFO]  BBox: [L:43, T:296, R:50, B:327]
[INFO]  BBox: [L:54, T:302, R:68, B:320]
[INFO]  BBox: [L:72, T:302, R:96, B:320]
[INFO]  BBox: [L:99, T:302, R:115, B:326]
[INFO]  BBox: [L:117, T:302, R:133, B:320]
[INFO]  BBox: [L:135, T:296, R:150, B:320]
[INFO]  BBox: [L:162, T:302, R:178, B:320]
[INFO]  BBox: [L:180, T:302, R:195, B:320]
[INFO]  BBox: [L:197, T:302, R:213, B:320]
[INFO]  BBox: [L:216, T:302, R:226, B:320]
[INFO]  BBox: [L:235, T:297, R:243, B:320]
[INFO]  BBox: [L:246, T:296, R:260, B:320]
[INFO]  BBox: [L:263, T:302, R:279, B:320]
[INFO]  BBox: [L:292, T:296, R:295, B:320]
[INFO]  BBox: [L:298, T:302, R:313, B:320]
[INFO]  BBox: [L:316, T:302, R:331, B:320]
[INFO]  BBox: [L:332, T:302, R:347, B:327]
[INFO]  BBox: [L:357, T:296, R:368, B:320]
[INFO]  BBox: [L:368, T:302, R:384, B:320]
[INFO]  BBox: [L:385, T:302, R:401, B:320]
[INFO]  BBox: [L:404, T:317, R:407, B:320]
[INFO]  BBox: [L:420, T:296, R:439, B:320]
[INFO]  BBox: [L:442, T:296, R:456, B:320]
[INFO]  BBox: [L:459, T:302, R:475, B:320]
[INFO]  BBox: [L:486, T:302, R:501, B:326]
[INFO]  BBox: [L:506, T:302, R:520, B:320]
[INFO]  BBox: [L:524, T:296, R:527, B:320]
[INFO]  BBox: [L:530, T:302, R:545, B:320]
[INFO]  BBox: [L:548, T:296, R:561, B:320]
[INFO]  BBox: [L:37, T:330, R:52, B:354]
[INFO]  BBox: [L:55, T:336, R:65, B:354]
[INFO]  BBox: [L:65, T:336, R:81, B:354]
[INFO]  BBox: [L:83, T:336, R:106, B:354]
[INFO]  BBox: [L:108, T:336, R:122, B:354]
[INFO]  BBox: [L:135, T:330, R:150, B:354]
[INFO]  BBox: [L:153, T:336, R:169, B:354]
[INFO]  BBox: [L:171, T:336, R:187, B:361]
[INFO]  BBox: [L:196, T:330, R:203, B:361]
[INFO]  BBox: [L:207, T:336, R:221, B:354]
[INFO]  BBox: [L:225, T:336, R:249, B:354]
[INFO]  BBox: [L:253, T:336, R:268, B:360]
[INFO]  BBox: [L:270, T:336, R:286, B:354]
[INFO]  BBox: [L:288, T:330, R:304, B:354]
[INFO]  BBox: [L:316, T:336, R:332, B:354]
[INFO]  BBox: [L:334, T:336, R:349, B:354]
[INFO]  BBox: [L:351, T:336, R:367, B:354]
[INFO]  BBox: [L:370, T:336, R:379, B:354]
[INFO]  BBox: [L:388, T:331, R:397, B:354]
[INFO]  BBox: [L:399, T:330, R:413, B:354]
[INFO]  BBox: [L:417, T:336, R:433, B:354]
[INFO]  BBox: [L:445, T:330, R:448, B:354]
[INFO]  BBox: [L:451, T:336, R:467, B:354]
[INFO]  BBox: [L:470, T:336, R:485, B:354]
[INFO]  BBox: [L:486, T:336, R:500, B:361]
[INFO]  BBox: [L:511, T:330, R:521, B:354]
[INFO]  BBox: [L:521, T:336, R:537, B:354]
[INFO]  BBox: [L:539, T:336, R:554, B:354]
[INFO]  BBox: [L:558, T:351, R:561, B:354]
[INFO]  At level 4: pix diff = 0
[INFO]  Verifying text rebuilds 1 (resultiterator)
[INFO]  Text Test Level 0
[INFO]  Text Test Level 1
[INFO]  Text Test Level 2
[INFO]  Text Test Level 3
[INFO]  Text Test Level 4
[INFO]  Verifying image rebuilds 2b (resultiterator)
[INFO]  BBox: [L:36, T:92, R:618, B:361]
[INFO]  At level 0: pix diff = 6
[INFO]  BBox: [L:36, T:92, R:618, B:184]
[INFO]  BBox: [L:36, T:194, R:597, B:361]
[INFO]  At level 1: pix diff = 6
[INFO]  BBox: [L:36, T:92, R:580, B:122]
[INFO]  BBox: [L:36, T:126, R:618, B:157]
[INFO]  BBox: [L:36, T:160, R:223, B:184]
[INFO]  BBox: [L:36, T:194, R:585, B:225]
[INFO]  BBox: [L:37, T:228, R:585, B:259]
[INFO]  BBox: [L:36, T:262, R:597, B:293]
[INFO]  BBox: [L:43, T:296, R:561, B:327]
[INFO]  BBox: [L:37, T:330, R:561, B:361]
[INFO]  At level 2: pix diff = 0
[INFO]  BBox: [L:36, T:92, R:96, B:116]
[INFO]  BBox: [L:109, T:92, R:129, B:116]
[INFO]  BBox: [L:141, T:98, R:156, B:116]
[INFO]  BBox: [L:169, T:92, R:201, B:116]
[INFO]  BBox: [L:212, T:92, R:240, B:116]
[INFO]  BBox: [L:251, T:92, R:282, B:116]
[INFO]  BBox: [L:296, T:92, R:364, B:122]
[INFO]  BBox: [L:374, T:93, R:427, B:116]
[INFO]  BBox: [L:437, T:93, R:463, B:116]
[INFO]  BBox: [L:474, T:93, R:526, B:116]
[INFO]  BBox: [L:536, T:92, R:580, B:116]
[INFO]  BBox: [L:36, T:132, R:81, B:150]
[INFO]  BBox: [L:91, T:126, R:160, B:150]
[INFO]  BBox: [L:172, T:126, R:223, B:150]
[INFO]  BBox: [L:236, T:132, R:286, B:150]
[INFO]  BBox: [L:299, T:126, R:314, B:150]
[INFO]  BBox: [L:325, T:126, R:339, B:150]
[INFO]  BBox: [L:348, T:126, R:433, B:150]
[INFO]  BBox: [L:445, T:132, R:478, B:150]
[INFO]  BBox: [L:500, T:126, R:529, B:150]
[INFO]  BBox: [L:541, T:127, R:618, B:157]
[INFO]  BBox: [L:36, T:160, R:64, B:184]
[INFO]  BBox: [L:72, T:160, R:113, B:184]
[INFO]  BBox: [L:123, T:160, R:223, B:184]
[INFO]  BBox: [L:36, T:194, R:91, B:218]
[INFO]  BBox: [L:102, T:194, R:177, B:224]
[INFO]  BBox: [L:189, T:194, R:274, B:218]
[INFO]  BBox: [L:287, T:194, R:339, B:225]
[INFO]  BBox: [L:348, T:194, R:456, B:225]
[INFO]  BBox: [L:468, T:200, R:531, B:218]
[INFO]  BBox: [L:540, T:194, R:585, B:218]
[INFO]  BBox: [L:37, T:228, R:92, B:259]
[INFO]  BBox: [L:103, T:228, R:153, B:252]
[INFO]  BBox: [L:165, T:228, R:220, B:252]
[INFO]  BBox: [L:232, T:228, R:307, B:258]
[INFO]  BBox: [L:319, T:228, R:404, B:252]
[INFO]  BBox: [L:417, T:228, R:468, B:259]
[INFO]  BBox: [L:478, T:228, R:585, B:259]
[INFO]  BBox: [L:36, T:268, R:99, B:286]
[INFO]  BBox: [L:109, T:262, R:153, B:286]
[INFO]  BBox: [L:165, T:262, R:221, B:293]
[INFO]  BBox: [L:231, T:262, R:281, B:286]
[INFO]  BBox: [L:294, T:262, R:349, B:286]
[INFO]  BBox: [L:360, T:262, R:435, B:292]
[INFO]  BBox: [L:447, T:262, R:532, B:286]
[INFO]  BBox: [L:545, T:262, R:597, B:293]
[INFO]  BBox: [L:43, T:296, R:150, B:327]
[INFO]  BBox: [L:162, T:302, R:226, B:320]
[INFO]  BBox: [L:235, T:296, R:279, B:320]
[INFO]  BBox: [L:292, T:296, R:347, B:327]
[INFO]  BBox: [L:357, T:296, R:407, B:320]
[INFO]  BBox: [L:420, T:296, R:475, B:320]
[INFO]  BBox: [L:486, T:296, R:561, B:326]
[INFO]  BBox: [L:37, T:330, R:122, B:354]
[INFO]  BBox: [L:135, T:330, R:187, B:361]
[INFO]  BBox: [L:196, T:330, R:304, B:361]
[INFO]  BBox: [L:316, T:336, R:379, B:354]
[INFO]  BBox: [L:388, T:330, R:433, B:354]
[INFO]  BBox: [L:445, T:330, R:500, B:361]
[INFO]  BBox: [L:511, T:330, R:561, B:354]
[INFO]  At level 3: pix diff = 0
[INFO]  BBox: [L:36, T:92, R:55, B:116]
[INFO]  BBox: [L:57, T:92, R:71, B:116]
[INFO]  BBox: [L:76, T:92, R:79, B:116]
[INFO]  BBox: [L:82, T:98, R:96, B:116]
[INFO]  BBox: [L:109, T:92, R:112, B:116]
[INFO]  BBox: [L:115, T:98, R:129, B:116]
[INFO]  BBox: [L:141, T:98, R:156, B:116]
[INFO]  BBox: [L:169, T:92, R:172, B:116]
[INFO]  BBox: [L:175, T:98, R:191, B:116]
[INFO]  BBox: [L:193, T:93, R:201, B:116]
[INFO]  BBox: [L:212, T:98, R:228, B:116]
[INFO]  BBox: [L:229, T:92, R:240, B:116]
[INFO]  BBox: [L:251, T:92, R:260, B:116]
[INFO]  BBox: [L:267, T:92, R:282, B:116]
[INFO]  BBox: [L:296, T:98, R:311, B:122]
[INFO]  BBox: [L:313, T:98, R:329, B:116]
[INFO]  BBox: [L:332, T:92, R:335, B:116]
[INFO]  BBox: [L:339, T:98, R:353, B:116]
[INFO]  BBox: [L:356, T:93, R:364, B:116]
[INFO]  BBox: [L:374, T:93, R:383, B:116]
[INFO]  BBox: [L:384, T:98, R:400, B:116]
[INFO]  BBox: [L:402, T:98, R:417, B:116]
[INFO]  BBox: [L:418, T:93, R:427, B:116]
[INFO]  BBox: [L:437, T:93, R:445, B:116]
[INFO]  BBox: [L:447, T:98, R:463, B:116]
[INFO]  BBox: [L:474, T:93, R:482, B:116]
[INFO]  BBox: [L:484, T:98, R:500, B:116]
[INFO]  BBox: [L:502, T:98, R:516, B:116]
[INFO]  BBox: [L:518, T:93, R:526, B:116]
[INFO]  BBox: [L:536, T:93, R:545, B:116]
[INFO]  BBox: [L:547, T:92, R:561, B:116]
[INFO]  BBox: [L:564, T:98, R:580, B:116]
[INFO]  BBox: [L:36, T:132, R:52, B:150]
[INFO]  BBox: [L:54, T:132, R:69, B:150]
[INFO]  BBox: [L:72, T:132, R:81, B:150]
[INFO]  BBox: [L:91, T:132, R:106, B:150]
[INFO]  BBox: [L:108, T:132, R:124, B:150]
[INFO]  BBox: [L:126, T:126, R:141, B:150]
[INFO]  BBox: [L:144, T:132, R:160, B:150]
[INFO]  BBox: [L:172, T:132, R:187, B:150]
[INFO]  BBox: [L:191, T:132, R:205, B:150]
[INFO]  BBox: [L:208, T:126, R:223, B:150]
[INFO]  BBox: [L:236, T:132, R:250, B:150]
[INFO]  BBox: [L:252, T:132, R:268, B:150]
[INFO]  BBox: [L:270, T:132, R:286, B:150]
[INFO]  BBox: [L:299, T:126, R:302, B:150]
[INFO]  BBox: [L:304, T:126, R:314, B:150]
[INFO]  BBox: [L:325, T:126, R:328, B:150]
[INFO]  BBox: [L:330, T:127, R:339, B:150]
[INFO]  BBox: [L:348, T:132, R:372, B:150]
[INFO]  BBox: [L:373, T:132, R:389, B:150]
[INFO]  BBox: [L:392, T:132, R:402, B:150]
[INFO]  BBox: [L:403, T:126, R:417, B:150]
[INFO]  BBox: [L:419, T:132, R:433, B:150]
[INFO]  BBox: [L:445, T:132, R:461, B:150]
[INFO]  BBox: [L:464, T:132, R:478, B:150]
[INFO]  BBox: [L:500, T:132, R:515, B:150]
[INFO]  BBox: [L:519, T:126, R:522, B:150]
[INFO]  BBox: [L:526, T:126, R:529, B:150]
[INFO]  BBox: [L:541, T:127, R:549, B:150]
[INFO]  BBox: [L:550, T:132, R:565, B:157]
[INFO]  BBox: [L:568, T:132, R:584, B:156]
[INFO]  BBox: [L:586, T:132, R:602, B:150]
[INFO]  BBox: [L:604, T:132, R:618, B:150]
[INFO]  BBox: [L:36, T:166, R:52, B:184]
[INFO]  BBox: [L:53, T:160, R:64, B:184]
[INFO]  BBox: [L:72, T:160, R:82, B:184]
[INFO]  BBox: [L:83, T:160, R:86, B:184]
[INFO]  BBox: [L:90, T:160, R:94, B:184]
[INFO]  BBox: [L:97, T:166, R:113, B:184]
[INFO]  BBox: [L:123, T:160, R:133, B:184]
[INFO]  BBox: [L:133, T:166, R:149, B:184]
[INFO]  BBox: [L:153, T:166, R:162, B:184]
[INFO]  BBox: [L:164, T:166, R:187, B:184]
[INFO]  BBox: [L:190, T:166, R:206, B:184]
[INFO]  BBox: [L:208, T:161, R:216, B:184]
[INFO]  BBox: [L:219, T:181, R:223, B:184]
[INFO]  BBox: [L:36, T:194, R:55, B:218]
[INFO]  BBox: [L:57, T:194, R:71, B:218]
[INFO]  BBox: [L:75, T:200, R:91, B:218]
[INFO]  BBox: [L:102, T:200, R:117, B:224]
[INFO]  BBox: [L:121, T:200, R:135, B:218]
[INFO]  BBox: [L:140, T:194, R:143, B:218]
[INFO]  BBox: [L:146, T:200, R:161, B:218]
[INFO]  BBox: [L:163, T:194, R:177, B:218]
[INFO]  BBox: [L:189, T:194, R:204, B:218]
[INFO]  BBox: [L:207, T:200, R:217, B:218]
[INFO]  BBox: [L:217, T:200, R:233, B:218]
[INFO]  BBox: [L:235, T:200, R:258, B:218]
[INFO]  BBox: [L:260, T:200, R:274, B:218]
[INFO]  BBox: [L:287, T:194, R:302, B:218]
[INFO]  BBox: [L:305, T:200, R:321, B:218]
[INFO]  BBox: [L:323, T:200, R:339, B:225]
[INFO]  BBox: [L:348, T:194, R:355, B:225]
[INFO]  BBox: [L:359, T:200, R:373, B:218]
[INFO]  BBox: [L:377, T:200, R:401, B:218]
[INFO]  BBox: [L:405, T:200, R:420, B:224]
[INFO]  BBox: [L:422, T:200, R:438, B:218]
[INFO]  BBox: [L:440, T:194, R:456, B:218]
[INFO]  BBox: [L:468, T:200, R:484, B:218]
[INFO]  BBox: [L:486, T:200, R:501, B:218]
[INFO]  BBox: [L:503, T:200, R:519, B:218]
[INFO]  BBox: [L:522, T:200, R:531, B:218]
[INFO]  BBox: [L:540, T:195, R:549, B:218]
[INFO]  BBox: [L:551, T:194, R:565, B:218]
[INFO]  BBox: [L:569, T:200, R:585, B:218]
[INFO]  BBox: [L:37, T:228, R:40, B:252]
[INFO]  BBox: [L:43, T:234, R:59, B:252]
[INFO]  BBox: [L:62, T:234, R:77, B:252]
[INFO]  BBox: [L:78, T:234, R:92, B:259]
[INFO]  BBox: [L:103, T:228, R:113, B:252]
[INFO]  BBox: [L:113, T:234, R:129, B:252]
[INFO]  BBox: [L:131, T:234, R:146, B:252]
[INFO]  BBox: [L:150, T:249, R:153, B:252]
[INFO]  BBox: [L:165, T:228, R:184, B:252]
[INFO]  BBox: [L:187, T:228, R:201, B:252]
[INFO]  BBox: [L:204, T:234, R:220, B:252]
[INFO]  BBox: [L:232, T:234, R:247, B:258]
[INFO]  BBox: [L:251, T:234, R:265, B:252]
[INFO]  BBox: [L:269, T:228, R:273, B:252]
[INFO]  BBox: [L:276, T:234, R:291, B:252]
[INFO]  BBox: [L:293, T:228, R:307, B:252]
[INFO]  BBox: [L:319, T:228, R:334, B:252]
[INFO]  BBox: [L:337, T:234, R:346, B:252]
[INFO]  BBox: [L:347, T:234, R:363, B:252]
[INFO]  BBox: [L:364, T:234, R:388, B:252]
[INFO]  BBox: [L:390, T:234, R:404, B:252]
[INFO]  BBox: [L:417, T:228, R:432, B:252]
[INFO]  BBox: [L:435, T:234, R:451, B:252]
[INFO]  BBox: [L:453, T:234, R:468, B:259]
[INFO]  BBox: [L:478, T:228, R:485, B:259]
[INFO]  BBox: [L:489, T:234, R:503, B:252]
[INFO]  BBox: [L:507, T:234, R:531, B:252]
[INFO]  BBox: [L:535, T:234, R:550, B:258]
[INFO]  BBox: [L:552, T:234, R:568, B:252]
[INFO]  BBox: [L:570, T:228, R:585, B:252]
[INFO]  BBox: [L:36, T:268, R:52, B:286]
[INFO]  BBox: [L:54, T:268, R:69, B:286]
[INFO]  BBox: [L:71, T:268, R:87, B:286]
[INFO]  BBox: [L:90, T:268, R:99, B:286]
[INFO]  BBox: [L:109, T:263, R:117, B:286]
[INFO]  BBox: [L:120, T:262, R:134, B:286]
[INFO]  BBox: [L:137, T:268, R:153, B:286]
[INFO]  BBox: [L:165, T:262, R:169, B:286]
[INFO]  BBox: [L:172, T:268, R:187, B:286]
[INFO]  BBox: [L:190, T:268, R:205, B:286]
[INFO]  BBox: [L:206, T:268, R:221, B:293]
[INFO]  BBox: [L:231, T:262, R:241, B:286]
[INFO]  BBox: [L:241, T:268, R:257, B:286]
[INFO]  BBox: [L:259, T:268, R:274, B:286]
[INFO]  BBox: [L:278, T:283, R:281, B:286]
[INFO]  BBox: [L:294, T:262, R:313, B:286]
[INFO]  BBox: [L:315, T:262, R:329, B:286]
[INFO]  BBox: [L:333, T:268, R:349, B:286]
[INFO]  BBox: [L:360, T:268, R:375, B:292]
[INFO]  BBox: [L:379, T:268, R:393, B:286]
[INFO]  BBox: [L:398, T:262, R:401, B:286]
[INFO]  BBox: [L:404, T:268, R:419, B:286]
[INFO]  BBox: [L:421, T:262, R:435, B:286]
[INFO]  BBox: [L:447, T:262, R:462, B:286]
[INFO]  BBox: [L:465, T:268, R:475, B:286]
[INFO]  BBox: [L:475, T:268, R:491, B:286]
[INFO]  BBox: [L:493, T:268, R:516, B:286]
[INFO]  BBox: [L:518, T:268, R:532, B:286]
[INFO]  BBox: [L:545, T:262, R:560, B:286]
[INFO]  BBox: [L:563, T:268, R:579, B:286]
[INFO]  BBox: [L:581, T:268, R:597, B:293]
[INFO]  BBox: [L:43, T:296, R:50, B:327]
[INFO]  BBox: [L:54, T:302, R:68, B:320]
[INFO]  BBox: [L:72, T:302, R:96, B:320]
[INFO]  BBox: [L:99, T:302, R:115, B:326]
[INFO]  BBox: [L:117, T:302, R:133, B:320]
[INFO]  BBox: [L:135, T:296, R:150, B:320]
[INFO]  BBox: [L:162, T:302, R:178, B:320]
[INFO]  BBox: [L:180, T:302, R:195, B:320]
[INFO]  BBox: [L:197, T:302, R:213, B:320]
[INFO]  BBox: [L:216, T:302, R:226, B:320]
[INFO]  BBox: [L:235, T:297, R:243, B:320]
[INFO]  BBox: [L:246, T:296, R:260, B:320]
[INFO]  BBox: [L:263, T:302, R:279, B:320]
[INFO]  BBox: [L:292, T:296, R:295, B:320]
[INFO]  BBox: [L:298, T:302, R:313, B:320]
[INFO]  BBox: [L:316, T:302, R:331, B:320]
[INFO]  BBox: [L:332, T:302, R:347, B:327]
[INFO]  BBox: [L:357, T:296, R:368, B:320]
[INFO]  BBox: [L:368, T:302, R:384, B:320]
[INFO]  BBox: [L:385, T:302, R:401, B:320]
[INFO]  BBox: [L:404, T:317, R:407, B:320]
[INFO]  BBox: [L:420, T:296, R:439, B:320]
[INFO]  BBox: [L:442, T:296, R:456, B:320]
[INFO]  BBox: [L:459, T:302, R:475, B:320]
[INFO]  BBox: [L:486, T:302, R:501, B:326]
[INFO]  BBox: [L:506, T:302, R:520, B:320]
[INFO]  BBox: [L:524, T:296, R:527, B:320]
[INFO]  BBox: [L:530, T:302, R:545, B:320]
[INFO]  BBox: [L:548, T:296, R:561, B:320]
[INFO]  BBox: [L:37, T:330, R:52, B:354]
[INFO]  BBox: [L:55, T:336, R:65, B:354]
[INFO]  BBox: [L:65, T:336, R:81, B:354]
[INFO]  BBox: [L:83, T:336, R:106, B:354]
[INFO]  BBox: [L:108, T:336, R:122, B:354]
[INFO]  BBox: [L:135, T:330, R:150, B:354]
[INFO]  BBox: [L:153, T:336, R:169, B:354]
[INFO]  BBox: [L:171, T:336, R:187, B:361]
[INFO]  BBox: [L:196, T:330, R:203, B:361]
[INFO]  BBox: [L:207, T:336, R:221, B:354]
[INFO]  BBox: [L:225, T:336, R:249, B:354]
[INFO]  BBox: [L:253, T:336, R:268, B:360]
[INFO]  BBox: [L:270, T:336, R:286, B:354]
[INFO]  BBox: [L:288, T:330, R:304, B:354]
[INFO]  BBox: [L:316, T:336, R:332, B:354]
[INFO]  BBox: [L:334, T:336, R:349, B:354]
[INFO]  BBox: [L:351, T:336, R:367, B:354]
[INFO]  BBox: [L:370, T:336, R:379, B:354]
[INFO]  BBox: [L:388, T:331, R:397, B:354]
[INFO]  BBox: [L:399, T:330, R:413, B:354]
[INFO]  BBox: [L:417, T:336, R:433, B:354]
[INFO]  BBox: [L:445, T:330, R:448, B:354]
[INFO]  BBox: [L:451, T:336, R:467, B:354]
[INFO]  BBox: [L:470, T:336, R:485, B:354]
[INFO]  BBox: [L:486, T:336, R:500, B:361]
[INFO]  BBox: [L:511, T:330, R:521, B:354]
[INFO]  BBox: [L:521, T:336, R:537, B:354]
[INFO]  BBox: [L:539, T:336, R:554, B:354]
[INFO]  BBox: [L:558, T:351, R:561, B:354]
[INFO]  At level 4: pix diff = 0
[INFO]  Baseline (36,116)-&gt;(580,116)
[INFO]  Word This in font Arial, id 24, size 11, conf 89.5404
[INFO]  Word is in font Arial, id 24, size 11, conf 89.6787
[INFO]  Word a in font DejaVu_Sans_Ultra-Light, id 87, size 11, conf 99.6094
[INFO]  Word lot in font Arial, id 24, size 11, conf 92.6478
[INFO]  Word of in font Arial, id 24, size 11, conf 92.1747
[INFO]  Word 12 in font Arial, id 24, size 11, conf 92.653
[INFO]  Word point in font Arial, id 24, size 11, conf 92.9884
[INFO]  Word text in font Trebuchet_MS, id 299, size 11, conf 84.3309
[INFO]  Word to in font Arial, id 24, size 11, conf 92.7194
[INFO]  Word test in font Arial, id 24, size 11, conf 91.9468
[INFO]  Word the in font Arial, id 24, size 11, conf 86.0445
[INFO]  Word ocr in font Arial, id 24, size 11, conf 93.064
[INFO]  Word code in font Arial, id 24, size 11, conf 90.2858
[INFO]  Word and in font Arial, id 24, size 11, conf 94.7052
[INFO]  Word see in font Arial, id 24, size 11, conf 90.4449
[INFO]  Word if in font Arial, id 24, size 11, conf 95.9192
[INFO]  Word it in font Arial, id 24, size 11, conf 86.549
[INFO]  Word works in font Verdana, id 320, size 11, conf 89.63
[INFO]  Word on in font Arial, id 24, size 11, conf 94.6343
[INFO]  Word all in font Arial, id 24, size 11, conf 90.3172
[INFO]  Word types in font Arial, id 24, size 11, conf 89.5404
[INFO]  Word of in font Arial, id 24, size 11, conf 92.1747
[INFO]  Word file in font Arial, id 24, size 11, conf 91.7257
[INFO]  Word format. in font DejaVu_Sans_Ultra-Light, id 87, size 11, conf 87.2609
[INFO]  Word The in font Arial, id 24, size 11, conf 92.8109
[INFO]  Word quick in font Verdana, id 320, size 11, conf 91.0696
[INFO]  Word brown in font Verdana, id 320, size 11, conf 89.672
[INFO]  Word dog in font Arial, id 24, size 11, conf 91.5245
[INFO]  Word jumped in font DejaVu_Sans_Ultra-Light, id 87, size 11, conf 91.2332
[INFO]  Word over in font Arial, id 24, size 11, conf 92.8109
[INFO]  Word the in font Arial, id 24, size 11, conf 85.2396
[INFO]  Word lazy in font DejaVu_Sans_Ultra-Light, id 87, size 11, conf 96.4279
[INFO]  Word fox. in font Verdana, id 320, size 11, conf 91.8811
[INFO]  Word The in font Arial, id 24, size 11, conf 93.8166
[INFO]  Word quick in font Arial, id 24, size 11, conf 89.372
[INFO]  Word brown in font DejaVu_Sans_Ultra-Light, id 87, size 11, conf 92.2607
[INFO]  Word dog in font Arial, id 24, size 11, conf 93.0054
[INFO]  Word jumped in font Arial, id 24, size 11, conf 92.9884
[INFO]  Word over in font Arial, id 24, size 11, conf 92.204
[INFO]  Word the in font Arial, id 24, size 11, conf 91.5943
[INFO]  Word lazy in font DejaVu_Sans_Ultra-Light, id 87, size 11, conf 95.2301
[INFO]  Word fox. in font Verdana, id 320, size 11, conf 92.6211
[INFO]  Word The in font Arial, id 24, size 11, conf 92.8109
[INFO]  Word quick in font Arial, id 24, size 11, conf 91.0696
[INFO]  Word brown in font Verdana, id 320, size 11, conf 89.672
[INFO]  Word dog in font Arial, id 24, size 11, conf 91.5245
[INFO]  Word jumped in font Arial, id 24, size 11, conf 91.8275
[INFO]  Word over in font Arial, id 24, size 11, conf 89.6391
[INFO]  Word the in font Arial, id 24, size 11, conf 94.5361
[INFO]  Word lazy in font DejaVu_Sans_Ultra-Light, id 87, size 11, conf 91.1508
[INFO]  Word fox. in font Verdana, id 320, size 11, conf 91.1293
[INFO]  Word The in font Arial, id 24, size 11, conf 94.3985
[INFO]  Word quick in font Arial, id 24, size 11, conf 91.6817
[INFO]  Word brown in font Verdana, id 320, size 11, conf 89.672
[INFO]  Word dog in font Arial, id 24, size 11, conf 91.5245
[INFO]  Word jumped in font Arial, id 24, size 11, conf 91.803
[INFO]  Word over in font Arial, id 24, size 11, conf 92.8109
[INFO]  Word the in font Arial, id 24, size 11, conf 85.2396
[INFO]  Word lazy in font DejaVu_Sans_Ultra-Light, id 87, size 11, conf 96.4279
[INFO]  Word fox. in font Verdana, id 320, size 11, conf 91.8811
[       OK ] ResultIteratorTest.EasyTest (512 ms)
[ RUN      ] ResultIteratorTest.ComplexTest
[INFO]  BBox: [L:76, T:4, R:144, B:15]
[INFO]  BBox: [L:219, T:3175, R:277, B:3191]
[INFO]  BBox: [L:1115, T:368, R:1439, B:376]
[INFO]  BBox: [L:1111, T:387, R:1434, B:424]
[INFO]  BBox: [L:281, T:600, R:1237, B:3137]
[INFO]  BBox: [L:217, T:3192, R:1053, B:3225]
[INFO]  BBox: [L:870, T:1030, R:1682, B:2278]
[INFO]  BBox: [L:1082, T:2319, R:1462, B:2612]
[INFO]  BBox: [L:1311, T:602, R:2267, B:3139]
[INFO]  At level 0: pix diff = 2073
[INFO]  BBox: [L:76, T:4, R:144, B:15]
[INFO]  BBox: [L:219, T:3175, R:277, B:3191]
[INFO]  BBox: [L:1115, T:368, R:1439, B:376]
[INFO]  BBox: [L:1111, T:387, R:1434, B:424]
[INFO]  BBox: [L:282, T:600, R:1236, B:728]
[INFO]  BBox: [L:282, T:745, R:1237, B:1400]
[INFO]  BBox: [L:282, T:1416, R:801, B:2360]
[INFO]  BBox: [L:281, T:2376, R:1235, B:2799]
[INFO]  BBox: [L:281, T:2808, R:1237, B:3137]
[INFO]  BBox: [L:217, T:3192, R:1053, B:3225]
[INFO]  BBox: [L:870, T:1030, R:1682, B:2278]
[INFO]  BBox: [L:1082, T:2319, R:1462, B:2612]
[INFO]  BBox: [L:1311, T:602, R:2264, B:690]
[INFO]  BBox: [L:1311, T:699, R:2266, B:1410]
[INFO]  BBox: [L:1546, T:1419, R:2266, B:2514]
[INFO]  BBox: [L:1311, T:2522, R:2267, B:3139]
[INFO]  At level 1: pix diff = 2073
[INFO]  BBox: [L:76, T:4, R:144, B:15]
[INFO]  BBox: [L:219, T:3175, R:277, B:3191]
[INFO]  BBox: [L:1115, T:368, R:1439, B:376]
[INFO]  BBox: [L:1111, T:387, R:1434, B:424]
[INFO]  BBox: [L:282, T:600, R:1233, B:641]
[INFO]  BBox: [L:282, T:649, R:1236, B:688]
[INFO]  BBox: [L:283, T:696, R:955, B:728]
[INFO]  BBox: [L:331, T:745, R:1237, B:785]
[INFO]  BBox: [L:282, T:793, R:1236, B:833]
[INFO]  BBox: [L:282, T:841, R:1234, B:881]
[INFO]  BBox: [L:282, T:889, R:1236, B:932]
[INFO]  BBox: [L:282, T:937, R:1234, B:976]
[INFO]  BBox: [L:282, T:984, R:797, B:1024]
[INFO]  BBox: [L:283, T:1032, R:796, B:1072]
[INFO]  BBox: [L:282, T:1080, R:796, B:1119]
[INFO]  BBox: [L:283, T:1128, R:801, B:1167]
[INFO]  BBox: [L:283, T:1176, R:796, B:1216]
[INFO]  BBox: [L:282, T:1224, R:795, B:1261]
[INFO]  BBox: [L:283, T:1272, R:796, B:1312]
[INFO]  BBox: [L:283, T:1320, R:796, B:1360]
[INFO]  BBox: [L:282, T:1368, R:402, B:1400]
[INFO]  BBox: [L:331, T:1416, R:796, B:1455]
[INFO]  BBox: [L:282, T:1464, R:798, B:1504]
[INFO]  BBox: [L:283, T:1513, R:796, B:1551]
[INFO]  BBox: [L:282, T:1561, R:796, B:1600]
[INFO]  BBox: [L:283, T:1608, R:801, B:1651]
[INFO]  BBox: [L:283, T:1656, R:798, B:1695]
[INFO]  BBox: [L:283, T:1705, R:795, B:1744]
[INFO]  BBox: [L:282, T:1752, R:798, B:1784]
[INFO]  BBox: [L:282, T:1800, R:796, B:1840]
[INFO]  BBox: [L:282, T:1849, R:796, B:1885]
[INFO]  BBox: [L:283, T:1897, R:797, B:1928]
[INFO]  BBox: [L:282, T:1944, R:798, B:1983]
[INFO]  BBox: [L:282, T:1992, R:795, B:2032]
[INFO]  BBox: [L:283, T:2040, R:797, B:2079]
[INFO]  BBox: [L:282, T:2088, R:798, B:2127]
[INFO]  BBox: [L:282, T:2136, R:798, B:2168]
[INFO]  BBox: [L:282, T:2184, R:798, B:2220]
[INFO]  BBox: [L:283, T:2232, R:796, B:2272]
[INFO]  BBox: [L:283, T:2281, R:797, B:2319]
[INFO]  BBox: [L:282, T:2328, R:562, B:2360]
[INFO]  BBox: [L:331, T:2376, R:999, B:2416]
[INFO]  BBox: [L:282, T:2424, R:1001, B:2464]
[INFO]  BBox: [L:282, T:2472, R:999, B:2509]
[INFO]  BBox: [L:282, T:2519, R:1002, B:2556]
[INFO]  BBox: [L:282, T:2568, R:1001, B:2600]
[INFO]  BBox: [L:282, T:2616, R:1001, B:2656]
[INFO]  BBox: [L:281, T:2663, R:1002, B:2701]
[INFO]  BBox: [L:282, T:2712, R:1235, B:2754]
[INFO]  BBox: [L:281, T:2772, R:575, B:2799]
[INFO]  BBox: [L:331, T:2808, R:1237, B:2842]
[INFO]  BBox: [L:282, T:2856, R:1234, B:2896]
[INFO]  BBox: [L:282, T:2904, R:1235, B:2944]
[INFO]  BBox: [L:282, T:2951, R:1234, B:2993]
[INFO]  BBox: [L:282, T:3000, R:1235, B:3041]
[INFO]  BBox: [L:282, T:3048, R:1236, B:3089]
[INFO]  BBox: [L:281, T:3096, R:1236, B:3137]
[INFO]  BBox: [L:217, T:3192, R:1053, B:3225]
[INFO]  BBox: [L:870, T:1030, R:1682, B:2278]
[INFO]  BBox: [L:1082, T:2319, R:1462, B:2362]
[INFO]  BBox: [L:1181, T:2385, R:1362, B:2403]
[INFO]  BBox: [L:1148, T:2420, R:1394, B:2449]
[INFO]  BBox: [L:1096, T:2468, R:1448, B:2487]
[INFO]  BBox: [L:1124, T:2509, R:1418, B:2532]
[INFO]  BBox: [L:1153, T:2551, R:1390, B:2570]
[INFO]  BBox: [L:1115, T:2592, R:1427, B:2612]
[INFO]  BBox: [L:1311, T:602, R:2264, B:642]
[INFO]  BBox: [L:1311, T:650, R:1985, B:690]
[INFO]  BBox: [L:1361, T:699, R:2266, B:739]
[INFO]  BBox: [L:1311, T:747, R:2266, B:787]
[INFO]  BBox: [L:1311, T:795, R:2265, B:835]
[INFO]  BBox: [L:1311, T:843, R:2264, B:883]
[INFO]  BBox: [L:1311, T:891, R:2266, B:930]
[INFO]  BBox: [L:1311, T:939, R:2265, B:979]
[INFO]  BBox: [L:1750, T:987, R:2265, B:1019]
[INFO]  BBox: [L:1750, T:1035, R:2266, B:1067]
[INFO]  BBox: [L:1750, T:1082, R:2265, B:1122]
[INFO]  BBox: [L:1750, T:1131, R:2264, B:1170]
[INFO]  BBox: [L:1750, T:1181, R:2264, B:1218]
[INFO]  BBox: [L:1749, T:1227, R:2265, B:1267]
[INFO]  BBox: [L:1751, T:1275, R:2266, B:1307]
[INFO]  BBox: [L:1751, T:1323, R:2266, B:1363]
[INFO]  BBox: [L:1750, T:1371, R:2263, B:1410]
[INFO]  BBox: [L:1801, T:1419, R:2265, B:1458]
[INFO]  BBox: [L:1750, T:1467, R:2265, B:1506]
[INFO]  BBox: [L:1750, T:1516, R:2265, B:1552]
[INFO]  BBox: [L:1750, T:1563, R:2265, B:1603]
[INFO]  BBox: [L:1750, T:1611, R:2264, B:1648]
[INFO]  BBox: [L:1750, T:1660, R:2264, B:1699]
[INFO]  BBox: [L:1750, T:1707, R:2266, B:1746]
[INFO]  BBox: [L:1750, T:1755, R:2265, B:1794]
[INFO]  BBox: [L:1750, T:1803, R:2264, B:1842]
[INFO]  BBox: [L:1750, T:1851, R:2266, B:1891]
[INFO]  BBox: [L:1750, T:1899, R:2264, B:1939]
[INFO]  BBox: [L:1750, T:1947, R:2264, B:1986]
[INFO]  BBox: [L:1750, T:1995, R:2265, B:2034]
[INFO]  BBox: [L:1750, T:2043, R:2265, B:2082]
[INFO]  BBox: [L:1750, T:2091, R:2266, B:2130]
[INFO]  BBox: [L:1750, T:2139, R:2264, B:2178]
[INFO]  BBox: [L:1750, T:2187, R:2265, B:2219]
[INFO]  BBox: [L:1751, T:2235, R:2263, B:2273]
[INFO]  BBox: [L:1750, T:2284, R:2265, B:2323]
[INFO]  BBox: [L:1546, T:2332, R:2266, B:2370]
[INFO]  BBox: [L:1546, T:2379, R:2265, B:2419]
[INFO]  BBox: [L:1547, T:2427, R:2266, B:2464]
[INFO]  BBox: [L:1546, T:2475, R:2068, B:2514]
[INFO]  BBox: [L:1596, T:2522, R:2266, B:2554]
[INFO]  BBox: [L:1546, T:2571, R:2265, B:2610]
[INFO]  BBox: [L:1547, T:2619, R:2267, B:2658]
[INFO]  BBox: [L:1547, T:2666, R:2266, B:2706]
[INFO]  BBox: [L:1312, T:2715, R:2265, B:2755]
[INFO]  BBox: [L:1311, T:2763, R:2266, B:2800]
[INFO]  BBox: [L:1312, T:2811, R:2266, B:2847]
[INFO]  BBox: [L:1311, T:2860, R:2264, B:2899]
[INFO]  BBox: [L:1312, T:2907, R:2265, B:2946]
[INFO]  BBox: [L:1311, T:2954, R:2265, B:2994]
[INFO]  BBox: [L:1312, T:3003, R:2265, B:3043]
[INFO]  BBox: [L:1312, T:3051, R:2265, B:3091]
[INFO]  BBox: [L:1311, T:3099, R:2267, B:3139]
[INFO]  At level 2: pix diff = 2080
[INFO]  BBox: [L:76, T:4, R:144, B:15]
[INFO]  BBox: [L:219, T:3175, R:277, B:3191]
[INFO]  BBox: [L:1115, T:368, R:1439, B:376]
[INFO]  BBox: [L:1111, T:387, R:1434, B:424]
[INFO]  BBox: [L:282, T:600, R:376, B:631]
[INFO]  BBox: [L:392, T:605, R:416, B:631]
[INFO]  BBox: [L:430, T:601, R:564, B:632]
[INFO]  BBox: [L:579, T:601, R:715, B:637]
[INFO]  BBox: [L:730, T:611, R:782, B:640]
[INFO]  BBox: [L:797, T:601, R:871, B:640]
[INFO]  BBox: [L:886, T:601, R:988, B:633]
[INFO]  BBox: [L:1003, T:601, R:1075, B:633]
[INFO]  BBox: [L:1090, T:601, R:1146, B:633]
[INFO]  BBox: [L:1160, T:606, R:1233, B:641]
[INFO]  BBox: [L:282, T:650, R:337, B:680]
[INFO]  BBox: [L:358, T:653, R:526, B:688]
[INFO]  BBox: [L:547, T:659, R:581, B:680]
[INFO]  BBox: [L:603, T:649, R:659, B:680]
[INFO]  BBox: [L:681, T:654, R:793, B:688]
[INFO]  BBox: [L:815, T:654, R:849, B:680]
[INFO]  BBox: [L:870, T:649, R:985, B:681]
[INFO]  BBox: [L:1006, T:651, R:1018, B:680]
[INFO]  BBox: [L:1039, T:650, R:1158, B:681]
[INFO]  BBox: [L:1180, T:650, R:1236, B:681]
[INFO]  BBox: [L:283, T:696, R:470, B:727]
[INFO]  BBox: [L:483, T:698, R:494, B:727]
[INFO]  BBox: [L:507, T:697, R:570, B:728]
[INFO]  BBox: [L:583, T:697, R:680, B:728]
[INFO]  BBox: [L:693, T:697, R:749, B:728]
[INFO]  BBox: [L:761, T:709, R:859, B:728]
[INFO]  BBox: [L:871, T:710, R:955, B:728]
[INFO]  BBox: [L:331, T:746, R:377, B:776]
[INFO]  BBox: [L:394, T:746, R:405, B:776]
[INFO]  BBox: [L:422, T:745, R:519, B:776]
[INFO]  BBox: [L:535, T:745, R:630, B:784]
[INFO]  BBox: [L:646, T:745, R:702, B:777]
[INFO]  BBox: [L:718, T:745, R:903, B:777]
[INFO]  BBox: [L:918, T:755, R:1007, B:777]
[INFO]  BBox: [L:1022, T:756, R:1092, B:785]
[INFO]  BBox: [L:1107, T:746, R:1237, B:785]
[INFO]  BBox: [L:282, T:793, R:363, B:824]
[INFO]  BBox: [L:376, T:803, R:453, B:824]
[INFO]  BBox: [L:465, T:793, R:526, B:824]
[INFO]  BBox: [L:538, T:793, R:735, B:825]
[INFO]  BBox: [L:746, T:803, R:873, B:832]
[INFO]  BBox: [L:885, T:806, R:1005, B:825]
[INFO]  BBox: [L:1017, T:794, R:1144, B:833]
[INFO]  BBox: [L:1156, T:794, R:1236, B:826]
[INFO]  BBox: [L:282, T:841, R:423, B:880]
[INFO]  BBox: [L:438, T:841, R:493, B:872]
[INFO]  BBox: [L:506, T:846, R:570, B:880]
[INFO]  BBox: [L:583, T:841, R:735, B:880]
[INFO]  BBox: [L:748, T:842, R:903, B:881]
[INFO]  BBox: [L:916, T:846, R:950, B:873]
[INFO]  BBox: [L:963, T:842, R:1005, B:873]
[INFO]  BBox: [L:1019, T:847, R:1058, B:873]
[INFO]  BBox: [L:1071, T:842, R:1234, B:879]
[INFO]  BBox: [L:282, T:889, R:409, B:920]
[INFO]  BBox: [L:425, T:889, R:512, B:920]
[INFO]  BBox: [L:529, T:894, R:692, B:928]
[INFO]  BBox: [L:708, T:899, R:741, B:920]
[INFO]  BBox: [L:757, T:889, R:813, B:921]
[INFO]  BBox: [L:829, T:890, R:899, B:921]
[INFO]  BBox: [L:915, T:890, R:951, B:921]
[INFO]  BBox: [L:964, T:899, R:1052, B:932]
[INFO]  BBox: [L:1068, T:890, R:1162, B:927]
[INFO]  BBox: [L:1180, T:890, R:1236, B:922]
[INFO]  BBox: [L:282, T:937, R:431, B:968]
[INFO]  BBox: [L:447, T:938, R:509, B:968]
[INFO]  BBox: [L:525, T:937, R:687, B:976]
[INFO]  BBox: [L:703, T:937, R:816, B:968]
[INFO]  BBox: [L:835, T:937, R:1025, B:968]
[INFO]  BBox: [L:1040, T:938, R:1098, B:969]
[INFO]  BBox: [L:1114, T:938, R:1234, B:969]
[INFO]  BBox: [L:282, T:984, R:355, B:1015]
[INFO]  BBox: [L:370, T:989, R:446, B:1016]
[INFO]  BBox: [L:461, T:985, R:523, B:1016]
[INFO]  BBox: [L:537, T:997, R:599, B:1016]
[INFO]  BBox: [L:612, T:985, R:660, B:1016]
[INFO]  BBox: [L:673, T:998, R:707, B:1016]
[INFO]  BBox: [L:722, T:985, R:797, B:1024]
[INFO]  BBox: [L:283, T:1032, R:355, B:1063]
[INFO]  BBox: [L:371, T:1032, R:547, B:1063]
[INFO]  BBox: [L:564, T:1037, R:689, B:1064]
[INFO]  BBox: [L:706, T:1037, R:796, B:1072]
[INFO]  BBox: [L:282, T:1090, R:355, B:1111]
[INFO]  BBox: [L:373, T:1080, R:409, B:1111]
[INFO]  BBox: [L:425, T:1085, R:465, B:1111]
[INFO]  BBox: [L:483, T:1085, R:614, B:1119]
[INFO]  BBox: [L:633, T:1080, R:724, B:1119]
[INFO]  BBox: [L:742, T:1081, R:796, B:1112]
[INFO]  BBox: [L:283, T:1128, R:362, B:1159]
[INFO]  BBox: [L:376, T:1133, R:400, B:1159]
[INFO]  BBox: [L:412, T:1141, R:480, B:1167]
[INFO]  BBox: [L:492, T:1128, R:572, B:1159]
[INFO]  BBox: [L:584, T:1141, R:688, B:1167]
[INFO]  BBox: [L:700, T:1138, R:754, B:1160]
[INFO]  BBox: [L:766, T:1129, R:801, B:1160]
[INFO]  BBox: [L:283, T:1176, R:337, B:1207]
[INFO]  BBox: [L:350, T:1177, R:594, B:1207]
[INFO]  BBox: [L:607, T:1181, R:670, B:1215]
[INFO]  BBox: [L:682, T:1177, R:718, B:1208]
[INFO]  BBox: [L:727, T:1178, R:796, B:1216]
[INFO]  BBox: [L:282, T:1224, R:403, B:1261]
[INFO]  BBox: [L:420, T:1225, R:488, B:1256]
[INFO]  BBox: [L:504, T:1225, R:690, B:1256]
[INFO]  BBox: [L:707, T:1229, R:741, B:1256]
[INFO]  BBox: [L:756, T:1226, R:795, B:1259]
[INFO]  BBox: [L:283, T:1281, R:356, B:1308]
[INFO]  BBox: [L:374, T:1272, R:436, B:1303]
[INFO]  BBox: [L:453, T:1272, R:580, B:1311]
[INFO]  BBox: [L:595, T:1273, R:685, B:1312]
[INFO]  BBox: [L:702, T:1286, R:720, B:1304]
[INFO]  BBox: [L:736, T:1283, R:796, B:1304]
[INFO]  BBox: [L:283, T:1320, R:415, B:1351]
[INFO]  BBox: [L:427, T:1320, R:501, B:1351]
[INFO]  BBox: [L:514, T:1333, R:531, B:1351]
[INFO]  BBox: [L:544, T:1321, R:700, B:1352]
[INFO]  BBox: [L:712, T:1333, R:796, B:1360]
[INFO]  BBox: [L:282, T:1368, R:402, B:1400]
[INFO]  BBox: [L:331, T:1416, R:440, B:1455]
[INFO]  BBox: [L:453, T:1416, R:507, B:1447]
[INFO]  BBox: [L:520, T:1418, R:608, B:1455]
[INFO]  BBox: [L:621, T:1421, R:708, B:1455]
[INFO]  BBox: [L:720, T:1430, R:796, B:1448]
[INFO]  BBox: [L:282, T:1464, R:411, B:1495]
[INFO]  BBox: [L:432, T:1464, R:489, B:1495]
[INFO]  BBox: [L:510, T:1464, R:594, B:1496]
[INFO]  BBox: [L:614, T:1464, R:738, B:1496]
[INFO]  BBox: [L:757, T:1465, R:798, B:1504]
[INFO]  BBox: [L:283, T:1513, R:340, B:1544]
[INFO]  BBox: [L:362, T:1513, R:481, B:1551]
[INFO]  BBox: [L:503, T:1513, R:540, B:1544]
[INFO]  BBox: [L:558, T:1513, R:696, B:1544]
[INFO]  BBox: [L:717, T:1526, R:796, B:1544]
[INFO]  BBox: [L:282, T:1561, R:359, B:1591]
[INFO]  BBox: [L:377, T:1562, R:481, B:1592]
[INFO]  BBox: [L:494, T:1561, R:675, B:1600]
[INFO]  BBox: [L:691, T:1561, R:796, B:1592]
[INFO]  BBox: [L:283, T:1621, R:369, B:1651]
[INFO]  BBox: [L:395, T:1608, R:477, B:1640]
[INFO]  BBox: [L:503, T:1609, R:552, B:1640]
[INFO]  BBox: [L:576, T:1609, R:632, B:1640]
[INFO]  BBox: [L:659, T:1621, R:738, B:1640]
[INFO]  BBox: [L:765, T:1609, R:801, B:1640]
[INFO]  BBox: [L:283, T:1656, R:339, B:1687]
[INFO]  BBox: [L:365, T:1656, R:504, B:1695]
[INFO]  BBox: [L:530, T:1657, R:586, B:1688]
[INFO]  BBox: [L:611, T:1667, R:671, B:1688]
[INFO]  BBox: [L:697, T:1657, R:798, B:1688]
[INFO]  BBox: [L:283, T:1705, R:497, B:1741]
[INFO]  BBox: [L:513, T:1705, R:579, B:1736]
[INFO]  BBox: [L:594, T:1705, R:685, B:1741]
[INFO]  BBox: [L:702, T:1718, R:720, B:1736]
[INFO]  BBox: [L:734, T:1705, R:795, B:1744]
[INFO]  BBox: [L:282, T:1752, R:501, B:1783]
[INFO]  BBox: [L:513, T:1753, R:668, B:1784]
[INFO]  BBox: [L:681, T:1753, R:744, B:1784]
[INFO]  BBox: [L:756, T:1765, R:798, B:1784]
[INFO]  BBox: [L:282, T:1800, R:493, B:1839]
[INFO]  BBox: [L:508, T:1810, R:579, B:1832]
[INFO]  BBox: [L:592, T:1800, R:694, B:1840]
[INFO]  BBox: [L:711, T:1801, R:796, B:1832]
[INFO]  BBox: [L:282, T:1849, R:449, B:1885]
[INFO]  BBox: [L:466, T:1850, R:653, B:1885]
[INFO]  BBox: [L:670, T:1850, R:796, B:1880]
[INFO]  BBox: [L:283, T:1909, R:338, B:1927]
[INFO]  BBox: [L:354, T:1922, R:359, B:1926]
[INFO]  BBox: [L:376, T:1922, R:382, B:1926]
[INFO]  BBox: [L:399, T:1922, R:405, B:1926]
[INFO]  BBox: [L:420, T:1909, R:506, B:1927]
[INFO]  BBox: [L:520, T:1897, R:555, B:1928]
[INFO]  BBox: [L:566, T:1897, R:654, B:1928]
[INFO]  BBox: [L:666, T:1897, R:797, B:1928]
[INFO]  BBox: [L:282, T:1957, R:340, B:1975]
[INFO]  BBox: [L:359, T:1949, R:435, B:1983]
[INFO]  BBox: [L:457, T:1946, R:518, B:1976]
[INFO]  BBox: [L:538, T:1944, R:594, B:1976]
[INFO]  BBox: [L:614, T:1945, R:719, B:1981]
[INFO]  BBox: [L:740, T:1957, R:798, B:1976]
[INFO]  BBox: [L:282, T:1992, R:460, B:2031]
[INFO]  BBox: [L:475, T:1993, R:555, B:2024]
[INFO]  BBox: [L:568, T:2003, R:602, B:2024]
[INFO]  BBox: [L:615, T:1993, R:739, B:2032]
[INFO]  BBox: [L:751, T:2006, R:795, B:2030]
[INFO]  BBox: [L:283, T:2040, R:345, B:2071]
[INFO]  BBox: [L:359, T:2053, R:404, B:2071]
[INFO]  BBox: [L:419, T:2042, R:516, B:2071]
[INFO]  BBox: [L:529, T:2041, R:657, B:2079]
[INFO]  BBox: [L:672, T:2042, R:721, B:2072]
[INFO]  BBox: [L:736, T:2054, R:797, B:2072]
[INFO]  BBox: [L:282, T:2088, R:455, B:2127]
[INFO]  BBox: [L:468, T:2088, R:628, B:2127]
[INFO]  BBox: [L:640, T:2088, R:694, B:2120]
[INFO]  BBox: [L:708, T:2089, R:798, B:2120]
[INFO]  BBox: [L:282, T:2136, R:374, B:2167]
[INFO]  BBox: [L:387, T:2138, R:398, B:2167]
[INFO]  BBox: [L:411, T:2136, R:538, B:2167]
[INFO]  BBox: [L:551, T:2136, R:605, B:2168]
[INFO]  BBox: [L:617, T:2137, R:798, B:2168]
[INFO]  BBox: [L:282, T:2184, R:370, B:2220]
[INFO]  BBox: [L:384, T:2184, R:502, B:2215]
[INFO]  BBox: [L:516, T:2189, R:549, B:2215]
[INFO]  BBox: [L:561, T:2197, R:578, B:2215]
[INFO]  BBox: [L:591, T:2185, R:732, B:2216]
[INFO]  BBox: [L:744, T:2185, R:798, B:2216]
[INFO]  BBox: [L:283, T:2236, R:316, B:2263]
[INFO]  BBox: [L:329, T:2245, R:346, B:2264]
[INFO]  BBox: [L:362, T:2232, R:582, B:2272]
[INFO]  BBox: [L:594, T:2242, R:684, B:2265]
[INFO]  BBox: [L:696, T:2233, R:796, B:2265]
[INFO]  BBox: [L:283, T:2285, R:335, B:2319]
[INFO]  BBox: [L:346, T:2285, R:407, B:2319]
[INFO]  BBox: [L:420, T:2281, R:467, B:2312]
[INFO]  BBox: [L:476, T:2281, R:576, B:2317]
[INFO]  BBox: [L:591, T:2281, R:797, B:2313]
[INFO]  BBox: [L:282, T:2333, R:369, B:2359]
[INFO]  BBox: [L:381, T:2328, R:562, B:2360]
[INFO]  BBox: [L:331, T:2378, R:399, B:2407]
[INFO]  BBox: [L:412, T:2376, R:489, B:2407]
[INFO]  BBox: [L:502, T:2389, R:520, B:2407]
[INFO]  BBox: [L:534, T:2377, R:580, B:2408]
[INFO]  BBox: [L:595, T:2377, R:691, B:2408]
[INFO]  BBox: [L:705, T:2389, R:839, B:2416]
[INFO]  BBox: [L:855, T:2382, R:888, B:2408]
[INFO]  BBox: [L:901, T:2379, R:999, B:2409]
[INFO]  BBox: [L:282, T:2424, R:489, B:2463]
[INFO]  BBox: [L:506, T:2434, R:593, B:2456]
[INFO]  BBox: [L:610, T:2434, R:645, B:2456]
[INFO]  BBox: [L:661, T:2435, R:714, B:2463]
[INFO]  BBox: [L:731, T:2438, R:825, B:2461]
[INFO]  BBox: [L:844, T:2425, R:907, B:2457]
[INFO]  BBox: [L:925, T:2426, R:1001, B:2464]
[INFO]  BBox: [L:282, T:2481, R:364, B:2503]
[INFO]  BBox: [L:376, T:2472, R:455, B:2503]
[INFO]  BBox: [L:467, T:2472, R:539, B:2503]
[INFO]  BBox: [L:550, T:2472, R:636, B:2503]
[INFO]  BBox: [L:652, T:2473, R:732, B:2509]
[INFO]  BBox: [L:745, T:2473, R:832, B:2504]
[INFO]  BBox: [L:844, T:2486, R:914, B:2504]
[INFO]  BBox: [L:926, T:2486, R:999, B:2504]
[INFO]  BBox: [L:282, T:2519, R:342, B:2550]
[INFO]  BBox: [L:355, T:2532, R:372, B:2550]
[INFO]  BBox: [L:385, T:2520, R:468, B:2551]
[INFO]  BBox: [L:480, T:2520, R:514, B:2551]
[INFO]  BBox: [L:523, T:2521, R:661, B:2556]
[INFO]  BBox: [L:675, T:2533, R:692, B:2551]
[INFO]  BBox: [L:705, T:2520, R:826, B:2551]
[INFO]  BBox: [L:837, T:2521, R:928, B:2552]
[INFO]  BBox: [L:940, T:2521, R:975, B:2552]
[INFO]  BBox: [L:984, T:2534, R:1002, B:2552]
[INFO]  BBox: [L:282, T:2577, R:365, B:2599]
[INFO]  BBox: [L:383, T:2568, R:463, B:2599]
[INFO]  BBox: [L:481, T:2568, R:673, B:2599]
[INFO]  BBox: [L:690, T:2581, R:768, B:2600]
[INFO]  BBox: [L:787, T:2573, R:826, B:2600]
[INFO]  BBox: [L:845, T:2569, R:1001, B:2600]
[INFO]  BBox: [L:282, T:2616, R:355, B:2655]
[INFO]  BBox: [L:370, T:2616, R:448, B:2647]
[INFO]  BBox: [L:463, T:2616, R:587, B:2647]
[INFO]  BBox: [L:601, T:2628, R:696, B:2655]
[INFO]  BBox: [L:709, T:2617, R:780, B:2648]
[INFO]  BBox: [L:793, T:2617, R:841, B:2648]
[INFO]  BBox: [L:855, T:2629, R:951, B:2656]
[INFO]  BBox: [L:966, T:2630, R:1001, B:2648]
[INFO]  BBox: [L:281, T:2664, R:328, B:2695]
[INFO]  BBox: [L:339, T:2663, R:393, B:2695]
[INFO]  BBox: [L:405, T:2673, R:508, B:2695]
[INFO]  BBox: [L:520, T:2664, R:554, B:2695]
[INFO]  BBox: [L:564, T:2669, R:693, B:2701]
[INFO]  BBox: [L:706, T:2665, R:810, B:2696]
[INFO]  BBox: [L:822, T:2665, R:1002, B:2696]
[INFO]  BBox: [L:282, T:2712, R:388, B:2743]
[INFO]  BBox: [L:416, T:2714, R:561, B:2744]
[INFO]  BBox: [L:576, T:2713, R:754, B:2744]
[INFO]  BBox: [L:767, T:2713, R:816, B:2744]
[INFO]  BBox: [L:830, T:2715, R:870, B:2745]
[INFO]  BBox: [L:884, T:2724, R:1015, B:2753]
[INFO]  BBox: [L:1030, T:2714, R:1065, B:2745]
[INFO]  BBox: [L:1077, T:2714, R:1131, B:2745]
[INFO]  BBox: [L:1146, T:2716, R:1235, B:2754]
[INFO]  BBox: [L:281, T:2772, R:399, B:2799]
[INFO]  BBox: [L:411, T:2773, R:575, B:2799]
[INFO]  BBox: [L:331, T:2808, R:439, B:2839]
[INFO]  BBox: [L:456, T:2808, R:702, B:2840]
[INFO]  BBox: [L:718, T:2809, R:832, B:2840]
[INFO]  BBox: [L:847, T:2809, R:896, B:2840]
[INFO]  BBox: [L:912, T:2809, R:1056, B:2841]
[INFO]  BBox: [L:1071, T:2810, R:1140, B:2841]
[INFO]  BBox: [L:1156, T:2811, R:1237, B:2842]
[INFO]  BBox: [L:282, T:2856, R:337, B:2887]
[INFO]  BBox: [L:354, T:2856, R:456, B:2887]
[INFO]  BBox: [L:472, T:2856, R:508, B:2887]
[INFO]  BBox: [L:520, T:2856, R:570, B:2887]
[INFO]  BBox: [L:585, T:2856, R:717, B:2896]
[INFO]  BBox: [L:733, T:2857, R:840, B:2888]
[INFO]  BBox: [L:857, T:2862, R:923, B:2888]
[INFO]  BBox: [L:940, T:2858, R:1003, B:2889]
[INFO]  BBox: [L:1019, T:2858, R:1096, B:2895]
[INFO]  BBox: [L:1114, T:2858, R:1234, B:2890]
[INFO]  BBox: [L:282, T:2916, R:360, B:2935]
[INFO]  BBox: [L:373, T:2917, R:435, B:2935]
[INFO]  BBox: [L:447, T:2904, R:590, B:2936]
[INFO]  BBox: [L:603, T:2905, R:665, B:2936]
[INFO]  BBox: [L:678, T:2915, R:795, B:2944]
[INFO]  BBox: [L:808, T:2910, R:887, B:2936]
[INFO]  BBox: [L:901, T:2910, R:934, B:2936]
[INFO]  BBox: [L:947, T:2906, R:1141, B:2937]
[INFO]  BBox: [L:1154, T:2908, R:1235, B:2938]
[INFO]  BBox: [L:282, T:2951, R:371, B:2983]
[INFO]  BBox: [L:386, T:2964, R:436, B:2983]
[INFO]  BBox: [L:451, T:2952, R:526, B:2991]
[INFO]  BBox: [L:540, T:2965, R:646, B:2989]
[INFO]  BBox: [L:662, T:2953, R:724, B:2984]
[INFO]  BBox: [L:738, T:2953, R:879, B:2984]
[INFO]  BBox: [L:894, T:2957, R:918, B:2984]
[INFO]  BBox: [L:932, T:2953, R:997, B:2984]
[INFO]  BBox: [L:1012, T:2953, R:1108, B:2993]
[INFO]  BBox: [L:1123, T:2955, R:1234, B:2985]
[INFO]  BBox: [L:282, T:3000, R:335, B:3031]
[INFO]  BBox: [L:347, T:3000, R:411, B:3031]
[INFO]  BBox: [L:424, T:3005, R:531, B:3031]
[INFO]  BBox: [L:543, T:3002, R:603, B:3032]
[INFO]  BBox: [L:615, T:3000, R:723, B:3032]
[INFO]  BBox: [L:735, T:3005, R:768, B:3032]
[INFO]  BBox: [L:780, T:3011, R:840, B:3033]
[INFO]  BBox: [L:852, T:3003, R:961, B:3040]
[INFO]  BBox: [L:973, T:3001, R:1045, B:3033]
[INFO]  BBox: [L:1059, T:3003, R:1097, B:3035]
[INFO]  BBox: [L:1109, T:3012, R:1235, B:3041]
[INFO]  BBox: [L:282, T:3048, R:317, B:3079]
[INFO]  BBox: [L:330, T:3048, R:542, B:3079]
[INFO]  BBox: [L:559, T:3049, R:768, B:3085]
[INFO]  BBox: [L:785, T:3049, R:826, B:3080]
[INFO]  BBox: [L:843, T:3049, R:983, B:3089]
[INFO]  BBox: [L:999, T:3063, R:1043, B:3081]
[INFO]  BBox: [L:1058, T:3050, R:1126, B:3082]
[INFO]  BBox: [L:1141, T:3052, R:1236, B:3082]
[INFO]  BBox: [L:281, T:3096, R:357, B:3127]
[INFO]  BBox: [L:372, T:3096, R:492, B:3135]
[INFO]  BBox: [L:509, T:3106, R:543, B:3128]
[INFO]  BBox: [L:559, T:3101, R:692, B:3128]
[INFO]  BBox: [L:710, T:3098, R:802, B:3128]
[INFO]  BBox: [L:820, T:3110, R:837, B:3128]
[INFO]  BBox: [L:853, T:3098, R:977, B:3134]
[INFO]  BBox: [L:995, T:3111, R:1056, B:3137]
[INFO]  BBox: [L:1071, T:3111, R:1186, B:3137]
[INFO]  BBox: [L:1202, T:3103, R:1236, B:3129]
[INFO]  BBox: [L:217, T:3192, R:287, B:3223]
[INFO]  BBox: [L:319, T:3202, R:671, B:3224]
[INFO]  BBox: [L:718, T:3203, R:932, B:3224]
[INFO]  BBox: [L:964, T:3205, R:1053, B:3225]
[INFO]  BBox: [L:870, T:1030, R:1682, B:2278]
[INFO]  BBox: [L:1082, T:2319, R:1167, B:2361]
[INFO]  BBox: [L:1192, T:2343, R:1462, B:2362]
[INFO]  BBox: [L:1181, T:2385, R:1296, B:2403]
[INFO]  BBox: [L:1321, T:2385, R:1362, B:2403]
[INFO]  BBox: [L:1148, T:2420, R:1394, B:2449]
[INFO]  BBox: [L:1096, T:2468, R:1276, B:2486]
[INFO]  BBox: [L:1301, T:2468, R:1448, B:2487]
[INFO]  BBox: [L:1124, T:2509, R:1193, B:2527]
[INFO]  BBox: [L:1219, T:2509, R:1418, B:2532]
[INFO]  BBox: [L:1153, T:2551, R:1221, B:2569]
[INFO]  BBox: [L:1246, T:2551, R:1390, B:2570]
[INFO]  BBox: [L:1115, T:2592, R:1306, B:2612]
[INFO]  BBox: [L:1331, T:2593, R:1427, B:2612]
[INFO]  BBox: [L:1311, T:602, R:1393, B:633]
[INFO]  BBox: [L:1407, T:607, R:1545, B:634]
[INFO]  BBox: [L:1559, T:602, R:1650, B:639]
[INFO]  BBox: [L:1665, T:615, R:1763, B:642]
[INFO]  BBox: [L:1779, T:608, R:1963, B:642]
[INFO]  BBox: [L:1978, T:603, R:2032, B:640]
[INFO]  BBox: [L:2048, T:616, R:2123, B:635]
[INFO]  BBox: [L:2137, T:604, R:2173, B:635]
[INFO]  BBox: [L:2183, T:604, R:2264, B:640]
[INFO]  BBox: [L:1311, T:650, R:1468, B:682]
[INFO]  BBox: [L:1481, T:650, R:1526, B:682]
[INFO]  BBox: [L:1539, T:651, R:1611, B:687]
[INFO]  BBox: [L:1626, T:656, R:1816, B:687]
[INFO]  BBox: [L:1830, T:651, R:1985, B:690]
[INFO]  BBox: [L:1361, T:699, R:1434, B:730]
[INFO]  BBox: [L:1447, T:703, R:1592, B:738]
[INFO]  BBox: [L:1605, T:700, R:1615, B:729]
[INFO]  BBox: [L:1629, T:699, R:1722, B:730]
[INFO]  BBox: [L:1735, T:711, R:1825, B:738]
[INFO]  BBox: [L:1837, T:699, R:1956, B:730]
[INFO]  BBox: [L:1968, T:701, R:1980, B:730]
[INFO]  BBox: [L:1993, T:709, R:2057, B:731]
[INFO]  BBox: [L:2069, T:712, R:2139, B:736]
[INFO]  BBox: [L:2153, T:700, R:2198, B:730]
[INFO]  BBox: [L:2206, T:712, R:2266, B:739]
[INFO]  BBox: [L:1311, T:759, R:1391, B:778]
[INFO]  BBox: [L:1408, T:759, R:1450, B:778]
[INFO]  BBox: [L:1465, T:748, R:1651, B:784]
[INFO]  BBox: [L:1668, T:747, R:1773, B:779]
[INFO]  BBox: [L:1789, T:760, R:1850, B:786]
[INFO]  BBox: [L:1866, T:747, R:1957, B:787]
[INFO]  BBox: [L:1973, T:760, R:2050, B:787]
[INFO]  BBox: [L:2065, T:748, R:2175, B:787]
[INFO]  BBox: [L:2190, T:748, R:2266, B:780]
[INFO]  BBox: [L:1311, T:807, R:1355, B:826]
[INFO]  BBox: [L:1368, T:796, R:1550, B:826]
[INFO]  BBox: [L:1564, T:796, R:1651, B:826]
[INFO]  BBox: [L:1664, T:795, R:1833, B:832]
[INFO]  BBox: [L:1848, T:797, R:1927, B:832]
[INFO]  BBox: [L:1942, T:805, R:2000, B:827]
[INFO]  BBox: [L:2013, T:798, R:2092, B:835]
[INFO]  BBox: [L:2107, T:798, R:2158, B:827]
[INFO]  BBox: [L:2171, T:801, R:2234, B:835]
[INFO]  BBox: [L:2248, T:809, R:2265, B:827]
[INFO]  BBox: [L:1311, T:853, R:1426, B:874]
[INFO]  BBox: [L:1442, T:843, R:1477, B:874]
[INFO]  BBox: [L:1490, T:848, R:1567, B:874]
[INFO]  BBox: [L:1584, T:843, R:1716, B:882]
[INFO]  BBox: [L:1733, T:844, R:1803, B:875]
[INFO]  BBox: [L:1819, T:848, R:1884, B:882]
[INFO]  BBox: [L:1900, T:848, R:1924, B:875]
[INFO]  BBox: [L:1941, T:844, R:2119, B:883]
[INFO]  BBox: [L:2134, T:844, R:2264, B:883]
[INFO]  BBox: [L:1311, T:895, R:1473, B:930]
[INFO]  BBox: [L:1492, T:891, R:1646, B:922]
[INFO]  BBox: [L:1666, T:891, R:1762, B:928]
[INFO]  BBox: [L:1784, T:891, R:1927, B:930]
[INFO]  BBox: [L:1947, T:891, R:2062, B:923]
[INFO]  BBox: [L:2085, T:893, R:2131, B:923]
[INFO]  BBox: [L:2151, T:892, R:2188, B:923]
[INFO]  BBox: [L:2205, T:892, R:2266, B:923]
[INFO]  BBox: [L:1311, T:939, R:1432, B:975]
[INFO]  BBox: [L:1446, T:939, R:1519, B:977]
[INFO]  BBox: [L:1531, T:952, R:1592, B:970]
[INFO]  BBox: [L:1605, T:939, R:1693, B:970]
[INFO]  BBox: [L:1705, T:952, R:1765, B:970]
[INFO]  BBox: [L:1777, T:952, R:1869, B:978]
[INFO]  BBox: [L:1884, T:939, R:1938, B:970]
[INFO]  BBox: [L:1950, T:939, R:2058, B:971]
[INFO]  BBox: [L:2081, T:941, R:2265, B:979]
[INFO]  BBox: [L:1750, T:987, R:1808, B:1018]
[INFO]  BBox: [L:1839, T:987, R:1962, B:1018]
[INFO]  BBox: [L:1994, T:987, R:2157, B:1019]
[INFO]  BBox: [L:2188, T:988, R:2265, B:1019]
[INFO]  BBox: [L:1750, T:1035, R:1834, B:1066]
[INFO]  BBox: [L:1867, T:1035, R:2002, B:1066]
[INFO]  BBox: [L:2036, T:1035, R:2197, B:1067]
[INFO]  BBox: [L:2232, T:1040, R:2266, B:1066]
[INFO]  BBox: [L:1750, T:1082, R:1845, B:1114]
[INFO]  BBox: [L:1885, T:1083, R:1993, B:1114]
[INFO]  BBox: [L:2035, T:1083, R:2099, B:1114]
[INFO]  BBox: [L:2139, T:1088, R:2265, B:1122]
[INFO]  BBox: [L:1750, T:1131, R:1872, B:1162]
[INFO]  BBox: [L:1890, T:1132, R:1921, B:1161]
[INFO]  BBox: [L:1937, T:1131, R:1997, B:1162]
[INFO]  BBox: [L:2013, T:1131, R:2115, B:1162]
[INFO]  BBox: [L:2132, T:1144, R:2264, B:1170]
[INFO]  BBox: [L:1750, T:1183, R:1822, B:1210]
[INFO]  BBox: [L:1846, T:1191, R:1900, B:1210]
[INFO]  BBox: [L:1924, T:1184, R:2108, B:1218]
[INFO]  BBox: [L:2132, T:1181, R:2264, B:1216]
[INFO]  BBox: [L:1749, T:1227, R:1970, B:1259]
[INFO]  BBox: [L:1986, T:1227, R:2124, B:1267]
[INFO]  BBox: [L:2139, T:1229, R:2265, B:1259]
[INFO]  BBox: [L:1751, T:1275, R:1815, B:1306]
[INFO]  BBox: [L:1831, T:1277, R:1932, B:1306]
[INFO]  BBox: [L:1950, T:1275, R:2126, B:1307]
[INFO]  BBox: [L:2142, T:1276, R:2266, B:1307]
[INFO]  BBox: [L:1751, T:1323, R:1939, B:1354]
[INFO]  BBox: [L:1965, T:1333, R:2056, B:1355]
[INFO]  BBox: [L:2082, T:1328, R:2160, B:1363]
[INFO]  BBox: [L:2186, T:1324, R:2266, B:1355]
[INFO]  BBox: [L:1750, T:1380, R:1831, B:1410]
[INFO]  BBox: [L:1845, T:1375, R:1877, B:1402]
[INFO]  BBox: [L:1889, T:1371, R:2069, B:1403]
[INFO]  BBox: [L:2079, T:1372, R:2125, B:1403]
[INFO]  BBox: [L:2137, T:1372, R:2190, B:1403]
[INFO]  BBox: [L:2202, T:1372, R:2263, B:1403]
[INFO]  BBox: [L:1801, T:1420, R:1921, B:1458]
[INFO]  BBox: [L:1935, T:1432, R:1952, B:1450]
[INFO]  BBox: [L:1965, T:1419, R:2046, B:1450]
[INFO]  BBox: [L:2060, T:1421, R:2071, B:1450]
[INFO]  BBox: [L:2086, T:1432, R:2147, B:1451]
[INFO]  BBox: [L:2161, T:1420, R:2265, B:1451]
[INFO]  BBox: [L:1750, T:1467, R:1930, B:1506]
[INFO]  BBox: [L:1948, T:1467, R:2088, B:1504]
[INFO]  BBox: [L:2105, T:1468, R:2178, B:1499]
[INFO]  BBox: [L:2192, T:1467, R:2265, B:1499]
[INFO]  BBox: [L:1750, T:1516, R:1832, B:1546]
[INFO]  BBox: [L:1867, T:1517, R:1996, B:1552]
[INFO]  BBox: [L:2033, T:1517, R:2172, B:1552]
[INFO]  BBox: [L:2209, T:1516, R:2265, B:1547]
[INFO]  BBox: [L:1750, T:1563, R:1900, B:1595]
[INFO]  BBox: [L:1912, T:1563, R:2041, B:1603]
[INFO]  BBox: [L:2056, T:1569, R:2265, B:1603]
[INFO]  BBox: [L:1750, T:1621, R:1876, B:1642]
[INFO]  BBox: [L:1889, T:1621, R:1922, B:1642]
[INFO]  BBox: [L:1935, T:1612, R:1979, B:1642]
[INFO]  BBox: [L:1992, T:1624, R:2010, B:1642]
[INFO]  BBox: [L:2022, T:1611, R:2151, B:1648]
[INFO]  BBox: [L:2165, T:1624, R:2182, B:1643]
[INFO]  BBox: [L:2196, T:1612, R:2264, B:1643]
[INFO]  BBox: [L:1750, T:1664, R:1825, B:1698]
[INFO]  BBox: [L:1841, T:1672, R:2000, B:1699]
[INFO]  BBox: [L:2016, T:1660, R:2193, B:1699]
[INFO]  BBox: [L:2209, T:1661, R:2264, B:1691]
[INFO]  BBox: [L:1750, T:1712, R:1832, B:1738]
[INFO]  BBox: [L:1848, T:1707, R:2062, B:1739]
[INFO]  BBox: [L:2079, T:1708, R:2168, B:1746]
[INFO]  BBox: [L:2186, T:1709, R:2232, B:1739]
[INFO]  BBox: [L:2249, T:1720, R:2266, B:1739]
[INFO]  BBox: [L:1750, T:1767, R:1817, B:1794]
[INFO]  BBox: [L:1836, T:1755, R:1873, B:1786]
[INFO]  BBox: [L:1888, T:1755, R:2026, B:1794]
[INFO]  BBox: [L:2045, T:1768, R:2062, B:1786]
[INFO]  BBox: [L:2082, T:1756, R:2137, B:1787]
[INFO]  BBox: [L:2157, T:1765, R:2189, B:1787]
[INFO]  BBox: [L:2209, T:1756, R:2265, B:1787]
[INFO]  BBox: [L:1750, T:1803, R:1852, B:1840]
[INFO]  BBox: [L:1870, T:1803, R:1925, B:1834]
[INFO]  BBox: [L:1941, T:1808, R:2005, B:1842]
[INFO]  BBox: [L:2020, T:1803, R:2177, B:1835]
[INFO]  BBox: [L:2193, T:1805, R:2264, B:1835]
[INFO]  BBox: [L:1750, T:1852, R:1845, B:1882]
[INFO]  BBox: [L:1858, T:1853, R:1912, B:1882]
[INFO]  BBox: [L:1925, T:1851, R:2056, B:1883]
[INFO]  BBox: [L:2068, T:1865, R:2128, B:1883]
[INFO]  BBox: [L:2140, T:1857, R:2266, B:1891]
[INFO]  BBox: [L:1750, T:1899, R:1806, B:1930]
[INFO]  BBox: [L:1823, T:1899, R:1883, B:1930]
[INFO]  BBox: [L:1899, T:1899, R:2032, B:1931]
[INFO]  BBox: [L:2048, T:1912, R:2092, B:1931]
[INFO]  BBox: [L:2108, T:1912, R:2126, B:1931]
[INFO]  BBox: [L:2142, T:1909, R:2264, B:1939]
[INFO]  BBox: [L:1750, T:1959, R:1816, B:1986]
[INFO]  BBox: [L:1828, T:1947, R:2005, B:1979]
[INFO]  BBox: [L:2017, T:1948, R:2053, B:1979]
[INFO]  BBox: [L:2062, T:1947, R:2164, B:1984]
[INFO]  BBox: [L:2178, T:1948, R:2264, B:1979]
[INFO]  BBox: [L:1750, T:2005, R:1809, B:2032]
[INFO]  BBox: [L:1851, T:1995, R:2006, B:2034]
[INFO]  BBox: [L:2048, T:1996, R:2112, B:2027]
[INFO]  BBox: [L:2153, T:1996, R:2265, B:2027]
[INFO]  BBox: [L:1750, T:2043, R:1863, B:2074]
[INFO]  BBox: [L:1879, T:2053, R:1912, B:2074]
[INFO]  BBox: [L:1928, T:2043, R:2117, B:2075]
[INFO]  BBox: [L:2131, T:2044, R:2172, B:2082]
[INFO]  BBox: [L:2187, T:2044, R:2265, B:2075]
[INFO]  BBox: [L:1750, T:2103, R:1879, B:2130]
[INFO]  BBox: [L:1892, T:2091, R:1953, B:2122]
[INFO]  BBox: [L:1965, T:2091, R:2138, B:2130]
[INFO]  BBox: [L:2153, T:2093, R:2179, B:2123]
[INFO]  BBox: [L:2191, T:2091, R:2266, B:2123]
[INFO]  BBox: [L:1750, T:2139, R:1819, B:2170]
[INFO]  BBox: [L:1842, T:2141, R:1879, B:2170]
[INFO]  BBox: [L:1899, T:2139, R:1974, B:2178]
[INFO]  BBox: [L:1995, T:2149, R:2029, B:2171]
[INFO]  BBox: [L:2049, T:2149, R:2124, B:2171]
[INFO]  BBox: [L:2143, T:2140, R:2199, B:2171]
[INFO]  BBox: [L:2219, T:2140, R:2264, B:2171]
[INFO]  BBox: [L:1750, T:2199, R:1839, B:2218]
[INFO]  BBox: [L:1851, T:2187, R:1993, B:2218]
[INFO]  BBox: [L:2006, T:2197, R:2182, B:2219]
[INFO]  BBox: [L:2196, T:2193, R:2265, B:2219]
[INFO]  BBox: [L:1751, T:2248, R:1768, B:2267]
[INFO]  BBox: [L:1780, T:2248, R:1840, B:2267]
[INFO]  BBox: [L:1851, T:2248, R:1995, B:2267]
[INFO]  BBox: [L:2009, T:2237, R:2063, B:2267]
[INFO]  BBox: [L:2075, T:2235, R:2128, B:2268]
[INFO]  BBox: [L:2141, T:2246, R:2263, B:2273]
[INFO]  BBox: [L:1750, T:2284, R:1825, B:2315]
[INFO]  BBox: [L:1838, T:2288, R:1875, B:2315]
[INFO]  BBox: [L:1887, T:2284, R:2026, B:2323]
[INFO]  BBox: [L:2038, T:2289, R:2115, B:2316]
[INFO]  BBox: [L:2127, T:2297, R:2200, B:2316]
[INFO]  BBox: [L:2212, T:2284, R:2265, B:2316]
[INFO]  BBox: [L:1546, T:2333, R:1633, B:2370]
[INFO]  BBox: [L:1645, T:2341, R:1776, B:2363]
[INFO]  BBox: [L:1788, T:2332, R:1873, B:2363]
[INFO]  BBox: [L:1886, T:2332, R:1948, B:2363]
[INFO]  BBox: [L:1961, T:2332, R:2015, B:2363]
[INFO]  BBox: [L:2027, T:2332, R:2180, B:2368]
[INFO]  BBox: [L:2194, T:2332, R:2266, B:2363]
[INFO]  BBox: [L:1546, T:2379, R:1658, B:2418]
[INFO]  BBox: [L:1672, T:2392, R:1690, B:2410]
[INFO]  BBox: [L:1703, T:2379, R:1878, B:2411]
[INFO]  BBox: [L:1891, T:2380, R:1927, B:2411]
[INFO]  BBox: [L:1937, T:2380, R:2156, B:2419]
[INFO]  BBox: [L:2170, T:2380, R:2265, B:2411]
[INFO]  BBox: [L:1547, T:2427, R:1611, B:2458]
[INFO]  BBox: [L:1633, T:2427, R:1752, B:2458]
[INFO]  BBox: [L:1774, T:2427, R:1887, B:2459]
[INFO]  BBox: [L:1912, T:2427, R:2008, B:2464]
[INFO]  BBox: [L:2030, T:2427, R:2179, B:2459]
[INFO]  BBox: [L:2202, T:2428, R:2266, B:2459]
[INFO]  BBox: [L:1546, T:2475, R:1741, B:2514]
[INFO]  BBox: [L:1753, T:2475, R:1909, B:2506]
[INFO]  BBox: [L:1923, T:2475, R:2068, B:2512]
[INFO]  BBox: [L:1596, T:2524, R:1661, B:2554]
[INFO]  BBox: [L:1678, T:2522, R:1767, B:2554]
[INFO]  BBox: [L:1783, T:2523, R:1849, B:2554]
[INFO]  BBox: [L:1864, T:2523, R:1957, B:2554]
[INFO]  BBox: [L:1972, T:2524, R:2045, B:2554]
[INFO]  BBox: [L:2062, T:2524, R:2183, B:2554]
[INFO]  BBox: [L:2200, T:2524, R:2266, B:2554]
[INFO]  BBox: [L:1546, T:2571, R:1670, B:2602]
[INFO]  BBox: [L:1698, T:2571, R:1853, B:2610]
[INFO]  BBox: [L:1883, T:2583, R:1935, B:2602]
[INFO]  BBox: [L:1963, T:2571, R:2079, B:2603]
[INFO]  BBox: [L:2109, T:2576, R:2180, B:2603]
[INFO]  BBox: [L:2209, T:2572, R:2265, B:2603]
[INFO]  BBox: [L:1547, T:2619, R:1735, B:2650]
[INFO]  BBox: [L:1751, T:2624, R:1861, B:2658]
[INFO]  BBox: [L:1877, T:2632, R:1969, B:2658]
[INFO]  BBox: [L:1985, T:2620, R:2044, B:2650]
[INFO]  BBox: [L:2059, T:2620, R:2143, B:2658]
[INFO]  BBox: [L:2161, T:2621, R:2205, B:2651]
[INFO]  BBox: [L:2220, T:2620, R:2267, B:2651]
[INFO]  BBox: [L:1547, T:2666, R:1671, B:2706]
[INFO]  BBox: [L:1685, T:2667, R:1842, B:2706]
[INFO]  BBox: [L:1853, T:2667, R:2036, B:2706]
[INFO]  BBox: [L:2049, T:2672, R:2083, B:2698]
[INFO]  BBox: [L:2095, T:2667, R:2196, B:2704]
[INFO]  BBox: [L:2210, T:2667, R:2266, B:2699]
[INFO]  BBox: [L:1312, T:2715, R:1403, B:2746]
[INFO]  BBox: [L:1416, T:2715, R:1609, B:2754]
[INFO]  BBox: [L:1623, T:2715, R:1671, B:2747]
[INFO]  BBox: [L:1683, T:2720, R:1817, B:2755]
[INFO]  BBox: [L:1830, T:2715, R:1903, B:2747]
[INFO]  BBox: [L:1916, T:2716, R:2065, B:2755]
[INFO]  BBox: [L:2078, T:2728, R:2095, B:2747]
[INFO]  BBox: [L:2109, T:2716, R:2214, B:2747]
[INFO]  BBox: [L:2226, T:2716, R:2265, B:2755]
[INFO]  BBox: [L:1311, T:2763, R:1453, B:2794]
[INFO]  BBox: [L:1469, T:2763, R:1574, B:2794]
[INFO]  BBox: [L:1590, T:2763, R:1722, B:2800]
[INFO]  BBox: [L:1740, T:2764, R:1947, B:2795]
[INFO]  BBox: [L:1962, T:2764, R:1998, B:2795]
[INFO]  BBox: [L:2011, T:2764, R:2054, B:2795]
[INFO]  BBox: [L:2070, T:2764, R:2148, B:2795]
[INFO]  BBox: [L:2164, T:2765, R:2266, B:2795]
[INFO]  BBox: [L:1312, T:2815, R:1346, B:2841]
[INFO]  BBox: [L:1362, T:2812, R:1488, B:2847]
[INFO]  BBox: [L:1505, T:2811, R:1577, B:2842]
[INFO]  BBox: [L:1593, T:2811, R:1660, B:2842]
[INFO]  BBox: [L:1675, T:2811, R:1749, B:2842]
[INFO]  BBox: [L:1765, T:2811, R:1872, B:2842]
[INFO]  BBox: [L:1889, T:2824, R:1957, B:2842]
[INFO]  BBox: [L:1974, T:2812, R:2161, B:2843]
[INFO]  BBox: [L:2176, T:2812, R:2233, B:2843]
[INFO]  BBox: [L:2249, T:2825, R:2266, B:2843]
[INFO]  BBox: [L:1311, T:2863, R:1384, B:2890]
[INFO]  BBox: [L:1401, T:2863, R:1514, B:2890]
[INFO]  BBox: [L:1530, T:2861, R:1670, B:2890]
[INFO]  BBox: [L:1686, T:2861, R:1744, B:2890]
[INFO]  BBox: [L:1761, T:2869, R:1886, B:2890]
[INFO]  BBox: [L:1902, T:2872, R:1987, B:2898]
[INFO]  BBox: [L:2002, T:2860, R:2076, B:2891]
[INFO]  BBox: [L:2094, T:2864, R:2118, B:2891]
[INFO]  BBox: [L:2134, T:2860, R:2209, B:2899]
[INFO]  BBox: [L:2229, T:2860, R:2264, B:2891]
[INFO]  BBox: [L:1312, T:2907, R:1401, B:2938]
[INFO]  BBox: [L:1414, T:2919, R:1499, B:2946]
[INFO]  BBox: [L:1512, T:2911, R:1546, B:2938]
[INFO]  BBox: [L:1557, T:2907, R:1717, B:2946]
[INFO]  BBox: [L:1732, T:2908, R:1850, B:2946]
[INFO]  BBox: [L:1863, T:2908, R:1898, B:2938]
[INFO]  BBox: [L:1908, T:2908, R:1962, B:2939]
[INFO]  BBox: [L:1976, T:2908, R:2149, B:2946]
[INFO]  BBox: [L:2162, T:2908, R:2265, B:2939]
[INFO]  BBox: [L:1311, T:2956, R:1528, B:2993]
[INFO]  BBox: [L:1542, T:2954, R:1619, B:2986]
[INFO]  BBox: [L:1633, T:2955, R:1798, B:2994]
[INFO]  BBox: [L:1814, T:2955, R:1890, B:2986]
[INFO]  BBox: [L:1904, T:2955, R:2034, B:2994]
[INFO]  BBox: [L:2049, T:2955, R:2138, B:2987]
[INFO]  BBox: [L:2153, T:2968, R:2204, B:2987]
[INFO]  BBox: [L:2218, T:2968, R:2265, B:2987]
[INFO]  BBox: [L:1312, T:3003, R:1458, B:3034]
[INFO]  BBox: [L:1473, T:3003, R:1514, B:3042]
[INFO]  BBox: [L:1530, T:3004, R:1666, B:3034]
[INFO]  BBox: [L:1682, T:3008, R:1906, B:3040]
[INFO]  BBox: [L:1924, T:3003, R:2097, B:3043]
[INFO]  BBox: [L:2114, T:3014, R:2148, B:3035]
[INFO]  BBox: [L:2164, T:3005, R:2265, B:3035]
[INFO]  BBox: [L:1312, T:3055, R:1383, B:3082]
[INFO]  BBox: [L:1400, T:3051, R:1539, B:3087]
[INFO]  BBox: [L:1559, T:3064, R:1592, B:3082]
[INFO]  BBox: [L:1609, T:3051, R:1682, B:3082]
[INFO]  BBox: [L:1701, T:3064, R:1733, B:3082]
[INFO]  BBox: [L:1752, T:3051, R:1808, B:3082]
[INFO]  BBox: [L:1826, T:3056, R:1995, B:3083]
[INFO]  BBox: [L:2013, T:3052, R:2125, B:3083]
[INFO]  BBox: [L:2144, T:3052, R:2265, B:3091]
[INFO]  BBox: [L:1311, T:3099, R:1432, B:3130]
[INFO]  BBox: [L:1448, T:3099, R:1525, B:3130]
[INFO]  BBox: [L:1541, T:3111, R:1680, B:3138]
[INFO]  BBox: [L:1696, T:3099, R:1830, B:3131]
[INFO]  BBox: [L:1846, T:3100, R:1882, B:3131]
[INFO]  BBox: [L:1894, T:3104, R:2014, B:3139]
[INFO]  BBox: [L:2032, T:3105, R:2188, B:3139]
[INFO]  BBox: [L:2204, T:3100, R:2267, B:3131]
[INFO]  At level 3: pix diff = 2081
[INFO]  BBox: [L:76, T:4, R:144, B:15]
[INFO]  BBox: [L:219, T:3180, R:238, B:3189]
[INFO]  BBox: [L:251, T:3175, R:254, B:3176]
[INFO]  BBox: [L:258, T:3175, R:277, B:3191]
[INFO]  BBox: [L:1115, T:368, R:1439, B:376]
[INFO]  BBox: [L:1111, T:387, R:1130, B:424]
[INFO]  BBox: [L:1160, T:404, R:1175, B:424]
[INFO]  BBox: [L:1205, T:399, R:1218, B:424]
[INFO]  BBox: [L:1249, T:404, R:1262, B:424]
[INFO]  BBox: [L:1294, T:388, R:1301, B:424]
[INFO]  BBox: [L:1332, T:397, R:1339, B:424]
[INFO]  BBox: [L:1371, T:404, R:1390, B:424]
[INFO]  BBox: [L:1420, T:405, R:1434, B:424]
[INFO]  BBox: [L:282, T:602, R:289, B:613]
[INFO]  BBox: [L:290, T:602, R:296, B:613]
[INFO]  BBox: [L:298, T:602, R:326, B:631]
[INFO]  BBox: [L:327, T:600, R:349, B:631]
[INFO]  BBox: [L:352, T:605, R:361, B:631]
[INFO]  BBox: [L:364, T:613, R:376, B:631]
[INFO]  BBox: [L:392, T:605, R:401, B:631]
[INFO]  BBox: [L:403, T:613, R:416, B:631]
[INFO]  BBox: [L:430, T:601, R:461, B:632]
[INFO]  BBox: [L:463, T:613, R:477, B:631]
[INFO]  BBox: [L:478, T:613, R:495, B:632]
[INFO]  BBox: [L:498, T:613, R:515, B:632]
[INFO]  BBox: [L:517, T:610, R:530, B:632]
[INFO]  BBox: [L:532, T:613, R:549, B:632]
[INFO]  BBox: [L:551, T:613, R:564, B:631]
[INFO]  BBox: [L:579, T:602, R:599, B:632]
[INFO]  BBox: [L:602, T:613, R:619, B:632]
[INFO]  BBox: [L:621, T:613, R:635, B:631]
[INFO]  BBox: [L:636, T:601, R:655, B:632]
[INFO]  BBox: [L:658, T:605, R:668, B:631]
[INFO]  BBox: [L:670, T:614, R:688, B:632]
[INFO]  BBox: [L:691, T:626, R:697, B:637]
[INFO]  BBox: [L:702, T:602, R:708, B:614]
[INFO]  BBox: [L:709, T:602, R:715, B:614]
[INFO]  BBox: [L:730, T:614, R:748, B:640]
[INFO]  BBox: [L:750, T:614, R:766, B:632]
[INFO]  BBox: [L:769, T:611, R:782, B:632]
[INFO]  BBox: [L:797, T:611, R:810, B:632]
[INFO]  BBox: [L:810, T:601, R:833, B:632]
[INFO]  BBox: [L:835, T:614, R:852, B:632]
[INFO]  BBox: [L:853, T:614, R:871, B:640]
[INFO]  BBox: [L:886, T:601, R:906, B:632]
[INFO]  BBox: [L:908, T:606, R:918, B:632]
[INFO]  BBox: [L:919, T:601, R:940, B:632]
[INFO]  BBox: [L:941, T:614, R:963, B:632]
[INFO]  BBox: [L:966, T:603, R:972, B:614]
[INFO]  BBox: [L:975, T:611, R:988, B:633]
[INFO]  BBox: [L:1003, T:611, R:1015, B:633]
[INFO]  BBox: [L:1017, T:614, R:1035, B:633]
[INFO]  BBox: [L:1036, T:601, R:1057, B:632]
[INFO]  BBox: [L:1058, T:614, R:1075, B:633]
[INFO]  BBox: [L:1090, T:611, R:1103, B:633]
[INFO]  BBox: [L:1104, T:601, R:1127, B:632]
[INFO]  BBox: [L:1129, T:614, R:1146, B:633]
[INFO]  BBox: [L:1160, T:615, R:1178, B:633]
[INFO]  BBox: [L:1181, T:606, R:1190, B:633]
[INFO]  BBox: [L:1192, T:612, R:1205, B:633]
[INFO]  BBox: [L:1206, T:615, R:1224, B:641]
[INFO]  BBox: [L:1228, T:628, R:1233, B:632]
[INFO]  BBox: [L:282, T:650, R:313, B:680]
[INFO]  BBox: [L:315, T:661, R:337, B:679]
[INFO]  BBox: [L:358, T:661, R:372, B:679]
[INFO]  BBox: [L:374, T:661, R:390, B:680]
[INFO]  BBox: [L:394, T:658, R:406, B:680]
[INFO]  BBox: [L:409, T:662, R:429, B:680]
[INFO]  BBox: [L:431, T:661, R:444, B:679]
[INFO]  BBox: [L:446, T:661, R:469, B:679]
[INFO]  BBox: [L:472, T:653, R:481, B:679]
[INFO]  BBox: [L:483, T:661, R:506, B:679]
[INFO]  BBox: [L:508, T:661, R:526, B:688]
[INFO]  BBox: [L:547, T:659, R:559, B:680]
[INFO]  BBox: [L:562, T:661, R:581, B:680]
[INFO]  BBox: [L:603, T:658, R:616, B:680]
[INFO]  BBox: [L:617, T:649, R:640, B:680]
[INFO]  BBox: [L:642, T:662, R:659, B:680]
[INFO]  BBox: [L:681, T:662, R:694, B:680]
[INFO]  BBox: [L:696, T:662, R:712, B:680]
[INFO]  BBox: [L:715, T:661, R:733, B:688]
[INFO]  BBox: [L:737, T:654, R:746, B:680]
[INFO]  BBox: [L:748, T:662, R:768, B:680]
[INFO]  BBox: [L:770, T:662, R:793, B:680]
[INFO]  BBox: [L:815, T:654, R:824, B:680]
[INFO]  BBox: [L:826, T:662, R:849, B:680]
[INFO]  BBox: [L:870, T:651, R:904, B:680]
[INFO]  BBox: [L:908, T:662, R:925, B:680]
[INFO]  BBox: [L:928, T:662, R:941, B:680]
[INFO]  BBox: [L:943, T:662, R:960, B:681]
[INFO]  BBox: [L:962, T:649, R:985, B:680]
[INFO]  BBox: [L:1006, T:651, R:1018, B:680]
[INFO]  BBox: [L:1039, T:663, R:1059, B:681]
[INFO]  BBox: [L:1063, T:654, R:1072, B:681]
[INFO]  BBox: [L:1075, T:662, R:1087, B:681]
[INFO]  BBox: [L:1091, T:654, R:1101, B:681]
[INFO]  BBox: [L:1104, T:659, R:1117, B:681]
[INFO]  BBox: [L:1119, T:662, R:1135, B:681]
[INFO]  BBox: [L:1138, T:650, R:1158, B:681]
[INFO]  BBox: [L:1180, T:660, R:1192, B:681]
[INFO]  BBox: [L:1194, T:650, R:1216, B:681]
[INFO]  BBox: [L:1219, T:663, R:1236, B:681]
[INFO]  BBox: [L:283, T:698, R:311, B:727]
[INFO]  BBox: [L:312, T:710, R:332, B:727]
[INFO]  BBox: [L:334, T:696, R:353, B:727]
[INFO]  BBox: [L:355, T:709, R:369, B:727]
[INFO]  BBox: [L:370, T:709, R:390, B:727]
[INFO]  BBox: [L:391, T:709, R:411, B:727]
[INFO]  BBox: [L:413, T:709, R:435, B:727]
[INFO]  BBox: [L:438, T:701, R:447, B:727]
[INFO]  BBox: [L:449, T:696, R:470, B:727]
[INFO]  BBox: [L:483, T:698, R:494, B:727]
[INFO]  BBox: [L:507, T:697, R:529, B:727]
[INFO]  BBox: [L:532, T:709, R:549, B:728]
[INFO]  BBox: [L:550, T:697, R:570, B:728]
[INFO]  BBox: [L:583, T:697, R:606, B:727]
[INFO]  BBox: [L:607, T:709, R:624, B:728]
[INFO]  BBox: [L:627, T:709, R:644, B:728]
[INFO]  BBox: [L:646, T:709, R:660, B:727]
[INFO]  BBox: [L:660, T:697, R:680, B:728]
[INFO]  BBox: [L:693, T:697, R:712, B:728]
[INFO]  BBox: [L:714, T:710, R:734, B:728]
[INFO]  BBox: [L:736, T:706, R:749, B:728]
[INFO]  BBox: [L:761, T:709, R:784, B:728]
[INFO]  BBox: [L:786, T:710, R:802, B:728]
[INFO]  BBox: [L:805, T:710, R:824, B:728]
[INFO]  BBox: [L:826, T:710, R:843, B:728]
[INFO]  BBox: [L:845, T:709, R:859, B:728]
[INFO]  BBox: [L:871, T:710, R:883, B:728]
[INFO]  BBox: [L:886, T:710, R:903, B:728]
[INFO]  BBox: [L:905, T:710, R:922, B:728]
[INFO]  BBox: [L:924, T:710, R:946, B:728]
[INFO]  BBox: [L:949, T:723, R:955, B:727]
[INFO]  BBox: [L:331, T:746, R:363, B:776]
[INFO]  BBox: [L:365, T:757, R:377, B:776]
[INFO]  BBox: [L:394, T:746, R:405, B:776]
[INFO]  BBox: [L:422, T:745, R:442, B:776]
[INFO]  BBox: [L:444, T:757, R:457, B:776]
[INFO]  BBox: [L:459, T:758, R:478, B:776]
[INFO]  BBox: [L:480, T:758, R:500, B:776]
[INFO]  BBox: [L:502, T:758, R:519, B:776]
[INFO]  BBox: [L:535, T:758, R:553, B:776]
[INFO]  BBox: [L:556, T:745, R:565, B:776]
[INFO]  BBox: [L:567, T:758, R:587, B:776]
[INFO]  BBox: [L:589, T:758, R:611, B:776]
[INFO]  BBox: [L:613, T:757, R:630, B:784]
[INFO]  BBox: [L:646, T:755, R:659, B:777]
[INFO]  BBox: [L:660, T:745, R:683, B:776]
[INFO]  BBox: [L:685, T:758, R:702, B:777]
[INFO]  BBox: [L:718, T:747, R:747, B:776]
[INFO]  BBox: [L:749, T:758, R:766, B:777]
[INFO]  BBox: [L:769, T:745, R:779, B:776]
[INFO]  BBox: [L:781, T:758, R:812, B:776]
[INFO]  BBox: [L:814, T:758, R:832, B:777]
[INFO]  BBox: [L:834, T:755, R:847, B:777]
[INFO]  BBox: [L:849, T:750, R:859, B:777]
[INFO]  BBox: [L:861, T:758, R:879, B:777]
[INFO]  BBox: [L:880, T:758, R:903, B:777]
[INFO]  BBox: [L:918, T:758, R:936, B:777]
[INFO]  BBox: [L:938, T:758, R:957, B:777]
[INFO]  BBox: [L:960, T:758, R:977, B:777]
[INFO]  BBox: [L:979, T:758, R:992, B:777]
[INFO]  BBox: [L:994, T:755, R:1007, B:777]
[INFO]  BBox: [L:1022, T:758, R:1042, B:785]
[INFO]  BBox: [L:1045, T:759, R:1062, B:778]
[INFO]  BBox: [L:1064, T:759, R:1077, B:778]
[INFO]  BBox: [L:1079, T:756, R:1092, B:778]
[INFO]  BBox: [L:1107, T:758, R:1125, B:785]
[INFO]  BBox: [L:1126, T:759, R:1149, B:777]
[INFO]  BBox: [L:1151, T:759, R:1169, B:778]
[INFO]  BBox: [L:1170, T:759, R:1184, B:777]
[INFO]  BBox: [L:1186, T:746, R:1196, B:777]
[INFO]  BBox: [L:1198, T:759, R:1215, B:778]
[INFO]  BBox: [L:1217, T:746, R:1237, B:778]
[INFO]  BBox: [L:282, T:806, R:301, B:824]
[INFO]  BBox: [L:303, T:793, R:313, B:823]
[INFO]  BBox: [L:315, T:797, R:325, B:824]
[INFO]  BBox: [L:326, T:806, R:345, B:824]
[INFO]  BBox: [L:347, T:806, R:363, B:824]
[INFO]  BBox: [L:376, T:803, R:389, B:824]
[INFO]  BBox: [L:390, T:805, R:403, B:824]
[INFO]  BBox: [L:403, T:806, R:420, B:824]
[INFO]  BBox: [L:422, T:806, R:439, B:824]
[INFO]  BBox: [L:440, T:806, R:453, B:824]
[INFO]  BBox: [L:465, T:806, R:483, B:824]
[INFO]  BBox: [L:483, T:806, R:506, B:824]
[INFO]  BBox: [L:506, T:793, R:526, B:824]
[INFO]  BBox: [L:538, T:793, R:557, B:824]
[INFO]  BBox: [L:559, T:793, R:570, B:824]
[INFO]  BBox: [L:571, T:806, R:588, B:824]
[INFO]  BBox: [L:589, T:806, R:606, B:824]
[INFO]  BBox: [L:607, T:793, R:627, B:824]
[INFO]  BBox: [L:629, T:812, R:640, B:818]
[INFO]  BBox: [L:642, T:806, R:655, B:824]
[INFO]  BBox: [L:656, T:806, R:675, B:824]
[INFO]  BBox: [L:676, T:793, R:696, B:825]
[INFO]  BBox: [L:697, T:806, R:714, B:825]
[INFO]  BBox: [L:715, T:793, R:735, B:825]
[INFO]  BBox: [L:746, T:806, R:766, B:832]
[INFO]  BBox: [L:768, T:806, R:784, B:825]
[INFO]  BBox: [L:786, T:806, R:804, B:825]
[INFO]  BBox: [L:805, T:806, R:817, B:825]
[INFO]  BBox: [L:819, T:806, R:860, B:825]
[INFO]  BBox: [L:861, T:803, R:873, B:825]
[INFO]  BBox: [L:885, T:807, R:911, B:825]
[INFO]  BBox: [L:912, T:806, R:932, B:825]
[INFO]  BBox: [L:933, T:806, R:964, B:825]
[INFO]  BBox: [L:964, T:806, R:981, B:825]
[INFO]  BBox: [L:982, T:806, R:1005, B:825]
[INFO]  BBox: [L:1017, T:803, R:1030, B:825]
[INFO]  BBox: [L:1030, T:807, R:1047, B:825]
[INFO]  BBox: [L:1048, T:807, R:1071, B:825]
[INFO]  BBox: [L:1071, T:794, R:1092, B:825]
[INFO]  BBox: [L:1093, T:799, R:1103, B:825]
[INFO]  BBox: [L:1104, T:807, R:1126, B:825]
[INFO]  BBox: [L:1126, T:806, R:1144, B:833]
[INFO]  BBox: [L:1156, T:804, R:1169, B:826]
[INFO]  BBox: [L:1169, T:794, R:1192, B:825]
[INFO]  BBox: [L:1193, T:807, R:1210, B:826]
[INFO]  BBox: [L:1212, T:799, R:1221, B:825]
[INFO]  BBox: [L:1222, T:807, R:1236, B:825]
[INFO]  BBox: [L:282, T:853, R:300, B:880]
[INFO]  BBox: [L:302, T:854, R:319, B:872]
[INFO]  BBox: [L:321, T:853, R:334, B:872]
[INFO]  BBox: [L:336, T:841, R:356, B:872]
[INFO]  BBox: [L:357, T:854, R:374, B:872]
[INFO]  BBox: [L:376, T:853, R:399, B:872]
[INFO]  BBox: [L:400, T:854, R:412, B:872]
[INFO]  BBox: [L:416, T:866, R:423, B:877]
[INFO]  BBox: [L:438, T:851, R:450, B:872]
[INFO]  BBox: [L:451, T:841, R:474, B:872]
[INFO]  BBox: [L:476, T:854, R:493, B:872]
[INFO]  BBox: [L:506, T:854, R:523, B:872]
[INFO]  BBox: [L:526, T:846, R:535, B:872]
[INFO]  BBox: [L:538, T:851, R:551, B:872]
[INFO]  BBox: [L:552, T:854, R:570, B:880]
[INFO]  BBox: [L:583, T:854, R:595, B:872]
[INFO]  BBox: [L:597, T:855, R:617, B:872]
[INFO]  BBox: [L:618, T:841, R:639, B:872]
[INFO]  BBox: [L:640, T:841, R:660, B:872]
[INFO]  BBox: [L:662, T:854, R:678, B:872]
[INFO]  BBox: [L:681, T:854, R:703, B:872]
[INFO]  BBox: [L:705, T:841, R:715, B:872]
[INFO]  BBox: [L:717, T:855, R:735, B:880]
[INFO]  BBox: [L:748, T:854, R:765, B:873]
[INFO]  BBox: [L:766, T:854, R:786, B:881]
[INFO]  BBox: [L:788, T:854, R:808, B:881]
[INFO]  BBox: [L:810, T:854, R:827, B:873]
[INFO]  BBox: [L:830, T:854, R:847, B:873]
[INFO]  BBox: [L:849, T:854, R:862, B:872]
[INFO]  BBox: [L:864, T:854, R:880, B:873]
[INFO]  BBox: [L:882, T:842, R:903, B:873]
[INFO]  BBox: [L:916, T:846, R:926, B:872]
[INFO]  BBox: [L:927, T:854, R:950, B:873]
[INFO]  BBox: [L:963, T:854, R:980, B:873]
[INFO]  BBox: [L:982, T:842, R:993, B:873]
[INFO]  BBox: [L:995, T:842, R:1005, B:873]
[INFO]  BBox: [L:1019, T:847, R:1029, B:873]
[INFO]  BBox: [L:1031, T:852, R:1044, B:873]
[INFO]  BBox: [L:1045, T:855, R:1058, B:873]
[INFO]  BBox: [L:1071, T:855, R:1083, B:873]
[INFO]  BBox: [L:1086, T:855, R:1105, B:873]
[INFO]  BBox: [L:1108, T:842, R:1118, B:873]
[INFO]  BBox: [L:1120, T:847, R:1130, B:873]
[INFO]  BBox: [L:1132, T:842, R:1152, B:874]
[INFO]  BBox: [L:1153, T:855, R:1176, B:873]
[INFO]  BBox: [L:1177, T:855, R:1194, B:874]
[INFO]  BBox: [L:1197, T:855, R:1209, B:874]
[INFO]  BBox: [L:1211, T:855, R:1224, B:874]
[INFO]  BBox: [L:1227, T:868, R:1234, B:879]
[INFO]  BBox: [L:282, T:889, R:296, B:919]
[INFO]  BBox: [L:295, T:901, R:315, B:920]
[INFO]  BBox: [L:316, T:901, R:330, B:919]
[INFO]  BBox: [L:332, T:898, R:345, B:920]
[INFO]  BBox: [L:347, T:901, R:360, B:920]
[INFO]  BBox: [L:362, T:901, R:379, B:920]
[INFO]  BBox: [L:382, T:901, R:394, B:920]
[INFO]  BBox: [L:396, T:901, R:409, B:920]
[INFO]  BBox: [L:425, T:902, R:452, B:920]
[INFO]  BBox: [L:454, T:901, R:472, B:920]
[INFO]  BBox: [L:475, T:889, R:485, B:920]
[INFO]  BBox: [L:487, T:889, R:498, B:920]
[INFO]  BBox: [L:500, T:901, R:512, B:920]
[INFO]  BBox: [L:529, T:902, R:541, B:920]
[INFO]  BBox: [L:543, T:901, R:564, B:928]
[INFO]  BBox: [L:565, T:902, R:585, B:920]
[INFO]  BBox: [L:588, T:902, R:605, B:920]
[INFO]  BBox: [L:608, T:899, R:621, B:920]
[INFO]  BBox: [L:623, T:899, R:636, B:920]
[INFO]  BBox: [L:639, T:894, R:648, B:920]
[INFO]  BBox: [L:650, T:902, R:672, B:920]
[INFO]  BBox: [L:674, T:901, R:692, B:928]
[INFO]  BBox: [L:708, T:902, R:726, B:920]
[INFO]  BBox: [L:728, T:899, R:741, B:920]
[INFO]  BBox: [L:757, T:899, R:770, B:921]
[INFO]  BBox: [L:772, T:889, R:794, B:920]
[INFO]  BBox: [L:796, T:902, R:813, B:921]
[INFO]  BBox: [L:829, T:890, R:844, B:920]
[INFO]  BBox: [L:843, T:902, R:862, B:921]
[INFO]  BBox: [L:864, T:902, R:883, B:921]
[INFO]  BBox: [L:886, T:899, R:899, B:921]
[INFO]  BBox: [L:915, T:902, R:934, B:921]
[INFO]  BBox: [L:936, T:890, R:951, B:920]
[INFO]  BBox: [L:964, T:902, R:976, B:921]
[INFO]  BBox: [L:979, T:899, R:992, B:921]
[INFO]  BBox: [L:994, T:902, R:1011, B:932]
[INFO]  BBox: [L:1013, T:902, R:1030, B:921]
[INFO]  BBox: [L:1032, T:902, R:1052, B:929]
[INFO]  BBox: [L:1068, T:903, R:1086, B:921]
[INFO]  BBox: [L:1089, T:890, R:1099, B:921]
[INFO]  BBox: [L:1102, T:894, R:1111, B:921]
[INFO]  BBox: [L:1113, T:890, R:1141, B:921]
[INFO]  BBox: [L:1139, T:903, R:1152, B:921]
[INFO]  BBox: [L:1156, T:916, R:1162, B:927]
[INFO]  BBox: [L:1180, T:900, R:1193, B:922]
[INFO]  BBox: [L:1195, T:890, R:1217, B:921]
[INFO]  BBox: [L:1219, T:903, R:1236, B:922]
[INFO]  BBox: [L:282, T:938, R:313, B:967]
[INFO]  BBox: [L:315, T:937, R:335, B:968]
[INFO]  BBox: [L:337, T:949, R:351, B:967]
[INFO]  BBox: [L:354, T:941, R:363, B:967]
[INFO]  BBox: [L:366, T:949, R:383, B:967]
[INFO]  BBox: [L:386, T:947, R:399, B:968]
[INFO]  BBox: [L:402, T:941, R:411, B:967]
[INFO]  BBox: [L:414, T:950, R:431, B:968]
[INFO]  BBox: [L:447, T:938, R:468, B:968]
[INFO]  BBox: [L:472, T:950, R:488, B:968]
[INFO]  BBox: [L:492, T:950, R:509, B:968]
[INFO]  BBox: [L:525, T:950, R:538, B:968]
[INFO]  BBox: [L:540, T:950, R:559, B:976]
[INFO]  BBox: [L:563, T:950, R:580, B:968]
[INFO]  BBox: [L:582, T:950, R:596, B:967]
[INFO]  BBox: [L:597, T:937, R:618, B:968]
[INFO]  BBox: [L:620, T:937, R:630, B:968]
[INFO]  BBox: [L:634, T:942, R:643, B:968]
[INFO]  BBox: [L:645, T:950, R:668, B:968]
[INFO]  BBox: [L:669, T:949, R:687, B:976]
[INFO]  BBox: [L:703, T:937, R:723, B:968]
[INFO]  BBox: [L:725, T:950, R:742, B:968]
[INFO]  BBox: [L:745, T:937, R:756, B:968]
[INFO]  BBox: [L:758, T:950, R:777, B:968]
[INFO]  BBox: [L:779, T:951, R:806, B:968]
[INFO]  BBox: [L:810, T:963, R:816, B:967]
[INFO]  BBox: [L:835, T:939, R:863, B:968]
[INFO]  BBox: [L:865, T:951, R:885, B:968]
[INFO]  BBox: [L:887, T:937, R:906, B:968]
[INFO]  BBox: [L:909, T:950, R:922, B:968]
[INFO]  BBox: [L:924, T:950, R:943, B:968]
[INFO]  BBox: [L:946, T:951, R:966, B:968]
[INFO]  BBox: [L:967, T:950, R:990, B:968]
[INFO]  BBox: [L:993, T:942, R:1003, B:968]
[INFO]  BBox: [L:1005, T:938, R:1025, B:968]
[INFO]  BBox: [L:1040, T:938, R:1063, B:969]
[INFO]  BBox: [L:1065, T:951, R:1083, B:969]
[INFO]  BBox: [L:1086, T:951, R:1098, B:969]
[INFO]  BBox: [L:1114, T:951, R:1141, B:969]
[INFO]  BBox: [L:1143, T:951, R:1160, B:969]
[INFO]  BBox: [L:1163, T:951, R:1180, B:969]
[INFO]  BBox: [L:1183, T:948, R:1196, B:969]
[INFO]  BBox: [L:1198, T:938, R:1220, B:969]
[INFO]  BBox: [L:1224, T:957, R:1234, B:962]
[INFO]  BBox: [L:282, T:997, R:299, B:1015]
[INFO]  BBox: [L:301, T:997, R:315, B:1015]
[INFO]  BBox: [L:316, T:997, R:333, B:1015]
[INFO]  BBox: [L:335, T:984, R:355, B:1015]
[INFO]  BBox: [L:370, T:994, R:382, B:1015]
[INFO]  BBox: [L:385, T:989, R:394, B:1015]
[INFO]  BBox: [L:396, T:997, R:427, B:1015]
[INFO]  BBox: [L:429, T:997, R:446, B:1016]
[INFO]  BBox: [L:461, T:997, R:478, B:1015]
[INFO]  BBox: [L:480, T:997, R:502, B:1015]
[INFO]  BBox: [L:504, T:985, R:523, B:1016]
[INFO]  BBox: [L:537, T:998, R:564, B:1016]
[INFO]  BBox: [L:566, T:997, R:583, B:1016]
[INFO]  BBox: [L:585, T:997, R:599, B:1015]
[INFO]  BBox: [L:612, T:985, R:627, B:1015]
[INFO]  BBox: [L:625, T:997, R:644, B:1016]
[INFO]  BBox: [L:646, T:997, R:660, B:1015]
[INFO]  BBox: [L:673, T:998, R:686, B:1016]
[INFO]  BBox: [L:688, T:998, R:707, B:1016]
[INFO]  BBox: [L:722, T:985, R:732, B:1016]
[INFO]  BBox: [L:734, T:998, R:754, B:1016]
[INFO]  BBox: [L:756, T:998, R:778, B:1016]
[INFO]  BBox: [L:779, T:997, R:797, B:1024]
[INFO]  BBox: [L:283, T:1042, R:295, B:1063]
[INFO]  BBox: [L:297, T:1032, R:320, B:1063]
[INFO]  BBox: [L:322, T:1045, R:340, B:1063]
[INFO]  BBox: [L:343, T:1042, R:355, B:1063]
[INFO]  BBox: [L:371, T:1032, R:394, B:1063]
[INFO]  BBox: [L:397, T:1037, R:406, B:1063]
[INFO]  BBox: [L:409, T:1045, R:421, B:1063]
[INFO]  BBox: [L:425, T:1042, R:438, B:1063]
[INFO]  BBox: [L:440, T:1045, R:459, B:1063]
[INFO]  BBox: [L:462, T:1045, R:475, B:1063]
[INFO]  BBox: [L:479, T:1037, R:488, B:1063]
[INFO]  BBox: [L:491, T:1045, R:508, B:1063]
[INFO]  BBox: [L:510, T:1045, R:533, B:1063]
[INFO]  BBox: [L:535, T:1045, R:547, B:1063]
[INFO]  BBox: [L:564, T:1045, R:578, B:1063]
[INFO]  BBox: [L:580, T:1045, R:597, B:1064]
[INFO]  BBox: [L:600, T:1045, R:631, B:1063]
[INFO]  BBox: [L:634, T:1045, R:651, B:1064]
[INFO]  BBox: [L:654, T:1037, R:664, B:1063]
[INFO]  BBox: [L:666, T:1045, R:689, B:1063]
[INFO]  BBox: [L:706, T:1037, R:715, B:1063]
[INFO]  BBox: [L:718, T:1044, R:736, B:1072]
[INFO]  BBox: [L:738, T:1045, R:760, B:1063]
[INFO]  BBox: [L:762, T:1045, R:782, B:1064]
[INFO]  BBox: [L:786, T:1051, R:796, B:1057]
[INFO]  BBox: [L:282, T:1092, R:295, B:1111]
[INFO]  BBox: [L:298, T:1093, R:315, B:1111]
[INFO]  BBox: [L:318, T:1092, R:340, B:1111]
[INFO]  BBox: [L:343, T:1090, R:355, B:1111]
[INFO]  BBox: [L:373, T:1093, R:393, B:1111]
[INFO]  BBox: [L:394, T:1080, R:409, B:1111]
[INFO]  BBox: [L:425, T:1085, R:434, B:1111]
[INFO]  BBox: [L:437, T:1090, R:450, B:1111]
[INFO]  BBox: [L:453, T:1093, R:465, B:1111]
[INFO]  BBox: [L:483, T:1093, R:503, B:1111]
[INFO]  BBox: [L:505, T:1093, R:519, B:1111]
[INFO]  BBox: [L:522, T:1085, R:531, B:1111]
[INFO]  BBox: [L:534, T:1092, R:552, B:1119]
[INFO]  BBox: [L:555, T:1085, R:564, B:1111]
[INFO]  BBox: [L:566, T:1093, R:589, B:1111]
[INFO]  BBox: [L:591, T:1093, R:604, B:1112]
[INFO]  BBox: [L:608, T:1106, R:614, B:1111]
[INFO]  BBox: [L:633, T:1082, R:661, B:1111]
[INFO]  BBox: [L:663, T:1080, R:685, B:1111]
[INFO]  BBox: [L:687, T:1093, R:704, B:1112]
[INFO]  BBox: [L:707, T:1094, R:724, B:1119]
[INFO]  BBox: [L:742, T:1081, R:762, B:1112]
[INFO]  BBox: [L:765, T:1093, R:781, B:1112]
[INFO]  BBox: [L:786, T:1099, R:796, B:1105]
[INFO]  BBox: [L:283, T:1128, R:293, B:1158]
[INFO]  BBox: [L:295, T:1132, R:304, B:1158]
[INFO]  BBox: [L:306, T:1141, R:322, B:1159]
[INFO]  BBox: [L:324, T:1141, R:344, B:1159]
[INFO]  BBox: [L:345, T:1141, R:362, B:1159]
[INFO]  BBox: [L:376, T:1133, R:385, B:1159]
[INFO]  BBox: [L:387, T:1138, R:400, B:1159]
[INFO]  BBox: [L:412, T:1141, R:442, B:1159]
[INFO]  BBox: [L:444, T:1141, R:462, B:1159]
[INFO]  BBox: [L:462, T:1141, R:480, B:1167]
[INFO]  BBox: [L:492, T:1128, R:514, B:1159]
[INFO]  BBox: [L:516, T:1141, R:533, B:1159]
[INFO]  BBox: [L:534, T:1142, R:554, B:1159]
[INFO]  BBox: [L:555, T:1141, R:572, B:1159]
[INFO]  BBox: [L:584, T:1141, R:602, B:1167]
[INFO]  BBox: [L:603, T:1141, R:616, B:1159]
[INFO]  BBox: [L:617, T:1141, R:636, B:1159]
[INFO]  BBox: [L:637, T:1142, R:664, B:1159]
[INFO]  BBox: [L:665, T:1141, R:688, B:1159]
[INFO]  BBox: [L:700, T:1141, R:719, B:1160]
[INFO]  BBox: [L:720, T:1142, R:740, B:1160]
[INFO]  BBox: [L:742, T:1138, R:754, B:1160]
[INFO]  BBox: [L:766, T:1141, R:786, B:1160]
[INFO]  BBox: [L:786, T:1129, R:801, B:1159]
[INFO]  BBox: [L:283, T:1186, R:295, B:1207]
[INFO]  BBox: [L:296, T:1176, R:319, B:1207]
[INFO]  BBox: [L:321, T:1189, R:337, B:1207]
[INFO]  BBox: [L:350, T:1177, R:380, B:1207]
[INFO]  BBox: [L:382, T:1188, R:396, B:1207]
[INFO]  BBox: [L:397, T:1189, R:414, B:1207]
[INFO]  BBox: [L:416, T:1189, R:433, B:1207]
[INFO]  BBox: [L:435, T:1189, R:454, B:1207]
[INFO]  BBox: [L:457, T:1195, R:468, B:1200]
[INFO]  BBox: [L:471, T:1178, R:498, B:1207]
[INFO]  BBox: [L:499, T:1189, R:518, B:1207]
[INFO]  BBox: [L:520, T:1189, R:551, B:1207]
[INFO]  BBox: [L:553, T:1189, R:571, B:1207]
[INFO]  BBox: [L:572, T:1189, R:594, B:1207]
[INFO]  BBox: [L:607, T:1189, R:624, B:1208]
[INFO]  BBox: [L:627, T:1181, R:636, B:1207]
[INFO]  BBox: [L:639, T:1186, R:651, B:1208]
[INFO]  BBox: [L:652, T:1190, R:670, B:1215]
[INFO]  BBox: [L:682, T:1189, R:702, B:1208]
[INFO]  BBox: [L:703, T:1177, R:718, B:1207]
[INFO]  BBox: [L:727, T:1178, R:749, B:1207]
[INFO]  BBox: [L:750, T:1189, R:770, B:1216]
[INFO]  BBox: [L:773, T:1181, R:782, B:1207]
[INFO]  BBox: [L:786, T:1195, R:796, B:1201]
[INFO]  BBox: [L:282, T:1224, R:302, B:1256]
[INFO]  BBox: [L:304, T:1237, R:321, B:1256]
[INFO]  BBox: [L:323, T:1238, R:343, B:1256]
[INFO]  BBox: [L:345, T:1237, R:358, B:1255]
[INFO]  BBox: [L:360, T:1238, R:379, B:1256]
[INFO]  BBox: [L:381, T:1237, R:394, B:1256]
[INFO]  BBox: [L:397, T:1250, R:403, B:1261]
[INFO]  BBox: [L:420, T:1225, R:435, B:1255]
[INFO]  BBox: [L:434, T:1229, R:444, B:1255]
[INFO]  BBox: [L:445, T:1237, R:459, B:1255]
[INFO]  BBox: [L:460, T:1237, R:473, B:1256]
[INFO]  BBox: [L:475, T:1234, R:488, B:1256]
[INFO]  BBox: [L:504, T:1237, R:534, B:1256]
[INFO]  BBox: [L:536, T:1237, R:553, B:1256]
[INFO]  BBox: [L:555, T:1237, R:578, B:1256]
[INFO]  BBox: [L:580, T:1234, R:592, B:1256]
[INFO]  BBox: [L:595, T:1229, R:604, B:1256]
[INFO]  BBox: [L:606, T:1237, R:626, B:1256]
[INFO]  BBox: [L:628, T:1237, R:650, B:1256]
[INFO]  BBox: [L:652, T:1237, R:669, B:1256]
[INFO]  BBox: [L:670, T:1225, R:690, B:1256]
[INFO]  BBox: [L:707, T:1229, R:716, B:1256]
[INFO]  BBox: [L:718, T:1237, R:741, B:1256]
[INFO]  BBox: [L:756, T:1226, R:775, B:1259]
[INFO]  BBox: [L:779, T:1226, R:795, B:1258]
[INFO]  BBox: [L:283, T:1281, R:300, B:1303]
[INFO]  BBox: [L:304, T:1298, R:310, B:1303]
[INFO]  BBox: [L:313, T:1281, R:334, B:1303]
[INFO]  BBox: [L:338, T:1298, R:344, B:1303]
[INFO]  BBox: [L:349, T:1298, R:356, B:1308]
[INFO]  BBox: [L:374, T:1285, R:391, B:1303]
[INFO]  BBox: [L:393, T:1285, R:415, B:1303]
[INFO]  BBox: [L:416, T:1272, R:436, B:1303]
[INFO]  BBox: [L:453, T:1272, R:463, B:1303]
[INFO]  BBox: [L:465, T:1285, R:481, B:1303]
[INFO]  BBox: [L:483, T:1285, R:501, B:1311]
[INFO]  BBox: [L:503, T:1286, R:520, B:1304]
[INFO]  BBox: [L:522, T:1285, R:544, B:1303]
[INFO]  BBox: [L:546, T:1273, R:565, B:1304]
[INFO]  BBox: [L:567, T:1286, R:580, B:1304]
[INFO]  BBox: [L:595, T:1286, R:615, B:1312]
[INFO]  BBox: [L:618, T:1273, R:628, B:1303]
[INFO]  BBox: [L:630, T:1286, R:648, B:1304]
[INFO]  BBox: [L:649, T:1286, R:667, B:1304]
[INFO]  BBox: [L:669, T:1286, R:685, B:1304]
[INFO]  BBox: [L:702, T:1286, R:720, B:1304]
[INFO]  BBox: [L:736, T:1286, R:748, B:1304]
[INFO]  BBox: [L:750, T:1286, R:767, B:1304]
[INFO]  BBox: [L:770, T:1283, R:783, B:1304]
[INFO]  BBox: [L:786, T:1292, R:796, B:1297]
[INFO]  BBox: [L:283, T:1330, R:295, B:1351]
[INFO]  BBox: [L:297, T:1320, R:307, B:1351]
[INFO]  BBox: [L:309, T:1333, R:325, B:1351]
[INFO]  BBox: [L:328, T:1333, R:359, B:1351]
[INFO]  BBox: [L:360, T:1333, R:377, B:1351]
[INFO]  BBox: [L:378, T:1333, R:401, B:1351]
[INFO]  BBox: [L:402, T:1330, R:415, B:1351]
[INFO]  BBox: [L:427, T:1320, R:450, B:1351]
[INFO]  BBox: [L:451, T:1333, R:468, B:1351]
[INFO]  BBox: [L:469, T:1333, R:483, B:1351]
[INFO]  BBox: [L:484, T:1333, R:501, B:1351]
[INFO]  BBox: [L:514, T:1333, R:531, B:1351]
[INFO]  BBox: [L:544, T:1330, R:557, B:1352]
[INFO]  BBox: [L:558, T:1321, R:580, B:1351]
[INFO]  BBox: [L:582, T:1333, R:601, B:1352]
[INFO]  BBox: [L:603, T:1334, R:622, B:1352]
[INFO]  BBox: [L:624, T:1333, R:636, B:1352]
[INFO]  BBox: [L:639, T:1333, R:656, B:1352]
[INFO]  BBox: [L:657, T:1333, R:680, B:1351]
[INFO]  BBox: [L:681, T:1321, R:700, B:1352]
[INFO]  BBox: [L:712, T:1334, R:730, B:1360]
[INFO]  BBox: [L:732, T:1333, R:748, B:1352]
[INFO]  BBox: [L:751, T:1334, R:768, B:1352]
[INFO]  BBox: [L:770, T:1333, R:783, B:1351]
[INFO]  BBox: [L:784, T:1334, R:796, B:1352]
[INFO]  BBox: [L:282, T:1381, R:299, B:1399]
[INFO]  BBox: [L:302, T:1381, R:319, B:1399]
[INFO]  BBox: [L:321, T:1381, R:334, B:1399]
[INFO]  BBox: [L:337, T:1368, R:346, B:1399]
[INFO]  BBox: [L:349, T:1373, R:359, B:1399]
[INFO]  BBox: [L:361, T:1381, R:378, B:1400]
[INFO]  BBox: [L:380, T:1381, R:393, B:1399]
[INFO]  BBox: [L:397, T:1394, R:402, B:1399]
[INFO]  BBox: [L:331, T:1418, R:359, B:1447]
[INFO]  BBox: [L:360, T:1429, R:379, B:1447]
[INFO]  BBox: [L:381, T:1416, R:401, B:1447]
[INFO]  BBox: [L:403, T:1429, R:420, B:1447]
[INFO]  BBox: [L:422, T:1430, R:440, B:1455]
[INFO]  BBox: [L:453, T:1426, R:465, B:1447]
[INFO]  BBox: [L:466, T:1416, R:489, B:1447]
[INFO]  BBox: [L:491, T:1429, R:507, B:1447]
[INFO]  BBox: [L:520, T:1429, R:537, B:1447]
[INFO]  BBox: [L:541, T:1421, R:550, B:1447]
[INFO]  BBox: [L:552, T:1426, R:565, B:1448]
[INFO]  BBox: [L:566, T:1430, R:584, B:1455]
[INFO]  BBox: [L:586, T:1418, R:592, B:1430]
[INFO]  BBox: [L:595, T:1429, R:608, B:1448]
[INFO]  BBox: [L:621, T:1429, R:641, B:1455]
[INFO]  BBox: [L:642, T:1430, R:662, B:1448]
[INFO]  BBox: [L:665, T:1421, R:674, B:1447]
[INFO]  BBox: [L:676, T:1430, R:693, B:1448]
[INFO]  BBox: [L:695, T:1426, R:708, B:1448]
[INFO]  BBox: [L:720, T:1430, R:738, B:1448]
[INFO]  BBox: [L:739, T:1430, R:759, B:1448]
[INFO]  BBox: [L:760, T:1430, R:783, B:1448]
[INFO]  BBox: [L:786, T:1436, R:796, B:1441]
[INFO]  BBox: [L:282, T:1464, R:296, B:1495]
[INFO]  BBox: [L:297, T:1468, R:306, B:1495]
[INFO]  BBox: [L:308, T:1464, R:328, B:1495]
[INFO]  BBox: [L:331, T:1477, R:347, B:1495]
[INFO]  BBox: [L:350, T:1477, R:373, B:1495]
[INFO]  BBox: [L:375, T:1477, R:392, B:1495]
[INFO]  BBox: [L:394, T:1477, R:411, B:1495]
[INFO]  BBox: [L:432, T:1464, R:454, B:1495]
[INFO]  BBox: [L:457, T:1477, R:474, B:1495]
[INFO]  BBox: [L:477, T:1477, R:489, B:1495]
[INFO]  BBox: [L:510, T:1464, R:529, B:1495]
[INFO]  BBox: [L:532, T:1477, R:549, B:1496]
[INFO]  BBox: [L:552, T:1477, R:568, B:1496]
[INFO]  BBox: [L:571, T:1477, R:594, B:1495]
[INFO]  BBox: [L:614, T:1477, R:627, B:1496]
[INFO]  BBox: [L:629, T:1464, R:651, B:1495]
[INFO]  BBox: [L:654, T:1477, R:671, B:1496]
[INFO]  BBox: [L:673, T:1464, R:694, B:1495]
[INFO]  BBox: [L:696, T:1477, R:713, B:1496]
[INFO]  BBox: [L:715, T:1477, R:738, B:1495]
[INFO]  BBox: [L:757, T:1465, R:777, B:1496]
[INFO]  BBox: [L:780, T:1478, R:798, B:1504]
[INFO]  BBox: [L:283, T:1522, R:295, B:1544]
[INFO]  BBox: [L:298, T:1513, R:321, B:1543]
[INFO]  BBox: [L:324, T:1525, R:340, B:1544]
[INFO]  BBox: [L:362, T:1525, R:376, B:1543]
[INFO]  BBox: [L:378, T:1525, R:395, B:1544]
[INFO]  BBox: [L:399, T:1525, R:417, B:1544]
[INFO]  BBox: [L:421, T:1513, R:430, B:1543]
[INFO]  BBox: [L:435, T:1517, R:444, B:1543]
[INFO]  BBox: [L:448, T:1522, R:461, B:1544]
[INFO]  BBox: [L:463, T:1526, R:481, B:1551]
[INFO]  BBox: [L:503, T:1525, R:522, B:1544]
[INFO]  BBox: [L:525, T:1513, R:540, B:1543]
[INFO]  BBox: [L:558, T:1525, R:588, B:1544]
[INFO]  BBox: [L:591, T:1525, R:611, B:1544]
[INFO]  BBox: [L:614, T:1513, R:634, B:1544]
[INFO]  BBox: [L:637, T:1526, R:654, B:1544]
[INFO]  BBox: [L:658, T:1525, R:672, B:1544]
[INFO]  BBox: [L:673, T:1525, R:696, B:1544]
[INFO]  BBox: [L:717, T:1526, R:744, B:1544]
[INFO]  BBox: [L:747, T:1526, R:765, B:1544]
[INFO]  BBox: [L:768, T:1526, R:781, B:1544]
[INFO]  BBox: [L:786, T:1532, R:796, B:1537]
[INFO]  BBox: [L:282, T:1561, R:296, B:1591]
[INFO]  BBox: [L:296, T:1573, R:313, B:1591]
[INFO]  BBox: [L:316, T:1573, R:330, B:1591]
[INFO]  BBox: [L:332, T:1573, R:349, B:1591]
[INFO]  BBox: [L:354, T:1586, R:359, B:1591]
[INFO]  BBox: [L:377, T:1562, R:383, B:1573]
[INFO]  BBox: [L:385, T:1562, R:391, B:1573]
[INFO]  BBox: [L:394, T:1562, R:416, B:1591]
[INFO]  BBox: [L:417, T:1574, R:437, B:1591]
[INFO]  BBox: [L:439, T:1573, R:456, B:1592]
[INFO]  BBox: [L:458, T:1573, R:481, B:1591]
[INFO]  BBox: [L:494, T:1562, R:524, B:1591]
[INFO]  BBox: [L:528, T:1574, R:545, B:1592]
[INFO]  BBox: [L:547, T:1574, R:567, B:1600]
[INFO]  BBox: [L:569, T:1574, R:588, B:1592]
[INFO]  BBox: [L:591, T:1561, R:601, B:1592]
[INFO]  BBox: [L:603, T:1574, R:619, B:1592]
[INFO]  BBox: [L:622, T:1574, R:642, B:1592]
[INFO]  BBox: [L:643, T:1574, R:666, B:1592]
[INFO]  BBox: [L:669, T:1586, R:675, B:1597]
[INFO]  BBox: [L:691, T:1574, R:718, B:1592]
[INFO]  BBox: [L:719, T:1561, R:742, B:1592]
[INFO]  BBox: [L:744, T:1574, R:763, B:1592]
[INFO]  BBox: [L:765, T:1574, R:778, B:1592]
[INFO]  BBox: [L:780, T:1574, R:796, B:1592]
[INFO]  BBox: [L:283, T:1621, R:300, B:1639]
[INFO]  BBox: [L:303, T:1621, R:316, B:1639]
[INFO]  BBox: [L:318, T:1621, R:350, B:1651]
[INFO]  BBox: [L:351, T:1621, R:369, B:1647]
[INFO]  BBox: [L:395, T:1608, R:414, B:1639]
[INFO]  BBox: [L:418, T:1609, R:427, B:1639]
[INFO]  BBox: [L:430, T:1621, R:447, B:1640]
[INFO]  BBox: [L:450, T:1622, R:477, B:1639]
[INFO]  BBox: [L:503, T:1621, R:522, B:1640]
[INFO]  BBox: [L:525, T:1609, R:552, B:1639]
[INFO]  BBox: [L:576, T:1618, R:589, B:1640]
[INFO]  BBox: [L:590, T:1609, R:613, B:1640]
[INFO]  BBox: [L:615, T:1621, R:632, B:1640]
[INFO]  BBox: [L:659, T:1621, R:681, B:1640]
[INFO]  BBox: [L:684, T:1622, R:703, B:1640]
[INFO]  BBox: [L:706, T:1622, R:718, B:1640]
[INFO]  BBox: [L:721, T:1622, R:738, B:1640]
[INFO]  BBox: [L:765, T:1622, R:784, B:1640]
[INFO]  BBox: [L:786, T:1609, R:801, B:1640]
[INFO]  BBox: [L:283, T:1666, R:295, B:1687]
[INFO]  BBox: [L:297, T:1656, R:320, B:1687]
[INFO]  BBox: [L:322, T:1669, R:339, B:1687]
[INFO]  BBox: [L:365, T:1657, R:386, B:1687]
[INFO]  BBox: [L:389, T:1669, R:408, B:1695]
[INFO]  BBox: [L:411, T:1656, R:433, B:1687]
[INFO]  BBox: [L:437, T:1661, R:446, B:1687]
[INFO]  BBox: [L:448, T:1669, R:471, B:1687]
[INFO]  BBox: [L:473, T:1670, R:493, B:1687]
[INFO]  BBox: [L:497, T:1682, R:504, B:1693]
[INFO]  BBox: [L:530, T:1657, R:550, B:1688]
[INFO]  BBox: [L:554, T:1661, R:563, B:1687]
[INFO]  BBox: [L:566, T:1657, R:586, B:1688]
[INFO]  BBox: [L:611, T:1669, R:633, B:1688]
[INFO]  BBox: [L:636, T:1670, R:655, B:1688]
[INFO]  BBox: [L:658, T:1667, R:671, B:1688]
[INFO]  BBox: [L:697, T:1667, R:709, B:1688]
[INFO]  BBox: [L:711, T:1670, R:731, B:1688]
[INFO]  BBox: [L:733, T:1671, R:753, B:1688]
[INFO]  BBox: [L:756, T:1670, R:773, B:1688]
[INFO]  BBox: [L:775, T:1657, R:798, B:1688]
[INFO]  BBox: [L:283, T:1706, R:311, B:1735]
[INFO]  BBox: [L:312, T:1718, R:332, B:1735]
[INFO]  BBox: [L:334, T:1705, R:354, B:1735]
[INFO]  BBox: [L:355, T:1717, R:369, B:1735]
[INFO]  BBox: [L:370, T:1717, R:390, B:1735]
[INFO]  BBox: [L:392, T:1717, R:411, B:1735]
[INFO]  BBox: [L:413, T:1717, R:435, B:1735]
[INFO]  BBox: [L:438, T:1709, R:447, B:1735]
[INFO]  BBox: [L:449, T:1705, R:470, B:1735]
[INFO]  BBox: [L:473, T:1730, R:479, B:1741]
[INFO]  BBox: [L:483, T:1706, R:489, B:1717]
[INFO]  BBox: [L:491, T:1706, R:497, B:1717]
[INFO]  BBox: [L:513, T:1717, R:525, B:1736]
[INFO]  BBox: [L:528, T:1717, R:545, B:1736]
[INFO]  BBox: [L:548, T:1709, R:557, B:1735]
[INFO]  BBox: [L:559, T:1705, R:579, B:1736]
[INFO]  BBox: [L:594, T:1707, R:628, B:1736]
[INFO]  BBox: [L:632, T:1710, R:642, B:1735]
[INFO]  BBox: [L:644, T:1705, R:654, B:1736]
[INFO]  BBox: [L:656, T:1717, R:675, B:1736]
[INFO]  BBox: [L:679, T:1730, R:685, B:1741]
[INFO]  BBox: [L:702, T:1718, R:720, B:1736]
[INFO]  BBox: [L:734, T:1705, R:754, B:1736]
[INFO]  BBox: [L:757, T:1710, R:766, B:1736]
[INFO]  BBox: [L:768, T:1717, R:786, B:1744]
[INFO]  BBox: [L:789, T:1730, R:795, B:1741]
[INFO]  BBox: [L:282, T:1765, R:313, B:1783]
[INFO]  BBox: [L:315, T:1765, R:334, B:1783]
[INFO]  BBox: [L:336, T:1765, R:349, B:1783]
[INFO]  BBox: [L:351, T:1762, R:364, B:1783]
[INFO]  BBox: [L:366, T:1765, R:383, B:1783]
[INFO]  BBox: [L:385, T:1765, R:402, B:1783]
[INFO]  BBox: [L:403, T:1752, R:426, B:1783]
[INFO]  BBox: [L:429, T:1757, R:438, B:1783]
[INFO]  BBox: [L:440, T:1765, R:460, B:1783]
[INFO]  BBox: [L:462, T:1765, R:478, B:1783]
[INFO]  BBox: [L:481, T:1752, R:501, B:1783]
[INFO]  BBox: [L:513, T:1753, R:541, B:1783]
[INFO]  BBox: [L:543, T:1765, R:557, B:1783]
[INFO]  BBox: [L:558, T:1765, R:577, B:1784]
[INFO]  BBox: [L:580, T:1765, R:597, B:1783]
[INFO]  BBox: [L:600, T:1762, R:612, B:1784]
[INFO]  BBox: [L:615, T:1757, R:624, B:1783]
[INFO]  BBox: [L:627, T:1765, R:644, B:1784]
[INFO]  BBox: [L:645, T:1765, R:668, B:1783]
[INFO]  BBox: [L:681, T:1765, R:698, B:1784]
[INFO]  BBox: [L:700, T:1765, R:722, B:1784]
[INFO]  BBox: [L:723, T:1753, R:744, B:1784]
[INFO]  BBox: [L:756, T:1766, R:774, B:1784]
[INFO]  BBox: [L:775, T:1765, R:798, B:1784]
[INFO]  BBox: [L:282, T:1813, R:302, B:1831]
[INFO]  BBox: [L:303, T:1813, R:326, B:1831]
[INFO]  BBox: [L:327, T:1813, R:344, B:1831]
[INFO]  BBox: [L:346, T:1813, R:378, B:1831]
[INFO]  BBox: [L:379, T:1813, R:399, B:1839]
[INFO]  BBox: [L:401, T:1800, R:411, B:1831]
[INFO]  BBox: [L:413, T:1813, R:433, B:1831]
[INFO]  BBox: [L:434, T:1813, R:453, B:1839]
[INFO]  BBox: [L:454, T:1813, R:471, B:1831]
[INFO]  BBox: [L:473, T:1800, R:493, B:1831]
[INFO]  BBox: [L:508, T:1810, R:520, B:1832]
[INFO]  BBox: [L:522, T:1813, R:541, B:1832]
[INFO]  BBox: [L:544, T:1814, R:563, B:1832]
[INFO]  BBox: [L:565, T:1813, R:579, B:1831]
[INFO]  BBox: [L:592, T:1813, R:610, B:1840]
[INFO]  BBox: [L:612, T:1814, R:631, B:1832]
[INFO]  BBox: [L:634, T:1805, R:644, B:1831]
[INFO]  BBox: [L:645, T:1800, R:666, B:1832]
[INFO]  BBox: [L:667, T:1813, R:684, B:1832]
[INFO]  BBox: [L:688, T:1826, R:694, B:1831]
[INFO]  BBox: [L:711, T:1802, R:717, B:1814]
[INFO]  BBox: [L:719, T:1802, R:725, B:1814]
[INFO]  BBox: [L:727, T:1802, R:754, B:1832]
[INFO]  BBox: [L:755, T:1801, R:778, B:1832]
[INFO]  BBox: [L:780, T:1814, R:796, B:1832]
[INFO]  BBox: [L:282, T:1849, R:303, B:1879]
[INFO]  BBox: [L:307, T:1861, R:324, B:1879]
[INFO]  BBox: [L:327, T:1861, R:340, B:1879]
[INFO]  BBox: [L:342, T:1861, R:360, B:1879]
[INFO]  BBox: [L:362, T:1861, R:379, B:1879]
[INFO]  BBox: [L:382, T:1861, R:399, B:1879]
[INFO]  BBox: [L:401, T:1861, R:424, B:1879]
[INFO]  BBox: [L:426, T:1861, R:438, B:1880]
[INFO]  BBox: [L:442, T:1874, R:449, B:1885]
[INFO]  BBox: [L:466, T:1850, R:498, B:1880]
[INFO]  BBox: [L:500, T:1858, R:513, B:1880]
[INFO]  BBox: [L:516, T:1858, R:528, B:1880]
[INFO]  BBox: [L:530, T:1862, R:550, B:1880]
[INFO]  BBox: [L:552, T:1861, R:583, B:1879]
[INFO]  BBox: [L:586, T:1862, R:603, B:1880]
[INFO]  BBox: [L:606, T:1862, R:628, B:1880]
[INFO]  BBox: [L:630, T:1862, R:643, B:1880]
[INFO]  BBox: [L:647, T:1874, R:653, B:1885]
[INFO]  BBox: [L:670, T:1850, R:702, B:1880]
[INFO]  BBox: [L:704, T:1863, R:724, B:1880]
[INFO]  BBox: [L:726, T:1862, R:739, B:1880]
[INFO]  BBox: [L:742, T:1859, R:754, B:1880]
[INFO]  BBox: [L:756, T:1862, R:770, B:1880]
[INFO]  BBox: [L:773, T:1854, R:782, B:1880]
[INFO]  BBox: [L:786, T:1868, R:796, B:1873]
[INFO]  BBox: [L:283, T:1909, R:300, B:1927]
[INFO]  BBox: [L:301, T:1909, R:324, B:1927]
[INFO]  BBox: [L:326, T:1909, R:338, B:1927]
[INFO]  BBox: [L:354, T:1922, R:359, B:1926]
[INFO]  BBox: [L:376, T:1922, R:382, B:1926]
[INFO]  BBox: [L:399, T:1922, R:405, B:1926]
[INFO]  BBox: [L:420, T:1909, R:442, B:1927]
[INFO]  BBox: [L:444, T:1909, R:463, B:1927]
[INFO]  BBox: [L:465, T:1909, R:488, B:1927]
[INFO]  BBox: [L:489, T:1909, R:506, B:1927]
[INFO]  BBox: [L:520, T:1909, R:539, B:1928]
[INFO]  BBox: [L:541, T:1897, R:555, B:1927]
[INFO]  BBox: [L:566, T:1906, R:578, B:1928]
[INFO]  BBox: [L:579, T:1897, R:602, B:1927]
[INFO]  BBox: [L:604, T:1909, R:621, B:1928]
[INFO]  BBox: [L:623, T:1909, R:654, B:1927]
[INFO]  BBox: [L:666, T:1897, R:689, B:1928]
[INFO]  BBox: [L:691, T:1910, R:709, B:1928]
[INFO]  BBox: [L:711, T:1909, R:724, B:1928]
[INFO]  BBox: [L:725, T:1909, R:756, B:1928]
[INFO]  BBox: [L:758, T:1910, R:775, B:1928]
[INFO]  BBox: [L:777, T:1897, R:797, B:1928]
[INFO]  BBox: [L:282, T:1957, R:301, B:1975]
[INFO]  BBox: [L:304, T:1957, R:324, B:1975]
[INFO]  BBox: [L:326, T:1957, R:340, B:1975]
[INFO]  BBox: [L:359, T:1957, R:376, B:1975]
[INFO]  BBox: [L:380, T:1949, R:389, B:1975]
[INFO]  BBox: [L:392, T:1954, R:405, B:1975]
[INFO]  BBox: [L:406, T:1957, R:424, B:1983]
[INFO]  BBox: [L:429, T:1970, R:435, B:1975]
[INFO]  BBox: [L:457, T:1946, R:480, B:1975]
[INFO]  BBox: [L:483, T:1958, R:502, B:1975]
[INFO]  BBox: [L:505, T:1954, R:518, B:1976]
[INFO]  BBox: [L:538, T:1954, R:550, B:1976]
[INFO]  BBox: [L:552, T:1944, R:575, B:1975]
[INFO]  BBox: [L:577, T:1957, R:594, B:1976]
[INFO]  BBox: [L:614, T:1946, R:636, B:1976]
[INFO]  BBox: [L:639, T:1957, R:655, B:1976]
[INFO]  BBox: [L:658, T:1957, R:672, B:1975]
[INFO]  BBox: [L:673, T:1945, R:693, B:1976]
[INFO]  BBox: [L:696, T:1957, R:708, B:1976]
[INFO]  BBox: [L:713, T:1970, R:719, B:1981]
[INFO]  BBox: [L:740, T:1958, R:760, B:1976]
[INFO]  BBox: [L:762, T:1958, R:782, B:1976]
[INFO]  BBox: [L:784, T:1957, R:798, B:1976]
[INFO]  BBox: [L:282, T:2005, R:304, B:2023]
[INFO]  BBox: [L:306, T:2005, R:322, B:2023]
[INFO]  BBox: [L:326, T:1997, R:336, B:2023]
[INFO]  BBox: [L:337, T:2004, R:355, B:2031]
[INFO]  BBox: [L:356, T:1992, R:379, B:2023]
[INFO]  BBox: [L:380, T:1992, R:400, B:2023]
[INFO]  BBox: [L:402, T:2005, R:421, B:2023]
[INFO]  BBox: [L:423, T:2005, R:436, B:2023]
[INFO]  BBox: [L:438, T:2005, R:450, B:2023]
[INFO]  BBox: [L:454, T:2018, R:460, B:2029]
[INFO]  BBox: [L:475, T:2002, R:488, B:2023]
[INFO]  BBox: [L:489, T:2005, R:503, B:2023]
[INFO]  BBox: [L:505, T:1997, R:514, B:2023]
[INFO]  BBox: [L:517, T:2005, R:533, B:2024]
[INFO]  BBox: [L:535, T:1993, R:555, B:2024]
[INFO]  BBox: [L:568, T:2003, R:581, B:2024]
[INFO]  BBox: [L:583, T:2006, R:602, B:2024]
[INFO]  BBox: [L:615, T:1993, R:635, B:2024]
[INFO]  BBox: [L:637, T:2006, R:654, B:2024]
[INFO]  BBox: [L:656, T:2006, R:668, B:2024]
[INFO]  BBox: [L:671, T:2003, R:684, B:2024]
[INFO]  BBox: [L:685, T:2006, R:699, B:2024]
[INFO]  BBox: [L:700, T:2006, R:719, B:2024]
[INFO]  BBox: [L:720, T:2006, R:739, B:2032]
[INFO]  BBox: [L:751, T:2007, R:771, B:2024]
[INFO]  BBox: [L:773, T:2006, R:785, B:2024]
[INFO]  BBox: [L:789, T:2018, R:795, B:2030]
[INFO]  BBox: [L:283, T:2053, R:300, B:2071]
[INFO]  BBox: [L:301, T:2052, R:324, B:2070]
[INFO]  BBox: [L:325, T:2040, R:345, B:2071]
[INFO]  BBox: [L:359, T:2053, R:386, B:2071]
[INFO]  BBox: [L:388, T:2053, R:404, B:2071]
[INFO]  BBox: [L:419, T:2053, R:445, B:2071]
[INFO]  BBox: [L:447, T:2053, R:467, B:2071]
[INFO]  BBox: [L:469, T:2053, R:491, B:2071]
[INFO]  BBox: [L:493, T:2042, R:500, B:2053]
[INFO]  BBox: [L:503, T:2050, R:516, B:2071]
[INFO]  BBox: [L:529, T:2041, R:544, B:2071]
[INFO]  BBox: [L:542, T:2053, R:562, B:2071]
[INFO]  BBox: [L:564, T:2053, R:577, B:2071]
[INFO]  BBox: [L:578, T:2053, R:596, B:2079]
[INFO]  BBox: [L:598, T:2053, R:615, B:2072]
[INFO]  BBox: [L:617, T:2050, R:630, B:2072]
[INFO]  BBox: [L:633, T:2066, R:639, B:2071]
[INFO]  BBox: [L:643, T:2042, R:650, B:2053]
[INFO]  BBox: [L:651, T:2043, R:657, B:2054]
[INFO]  BBox: [L:672, T:2042, R:702, B:2071]
[INFO]  BBox: [L:705, T:2053, R:721, B:2072]
[INFO]  BBox: [L:736, T:2054, R:763, B:2072]
[INFO]  BBox: [L:765, T:2054, R:782, B:2072]
[INFO]  BBox: [L:784, T:2054, R:797, B:2072]
[INFO]  BBox: [L:282, T:2088, R:302, B:2119]
[INFO]  BBox: [L:303, T:2100, R:337, B:2119]
[INFO]  BBox: [L:338, T:2100, R:361, B:2118]
[INFO]  BBox: [L:361, T:2088, R:382, B:2118]
[INFO]  BBox: [L:384, T:2100, R:400, B:2119]
[INFO]  BBox: [L:402, T:2100, R:424, B:2119]
[INFO]  BBox: [L:426, T:2088, R:436, B:2119]
[INFO]  BBox: [L:437, T:2101, R:455, B:2127]
[INFO]  BBox: [L:468, T:2101, R:485, B:2119]
[INFO]  BBox: [L:487, T:2098, R:500, B:2119]
[INFO]  BBox: [L:501, T:2097, R:514, B:2119]
[INFO]  BBox: [L:516, T:2101, R:533, B:2119]
[INFO]  BBox: [L:534, T:2101, R:552, B:2119]
[INFO]  BBox: [L:553, T:2088, R:574, B:2119]
[INFO]  BBox: [L:576, T:2093, R:585, B:2119]
[INFO]  BBox: [L:586, T:2101, R:609, B:2119]
[INFO]  BBox: [L:610, T:2100, R:628, B:2127]
[INFO]  BBox: [L:640, T:2098, R:653, B:2120]
[INFO]  BBox: [L:654, T:2088, R:676, B:2119]
[INFO]  BBox: [L:678, T:2101, R:694, B:2120]
[INFO]  BBox: [L:708, T:2090, R:728, B:2120]
[INFO]  BBox: [L:731, T:2101, R:748, B:2120]
[INFO]  BBox: [L:749, T:2101, R:763, B:2119]
[INFO]  BBox: [L:763, T:2089, R:783, B:2120]
[INFO]  BBox: [L:785, T:2101, R:798, B:2120]
[INFO]  BBox: [L:282, T:2149, R:309, B:2167]
[INFO]  BBox: [L:309, T:2136, R:332, B:2167]
[INFO]  BBox: [L:333, T:2149, R:350, B:2167]
[INFO]  BBox: [L:352, T:2149, R:374, B:2167]
[INFO]  BBox: [L:387, T:2138, R:398, B:2167]
[INFO]  BBox: [L:411, T:2149, R:428, B:2167]
[INFO]  BBox: [L:429, T:2149, R:452, B:2167]
[INFO]  BBox: [L:454, T:2146, R:466, B:2167]
[INFO]  BBox: [L:468, T:2149, R:484, B:2167]
[INFO]  BBox: [L:486, T:2149, R:499, B:2167]
[INFO]  BBox: [L:501, T:2149, R:517, B:2167]
[INFO]  BBox: [L:519, T:2136, R:538, B:2167]
[INFO]  BBox: [L:551, T:2146, R:564, B:2167]
[INFO]  BBox: [L:564, T:2136, R:587, B:2167]
[INFO]  BBox: [L:588, T:2149, R:605, B:2168]
[INFO]  BBox: [L:617, T:2138, R:645, B:2167]
[INFO]  BBox: [L:646, T:2149, R:659, B:2167]
[INFO]  BBox: [L:660, T:2150, R:679, B:2168]
[INFO]  BBox: [L:681, T:2150, R:700, B:2168]
[INFO]  BBox: [L:702, T:2137, R:721, B:2168]
[INFO]  BBox: [L:723, T:2150, R:741, B:2168]
[INFO]  BBox: [L:742, T:2137, R:762, B:2168]
[INFO]  BBox: [L:763, T:2150, R:783, B:2168]
[INFO]  BBox: [L:784, T:2150, R:798, B:2168]
[INFO]  BBox: [L:282, T:2185, R:310, B:2215]
[INFO]  BBox: [L:313, T:2196, R:330, B:2215]
[INFO]  BBox: [L:331, T:2184, R:345, B:2214]
[INFO]  BBox: [L:343, T:2188, R:360, B:2215]
[INFO]  BBox: [L:364, T:2209, R:370, B:2220]
[INFO]  BBox: [L:384, T:2184, R:406, B:2214]
[INFO]  BBox: [L:407, T:2197, R:427, B:2215]
[INFO]  BBox: [L:428, T:2197, R:448, B:2215]
[INFO]  BBox: [L:450, T:2197, R:462, B:2215]
[INFO]  BBox: [L:464, T:2197, R:480, B:2215]
[INFO]  BBox: [L:482, T:2184, R:502, B:2215]
[INFO]  BBox: [L:516, T:2189, R:525, B:2215]
[INFO]  BBox: [L:526, T:2197, R:549, B:2215]
[INFO]  BBox: [L:561, T:2197, R:578, B:2215]
[INFO]  BBox: [L:591, T:2197, R:608, B:2215]
[INFO]  BBox: [L:609, T:2197, R:623, B:2215]
[INFO]  BBox: [L:624, T:2197, R:643, B:2216]
[INFO]  BBox: [L:644, T:2198, R:671, B:2215]
[INFO]  BBox: [L:672, T:2185, R:692, B:2216]
[INFO]  BBox: [L:694, T:2197, R:711, B:2216]
[INFO]  BBox: [L:712, T:2185, R:732, B:2216]
[INFO]  BBox: [L:744, T:2185, R:764, B:2216]
[INFO]  BBox: [L:766, T:2198, R:783, B:2216]
[INFO]  BBox: [L:784, T:2197, R:798, B:2215]
[INFO]  BBox: [L:283, T:2236, R:292, B:2263]
[INFO]  BBox: [L:294, T:2244, R:316, B:2263]
[INFO]  BBox: [L:329, T:2245, R:346, B:2264]
[INFO]  BBox: [L:362, T:2234, R:375, B:2263]
[INFO]  BBox: [L:379, T:2234, R:399, B:2266]
[INFO]  BBox: [L:401, T:2242, R:414, B:2264]
[INFO]  BBox: [L:415, T:2232, R:437, B:2263]
[INFO]  BBox: [L:440, T:2251, R:450, B:2257]
[INFO]  BBox: [L:453, T:2245, R:470, B:2264]
[INFO]  BBox: [L:472, T:2245, R:489, B:2264]
[INFO]  BBox: [L:490, T:2245, R:513, B:2264]
[INFO]  BBox: [L:514, T:2242, R:527, B:2264]
[INFO]  BBox: [L:528, T:2246, R:548, B:2264]
[INFO]  BBox: [L:549, T:2245, R:582, B:2272]
[INFO]  BBox: [L:594, T:2245, R:606, B:2264]
[INFO]  BBox: [L:608, T:2242, R:621, B:2264]
[INFO]  BBox: [L:622, T:2245, R:642, B:2264]
[INFO]  BBox: [L:643, T:2245, R:666, B:2264]
[INFO]  BBox: [L:667, T:2246, R:684, B:2265]
[INFO]  BBox: [L:696, T:2233, R:716, B:2265]
[INFO]  BBox: [L:717, T:2246, R:737, B:2265]
[INFO]  BBox: [L:740, T:2237, R:749, B:2264]
[INFO]  BBox: [L:751, T:2233, R:761, B:2264]
[INFO]  BBox: [L:762, T:2233, R:783, B:2265]
[INFO]  BBox: [L:785, T:2252, R:796, B:2258]
[INFO]  BBox: [L:283, T:2285, R:292, B:2311]
[INFO]  BBox: [L:294, T:2293, R:316, B:2311]
[INFO]  BBox: [L:317, T:2293, R:335, B:2319]
[INFO]  BBox: [L:346, T:2285, R:355, B:2319]
[INFO]  BBox: [L:359, T:2294, R:379, B:2312]
[INFO]  BBox: [L:380, T:2293, R:393, B:2312]
[INFO]  BBox: [L:395, T:2290, R:407, B:2312]
[INFO]  BBox: [L:420, T:2293, R:439, B:2312]
[INFO]  BBox: [L:440, T:2281, R:467, B:2311]
[INFO]  BBox: [L:476, T:2282, R:498, B:2312]
[INFO]  BBox: [L:500, T:2281, R:510, B:2312]
[INFO]  BBox: [L:511, T:2293, R:529, B:2312]
[INFO]  BBox: [L:530, T:2294, R:547, B:2312]
[INFO]  BBox: [L:549, T:2294, R:567, B:2312]
[INFO]  BBox: [L:570, T:2306, R:576, B:2317]
[INFO]  BBox: [L:591, T:2283, R:619, B:2312]
[INFO]  BBox: [L:620, T:2295, R:639, B:2312]
[INFO]  BBox: [L:641, T:2281, R:660, B:2312]
[INFO]  BBox: [L:662, T:2294, R:676, B:2312]
[INFO]  BBox: [L:676, T:2294, R:696, B:2313]
[INFO]  BBox: [L:697, T:2295, R:717, B:2312]
[INFO]  BBox: [L:718, T:2294, R:741, B:2312]
[INFO]  BBox: [L:743, T:2286, R:752, B:2312]
[INFO]  BBox: [L:753, T:2282, R:774, B:2312]
[INFO]  BBox: [L:776, T:2283, R:782, B:2294]
[INFO]  BBox: [L:784, T:2294, R:797, B:2313]
[INFO]  BBox: [L:282, T:2341, R:313, B:2359]
[INFO]  BBox: [L:315, T:2341, R:333, B:2359]
[INFO]  BBox: [L:336, T:2333, R:345, B:2359]
[INFO]  BBox: [L:346, T:2341, R:369, B:2359]
[INFO]  BBox: [L:381, T:2328, R:401, B:2359]
[INFO]  BBox: [L:403, T:2341, R:422, B:2359]
[INFO]  BBox: [L:424, T:2342, R:444, B:2359]
[INFO]  BBox: [L:447, T:2329, R:457, B:2359]
[INFO]  BBox: [L:459, T:2341, R:475, B:2360]
[INFO]  BBox: [L:478, T:2342, R:497, B:2359]
[INFO]  BBox: [L:500, T:2341, R:517, B:2360]
[INFO]  BBox: [L:519, T:2341, R:532, B:2359]
[INFO]  BBox: [L:533, T:2329, R:553, B:2360]
[INFO]  BBox: [L:557, T:2354, R:562, B:2359]
[INFO]  BBox: [L:331, T:2378, R:356, B:2407]
[INFO]  BBox: [L:358, T:2389, R:377, B:2407]
[INFO]  BBox: [L:379, T:2389, R:399, B:2407]
[INFO]  BBox: [L:412, T:2376, R:435, B:2407]
[INFO]  BBox: [L:436, T:2389, R:453, B:2407]
[INFO]  BBox: [L:456, T:2389, R:474, B:2407]
[INFO]  BBox: [L:475, T:2389, R:489, B:2407]
[INFO]  BBox: [L:502, T:2389, R:520, B:2407]
[INFO]  BBox: [L:534, T:2377, R:544, B:2407]
[INFO]  BBox: [L:546, T:2389, R:565, B:2408]
[INFO]  BBox: [L:568, T:2386, R:580, B:2408]
[INFO]  BBox: [L:595, T:2389, R:612, B:2408]
[INFO]  BBox: [L:613, T:2377, R:633, B:2408]
[INFO]  BBox: [L:635, T:2389, R:655, B:2408]
[INFO]  BBox: [L:657, T:2390, R:676, B:2408]
[INFO]  BBox: [L:679, T:2387, R:691, B:2408]
[INFO]  BBox: [L:705, T:2389, R:718, B:2408]
[INFO]  BBox: [L:720, T:2390, R:736, B:2408]
[INFO]  BBox: [L:738, T:2390, R:758, B:2408]
[INFO]  BBox: [L:760, T:2390, R:777, B:2408]
[INFO]  BBox: [L:779, T:2390, R:802, B:2408]
[INFO]  BBox: [L:803, T:2389, R:821, B:2416]
[INFO]  BBox: [L:822, T:2390, R:839, B:2408]
[INFO]  BBox: [L:855, T:2382, R:864, B:2408]
[INFO]  BBox: [L:865, T:2390, R:888, B:2408]
[INFO]  BBox: [L:901, T:2379, R:930, B:2409]
[INFO]  BBox: [L:932, T:2390, R:945, B:2408]
[INFO]  BBox: [L:946, T:2390, R:966, B:2409]
[INFO]  BBox: [L:968, T:2391, R:985, B:2409]
[INFO]  BBox: [L:989, T:2396, R:999, B:2402]
[INFO]  BBox: [L:282, T:2434, R:295, B:2455]
[INFO]  BBox: [L:298, T:2428, R:308, B:2455]
[INFO]  BBox: [L:311, T:2437, R:328, B:2455]
[INFO]  BBox: [L:330, T:2443, R:372, B:2447]
[INFO]  BBox: [L:373, T:2437, R:392, B:2463]
[INFO]  BBox: [L:395, T:2437, R:412, B:2455]
[INFO]  BBox: [L:415, T:2437, R:434, B:2455]
[INFO]  BBox: [L:436, T:2437, R:456, B:2463]
[INFO]  BBox: [L:460, T:2424, R:470, B:2455]
[INFO]  BBox: [L:472, T:2437, R:489, B:2455]
[INFO]  BBox: [L:506, T:2438, R:533, B:2455]
[INFO]  BBox: [L:536, T:2437, R:553, B:2456]
[INFO]  BBox: [L:555, T:2437, R:578, B:2455]
[INFO]  BBox: [L:580, T:2434, R:593, B:2456]
[INFO]  BBox: [L:610, T:2434, R:623, B:2456]
[INFO]  BBox: [L:625, T:2437, R:645, B:2456]
[INFO]  BBox: [L:661, T:2437, R:679, B:2463]
[INFO]  BBox: [L:681, T:2438, R:698, B:2456]
[INFO]  BBox: [L:702, T:2435, R:714, B:2456]
[INFO]  BBox: [L:731, T:2438, R:747, B:2456]
[INFO]  BBox: [L:750, T:2438, R:770, B:2456]
[INFO]  BBox: [L:773, T:2438, R:789, B:2456]
[INFO]  BBox: [L:792, T:2438, R:815, B:2456]
[INFO]  BBox: [L:819, T:2451, R:825, B:2461]
[INFO]  BBox: [L:844, T:2438, R:861, B:2456]
[INFO]  BBox: [L:863, T:2438, R:886, B:2456]
[INFO]  BBox: [L:888, T:2425, R:907, B:2457]
[INFO]  BBox: [L:925, T:2435, R:937, B:2457]
[INFO]  BBox: [L:939, T:2426, R:961, B:2456]
[INFO]  BBox: [L:964, T:2438, R:981, B:2457]
[INFO]  BBox: [L:983, T:2439, R:1001, B:2464]
[INFO]  BBox: [L:282, T:2485, R:308, B:2502]
[INFO]  BBox: [L:310, T:2484, R:327, B:2502]
[INFO]  BBox: [L:328, T:2484, R:350, B:2502]
[INFO]  BBox: [L:351, T:2481, R:364, B:2503]
[INFO]  BBox: [L:376, T:2482, R:388, B:2503]
[INFO]  BBox: [L:388, T:2472, R:411, B:2502]
[INFO]  BBox: [L:412, T:2485, R:429, B:2503]
[INFO]  BBox: [L:431, T:2477, R:440, B:2503]
[INFO]  BBox: [L:441, T:2485, R:455, B:2502]
[INFO]  BBox: [L:467, T:2472, R:477, B:2502]
[INFO]  BBox: [L:478, T:2485, R:519, B:2503]
[INFO]  BBox: [L:519, T:2472, R:539, B:2503]
[INFO]  BBox: [L:550, T:2472, R:570, B:2503]
[INFO]  BBox: [L:571, T:2485, R:589, B:2503]
[INFO]  BBox: [L:589, T:2485, R:607, B:2503]
[INFO]  BBox: [L:607, T:2472, R:628, B:2503]
[INFO]  BBox: [L:630, T:2498, R:636, B:2503]
[INFO]  BBox: [L:652, T:2473, R:662, B:2509]
[INFO]  BBox: [L:665, T:2473, R:715, B:2503]
[INFO]  BBox: [L:716, T:2485, R:732, B:2504]
[INFO]  BBox: [L:745, T:2474, R:766, B:2504]
[INFO]  BBox: [L:768, T:2486, R:784, B:2504]
[INFO]  BBox: [L:786, T:2485, R:799, B:2503]
[INFO]  BBox: [L:799, T:2473, R:819, B:2504]
[INFO]  BBox: [L:820, T:2486, R:832, B:2504]
[INFO]  BBox: [L:844, T:2486, R:867, B:2504]
[INFO]  BBox: [L:867, T:2486, R:886, B:2504]
[INFO]  BBox: [L:887, T:2486, R:914, B:2504]
[INFO]  BBox: [L:926, T:2486, R:943, B:2504]
[INFO]  BBox: [L:944, T:2486, R:963, B:2504]
[INFO]  BBox: [L:964, T:2486, R:987, B:2504]
[INFO]  BBox: [L:989, T:2492, R:999, B:2498]
[INFO]  BBox: [L:282, T:2529, R:295, B:2550]
[INFO]  BBox: [L:296, T:2532, R:310, B:2550]
[INFO]  BBox: [L:310, T:2532, R:330, B:2550]
[INFO]  BBox: [L:332, T:2519, R:342, B:2550]
[INFO]  BBox: [L:355, T:2532, R:372, B:2550]
[INFO]  BBox: [L:385, T:2529, R:397, B:2550]
[INFO]  BBox: [L:398, T:2520, R:420, B:2550]
[INFO]  BBox: [L:423, T:2524, R:432, B:2550]
[INFO]  BBox: [L:433, T:2532, R:447, B:2550]
[INFO]  BBox: [L:447, T:2520, R:468, B:2551]
[INFO]  BBox: [L:480, T:2532, R:499, B:2551]
[INFO]  BBox: [L:500, T:2520, R:514, B:2550]
[INFO]  BBox: [L:523, T:2521, R:552, B:2551]
[INFO]  BBox: [L:553, T:2532, R:567, B:2550]
[INFO]  BBox: [L:568, T:2533, R:587, B:2551]
[INFO]  BBox: [L:589, T:2533, R:606, B:2551]
[INFO]  BBox: [L:608, T:2530, R:621, B:2551]
[INFO]  BBox: [L:623, T:2525, R:632, B:2551]
[INFO]  BBox: [L:634, T:2533, R:652, B:2551]
[INFO]  BBox: [L:654, T:2545, R:661, B:2556]
[INFO]  BBox: [L:675, T:2533, R:692, B:2551]
[INFO]  BBox: [L:705, T:2533, R:717, B:2551]
[INFO]  BBox: [L:720, T:2520, R:729, B:2551]
[INFO]  BBox: [L:731, T:2533, R:748, B:2551]
[INFO]  BBox: [L:749, T:2533, R:772, B:2551]
[INFO]  BBox: [L:772, T:2521, R:792, B:2551]
[INFO]  BBox: [L:794, T:2533, R:811, B:2551]
[INFO]  BBox: [L:812, T:2533, R:826, B:2551]
[INFO]  BBox: [L:837, T:2533, R:850, B:2552]
[INFO]  BBox: [L:851, T:2521, R:874, B:2551]
[INFO]  BBox: [L:876, T:2533, R:893, B:2552]
[INFO]  BBox: [L:894, T:2533, R:907, B:2551]
[INFO]  BBox: [L:908, T:2521, R:928, B:2552]
[INFO]  BBox: [L:940, T:2534, R:959, B:2552]
[INFO]  BBox: [L:960, T:2521, R:975, B:2552]
[INFO]  BBox: [L:984, T:2534, R:1002, B:2552]
[INFO]  BBox: [L:282, T:2580, R:295, B:2598]
[INFO]  BBox: [L:298, T:2577, R:310, B:2599]
[INFO]  BBox: [L:313, T:2580, R:330, B:2598]
[INFO]  BBox: [L:333, T:2577, R:346, B:2599]
[INFO]  BBox: [L:348, T:2580, R:365, B:2599]
[INFO]  BBox: [L:383, T:2581, R:410, B:2599]
[INFO]  BBox: [L:413, T:2572, R:423, B:2598]
[INFO]  BBox: [L:426, T:2577, R:439, B:2599]
[INFO]  BBox: [L:440, T:2568, R:463, B:2599]
[INFO]  BBox: [L:481, T:2569, R:510, B:2599]
[INFO]  BBox: [L:511, T:2581, R:531, B:2599]
[INFO]  BBox: [L:533, T:2568, R:553, B:2599]
[INFO]  BBox: [L:556, T:2581, R:569, B:2599]
[INFO]  BBox: [L:571, T:2581, R:591, B:2599]
[INFO]  BBox: [L:593, T:2581, R:613, B:2599]
[INFO]  BBox: [L:615, T:2581, R:637, B:2599]
[INFO]  BBox: [L:641, T:2573, R:650, B:2599]
[INFO]  BBox: [L:652, T:2568, R:673, B:2599]
[INFO]  BBox: [L:690, T:2581, R:712, B:2599]
[INFO]  BBox: [L:715, T:2581, R:732, B:2600]
[INFO]  BBox: [L:735, T:2581, R:753, B:2600]
[INFO]  BBox: [L:755, T:2581, R:768, B:2599]
[INFO]  BBox: [L:787, T:2573, R:796, B:2599]
[INFO]  BBox: [L:799, T:2578, R:812, B:2600]
[INFO]  BBox: [L:814, T:2581, R:826, B:2600]
[INFO]  BBox: [L:845, T:2582, R:858, B:2600]
[INFO]  BBox: [L:860, T:2581, R:880, B:2600]
[INFO]  BBox: [L:882, T:2582, R:902, B:2600]
[INFO]  BBox: [L:905, T:2579, R:918, B:2600]
[INFO]  BBox: [L:919, T:2569, R:942, B:2600]
[INFO]  BBox: [L:944, T:2582, R:961, B:2600]
[INFO]  BBox: [L:964, T:2582, R:977, B:2600]
[INFO]  BBox: [L:979, T:2582, R:1001, B:2600]
[INFO]  BBox: [L:282, T:2625, R:295, B:2647]
[INFO]  BBox: [L:298, T:2620, R:307, B:2646]
[INFO]  BBox: [L:309, T:2628, R:328, B:2655]
[INFO]  BBox: [L:332, T:2641, R:338, B:2646]
[INFO]  BBox: [L:345, T:2616, R:355, B:2652]
[INFO]  BBox: [L:370, T:2617, R:398, B:2646]
[INFO]  BBox: [L:399, T:2616, R:421, B:2646]
[INFO]  BBox: [L:424, T:2620, R:433, B:2646]
[INFO]  BBox: [L:436, T:2629, R:448, B:2647]
[INFO]  BBox: [L:463, T:2616, R:483, B:2647]
[INFO]  BBox: [L:484, T:2629, R:504, B:2647]
[INFO]  BBox: [L:506, T:2629, R:522, B:2647]
[INFO]  BBox: [L:525, T:2629, R:537, B:2647]
[INFO]  BBox: [L:539, T:2629, R:562, B:2647]
[INFO]  BBox: [L:564, T:2618, R:571, B:2629]
[INFO]  BBox: [L:574, T:2626, R:587, B:2647]
[INFO]  BBox: [L:601, T:2629, R:618, B:2647]
[INFO]  BBox: [L:620, T:2630, R:640, B:2647]
[INFO]  BBox: [L:642, T:2628, R:659, B:2655]
[INFO]  BBox: [L:661, T:2630, R:681, B:2648]
[INFO]  BBox: [L:682, T:2629, R:696, B:2647]
[INFO]  BBox: [L:709, T:2630, R:736, B:2647]
[INFO]  BBox: [L:738, T:2629, R:754, B:2648]
[INFO]  BBox: [L:757, T:2617, R:768, B:2647]
[INFO]  BBox: [L:770, T:2617, R:780, B:2647]
[INFO]  BBox: [L:793, T:2617, R:808, B:2647]
[INFO]  BBox: [L:807, T:2629, R:826, B:2648]
[INFO]  BBox: [L:828, T:2629, R:841, B:2648]
[INFO]  BBox: [L:855, T:2629, R:874, B:2656]
[INFO]  BBox: [L:877, T:2630, R:893, B:2648]
[INFO]  BBox: [L:896, T:2630, R:913, B:2648]
[INFO]  BBox: [L:915, T:2630, R:933, B:2648]
[INFO]  BBox: [L:934, T:2630, R:951, B:2648]
[INFO]  BBox: [L:966, T:2630, R:985, B:2648]
[INFO]  BBox: [L:987, T:2630, R:1001, B:2648]
[INFO]  BBox: [L:281, T:2664, R:296, B:2694]
[INFO]  BBox: [L:294, T:2676, R:313, B:2695]
[INFO]  BBox: [L:314, T:2676, R:328, B:2694]
[INFO]  BBox: [L:339, T:2673, R:352, B:2695]
[INFO]  BBox: [L:352, T:2663, R:375, B:2694]
[INFO]  BBox: [L:376, T:2676, R:393, B:2695]
[INFO]  BBox: [L:405, T:2676, R:418, B:2694]
[INFO]  BBox: [L:419, T:2676, R:436, B:2695]
[INFO]  BBox: [L:438, T:2673, R:451, B:2695]
[INFO]  BBox: [L:451, T:2677, R:471, B:2695]
[INFO]  BBox: [L:472, T:2676, R:508, B:2695]
[INFO]  BBox: [L:520, T:2677, R:539, B:2695]
[INFO]  BBox: [L:540, T:2664, R:554, B:2695]
[INFO]  BBox: [L:564, T:2674, R:576, B:2695]
[INFO]  BBox: [L:577, T:2677, R:596, B:2695]
[INFO]  BBox: [L:597, T:2678, R:617, B:2695]
[INFO]  BBox: [L:618, T:2677, R:632, B:2695]
[INFO]  BBox: [L:633, T:2669, R:642, B:2695]
[INFO]  BBox: [L:644, T:2677, R:656, B:2695]
[INFO]  BBox: [L:658, T:2674, R:684, B:2696]
[INFO]  BBox: [L:687, T:2690, R:693, B:2701]
[INFO]  BBox: [L:706, T:2678, R:733, B:2696]
[INFO]  BBox: [L:733, T:2665, R:756, B:2695]
[INFO]  BBox: [L:758, T:2669, R:768, B:2695]
[INFO]  BBox: [L:768, T:2677, R:786, B:2696]
[INFO]  BBox: [L:787, T:2665, R:810, B:2695]
[INFO]  BBox: [L:822, T:2666, R:870, B:2696]
[INFO]  BBox: [L:871, T:2665, R:891, B:2696]
[INFO]  BBox: [L:892, T:2677, R:906, B:2696]
[INFO]  BBox: [L:906, T:2678, R:925, B:2696]
[INFO]  BBox: [L:926, T:2678, R:969, B:2696]
[INFO]  BBox: [L:971, T:2670, R:980, B:2696]
[INFO]  BBox: [L:981, T:2665, R:1002, B:2696]
[INFO]  BBox: [L:282, T:2724, R:304, B:2743]
[INFO]  BBox: [L:306, T:2725, R:322, B:2743]
[INFO]  BBox: [L:325, T:2725, R:342, B:2743]
[INFO]  BBox: [L:344, T:2712, R:364, B:2743]
[INFO]  BBox: [L:366, T:2725, R:378, B:2743]
[INFO]  BBox: [L:382, T:2737, R:388, B:2742]
[INFO]  BBox: [L:416, T:2714, R:443, B:2743]
[INFO]  BBox: [L:445, T:2725, R:465, B:2743]
[INFO]  BBox: [L:466, T:2726, R:486, B:2743]
[INFO]  BBox: [L:488, T:2725, R:502, B:2743]
[INFO]  BBox: [L:504, T:2717, R:513, B:2743]
[INFO]  BBox: [L:515, T:2725, R:528, B:2744]
[INFO]  BBox: [L:530, T:2725, R:561, B:2743]
[INFO]  BBox: [L:576, T:2725, R:593, B:2744]
[INFO]  BBox: [L:595, T:2725, R:612, B:2744]
[INFO]  BBox: [L:614, T:2725, R:631, B:2744]
[INFO]  BBox: [L:633, T:2725, R:652, B:2744]
[INFO]  BBox: [L:655, T:2726, R:675, B:2744]
[INFO]  BBox: [L:676, T:2725, R:699, B:2744]
[INFO]  BBox: [L:700, T:2723, R:713, B:2744]
[INFO]  BBox: [L:715, T:2726, R:732, B:2744]
[INFO]  BBox: [L:734, T:2713, R:754, B:2744]
[INFO]  BBox: [L:767, T:2713, R:782, B:2744]
[INFO]  BBox: [L:780, T:2726, R:800, B:2744]
[INFO]  BBox: [L:802, T:2726, R:816, B:2744]
[INFO]  BBox: [L:830, T:2715, R:848, B:2744]
[INFO]  BBox: [L:851, T:2715, R:870, B:2745]
[INFO]  BBox: [L:884, T:2726, R:904, B:2753]
[INFO]  BBox: [L:906, T:2726, R:923, B:2745]
[INFO]  BBox: [L:925, T:2726, R:939, B:2744]
[INFO]  BBox: [L:940, T:2726, R:957, B:2745]
[INFO]  BBox: [L:959, T:2726, R:976, B:2745]
[INFO]  BBox: [L:978, T:2726, R:1001, B:2745]
[INFO]  BBox: [L:1003, T:2724, R:1015, B:2745]
[INFO]  BBox: [L:1030, T:2727, R:1049, B:2745]
[INFO]  BBox: [L:1050, T:2714, R:1065, B:2745]
[INFO]  BBox: [L:1077, T:2724, R:1089, B:2745]
[INFO]  BBox: [L:1090, T:2714, R:1113, B:2745]
[INFO]  BBox: [L:1115, T:2727, R:1131, B:2745]
[INFO]  BBox: [L:1146, T:2727, R:1164, B:2746]
[INFO]  BBox: [L:1167, T:2719, R:1176, B:2745]
[INFO]  BBox: [L:1179, T:2724, R:1191, B:2746]
[INFO]  BBox: [L:1192, T:2728, R:1210, B:2754]
[INFO]  BBox: [L:1213, T:2716, R:1219, B:2727]
[INFO]  BBox: [L:1222, T:2727, R:1235, B:2746]
[INFO]  BBox: [L:281, T:2772, R:301, B:2799]
[INFO]  BBox: [L:303, T:2772, R:317, B:2791]
[INFO]  BBox: [L:318, T:2773, R:335, B:2791]
[INFO]  BBox: [L:337, T:2773, R:364, B:2791]
[INFO]  BBox: [L:366, T:2773, R:383, B:2791]
[INFO]  BBox: [L:385, T:2773, R:399, B:2791]
[INFO]  BBox: [L:411, T:2773, R:427, B:2792]
[INFO]  BBox: [L:430, T:2773, R:447, B:2792]
[INFO]  BBox: [L:449, T:2773, R:469, B:2792]
[INFO]  BBox: [L:471, T:2773, R:493, B:2791]
[INFO]  BBox: [L:495, T:2773, R:514, B:2792]
[INFO]  BBox: [L:516, T:2773, R:547, B:2791]
[INFO]  BBox: [L:548, T:2774, R:566, B:2799]
[INFO]  BBox: [L:570, T:2786, R:575, B:2791]
[INFO]  BBox: [L:331, T:2810, R:361, B:2839]
[INFO]  BBox: [L:364, T:2812, R:373, B:2838]
[INFO]  BBox: [L:375, T:2820, R:397, B:2838]
[INFO]  BBox: [L:398, T:2808, R:419, B:2839]
[INFO]  BBox: [L:420, T:2821, R:439, B:2839]
[INFO]  BBox: [L:456, T:2810, R:490, B:2839]
[INFO]  BBox: [L:494, T:2813, R:503, B:2839]
[INFO]  BBox: [L:506, T:2808, R:516, B:2839]
[INFO]  BBox: [L:518, T:2822, R:537, B:2839]
[INFO]  BBox: [L:540, T:2818, R:552, B:2839]
[INFO]  BBox: [L:555, T:2813, R:565, B:2839]
[INFO]  BBox: [L:566, T:2821, R:589, B:2839]
[INFO]  BBox: [L:591, T:2821, R:610, B:2840]
[INFO]  BBox: [L:612, T:2822, R:631, B:2839]
[INFO]  BBox: [L:635, T:2813, R:644, B:2839]
[INFO]  BBox: [L:646, T:2818, R:659, B:2840]
[INFO]  BBox: [L:661, T:2822, R:678, B:2840]
[INFO]  BBox: [L:679, T:2809, R:702, B:2840]
[INFO]  BBox: [L:718, T:2819, R:731, B:2840]
[INFO]  BBox: [L:732, T:2822, R:752, B:2840]
[INFO]  BBox: [L:754, T:2822, R:791, B:2840]
[INFO]  BBox: [L:793, T:2822, R:810, B:2840]
[INFO]  BBox: [L:812, T:2809, R:832, B:2840]
[INFO]  BBox: [L:847, T:2809, R:870, B:2840]
[INFO]  BBox: [L:873, T:2814, R:882, B:2840]
[INFO]  BBox: [L:884, T:2822, R:896, B:2840]
[INFO]  BBox: [L:912, T:2809, R:932, B:2841]
[INFO]  BBox: [L:934, T:2822, R:952, B:2841]
[INFO]  BBox: [L:954, T:2819, R:967, B:2841]
[INFO]  BBox: [L:969, T:2819, R:982, B:2841]
[INFO]  BBox: [L:983, T:2822, R:1000, B:2841]
[INFO]  BBox: [L:1002, T:2822, R:1016, B:2840]
[INFO]  BBox: [L:1017, T:2823, R:1034, B:2841]
[INFO]  BBox: [L:1036, T:2810, R:1056, B:2841]
[INFO]  BBox: [L:1071, T:2810, R:1086, B:2841]
[INFO]  BBox: [L:1085, T:2823, R:1102, B:2841]
[INFO]  BBox: [L:1104, T:2823, R:1122, B:2841]
[INFO]  BBox: [L:1124, T:2823, R:1140, B:2841]
[INFO]  BBox: [L:1156, T:2811, R:1171, B:2841]
[INFO]  BBox: [L:1169, T:2823, R:1183, B:2841]
[INFO]  BBox: [L:1184, T:2823, R:1203, B:2842]
[INFO]  BBox: [L:1206, T:2823, R:1237, B:2841]
[INFO]  BBox: [L:282, T:2865, R:295, B:2887]
[INFO]  BBox: [L:296, T:2856, R:319, B:2886]
[INFO]  BBox: [L:321, T:2869, R:337, B:2887]
[INFO]  BBox: [L:354, T:2869, R:381, B:2887]
[INFO]  BBox: [L:382, T:2856, R:405, B:2887]
[INFO]  BBox: [L:406, T:2869, R:423, B:2887]
[INFO]  BBox: [L:426, T:2869, R:442, B:2887]
[INFO]  BBox: [L:446, T:2856, R:456, B:2887]
[INFO]  BBox: [L:472, T:2869, R:492, B:2887]
[INFO]  BBox: [L:493, T:2856, R:508, B:2887]
[INFO]  BBox: [L:520, T:2856, R:542, B:2887]
[INFO]  BBox: [L:545, T:2861, R:555, B:2887]
[INFO]  BBox: [L:557, T:2869, R:570, B:2887]
[INFO]  BBox: [L:585, T:2856, R:605, B:2888]
[INFO]  BBox: [L:607, T:2869, R:624, B:2888]
[INFO]  BBox: [L:627, T:2869, R:645, B:2888]
[INFO]  BBox: [L:647, T:2866, R:660, B:2888]
[INFO]  BBox: [L:663, T:2875, R:673, B:2881]
[INFO]  BBox: [L:676, T:2870, R:696, B:2888]
[INFO]  BBox: [L:698, T:2869, R:717, B:2896]
[INFO]  BBox: [L:733, T:2859, R:763, B:2888]
[INFO]  BBox: [L:765, T:2870, R:784, B:2888]
[INFO]  BBox: [L:787, T:2857, R:797, B:2888]
[INFO]  BBox: [L:799, T:2870, R:819, B:2888]
[INFO]  BBox: [L:821, T:2870, R:840, B:2888]
[INFO]  BBox: [L:857, T:2867, R:870, B:2888]
[INFO]  BBox: [L:872, T:2870, R:889, B:2888]
[INFO]  BBox: [L:891, T:2870, R:910, B:2888]
[INFO]  BBox: [L:914, T:2862, R:923, B:2888]
[INFO]  BBox: [L:940, T:2870, R:957, B:2889]
[INFO]  BBox: [L:959, T:2870, R:982, B:2888]
[INFO]  BBox: [L:983, T:2858, R:1003, B:2889]
[INFO]  BBox: [L:1019, T:2871, R:1032, B:2889]
[INFO]  BBox: [L:1034, T:2871, R:1052, B:2889]
[INFO]  BBox: [L:1055, T:2863, R:1064, B:2889]
[INFO]  BBox: [L:1066, T:2858, R:1086, B:2889]
[INFO]  BBox: [L:1090, T:2883, R:1096, B:2895]
[INFO]  BBox: [L:1114, T:2860, R:1120, B:2871]
[INFO]  BBox: [L:1122, T:2860, R:1128, B:2871]
[INFO]  BBox: [L:1130, T:2860, R:1158, B:2889]
[INFO]  BBox: [L:1159, T:2858, R:1182, B:2889]
[INFO]  BBox: [L:1183, T:2871, R:1200, B:2890]
[INFO]  BBox: [L:1203, T:2871, R:1216, B:2889]
[INFO]  BBox: [L:1218, T:2871, R:1234, B:2890]
[INFO]  BBox: [L:282, T:2917, R:308, B:2935]
[INFO]  BBox: [L:310, T:2917, R:327, B:2935]
[INFO]  BBox: [L:329, T:2916, R:342, B:2934]
[INFO]  BBox: [L:343, T:2917, R:360, B:2935]
[INFO]  BBox: [L:373, T:2917, R:393, B:2935]
[INFO]  BBox: [L:394, T:2917, R:417, B:2935]
[INFO]  BBox: [L:418, T:2917, R:435, B:2935]
[INFO]  BBox: [L:447, T:2904, R:470, B:2935]
[INFO]  BBox: [L:471, T:2918, R:491, B:2935]
[INFO]  BBox: [L:492, T:2917, R:514, B:2935]
[INFO]  BBox: [L:516, T:2905, R:535, B:2935]
[INFO]  BBox: [L:537, T:2917, R:551, B:2935]
[INFO]  BBox: [L:552, T:2917, R:568, B:2936]
[INFO]  BBox: [L:570, T:2905, R:590, B:2935]
[INFO]  BBox: [L:603, T:2917, R:621, B:2936]
[INFO]  BBox: [L:622, T:2917, R:645, B:2935]
[INFO]  BBox: [L:645, T:2905, R:665, B:2936]
[INFO]  BBox: [L:678, T:2915, R:691, B:2936]
[INFO]  BBox: [L:692, T:2918, R:719, B:2936]
[INFO]  BBox: [L:720, T:2918, R:737, B:2936]
[INFO]  BBox: [L:739, T:2918, R:762, B:2936]
[INFO]  BBox: [L:763, T:2915, R:776, B:2936]
[INFO]  BBox: [L:777, T:2918, R:795, B:2944]
[INFO]  BBox: [L:808, T:2915, R:820, B:2936]
[INFO]  BBox: [L:822, T:2918, R:840, B:2936]
[INFO]  BBox: [L:841, T:2918, R:860, B:2936]
[INFO]  BBox: [L:863, T:2910, R:873, B:2936]
[INFO]  BBox: [L:874, T:2918, R:887, B:2936]
[INFO]  BBox: [L:901, T:2910, R:910, B:2936]
[INFO]  BBox: [L:912, T:2918, R:934, B:2936]
[INFO]  BBox: [L:947, T:2907, R:975, B:2936]
[INFO]  BBox: [L:976, T:2919, R:996, B:2937]
[INFO]  BBox: [L:997, T:2906, R:1017, B:2937]
[INFO]  BBox: [L:1019, T:2918, R:1033, B:2937]
[INFO]  BBox: [L:1033, T:2919, R:1053, B:2937]
[INFO]  BBox: [L:1054, T:2919, R:1098, B:2937]
[INFO]  BBox: [L:1101, T:2911, R:1110, B:2937]
[INFO]  BBox: [L:1111, T:2906, R:1132, B:2937]
[INFO]  BBox: [L:1135, T:2932, R:1141, B:2937]
[INFO]  BBox: [L:1154, T:2908, R:1184, B:2937]
[INFO]  BBox: [L:1188, T:2919, R:1207, B:2938]
[INFO]  BBox: [L:1208, T:2920, R:1235, B:2938]
[INFO]  BBox: [L:282, T:2961, R:295, B:2982]
[INFO]  BBox: [L:296, T:2951, R:318, B:2982]
[INFO]  BBox: [L:320, T:2964, R:337, B:2982]
[INFO]  BBox: [L:339, T:2964, R:353, B:2982]
[INFO]  BBox: [L:354, T:2964, R:371, B:2983]
[INFO]  BBox: [L:386, T:2964, R:403, B:2982]
[INFO]  BBox: [L:405, T:2964, R:418, B:2982]
[INFO]  BBox: [L:420, T:2964, R:436, B:2983]
[INFO]  BBox: [L:451, T:2964, R:470, B:2983]
[INFO]  BBox: [L:472, T:2964, R:495, B:2982]
[INFO]  BBox: [L:497, T:2952, R:507, B:2982]
[INFO]  BBox: [L:508, T:2965, R:526, B:2991]
[INFO]  BBox: [L:540, T:2965, R:552, B:2983]
[INFO]  BBox: [L:555, T:2965, R:571, B:2983]
[INFO]  BBox: [L:574, T:2965, R:593, B:2983]
[INFO]  BBox: [L:595, T:2965, R:612, B:2983]
[INFO]  BBox: [L:614, T:2965, R:637, B:2983]
[INFO]  BBox: [L:640, T:2977, R:646, B:2989]
[INFO]  BBox: [L:662, T:2965, R:679, B:2983]
[INFO]  BBox: [L:681, T:2965, R:703, B:2983]
[INFO]  BBox: [L:705, T:2953, R:724, B:2984]
[INFO]  BBox: [L:738, T:2953, R:758, B:2984]
[INFO]  BBox: [L:760, T:2966, R:780, B:2984]
[INFO]  BBox: [L:781, T:2965, R:794, B:2984]
[INFO]  BBox: [L:797, T:2957, R:807, B:2983]
[INFO]  BBox: [L:808, T:2965, R:831, B:2984]
[INFO]  BBox: [L:832, T:2965, R:849, B:2984]
[INFO]  BBox: [L:852, T:2965, R:864, B:2984]
[INFO]  BBox: [L:866, T:2965, R:879, B:2984]
[INFO]  BBox: [L:894, T:2957, R:903, B:2984]
[INFO]  BBox: [L:906, T:2966, R:918, B:2984]
[INFO]  BBox: [L:932, T:2966, R:945, B:2984]
[INFO]  BBox: [L:947, T:2963, R:960, B:2984]
[INFO]  BBox: [L:963, T:2958, R:972, B:2984]
[INFO]  BBox: [L:975, T:2953, R:985, B:2984]
[INFO]  BBox: [L:987, T:2953, R:997, B:2984]
[INFO]  BBox: [L:1012, T:2953, R:1022, B:2984]
[INFO]  BBox: [L:1023, T:2966, R:1043, B:2985]
[INFO]  BBox: [L:1045, T:2967, R:1065, B:2985]
[INFO]  BBox: [L:1066, T:2966, R:1079, B:2985]
[INFO]  BBox: [L:1081, T:2967, R:1099, B:2993]
[INFO]  BBox: [L:1102, T:2979, R:1108, B:2984]
[INFO]  BBox: [L:1123, T:2955, R:1148, B:2985]
[INFO]  BBox: [L:1150, T:2966, R:1169, B:2985]
[INFO]  BBox: [L:1171, T:2967, R:1191, B:2985]
[INFO]  BBox: [L:1194, T:2956, R:1200, B:2967]
[INFO]  BBox: [L:1203, T:2967, R:1216, B:2985]
[INFO]  BBox: [L:1218, T:2967, R:1234, B:2985]
[INFO]  BBox: [L:282, T:3000, R:318, B:3031]
[INFO]  BBox: [L:318, T:3013, R:335, B:3031]
[INFO]  BBox: [L:347, T:3000, R:362, B:3031]
[INFO]  BBox: [L:361, T:3004, R:370, B:3031]
[INFO]  BBox: [L:371, T:3013, R:384, B:3031]
[INFO]  BBox: [L:385, T:3013, R:397, B:3031]
[INFO]  BBox: [L:399, T:3010, R:411, B:3031]
[INFO]  BBox: [L:424, T:3010, R:436, B:3031]
[INFO]  BBox: [L:437, T:3013, R:457, B:3031]
[INFO]  BBox: [L:458, T:3014, R:477, B:3031]
[INFO]  BBox: [L:478, T:3013, R:492, B:3031]
[INFO]  BBox: [L:493, T:3005, R:502, B:3031]
[INFO]  BBox: [L:504, T:3013, R:516, B:3031]
[INFO]  BBox: [L:518, T:3010, R:531, B:3031]
[INFO]  BBox: [L:543, T:3002, R:554, B:3031]
[INFO]  BBox: [L:557, T:3002, R:563, B:3013]
[INFO]  BBox: [L:565, T:3014, R:585, B:3031]
[INFO]  BBox: [L:586, T:3014, R:603, B:3032]
[INFO]  BBox: [L:615, T:3000, R:635, B:3032]
[INFO]  BBox: [L:636, T:3013, R:649, B:3031]
[INFO]  BBox: [L:651, T:3005, R:660, B:3031]
[INFO]  BBox: [L:661, T:3014, R:681, B:3032]
[INFO]  BBox: [L:682, T:3014, R:699, B:3032]
[INFO]  BBox: [L:700, T:3014, R:723, B:3032]
[INFO]  BBox: [L:735, T:3005, R:744, B:3032]
[INFO]  BBox: [L:745, T:3014, R:768, B:3032]
[INFO]  BBox: [L:780, T:3011, R:820, B:3032]
[INFO]  BBox: [L:821, T:3014, R:840, B:3033]
[INFO]  BBox: [L:852, T:3015, R:870, B:3040]
[INFO]  BBox: [L:871, T:3014, R:888, B:3033]
[INFO]  BBox: [L:889, T:3014, R:907, B:3033]
[INFO]  BBox: [L:908, T:3014, R:921, B:3033]
[INFO]  BBox: [L:922, T:3014, R:934, B:3033]
[INFO]  BBox: [L:937, T:3027, R:943, B:3032]
[INFO]  BBox: [L:946, T:3003, R:953, B:3015]
[INFO]  BBox: [L:954, T:3003, R:961, B:3015]
[INFO]  BBox: [L:973, T:3003, R:995, B:3033]
[INFO]  BBox: [L:997, T:3006, R:1006, B:3033]
[INFO]  BBox: [L:1007, T:3001, R:1028, B:3033]
[INFO]  BBox: [L:1028, T:3015, R:1045, B:3033]
[INFO]  BBox: [L:1059, T:3003, R:1075, B:3035]
[INFO]  BBox: [L:1078, T:3003, R:1097, B:3034]
[INFO]  BBox: [L:1109, T:3015, R:1129, B:3041]
[INFO]  BBox: [L:1130, T:3015, R:1147, B:3034]
[INFO]  BBox: [L:1148, T:3015, R:1162, B:3033]
[INFO]  BBox: [L:1162, T:3015, R:1180, B:3034]
[INFO]  BBox: [L:1181, T:3015, R:1198, B:3034]
[INFO]  BBox: [L:1198, T:3015, R:1221, B:3033]
[INFO]  BBox: [L:1222, T:3012, R:1235, B:3034]
[INFO]  BBox: [L:282, T:3061, R:301, B:3079]
[INFO]  BBox: [L:303, T:3048, R:317, B:3078]
[INFO]  BBox: [L:330, T:3049, R:359, B:3079]
[INFO]  BBox: [L:360, T:3061, R:380, B:3079]
[INFO]  BBox: [L:382, T:3048, R:401, B:3079]
[INFO]  BBox: [L:403, T:3061, R:417, B:3079]
[INFO]  BBox: [L:418, T:3061, R:438, B:3079]
[INFO]  BBox: [L:439, T:3061, R:459, B:3079]
[INFO]  BBox: [L:461, T:3061, R:484, B:3079]
[INFO]  BBox: [L:486, T:3053, R:495, B:3079]
[INFO]  BBox: [L:497, T:3048, R:518, B:3079]
[INFO]  BBox: [L:520, T:3050, R:526, B:3061]
[INFO]  BBox: [L:530, T:3061, R:542, B:3079]
[INFO]  BBox: [L:559, T:3053, R:569, B:3079]
[INFO]  BBox: [L:571, T:3061, R:593, B:3079]
[INFO]  BBox: [L:594, T:3049, R:617, B:3079]
[INFO]  BBox: [L:619, T:3062, R:636, B:3080]
[INFO]  BBox: [L:638, T:3049, R:658, B:3080]
[INFO]  BBox: [L:661, T:3053, R:670, B:3079]
[INFO]  BBox: [L:673, T:3059, R:686, B:3080]
[INFO]  BBox: [L:688, T:3062, R:705, B:3080]
[INFO]  BBox: [L:707, T:3062, R:729, B:3080]
[INFO]  BBox: [L:732, T:3059, R:744, B:3080]
[INFO]  BBox: [L:746, T:3062, R:758, B:3080]
[INFO]  BBox: [L:762, T:3074, R:768, B:3085]
[INFO]  BBox: [L:785, T:3049, R:808, B:3080]
[INFO]  BBox: [L:810, T:3062, R:826, B:3080]
[INFO]  BBox: [L:843, T:3049, R:863, B:3080]
[INFO]  BBox: [L:865, T:3062, R:882, B:3081]
[INFO]  BBox: [L:883, T:3062, R:903, B:3089]
[INFO]  BBox: [L:906, T:3062, R:922, B:3081]
[INFO]  BBox: [L:925, T:3062, R:947, B:3080]
[INFO]  BBox: [L:948, T:3050, R:969, B:3081]
[INFO]  BBox: [L:970, T:3063, R:983, B:3081]
[INFO]  BBox: [L:999, T:3063, R:1018, B:3081]
[INFO]  BBox: [L:1020, T:3063, R:1043, B:3081]
[INFO]  BBox: [L:1058, T:3052, R:1085, B:3081]
[INFO]  BBox: [L:1087, T:3063, R:1104, B:3081]
[INFO]  BBox: [L:1106, T:3050, R:1126, B:3082]
[INFO]  BBox: [L:1141, T:3052, R:1170, B:3082]
[INFO]  BBox: [L:1172, T:3063, R:1186, B:3081]
[INFO]  BBox: [L:1187, T:3063, R:1206, B:3082]
[INFO]  BBox: [L:1209, T:3063, R:1221, B:3082]
[INFO]  BBox: [L:1223, T:3063, R:1236, B:3082]
[INFO]  BBox: [L:281, T:3096, R:295, B:3126]
[INFO]  BBox: [L:294, T:3109, R:313, B:3127]
[INFO]  BBox: [L:315, T:3109, R:335, B:3127]
[INFO]  BBox: [L:337, T:3096, R:357, B:3127]
[INFO]  BBox: [L:372, T:3108, R:392, B:3135]
[INFO]  BBox: [L:394, T:3109, R:412, B:3127]
[INFO]  BBox: [L:414, T:3109, R:427, B:3127]
[INFO]  BBox: [L:429, T:3109, R:446, B:3127]
[INFO]  BBox: [L:448, T:3109, R:465, B:3127]
[INFO]  BBox: [L:468, T:3096, R:478, B:3127]
[INFO]  BBox: [L:480, T:3109, R:492, B:3127]
[INFO]  BBox: [L:509, T:3106, R:522, B:3127]
[INFO]  BBox: [L:523, T:3109, R:543, B:3128]
[INFO]  BBox: [L:559, T:3109, R:571, B:3128]
[INFO]  BBox: [L:573, T:3110, R:593, B:3128]
[INFO]  BBox: [L:595, T:3109, R:609, B:3127]
[INFO]  BBox: [L:610, T:3110, R:629, B:3128]
[INFO]  BBox: [L:633, T:3101, R:642, B:3127]
[INFO]  BBox: [L:643, T:3110, R:663, B:3128]
[INFO]  BBox: [L:666, T:3110, R:682, B:3128]
[INFO]  BBox: [L:686, T:3122, R:692, B:3127]
[INFO]  BBox: [L:710, T:3098, R:741, B:3128]
[INFO]  BBox: [L:742, T:3110, R:765, B:3128]
[INFO]  BBox: [L:766, T:3110, R:784, B:3128]
[INFO]  BBox: [L:786, T:3110, R:802, B:3128]
[INFO]  BBox: [L:820, T:3110, R:837, B:3128]
[INFO]  BBox: [L:853, T:3110, R:884, B:3128]
[INFO]  BBox: [L:886, T:3110, R:905, B:3129]
[INFO]  BBox: [L:907, T:3110, R:930, B:3128]
[INFO]  BBox: [L:931, T:3107, R:944, B:3129]
[INFO]  BBox: [L:945, T:3098, R:968, B:3129]
[INFO]  BBox: [L:971, T:3123, R:977, B:3134]
[INFO]  BBox: [L:995, T:3111, R:1012, B:3129]
[INFO]  BBox: [L:1014, T:3111, R:1037, B:3129]
[INFO]  BBox: [L:1038, T:3111, R:1056, B:3137]
[INFO]  BBox: [L:1071, T:3111, R:1091, B:3137]
[INFO]  BBox: [L:1093, T:3111, R:1110, B:3129]
[INFO]  BBox: [L:1113, T:3111, R:1126, B:3129]
[INFO]  BBox: [L:1127, T:3111, R:1140, B:3130]
[INFO]  BBox: [L:1142, T:3111, R:1161, B:3130]
[INFO]  BBox: [L:1163, T:3111, R:1186, B:3129]
[INFO]  BBox: [L:1202, T:3103, R:1212, B:3129]
[INFO]  BBox: [L:1213, T:3111, R:1236, B:3129]
[INFO]  BBox: [L:217, T:3202, R:234, B:3223]
[INFO]  BBox: [L:235, T:3202, R:254, B:3222]
[INFO]  BBox: [L:275, T:3192, R:287, B:3217]
[INFO]  BBox: [L:319, T:3202, R:339, B:3223]
[INFO]  BBox: [L:350, T:3207, R:365, B:3223]
[INFO]  BBox: [L:376, T:3207, R:392, B:3223]
[INFO]  BBox: [L:403, T:3207, R:419, B:3223]
[INFO]  BBox: [L:430, T:3207, R:442, B:3223]
[INFO]  BBox: [L:453, T:3208, R:466, B:3223]
[INFO]  BBox: [L:477, T:3202, R:502, B:3223]
[INFO]  BBox: [L:512, T:3203, R:529, B:3223]
[INFO]  BBox: [L:540, T:3208, R:553, B:3223]
[INFO]  BBox: [L:564, T:3208, R:571, B:3223]
[INFO]  BBox: [L:582, T:3208, R:593, B:3223]
[INFO]  BBox: [L:604, T:3208, R:621, B:3224]
[INFO]  BBox: [L:633, T:3208, R:648, B:3223]
[INFO]  BBox: [L:658, T:3208, R:671, B:3224]
[INFO]  BBox: [L:718, T:3203, R:732, B:3224]
[INFO]  BBox: [L:743, T:3208, R:756, B:3224]
[INFO]  BBox: [L:767, T:3209, R:780, B:3224]
[INFO]  BBox: [L:790, T:3209, R:805, B:3224]
[INFO]  BBox: [L:816, T:3209, R:829, B:3224]
[INFO]  BBox: [L:839, T:3209, R:858, B:3224]
[INFO]  BBox: [L:868, T:3209, R:883, B:3224]
[INFO]  BBox: [L:893, T:3209, R:906, B:3224]
[INFO]  BBox: [L:916, T:3209, R:932, B:3224]
[INFO]  BBox: [L:964, T:3205, R:973, B:3225]
[INFO]  BBox: [L:987, T:3205, R:1002, B:3225]
[INFO]  BBox: [L:1013, T:3205, R:1028, B:3225]
[INFO]  BBox: [L:1039, T:3205, R:1053, B:3225]
[INFO]  BBox: [L:870, T:1030, R:1682, B:2278]
[INFO]  BBox: [L:1082, T:2319, R:1123, B:2361]
[INFO]  BBox: [L:1124, T:2343, R:1144, B:2361]
[INFO]  BBox: [L:1152, T:2343, R:1167, B:2361]
[INFO]  BBox: [L:1192, T:2343, R:1210, B:2361]
[INFO]  BBox: [L:1218, T:2343, R:1233, B:2361]
[INFO]  BBox: [L:1241, T:2343, R:1259, B:2361]
[INFO]  BBox: [L:1267, T:2343, R:1285, B:2362]
[INFO]  BBox: [L:1293, T:2344, R:1312, B:2362]
[INFO]  BBox: [L:1320, T:2351, R:1330, B:2357]
[INFO]  BBox: [L:1338, T:2343, R:1356, B:2362]
[INFO]  BBox: [L:1364, T:2343, R:1383, B:2362]
[INFO]  BBox: [L:1392, T:2344, R:1409, B:2362]
[INFO]  BBox: [L:1417, T:2344, R:1435, B:2362]
[INFO]  BBox: [L:1443, T:2343, R:1462, B:2362]
[INFO]  BBox: [L:1181, T:2385, R:1199, B:2403]
[INFO]  BBox: [L:1207, T:2385, R:1226, B:2403]
[INFO]  BBox: [L:1234, T:2385, R:1253, B:2403]
[INFO]  BBox: [L:1261, T:2385, R:1275, B:2403]
[INFO]  BBox: [L:1284, T:2385, R:1296, B:2403]
[INFO]  BBox: [L:1321, T:2385, R:1340, B:2403]
[INFO]  BBox: [L:1348, T:2385, R:1362, B:2403]
[INFO]  BBox: [L:1148, T:2420, R:1173, B:2445]
[INFO]  BBox: [L:1182, T:2426, R:1201, B:2445]
[INFO]  BBox: [L:1210, T:2426, R:1226, B:2445]
[INFO]  BBox: [L:1234, T:2426, R:1252, B:2445]
[INFO]  BBox: [L:1260, T:2426, R:1279, B:2445]
[INFO]  BBox: [L:1288, T:2427, R:1306, B:2445]
[INFO]  BBox: [L:1314, T:2427, R:1335, B:2445]
[INFO]  BBox: [L:1344, T:2427, R:1352, B:2445]
[INFO]  BBox: [L:1360, T:2427, R:1379, B:2445]
[INFO]  BBox: [L:1387, T:2438, R:1394, B:2449]
[INFO]  BBox: [L:1096, T:2468, R:1114, B:2486]
[INFO]  BBox: [L:1123, T:2468, R:1142, B:2486]
[INFO]  BBox: [L:1150, T:2468, R:1172, B:2486]
[INFO]  BBox: [L:1180, T:2468, R:1199, B:2486]
[INFO]  BBox: [L:1207, T:2468, R:1226, B:2486]
[INFO]  BBox: [L:1234, T:2468, R:1249, B:2486]
[INFO]  BBox: [L:1257, T:2468, R:1276, B:2486]
[INFO]  BBox: [L:1301, T:2468, R:1320, B:2486]
[INFO]  BBox: [L:1328, T:2468, R:1348, B:2487]
[INFO]  BBox: [L:1357, T:2468, R:1374, B:2487]
[INFO]  BBox: [L:1383, T:2468, R:1392, B:2487]
[INFO]  BBox: [L:1400, T:2468, R:1420, B:2486]
[INFO]  BBox: [L:1429, T:2468, R:1448, B:2487]
[INFO]  BBox: [L:1124, T:2509, R:1141, B:2527]
[INFO]  BBox: [L:1150, T:2509, R:1170, B:2527]
[INFO]  BBox: [L:1178, T:2509, R:1193, B:2527]
[INFO]  BBox: [L:1219, T:2509, R:1231, B:2528]
[INFO]  BBox: [L:1240, T:2509, R:1260, B:2528]
[INFO]  BBox: [L:1268, T:2510, R:1283, B:2528]
[INFO]  BBox: [L:1291, T:2510, R:1306, B:2528]
[INFO]  BBox: [L:1314, T:2510, R:1329, B:2528]
[INFO]  BBox: [L:1337, T:2510, R:1346, B:2528]
[INFO]  BBox: [L:1354, T:2510, R:1374, B:2528]
[INFO]  BBox: [L:1383, T:2509, R:1402, B:2528]
[INFO]  BBox: [L:1411, T:2521, R:1418, B:2532]
[INFO]  BBox: [L:1153, T:2551, R:1173, B:2569]
[INFO]  BBox: [L:1180, T:2551, R:1198, B:2569]
[INFO]  BBox: [L:1206, T:2551, R:1221, B:2569]
[INFO]  BBox: [L:1246, T:2551, R:1268, B:2569]
[INFO]  BBox: [L:1276, T:2551, R:1295, B:2570]
[INFO]  BBox: [L:1304, T:2551, R:1316, B:2570]
[INFO]  BBox: [L:1325, T:2551, R:1342, B:2570]
[INFO]  BBox: [L:1350, T:2551, R:1366, B:2570]
[INFO]  BBox: [L:1374, T:2551, R:1390, B:2570]
[INFO]  BBox: [L:1115, T:2592, R:1133, B:2611]
[INFO]  BBox: [L:1141, T:2593, R:1156, B:2611]
[INFO]  BBox: [L:1165, T:2592, R:1177, B:2611]
[INFO]  BBox: [L:1186, T:2593, R:1203, B:2611]
[INFO]  BBox: [L:1211, T:2593, R:1230, B:2611]
[INFO]  BBox: [L:1239, T:2593, R:1257, B:2611]
[INFO]  BBox: [L:1264, T:2593, R:1279, B:2611]
[INFO]  BBox: [L:1287, T:2593, R:1306, B:2612]
[INFO]  BBox: [L:1331, T:2593, R:1351, B:2611]
[INFO]  BBox: [L:1359, T:2593, R:1378, B:2612]
[INFO]  BBox: [L:1387, T:2593, R:1411, B:2612]
[INFO]  BBox: [L:1420, T:2605, R:1427, B:2611]
[INFO]  BBox: [L:1311, T:615, R:1333, B:633]
[INFO]  BBox: [L:1335, T:615, R:1352, B:633]
[INFO]  BBox: [L:1354, T:615, R:1371, B:633]
[INFO]  BBox: [L:1374, T:602, R:1393, B:633]
[INFO]  BBox: [L:1407, T:615, R:1421, B:633]
[INFO]  BBox: [L:1422, T:615, R:1439, B:633]
[INFO]  BBox: [L:1441, T:615, R:1458, B:634]
[INFO]  BBox: [L:1461, T:615, R:1477, B:633]
[INFO]  BBox: [L:1480, T:607, R:1490, B:633]
[INFO]  BBox: [L:1492, T:616, R:1512, B:633]
[INFO]  BBox: [L:1513, T:615, R:1530, B:634]
[INFO]  BBox: [L:1533, T:615, R:1545, B:634]
[INFO]  BBox: [L:1559, T:602, R:1582, B:633]
[INFO]  BBox: [L:1584, T:615, R:1604, B:634]
[INFO]  BBox: [L:1605, T:616, R:1626, B:634]
[INFO]  BBox: [L:1627, T:615, R:1641, B:633]
[INFO]  BBox: [L:1643, T:628, R:1650, B:639]
[INFO]  BBox: [L:1665, T:616, R:1678, B:634]
[INFO]  BBox: [L:1680, T:616, R:1700, B:634]
[INFO]  BBox: [L:1701, T:615, R:1719, B:642]
[INFO]  BBox: [L:1721, T:616, R:1738, B:634]
[INFO]  BBox: [L:1740, T:616, R:1754, B:634]
[INFO]  BBox: [L:1757, T:628, R:1763, B:639]
[INFO]  BBox: [L:1779, T:616, R:1810, B:634]
[INFO]  BBox: [L:1812, T:616, R:1829, B:634]
[INFO]  BBox: [L:1831, T:616, R:1845, B:634]
[INFO]  BBox: [L:1846, T:615, R:1863, B:642]
[INFO]  BBox: [L:1866, T:616, R:1883, B:634]
[INFO]  BBox: [L:1885, T:616, R:1898, B:634]
[INFO]  BBox: [L:1900, T:608, R:1910, B:634]
[INFO]  BBox: [L:1911, T:616, R:1934, B:634]
[INFO]  BBox: [L:1936, T:616, R:1952, B:634]
[INFO]  BBox: [L:1957, T:628, R:1963, B:640]
[INFO]  BBox: [L:1978, T:616, R:1998, B:634]
[INFO]  BBox: [L:2001, T:608, R:2010, B:634]
[INFO]  BBox: [L:2013, T:603, R:2023, B:634]
[INFO]  BBox: [L:2026, T:629, R:2032, B:640]
[INFO]  BBox: [L:2048, T:616, R:2065, B:635]
[INFO]  BBox: [L:2068, T:616, R:2085, B:635]
[INFO]  BBox: [L:2087, T:616, R:2109, B:635]
[INFO]  BBox: [L:2111, T:617, R:2123, B:635]
[INFO]  BBox: [L:2137, T:616, R:2157, B:635]
[INFO]  BBox: [L:2158, T:604, R:2173, B:634]
[INFO]  BBox: [L:2183, T:604, R:2203, B:635]
[INFO]  BBox: [L:2205, T:617, R:2222, B:635]
[INFO]  BBox: [L:2224, T:617, R:2241, B:635]
[INFO]  BBox: [L:2243, T:604, R:2257, B:635]
[INFO]  BBox: [L:2257, T:629, R:2264, B:640]
[INFO]  BBox: [L:1311, T:663, R:1342, B:681]
[INFO]  BBox: [L:1345, T:663, R:1362, B:681]
[INFO]  BBox: [L:1364, T:663, R:1381, B:682]
[INFO]  BBox: [L:1383, T:650, R:1404, B:681]
[INFO]  BBox: [L:1405, T:663, R:1422, B:682]
[INFO]  BBox: [L:1423, T:663, R:1437, B:681]
[INFO]  BBox: [L:1439, T:663, R:1455, B:682]
[INFO]  BBox: [L:1458, T:650, R:1468, B:681]
[INFO]  BBox: [L:1481, T:663, R:1501, B:682]
[INFO]  BBox: [L:1504, T:655, R:1513, B:681]
[INFO]  BBox: [L:1516, T:650, R:1526, B:681]
[INFO]  BBox: [L:1539, T:663, R:1556, B:682]
[INFO]  BBox: [L:1558, T:663, R:1581, B:681]
[INFO]  BBox: [L:1581, T:651, R:1602, B:682]
[INFO]  BBox: [L:1605, T:676, R:1611, B:687]
[INFO]  BBox: [L:1626, T:663, R:1638, B:682]
[INFO]  BBox: [L:1640, T:663, R:1660, B:682]
[INFO]  BBox: [L:1662, T:663, R:1693, B:682]
[INFO]  BBox: [L:1695, T:664, R:1711, B:682]
[INFO]  BBox: [L:1714, T:661, R:1727, B:682]
[INFO]  BBox: [L:1730, T:656, R:1739, B:682]
[INFO]  BBox: [L:1741, T:663, R:1772, B:682]
[INFO]  BBox: [L:1774, T:664, R:1791, B:682]
[INFO]  BBox: [L:1793, T:664, R:1806, B:682]
[INFO]  BBox: [L:1809, T:676, R:1816, B:687]
[INFO]  BBox: [L:1830, T:664, R:1847, B:682]
[INFO]  BBox: [L:1850, T:651, R:1860, B:682]
[INFO]  BBox: [L:1862, T:664, R:1881, B:682]
[INFO]  BBox: [L:1884, T:661, R:1896, B:682]
[INFO]  BBox: [L:1897, T:651, R:1920, B:682]
[INFO]  BBox: [L:1923, T:656, R:1932, B:682]
[INFO]  BBox: [L:1934, T:664, R:1957, B:682]
[INFO]  BBox: [L:1958, T:663, R:1975, B:690]
[INFO]  BBox: [L:1979, T:677, R:1985, B:682]
[INFO]  BBox: [L:1361, T:699, R:1416, B:730]
[INFO]  BBox: [L:1417, T:711, R:1434, B:729]
[INFO]  BBox: [L:1447, T:711, R:1467, B:738]
[INFO]  BBox: [L:1468, T:711, R:1488, B:730]
[INFO]  BBox: [L:1489, T:711, R:1506, B:730]
[INFO]  BBox: [L:1508, T:711, R:1520, B:730]
[INFO]  BBox: [L:1522, T:708, R:1535, B:730]
[INFO]  BBox: [L:1537, T:703, R:1547, B:729]
[INFO]  BBox: [L:1548, T:711, R:1568, B:730]
[INFO]  BBox: [L:1569, T:711, R:1592, B:729]
[INFO]  BBox: [L:1605, T:700, R:1615, B:729]
[INFO]  BBox: [L:1629, T:711, R:1647, B:730]
[INFO]  BBox: [L:1648, T:711, R:1661, B:730]
[INFO]  BBox: [L:1662, T:699, R:1683, B:730]
[INFO]  BBox: [L:1683, T:711, R:1701, B:730]
[INFO]  BBox: [L:1702, T:699, R:1722, B:730]
[INFO]  BBox: [L:1735, T:711, R:1752, B:730]
[INFO]  BBox: [L:1753, T:712, R:1773, B:730]
[INFO]  BBox: [L:1774, T:711, R:1791, B:730]
[INFO]  BBox: [L:1793, T:711, R:1825, B:738]
[INFO]  BBox: [L:1837, T:711, R:1857, B:730]
[INFO]  BBox: [L:1858, T:699, R:1885, B:730]
[INFO]  BBox: [L:1884, T:704, R:1893, B:730]
[INFO]  BBox: [L:1894, T:712, R:1912, B:730]
[INFO]  BBox: [L:1914, T:703, R:1924, B:730]
[INFO]  BBox: [L:1926, T:712, R:1943, B:730]
[INFO]  BBox: [L:1945, T:699, R:1956, B:730]
[INFO]  BBox: [L:1968, T:701, R:1980, B:730]
[INFO]  BBox: [L:1993, T:712, R:2024, B:730]
[INFO]  BBox: [L:2026, T:712, R:2042, B:731]
[INFO]  BBox: [L:2044, T:709, R:2057, B:731]
[INFO]  BBox: [L:2069, T:713, R:2096, B:731]
[INFO]  BBox: [L:2098, T:712, R:2115, B:731]
[INFO]  BBox: [L:2117, T:712, R:2129, B:731]
[INFO]  BBox: [L:2133, T:725, R:2139, B:736]
[INFO]  BBox: [L:2153, T:702, R:2160, B:712]
[INFO]  BBox: [L:2161, T:701, R:2167, B:712]
[INFO]  BBox: [L:2170, T:701, R:2181, B:730]
[INFO]  BBox: [L:2183, T:700, R:2198, B:730]
[INFO]  BBox: [L:2206, T:713, R:2224, B:739]
[INFO]  BBox: [L:2226, T:712, R:2245, B:731]
[INFO]  BBox: [L:2247, T:713, R:2266, B:731]
[INFO]  BBox: [L:1311, T:760, R:1338, B:778]
[INFO]  BBox: [L:1340, T:759, R:1357, B:778]
[INFO]  BBox: [L:1359, T:759, R:1373, B:778]
[INFO]  BBox: [L:1374, T:759, R:1391, B:778]
[INFO]  BBox: [L:1408, T:759, R:1426, B:778]
[INFO]  BBox: [L:1428, T:759, R:1450, B:778]
[INFO]  BBox: [L:1465, T:748, R:1497, B:778]
[INFO]  BBox: [L:1499, T:759, R:1530, B:778]
[INFO]  BBox: [L:1532, T:759, R:1549, B:778]
[INFO]  BBox: [L:1551, T:759, R:1565, B:778]
[INFO]  BBox: [L:1568, T:751, R:1577, B:778]
[INFO]  BBox: [L:1579, T:760, R:1597, B:779]
[INFO]  BBox: [L:1599, T:760, R:1617, B:778]
[INFO]  BBox: [L:1618, T:760, R:1641, B:778]
[INFO]  BBox: [L:1644, T:773, R:1651, B:784]
[INFO]  BBox: [L:1668, T:760, R:1695, B:778]
[INFO]  BBox: [L:1697, T:760, R:1717, B:779]
[INFO]  BBox: [L:1719, T:761, R:1738, B:779]
[INFO]  BBox: [L:1741, T:747, R:1751, B:778]
[INFO]  BBox: [L:1753, T:747, R:1773, B:779]
[INFO]  BBox: [L:1789, T:761, R:1807, B:786]
[INFO]  BBox: [L:1809, T:760, R:1828, B:779]
[INFO]  BBox: [L:1830, T:761, R:1850, B:779]
[INFO]  BBox: [L:1866, T:747, R:1886, B:779]
[INFO]  BBox: [L:1888, T:760, R:1902, B:779]
[INFO]  BBox: [L:1904, T:752, R:1914, B:779]
[INFO]  BBox: [L:1915, T:760, R:1938, B:779]
[INFO]  BBox: [L:1940, T:760, R:1957, B:787]
[INFO]  BBox: [L:1973, T:761, R:1991, B:787]
[INFO]  BBox: [L:1993, T:761, R:2013, B:779]
[INFO]  BBox: [L:2015, T:761, R:2034, B:779]
[INFO]  BBox: [L:2037, T:760, R:2050, B:779]
[INFO]  BBox: [L:2065, T:748, R:2080, B:779]
[INFO]  BBox: [L:2079, T:761, R:2096, B:779]
[INFO]  BBox: [L:2098, T:761, R:2130, B:779]
[INFO]  BBox: [L:2133, T:753, R:2142, B:779]
[INFO]  BBox: [L:2145, T:748, R:2155, B:779]
[INFO]  BBox: [L:2156, T:761, R:2175, B:787]
[INFO]  BBox: [L:2190, T:748, R:2213, B:779]
[INFO]  BBox: [L:2215, T:761, R:2232, B:780]
[INFO]  BBox: [L:2234, T:761, R:2248, B:779]
[INFO]  BBox: [L:2249, T:761, R:2266, B:780]
[INFO]  BBox: [L:1311, T:807, R:1331, B:826]
[INFO]  BBox: [L:1333, T:807, R:1355, B:826]
[INFO]  BBox: [L:1368, T:808, R:1388, B:826]
[INFO]  BBox: [L:1390, T:807, R:1407, B:826]
[INFO]  BBox: [L:1409, T:808, R:1427, B:826]
[INFO]  BBox: [L:1429, T:807, R:1447, B:826]
[INFO]  BBox: [L:1449, T:804, R:1462, B:826]
[INFO]  BBox: [L:1464, T:799, R:1474, B:826]
[INFO]  BBox: [L:1476, T:808, R:1495, B:826]
[INFO]  BBox: [L:1497, T:807, R:1519, B:826]
[INFO]  BBox: [L:1524, T:797, R:1534, B:826]
[INFO]  BBox: [L:1536, T:797, R:1542, B:808]
[INFO]  BBox: [L:1543, T:796, R:1550, B:808]
[INFO]  BBox: [L:1564, T:796, R:1599, B:826]
[INFO]  BBox: [L:1601, T:808, R:1621, B:826]
[INFO]  BBox: [L:1623, T:808, R:1635, B:826]
[INFO]  BBox: [L:1638, T:805, R:1651, B:826]
[INFO]  BBox: [L:1664, T:808, R:1681, B:826]
[INFO]  BBox: [L:1683, T:808, R:1705, B:826]
[INFO]  BBox: [L:1707, T:808, R:1720, B:826]
[INFO]  BBox: [L:1722, T:809, R:1748, B:826]
[INFO]  BBox: [L:1750, T:808, R:1767, B:827]
[INFO]  BBox: [L:1769, T:808, R:1783, B:826]
[INFO]  BBox: [L:1784, T:808, R:1801, B:827]
[INFO]  BBox: [L:1803, T:795, R:1823, B:827]
[INFO]  BBox: [L:1826, T:821, R:1833, B:832]
[INFO]  BBox: [L:1848, T:797, R:1855, B:808]
[INFO]  BBox: [L:1856, T:797, R:1862, B:809]
[INFO]  BBox: [L:1864, T:797, R:1894, B:826]
[INFO]  BBox: [L:1897, T:808, R:1917, B:827]
[INFO]  BBox: [L:1920, T:821, R:1927, B:832]
[INFO]  BBox: [L:1942, T:808, R:1964, B:826]
[INFO]  BBox: [L:1966, T:808, R:1985, B:827]
[INFO]  BBox: [L:1988, T:805, R:2000, B:827]
[INFO]  BBox: [L:2013, T:809, R:2031, B:835]
[INFO]  BBox: [L:2033, T:809, R:2049, B:827]
[INFO]  BBox: [L:2052, T:806, R:2065, B:827]
[INFO]  BBox: [L:2068, T:822, R:2074, B:826]
[INFO]  BBox: [L:2079, T:798, R:2085, B:809]
[INFO]  BBox: [L:2086, T:798, R:2092, B:809]
[INFO]  BBox: [L:2107, T:798, R:2118, B:827]
[INFO]  BBox: [L:2121, T:806, R:2134, B:827]
[INFO]  BBox: [L:2137, T:798, R:2143, B:809]
[INFO]  BBox: [L:2146, T:809, R:2158, B:827]
[INFO]  BBox: [L:2171, T:801, R:2180, B:835]
[INFO]  BBox: [L:2185, T:810, R:2204, B:827]
[INFO]  BBox: [L:2206, T:809, R:2219, B:827]
[INFO]  BBox: [L:2221, T:806, R:2234, B:827]
[INFO]  BBox: [L:2248, T:809, R:2265, B:827]
[INFO]  BBox: [L:1311, T:855, R:1342, B:874]
[INFO]  BBox: [L:1345, T:855, R:1362, B:874]
[INFO]  BBox: [L:1365, T:853, R:1377, B:874]
[INFO]  BBox: [L:1379, T:853, R:1392, B:874]
[INFO]  BBox: [L:1394, T:856, R:1411, B:874]
[INFO]  BBox: [L:1413, T:855, R:1426, B:874]
[INFO]  BBox: [L:1442, T:855, R:1461, B:874]
[INFO]  BBox: [L:1463, T:843, R:1477, B:874]
[INFO]  BBox: [L:1490, T:853, R:1503, B:874]
[INFO]  BBox: [L:1506, T:848, R:1515, B:874]
[INFO]  BBox: [L:1517, T:855, R:1548, B:874]
[INFO]  BBox: [L:1550, T:856, R:1567, B:874]
[INFO]  BBox: [L:1584, T:853, R:1597, B:874]
[INFO]  BBox: [L:1597, T:843, R:1620, B:874]
[INFO]  BBox: [L:1622, T:856, R:1641, B:874]
[INFO]  BBox: [L:1643, T:856, R:1663, B:874]
[INFO]  BBox: [L:1665, T:855, R:1683, B:882]
[INFO]  BBox: [L:1684, T:843, R:1707, B:874]
[INFO]  BBox: [L:1710, T:869, R:1716, B:874]
[INFO]  BBox: [L:1733, T:845, R:1760, B:874]
[INFO]  BBox: [L:1761, T:844, R:1784, B:874]
[INFO]  BBox: [L:1786, T:856, R:1803, B:875]
[INFO]  BBox: [L:1819, T:856, R:1836, B:875]
[INFO]  BBox: [L:1840, T:848, R:1849, B:874]
[INFO]  BBox: [L:1851, T:853, R:1864, B:875]
[INFO]  BBox: [L:1866, T:857, R:1884, B:882]
[INFO]  BBox: [L:1900, T:848, R:1910, B:874]
[INFO]  BBox: [L:1912, T:856, R:1924, B:875]
[INFO]  BBox: [L:1941, T:856, R:1954, B:874]
[INFO]  BBox: [L:1956, T:856, R:1972, B:875]
[INFO]  BBox: [L:1974, T:844, R:1994, B:875]
[INFO]  BBox: [L:1996, T:857, R:2016, B:875]
[INFO]  BBox: [L:2019, T:849, R:2028, B:875]
[INFO]  BBox: [L:2031, T:844, R:2041, B:875]
[INFO]  BBox: [L:2043, T:844, R:2063, B:875]
[INFO]  BBox: [L:2066, T:849, R:2075, B:875]
[INFO]  BBox: [L:2077, T:857, R:2099, B:875]
[INFO]  BBox: [L:2101, T:856, R:2119, B:883]
[INFO]  BBox: [L:2134, T:857, R:2148, B:875]
[INFO]  BBox: [L:2149, T:857, R:2167, B:875]
[INFO]  BBox: [L:2168, T:857, R:2188, B:883]
[INFO]  BBox: [L:2191, T:849, R:2201, B:875]
[INFO]  BBox: [L:2203, T:844, R:2223, B:875]
[INFO]  BBox: [L:2225, T:844, R:2235, B:875]
[INFO]  BBox: [L:2236, T:858, R:2254, B:883]
[INFO]  BBox: [L:2258, T:869, R:2264, B:881]
[INFO]  BBox: [L:1311, T:903, R:1325, B:922]
[INFO]  BBox: [L:1327, T:903, R:1344, B:922]
[INFO]  BBox: [L:1346, T:903, R:1366, B:930]
[INFO]  BBox: [L:1369, T:903, R:1387, B:922]
[INFO]  BBox: [L:1390, T:895, R:1399, B:922]
[INFO]  BBox: [L:1402, T:903, R:1416, B:922]
[INFO]  BBox: [L:1419, T:895, R:1428, B:922]
[INFO]  BBox: [L:1430, T:903, R:1453, B:922]
[INFO]  BBox: [L:1455, T:902, R:1473, B:930]
[INFO]  BBox: [L:1492, T:903, R:1506, B:922]
[INFO]  BBox: [L:1508, T:904, R:1525, B:922]
[INFO]  BBox: [L:1527, T:891, R:1548, B:922]
[INFO]  BBox: [L:1551, T:909, R:1561, B:915]
[INFO]  BBox: [L:1566, T:900, R:1578, B:922]
[INFO]  BBox: [L:1581, T:895, R:1591, B:922]
[INFO]  BBox: [L:1594, T:891, R:1604, B:922]
[INFO]  BBox: [L:1606, T:904, R:1623, B:922]
[INFO]  BBox: [L:1626, T:891, R:1646, B:922]
[INFO]  BBox: [L:1666, T:904, R:1680, B:922]
[INFO]  BBox: [L:1681, T:904, R:1701, B:922]
[INFO]  BBox: [L:1704, T:904, R:1723, B:922]
[INFO]  BBox: [L:1725, T:891, R:1740, B:922]
[INFO]  BBox: [L:1739, T:904, R:1752, B:922]
[INFO]  BBox: [L:1756, T:917, R:1762, B:928]
[INFO]  BBox: [L:1784, T:904, R:1801, B:922]
[INFO]  BBox: [L:1804, T:891, R:1814, B:922]
[INFO]  BBox: [L:1817, T:904, R:1834, B:922]
[INFO]  BBox: [L:1837, T:904, R:1855, B:922]
[INFO]  BBox: [L:1857, T:904, R:1870, B:922]
[INFO]  BBox: [L:1873, T:896, R:1883, B:922]
[INFO]  BBox: [L:1885, T:904, R:1908, B:922]
[INFO]  BBox: [L:1910, T:903, R:1927, B:930]
[INFO]  BBox: [L:1947, T:891, R:1967, B:923]
[INFO]  BBox: [L:1970, T:904, R:1986, B:923]
[INFO]  BBox: [L:1989, T:892, R:2009, B:923]
[INFO]  BBox: [L:2011, T:904, R:2025, B:922]
[INFO]  BBox: [L:2028, T:896, R:2037, B:922]
[INFO]  BBox: [L:2040, T:905, R:2052, B:923]
[INFO]  BBox: [L:2057, T:917, R:2062, B:922]
[INFO]  BBox: [L:2085, T:893, R:2116, B:923]
[INFO]  BBox: [L:2118, T:905, R:2131, B:923]
[INFO]  BBox: [L:2151, T:905, R:2171, B:923]
[INFO]  BBox: [L:2173, T:892, R:2188, B:923]
[INFO]  BBox: [L:2205, T:892, R:2215, B:923]
[INFO]  BBox: [L:2218, T:905, R:2235, B:923]
[INFO]  BBox: [L:2238, T:905, R:2250, B:923]
[INFO]  BBox: [L:2253, T:902, R:2266, B:923]
[INFO]  BBox: [L:1311, T:940, R:1346, B:969]
[INFO]  BBox: [L:1348, T:951, R:1366, B:969]
[INFO]  BBox: [L:1367, T:951, R:1381, B:969]
[INFO]  BBox: [L:1381, T:951, R:1399, B:970]
[INFO]  BBox: [L:1399, T:939, R:1422, B:969]
[INFO]  BBox: [L:1425, T:964, R:1432, B:975]
[INFO]  BBox: [L:1446, T:951, R:1465, B:970]
[INFO]  BBox: [L:1466, T:951, R:1488, B:969]
[INFO]  BBox: [L:1490, T:939, R:1500, B:969]
[INFO]  BBox: [L:1501, T:952, R:1519, B:977]
[INFO]  BBox: [L:1531, T:952, R:1551, B:970]
[INFO]  BBox: [L:1552, T:952, R:1575, B:969]
[INFO]  BBox: [L:1575, T:952, R:1592, B:970]
[INFO]  BBox: [L:1605, T:939, R:1627, B:969]
[INFO]  BBox: [L:1628, T:952, R:1648, B:970]
[INFO]  BBox: [L:1650, T:949, R:1662, B:970]
[INFO]  BBox: [L:1663, T:952, R:1680, B:970]
[INFO]  BBox: [L:1683, T:939, R:1693, B:970]
[INFO]  BBox: [L:1705, T:952, R:1732, B:970]
[INFO]  BBox: [L:1734, T:952, R:1751, B:970]
[INFO]  BBox: [L:1752, T:952, R:1765, B:970]
[INFO]  BBox: [L:1777, T:952, R:1797, B:970]
[INFO]  BBox: [L:1798, T:952, R:1818, B:978]
[INFO]  BBox: [L:1819, T:952, R:1836, B:970]
[INFO]  BBox: [L:1838, T:952, R:1860, B:970]
[INFO]  BBox: [L:1863, T:964, R:1869, B:976]
[INFO]  BBox: [L:1884, T:949, R:1896, B:970]
[INFO]  BBox: [L:1897, T:939, R:1920, B:970]
[INFO]  BBox: [L:1921, T:952, R:1938, B:970]
[INFO]  BBox: [L:1950, T:952, R:1968, B:970]
[INFO]  BBox: [L:1970, T:939, R:1980, B:970]
[INFO]  BBox: [L:1982, T:952, R:1999, B:970]
[INFO]  BBox: [L:2001, T:952, R:2013, B:971]
[INFO]  BBox: [L:2014, T:952, R:2027, B:971]
[INFO]  BBox: [L:2030, T:944, R:2039, B:970]
[INFO]  BBox: [L:2040, T:953, R:2058, B:971]
[INFO]  BBox: [L:2081, T:941, R:2112, B:970]
[INFO]  BBox: [L:2113, T:953, R:2127, B:970]
[INFO]  BBox: [L:2127, T:952, R:2145, B:979]
[INFO]  BBox: [L:2146, T:953, R:2163, B:971]
[INFO]  BBox: [L:2165, T:953, R:2188, B:971]
[INFO]  BBox: [L:2189, T:950, R:2202, B:971]
[INFO]  BBox: [L:2204, T:945, R:2213, B:971]
[INFO]  BBox: [L:2214, T:953, R:2237, B:971]
[INFO]  BBox: [L:2238, T:953, R:2256, B:971]
[INFO]  BBox: [L:2259, T:965, R:2265, B:976]
[INFO]  BBox: [L:1750, T:987, R:1770, B:1018]
[INFO]  BBox: [L:1772, T:1000, R:1792, B:1018]
[INFO]  BBox: [L:1795, T:997, R:1808, B:1018]
[INFO]  BBox: [L:1839, T:1000, R:1852, B:1018]
[INFO]  BBox: [L:1854, T:1000, R:1871, B:1018]
[INFO]  BBox: [L:1874, T:1000, R:1894, B:1018]
[INFO]  BBox: [L:1896, T:1000, R:1913, B:1018]
[INFO]  BBox: [L:1916, T:1000, R:1930, B:1018]
[INFO]  BBox: [L:1932, T:1000, R:1949, B:1018]
[INFO]  BBox: [L:1953, T:987, R:1962, B:1018]
[INFO]  BBox: [L:1994, T:997, R:2007, B:1018]
[INFO]  BBox: [L:2008, T:987, R:2031, B:1018]
[INFO]  BBox: [L:2034, T:1000, R:2053, B:1018]
[INFO]  BBox: [L:2055, T:1001, R:2075, B:1019]
[INFO]  BBox: [L:2078, T:1000, R:2090, B:1019]
[INFO]  BBox: [L:2094, T:1000, R:2111, B:1019]
[INFO]  BBox: [L:2113, T:1000, R:2136, B:1018]
[INFO]  BBox: [L:2137, T:988, R:2157, B:1019]
[INFO]  BBox: [L:2188, T:988, R:2208, B:1019]
[INFO]  BBox: [L:2211, T:1000, R:2228, B:1019]
[INFO]  BBox: [L:2230, T:988, R:2251, B:1019]
[INFO]  BBox: [L:2253, T:1000, R:2265, B:1019]
[INFO]  BBox: [L:1750, T:1035, R:1773, B:1066]
[INFO]  BBox: [L:1775, T:1047, R:1792, B:1066]
[INFO]  BBox: [L:1795, T:1048, R:1815, B:1066]
[INFO]  BBox: [L:1817, T:1047, R:1834, B:1066]
[INFO]  BBox: [L:1867, T:1035, R:1887, B:1066]
[INFO]  BBox: [L:1890, T:1047, R:1907, B:1066]
[INFO]  BBox: [L:1909, T:1047, R:1927, B:1066]
[INFO]  BBox: [L:1929, T:1047, R:1949, B:1066]
[INFO]  BBox: [L:1952, T:1047, R:1983, B:1066]
[INFO]  BBox: [L:1985, T:1047, R:2002, B:1066]
[INFO]  BBox: [L:2036, T:1048, R:2053, B:1066]
[INFO]  BBox: [L:2056, T:1048, R:2076, B:1066]
[INFO]  BBox: [L:2079, T:1048, R:2096, B:1066]
[INFO]  BBox: [L:2100, T:1040, R:2109, B:1066]
[INFO]  BBox: [L:2112, T:1035, R:2122, B:1066]
[INFO]  BBox: [L:2125, T:1048, R:2142, B:1067]
[INFO]  BBox: [L:2145, T:1035, R:2164, B:1067]
[INFO]  BBox: [L:2168, T:1036, R:2178, B:1066]
[INFO]  BBox: [L:2181, T:1048, R:2197, B:1067]
[INFO]  BBox: [L:2232, T:1040, R:2241, B:1066]
[INFO]  BBox: [L:2244, T:1048, R:2266, B:1066]
[INFO]  BBox: [L:1750, T:1095, R:1770, B:1114]
[INFO]  BBox: [L:1773, T:1092, R:1786, B:1114]
[INFO]  BBox: [L:1787, T:1082, R:1810, B:1113]
[INFO]  BBox: [L:1812, T:1095, R:1829, B:1114]
[INFO]  BBox: [L:1832, T:1095, R:1845, B:1113]
[INFO]  BBox: [L:1885, T:1083, R:1908, B:1114]
[INFO]  BBox: [L:1910, T:1095, R:1930, B:1114]
[INFO]  BBox: [L:1933, T:1093, R:1945, B:1114]
[INFO]  BBox: [L:1948, T:1096, R:1965, B:1114]
[INFO]  BBox: [L:1968, T:1083, R:1978, B:1114]
[INFO]  BBox: [L:1981, T:1096, R:1993, B:1114]
[INFO]  BBox: [L:2035, T:1096, R:2052, B:1114]
[INFO]  BBox: [L:2054, T:1096, R:2077, B:1114]
[INFO]  BBox: [L:2079, T:1083, R:2099, B:1114]
[INFO]  BBox: [L:2139, T:1096, R:2159, B:1122]
[INFO]  BBox: [L:2162, T:1096, R:2176, B:1114]
[INFO]  BBox: [L:2179, T:1088, R:2188, B:1114]
[INFO]  BBox: [L:2190, T:1097, R:2210, B:1114]
[INFO]  BBox: [L:2213, T:1096, R:2230, B:1115]
[INFO]  BBox: [L:2233, T:1093, R:2246, B:1115]
[INFO]  BBox: [L:2248, T:1096, R:2265, B:1115]
[INFO]  BBox: [L:1750, T:1131, R:1773, B:1161]
[INFO]  BBox: [L:1774, T:1143, R:1794, B:1162]
[INFO]  BBox: [L:1797, T:1143, R:1828, B:1161]
[INFO]  BBox: [L:1830, T:1143, R:1847, B:1162]
[INFO]  BBox: [L:1849, T:1143, R:1862, B:1162]
[INFO]  BBox: [L:1866, T:1156, R:1872, B:1161]
[INFO]  BBox: [L:1890, T:1132, R:1921, B:1161]
[INFO]  BBox: [L:1937, T:1131, R:1952, B:1161]
[INFO]  BBox: [L:1951, T:1144, R:1968, B:1162]
[INFO]  BBox: [L:1970, T:1144, R:1997, B:1162]
[INFO]  BBox: [L:2013, T:1141, R:2026, B:1162]
[INFO]  BBox: [L:2028, T:1143, R:2041, B:1162]
[INFO]  BBox: [L:2043, T:1144, R:2061, B:1162]
[INFO]  BBox: [L:2063, T:1144, R:2083, B:1162]
[INFO]  BBox: [L:2085, T:1144, R:2102, B:1162]
[INFO]  BBox: [L:2106, T:1131, R:2115, B:1162]
[INFO]  BBox: [L:2132, T:1144, R:2149, B:1162]
[INFO]  BBox: [L:2152, T:1144, R:2172, B:1162]
[INFO]  BBox: [L:2175, T:1144, R:2206, B:1162]
[INFO]  BBox: [L:2208, T:1144, R:2228, B:1170]
[INFO]  BBox: [L:2232, T:1144, R:2250, B:1162]
[INFO]  BBox: [L:2254, T:1150, R:2264, B:1156]
[INFO]  BBox: [L:1750, T:1191, R:1773, B:1210]
[INFO]  BBox: [L:1776, T:1183, R:1786, B:1210]
[INFO]  BBox: [L:1789, T:1191, R:1806, B:1210]
[INFO]  BBox: [L:1810, T:1191, R:1822, B:1210]
[INFO]  BBox: [L:1846, T:1191, R:1864, B:1210]
[INFO]  BBox: [L:1867, T:1191, R:1881, B:1210]
[INFO]  BBox: [L:1883, T:1191, R:1900, B:1210]
[INFO]  BBox: [L:1924, T:1191, R:1937, B:1210]
[INFO]  BBox: [L:1940, T:1191, R:1957, B:1210]
[INFO]  BBox: [L:1961, T:1189, R:1974, B:1210]
[INFO]  BBox: [L:1976, T:1192, R:1996, B:1210]
[INFO]  BBox: [L:1999, T:1192, R:2013, B:1210]
[INFO]  BBox: [L:2015, T:1191, R:2038, B:1210]
[INFO]  BBox: [L:2042, T:1184, R:2051, B:1210]
[INFO]  BBox: [L:2054, T:1192, R:2077, B:1210]
[INFO]  BBox: [L:2080, T:1191, R:2098, B:1218]
[INFO]  BBox: [L:2102, T:1193, R:2108, B:1210]
[INFO]  BBox: [L:2132, T:1181, R:2163, B:1210]
[INFO]  BBox: [L:2166, T:1193, R:2185, B:1211]
[INFO]  BBox: [L:2188, T:1192, R:2200, B:1211]
[INFO]  BBox: [L:2204, T:1189, R:2217, B:1211]
[INFO]  BBox: [L:2220, T:1184, R:2229, B:1210]
[INFO]  BBox: [L:2231, T:1192, R:2254, B:1210]
[INFO]  BBox: [L:2258, T:1205, R:2264, B:1216]
[INFO]  BBox: [L:1749, T:1228, R:1777, B:1258]
[INFO]  BBox: [L:1779, T:1239, R:1795, B:1258]
[INFO]  BBox: [L:1798, T:1240, R:1817, B:1258]
[INFO]  BBox: [L:1820, T:1240, R:1837, B:1258]
[INFO]  BBox: [L:1839, T:1240, R:1852, B:1258]
[INFO]  BBox: [L:1852, T:1246, R:1874, B:1250]
[INFO]  BBox: [L:1875, T:1227, R:1894, B:1259]
[INFO]  BBox: [L:1897, T:1240, R:1915, B:1258]
[INFO]  BBox: [L:1916, T:1240, R:1929, B:1259]
[INFO]  BBox: [L:1931, T:1240, R:1948, B:1259]
[INFO]  BBox: [L:1950, T:1227, R:1970, B:1259]
[INFO]  BBox: [L:1986, T:1228, R:2007, B:1259]
[INFO]  BBox: [L:2010, T:1237, R:2022, B:1259]
[INFO]  BBox: [L:2024, T:1240, R:2041, B:1259]
[INFO]  BBox: [L:2043, T:1240, R:2056, B:1259]
[INFO]  BBox: [L:2058, T:1227, R:2068, B:1259]
[INFO]  BBox: [L:2071, T:1232, R:2081, B:1259]
[INFO]  BBox: [L:2082, T:1240, R:2105, B:1259]
[INFO]  BBox: [L:2106, T:1239, R:2124, B:1267]
[INFO]  BBox: [L:2139, T:1229, R:2168, B:1259]
[INFO]  BBox: [L:2170, T:1240, R:2204, B:1259]
[INFO]  BBox: [L:2207, T:1232, R:2217, B:1259]
[INFO]  BBox: [L:2219, T:1240, R:2231, B:1259]
[INFO]  BBox: [L:2233, T:1240, R:2250, B:1259]
[INFO]  BBox: [L:2253, T:1240, R:2265, B:1259]
[INFO]  BBox: [L:1751, T:1288, R:1768, B:1306]
[INFO]  BBox: [L:1770, T:1288, R:1793, B:1306]
[INFO]  BBox: [L:1795, T:1275, R:1815, B:1306]
[INFO]  BBox: [L:1831, T:1277, R:1858, B:1306]
[INFO]  BBox: [L:1860, T:1288, R:1880, B:1306]
[INFO]  BBox: [L:1882, T:1289, R:1902, B:1306]
[INFO]  BBox: [L:1904, T:1288, R:1918, B:1306]
[INFO]  BBox: [L:1920, T:1288, R:1932, B:1306]
[INFO]  BBox: [L:1950, T:1288, R:1962, B:1306]
[INFO]  BBox: [L:1965, T:1288, R:1982, B:1306]
[INFO]  BBox: [L:1984, T:1275, R:2007, B:1306]
[INFO]  BBox: [L:2009, T:1288, R:2026, B:1306]
[INFO]  BBox: [L:2028, T:1275, R:2049, B:1307]
[INFO]  BBox: [L:2050, T:1289, R:2070, B:1307]
[INFO]  BBox: [L:2073, T:1276, R:2083, B:1306]
[INFO]  BBox: [L:2086, T:1289, R:2103, B:1307]
[INFO]  BBox: [L:2106, T:1276, R:2126, B:1307]
[INFO]  BBox: [L:2142, T:1289, R:2155, B:1307]
[INFO]  BBox: [L:2158, T:1289, R:2175, B:1307]
[INFO]  BBox: [L:2177, T:1289, R:2197, B:1307]
[INFO]  BBox: [L:2200, T:1289, R:2217, B:1307]
[INFO]  BBox: [L:2219, T:1289, R:2233, B:1306]
[INFO]  BBox: [L:2235, T:1289, R:2253, B:1307]
[INFO]  BBox: [L:2256, T:1276, R:2266, B:1307]
[INFO]  BBox: [L:1751, T:1324, R:1779, B:1354]
[INFO]  BBox: [L:1782, T:1335, R:1799, B:1354]
[INFO]  BBox: [L:1802, T:1323, R:1812, B:1354]
[INFO]  BBox: [L:1815, T:1335, R:1846, B:1354]
[INFO]  BBox: [L:1849, T:1335, R:1866, B:1354]
[INFO]  BBox: [L:1869, T:1332, R:1882, B:1354]
[INFO]  BBox: [L:1885, T:1328, R:1894, B:1354]
[INFO]  BBox: [L:1897, T:1335, R:1915, B:1354]
[INFO]  BBox: [L:1917, T:1335, R:1939, B:1354]
[INFO]  BBox: [L:1965, T:1336, R:1983, B:1354]
[INFO]  BBox: [L:1985, T:1336, R:2004, B:1355]
[INFO]  BBox: [L:2008, T:1336, R:2025, B:1354]
[INFO]  BBox: [L:2028, T:1336, R:2040, B:1355]
[INFO]  BBox: [L:2043, T:1333, R:2056, B:1355]
[INFO]  BBox: [L:2082, T:1333, R:2095, B:1355]
[INFO]  BBox: [L:2097, T:1336, R:2110, B:1354]
[INFO]  BBox: [L:2113, T:1328, R:2123, B:1354]
[INFO]  BBox: [L:2125, T:1336, R:2145, B:1363]
[INFO]  BBox: [L:2148, T:1336, R:2160, B:1355]
[INFO]  BBox: [L:2186, T:1337, R:2213, B:1355]
[INFO]  BBox: [L:2216, T:1328, R:2226, B:1354]
[INFO]  BBox: [L:2229, T:1333, R:2241, B:1355]
[INFO]  BBox: [L:2243, T:1324, R:2266, B:1354]
[INFO]  BBox: [L:1750, T:1383, R:1763, B:1402]
[INFO]  BBox: [L:1764, T:1380, R:1777, B:1402]
[INFO]  BBox: [L:1778, T:1384, R:1797, B:1402]
[INFO]  BBox: [L:1798, T:1383, R:1818, B:1410]
[INFO]  BBox: [L:1819, T:1384, R:1831, B:1402]
[INFO]  BBox: [L:1845, T:1375, R:1854, B:1402]
[INFO]  BBox: [L:1855, T:1383, R:1877, B:1402]
[INFO]  BBox: [L:1889, T:1372, R:1938, B:1402]
[INFO]  BBox: [L:1938, T:1371, R:1958, B:1403]
[INFO]  BBox: [L:1959, T:1384, R:1973, B:1402]
[INFO]  BBox: [L:1973, T:1384, R:1993, B:1403]
[INFO]  BBox: [L:1993, T:1384, R:2037, B:1402]
[INFO]  BBox: [L:2038, T:1376, R:2047, B:1402]
[INFO]  BBox: [L:2048, T:1371, R:2069, B:1402]
[INFO]  BBox: [L:2079, T:1372, R:2094, B:1402]
[INFO]  BBox: [L:2091, T:1384, R:2111, B:1403]
[INFO]  BBox: [L:2112, T:1384, R:2125, B:1403]
[INFO]  BBox: [L:2137, T:1381, R:2150, B:1403]
[INFO]  BBox: [L:2150, T:1372, R:2173, B:1403]
[INFO]  BBox: [L:2173, T:1384, R:2190, B:1403]
[INFO]  BBox: [L:2202, T:1372, R:2217, B:1403]
[INFO]  BBox: [L:2214, T:1384, R:2232, B:1403]
[INFO]  BBox: [L:2233, T:1372, R:2244, B:1403]
[INFO]  BBox: [L:2245, T:1372, R:2255, B:1403]
[INFO]  BBox: [L:2257, T:1397, R:2263, B:1402]
[INFO]  BBox: [L:1801, T:1420, R:1829, B:1450]
[INFO]  BBox: [L:1831, T:1432, R:1851, B:1450]
[INFO]  BBox: [L:1852, T:1432, R:1866, B:1450]
[INFO]  BBox: [L:1868, T:1424, R:1877, B:1450]
[INFO]  BBox: [L:1879, T:1432, R:1902, B:1450]
[INFO]  BBox: [L:1903, T:1431, R:1921, B:1458]
[INFO]  BBox: [L:1935, T:1432, R:1952, B:1450]
[INFO]  BBox: [L:1965, T:1433, R:1992, B:1450]
[INFO]  BBox: [L:1995, T:1432, R:2012, B:1450]
[INFO]  BBox: [L:2014, T:1419, R:2025, B:1450]
[INFO]  BBox: [L:2026, T:1419, R:2046, B:1450]
[INFO]  BBox: [L:2060, T:1421, R:2071, B:1450]
[INFO]  BBox: [L:2086, T:1432, R:2099, B:1451]
[INFO]  BBox: [L:2101, T:1432, R:2119, B:1450]
[INFO]  BBox: [L:2120, T:1433, R:2147, B:1451]
[INFO]  BBox: [L:2161, T:1429, R:2174, B:1451]
[INFO]  BBox: [L:2175, T:1432, R:2189, B:1450]
[INFO]  BBox: [L:2190, T:1433, R:2210, B:1451]
[INFO]  BBox: [L:2211, T:1432, R:2229, B:1451]
[INFO]  BBox: [L:2230, T:1420, R:2251, B:1450]
[INFO]  BBox: [L:2252, T:1432, R:2265, B:1451]
[INFO]  BBox: [L:1750, T:1467, R:1770, B:1498]
[INFO]  BBox: [L:1772, T:1479, R:1789, B:1498]
[INFO]  BBox: [L:1792, T:1467, R:1803, B:1498]
[INFO]  BBox: [L:1806, T:1471, R:1816, B:1498]
[INFO]  BBox: [L:1818, T:1480, R:1838, B:1498]
[INFO]  BBox: [L:1840, T:1480, R:1857, B:1498]
[INFO]  BBox: [L:1860, T:1479, R:1873, B:1498]
[INFO]  BBox: [L:1876, T:1471, R:1886, B:1498]
[INFO]  BBox: [L:1888, T:1479, R:1911, B:1498]
[INFO]  BBox: [L:1912, T:1479, R:1930, B:1506]
[INFO]  BBox: [L:1948, T:1469, R:1965, B:1498]
[INFO]  BBox: [L:1969, T:1467, R:1986, B:1498]
[INFO]  BBox: [L:1991, T:1469, R:2010, B:1499]
[INFO]  BBox: [L:2014, T:1492, R:2021, B:1504]
[INFO]  BBox: [L:2025, T:1469, R:2044, B:1499]
[INFO]  BBox: [L:2047, T:1469, R:2066, B:1499]
[INFO]  BBox: [L:2069, T:1469, R:2088, B:1499]
[INFO]  BBox: [L:2105, T:1480, R:2118, B:1498]
[INFO]  BBox: [L:2120, T:1480, R:2140, B:1499]
[INFO]  BBox: [L:2142, T:1480, R:2162, B:1499]
[INFO]  BBox: [L:2164, T:1468, R:2178, B:1498]
[INFO]  BBox: [L:2192, T:1477, R:2205, B:1499]
[INFO]  BBox: [L:2208, T:1472, R:2217, B:1498]
[INFO]  BBox: [L:2221, T:1467, R:2230, B:1498]
[INFO]  BBox: [L:2233, T:1480, R:2250, B:1499]
[INFO]  BBox: [L:2253, T:1480, R:2265, B:1499]
[INFO]  BBox: [L:1750, T:1516, R:1764, B:1546]
[INFO]  BBox: [L:1763, T:1528, R:1777, B:1546]
[INFO]  BBox: [L:1779, T:1528, R:1798, B:1546]
[INFO]  BBox: [L:1801, T:1528, R:1832, B:1546]
[INFO]  BBox: [L:1867, T:1517, R:1887, B:1546]
[INFO]  BBox: [L:1888, T:1528, R:1902, B:1546]
[INFO]  BBox: [L:1905, T:1528, R:1922, B:1546]
[INFO]  BBox: [L:1924, T:1528, R:1947, B:1546]
[INFO]  BBox: [L:1949, T:1528, R:1966, B:1547]
[INFO]  BBox: [L:1969, T:1528, R:1986, B:1547]
[INFO]  BBox: [L:1990, T:1529, R:1996, B:1552]
[INFO]  BBox: [L:2033, T:1517, R:2062, B:1547]
[INFO]  BBox: [L:2065, T:1528, R:2082, B:1547]
[INFO]  BBox: [L:2085, T:1528, R:2098, B:1547]
[INFO]  BBox: [L:2101, T:1520, R:2110, B:1547]
[INFO]  BBox: [L:2113, T:1525, R:2126, B:1547]
[INFO]  BBox: [L:2129, T:1529, R:2146, B:1547]
[INFO]  BBox: [L:2149, T:1529, R:2161, B:1547]
[INFO]  BBox: [L:2166, T:1541, R:2172, B:1552]
[INFO]  BBox: [L:2209, T:1526, R:2222, B:1547]
[INFO]  BBox: [L:2223, T:1516, R:2246, B:1547]
[INFO]  BBox: [L:2248, T:1529, R:2265, B:1547]
[INFO]  BBox: [L:1750, T:1564, R:1779, B:1595]
[INFO]  BBox: [L:1781, T:1576, R:1798, B:1594]
[INFO]  BBox: [L:1800, T:1573, R:1813, B:1594]
[INFO]  BBox: [L:1813, T:1563, R:1836, B:1594]
[INFO]  BBox: [L:1837, T:1576, R:1857, B:1594]
[INFO]  BBox: [L:1859, T:1563, R:1869, B:1594]
[INFO]  BBox: [L:1872, T:1568, R:1881, B:1594]
[INFO]  BBox: [L:1882, T:1576, R:1900, B:1595]
[INFO]  BBox: [L:1912, T:1576, R:1930, B:1595]
[INFO]  BBox: [L:1931, T:1563, R:1953, B:1594]
[INFO]  BBox: [L:1955, T:1576, R:1973, B:1594]
[INFO]  BBox: [L:1974, T:1576, R:1987, B:1594]
[INFO]  BBox: [L:1989, T:1568, R:1999, B:1594]
[INFO]  BBox: [L:2001, T:1573, R:2013, B:1595]
[INFO]  BBox: [L:2014, T:1577, R:2032, B:1603]
[INFO]  BBox: [L:2035, T:1589, R:2041, B:1600]
[INFO]  BBox: [L:2056, T:1574, R:2068, B:1595]
[INFO]  BBox: [L:2070, T:1576, R:2083, B:1595]
[INFO]  BBox: [L:2085, T:1577, R:2102, B:1595]
[INFO]  BBox: [L:2103, T:1576, R:2126, B:1595]
[INFO]  BBox: [L:2127, T:1577, R:2139, B:1595]
[INFO]  BBox: [L:2140, T:1577, R:2160, B:1603]
[INFO]  BBox: [L:2162, T:1577, R:2182, B:1595]
[INFO]  BBox: [L:2183, T:1577, R:2197, B:1595]
[INFO]  BBox: [L:2198, T:1574, R:2211, B:1595]
[INFO]  BBox: [L:2213, T:1569, R:2223, B:1595]
[INFO]  BBox: [L:2224, T:1577, R:2247, B:1595]
[INFO]  BBox: [L:2247, T:1576, R:2265, B:1603]
[INFO]  BBox: [L:1750, T:1624, R:1768, B:1642]
[INFO]  BBox: [L:1769, T:1624, R:1786, B:1642]
[INFO]  BBox: [L:1788, T:1623, R:1819, B:1642]
[INFO]  BBox: [L:1821, T:1624, R:1837, B:1642]
[INFO]  BBox: [L:1839, T:1624, R:1862, B:1642]
[INFO]  BBox: [L:1863, T:1621, R:1876, B:1642]
[INFO]  BBox: [L:1889, T:1621, R:1902, B:1642]
[INFO]  BBox: [L:1903, T:1624, R:1922, B:1642]
[INFO]  BBox: [L:1935, T:1612, R:1949, B:1642]
[INFO]  BBox: [L:1948, T:1616, R:1958, B:1642]
[INFO]  BBox: [L:1959, T:1624, R:1979, B:1642]
[INFO]  BBox: [L:1992, T:1624, R:2010, B:1642]
[INFO]  BBox: [L:2022, T:1624, R:2039, B:1643]
[INFO]  BBox: [L:2040, T:1611, R:2063, B:1642]
[INFO]  BBox: [L:2064, T:1625, R:2084, B:1643]
[INFO]  BBox: [L:2086, T:1624, R:2100, B:1642]
[INFO]  BBox: [L:2100, T:1624, R:2118, B:1643]
[INFO]  BBox: [L:2119, T:1612, R:2142, B:1643]
[INFO]  BBox: [L:2144, T:1626, R:2151, B:1648]
[INFO]  BBox: [L:2165, T:1624, R:2182, B:1643]
[INFO]  BBox: [L:2196, T:1613, R:2219, B:1643]
[INFO]  BBox: [L:2221, T:1624, R:2238, B:1643]
[INFO]  BBox: [L:2241, T:1612, R:2250, B:1643]
[INFO]  BBox: [L:2254, T:1630, R:2264, B:1636]
[INFO]  BBox: [L:1750, T:1671, R:1768, B:1698]
[INFO]  BBox: [L:1771, T:1664, R:1780, B:1690]
[INFO]  BBox: [L:1783, T:1672, R:1801, B:1690]
[INFO]  BBox: [L:1802, T:1672, R:1825, B:1690]
[INFO]  BBox: [L:1841, T:1672, R:1858, B:1690]
[INFO]  BBox: [L:1861, T:1672, R:1880, B:1690]
[INFO]  BBox: [L:1882, T:1672, R:1914, B:1690]
[INFO]  BBox: [L:1915, T:1672, R:1935, B:1699]
[INFO]  BBox: [L:1938, T:1672, R:1956, B:1690]
[INFO]  BBox: [L:1957, T:1672, R:1980, B:1690]
[INFO]  BBox: [L:1981, T:1673, R:2000, B:1699]
[INFO]  BBox: [L:2016, T:1673, R:2035, B:1691]
[INFO]  BBox: [L:2037, T:1672, R:2060, B:1690]
[INFO]  BBox: [L:2062, T:1660, R:2072, B:1690]
[INFO]  BBox: [L:2074, T:1672, R:2094, B:1691]
[INFO]  BBox: [L:2097, T:1672, R:2114, B:1691]
[INFO]  BBox: [L:2116, T:1660, R:2136, B:1691]
[INFO]  BBox: [L:2140, T:1664, R:2149, B:1691]
[INFO]  BBox: [L:2151, T:1672, R:2173, B:1691]
[INFO]  BBox: [L:2175, T:1672, R:2193, B:1699]
[INFO]  BBox: [L:2209, T:1661, R:2230, B:1691]
[INFO]  BBox: [L:2233, T:1673, R:2250, B:1691]
[INFO]  BBox: [L:2254, T:1679, R:2264, B:1684]
[INFO]  BBox: [L:1750, T:1720, R:1768, B:1738]
[INFO]  BBox: [L:1769, T:1720, R:1789, B:1738]
[INFO]  BBox: [L:1791, T:1719, R:1805, B:1738]
[INFO]  BBox: [L:1807, T:1712, R:1817, B:1738]
[INFO]  BBox: [L:1819, T:1717, R:1832, B:1738]
[INFO]  BBox: [L:1848, T:1720, R:1867, B:1738]
[INFO]  BBox: [L:1869, T:1720, R:1892, B:1738]
[INFO]  BBox: [L:1893, T:1707, R:1913, B:1738]
[INFO]  BBox: [L:1915, T:1720, R:1929, B:1738]
[INFO]  BBox: [L:1930, T:1720, R:1947, B:1738]
[INFO]  BBox: [L:1950, T:1720, R:1968, B:1738]
[INFO]  BBox: [L:1969, T:1708, R:1990, B:1738]
[INFO]  BBox: [L:1992, T:1720, R:2009, B:1738]
[INFO]  BBox: [L:2011, T:1708, R:2030, B:1739]
[INFO]  BBox: [L:2033, T:1708, R:2043, B:1738]
[INFO]  BBox: [L:2046, T:1720, R:2062, B:1739]
[INFO]  BBox: [L:2079, T:1719, R:2097, B:1746]
[INFO]  BBox: [L:2099, T:1708, R:2109, B:1738]
[INFO]  BBox: [L:2112, T:1720, R:2129, B:1739]
[INFO]  BBox: [L:2131, T:1720, R:2143, B:1739]
[INFO]  BBox: [L:2146, T:1720, R:2158, B:1739]
[INFO]  BBox: [L:2163, T:1733, R:2168, B:1738]
[INFO]  BBox: [L:2186, T:1709, R:2217, B:1739]
[INFO]  BBox: [L:2220, T:1720, R:2232, B:1739]
[INFO]  BBox: [L:2249, T:1720, R:2266, B:1739]
[INFO]  BBox: [L:1750, T:1768, R:1777, B:1786]
[INFO]  BBox: [L:1779, T:1767, R:1797, B:1786]
[INFO]  BBox: [L:1799, T:1768, R:1817, B:1794]
[INFO]  BBox: [L:1836, T:1768, R:1856, B:1786]
[INFO]  BBox: [L:1858, T:1755, R:1873, B:1786]
[INFO]  BBox: [L:1888, T:1768, R:1901, B:1786]
[INFO]  BBox: [L:1903, T:1755, R:1926, B:1786]
[INFO]  BBox: [L:1929, T:1768, R:1946, B:1786]
[INFO]  BBox: [L:1948, T:1755, R:1969, B:1786]
[INFO]  BBox: [L:1972, T:1759, R:1981, B:1786]
[INFO]  BBox: [L:1983, T:1768, R:2006, B:1786]
[INFO]  BBox: [L:2008, T:1767, R:2026, B:1794]
[INFO]  BBox: [L:2045, T:1768, R:2062, B:1786]
[INFO]  BBox: [L:2082, T:1756, R:2096, B:1786]
[INFO]  BBox: [L:2096, T:1760, R:2106, B:1786]
[INFO]  BBox: [L:2109, T:1768, R:2121, B:1786]
[INFO]  BBox: [L:2124, T:1765, R:2137, B:1787]
[INFO]  BBox: [L:2157, T:1768, R:2174, B:1787]
[INFO]  BBox: [L:2177, T:1765, R:2189, B:1787]
[INFO]  BBox: [L:2209, T:1765, R:2222, B:1787]
[INFO]  BBox: [L:2223, T:1756, R:2246, B:1786]
[INFO]  BBox: [L:2248, T:1768, R:2265, B:1787]
[INFO]  BBox: [L:1750, T:1804, R:1771, B:1834]
[INFO]  BBox: [L:1774, T:1816, R:1791, B:1834]
[INFO]  BBox: [L:1793, T:1815, R:1807, B:1834]
[INFO]  BBox: [L:1807, T:1803, R:1827, B:1834]
[INFO]  BBox: [L:1830, T:1816, R:1842, B:1834]
[INFO]  BBox: [L:1846, T:1828, R:1852, B:1840]
[INFO]  BBox: [L:1870, T:1813, R:1882, B:1834]
[INFO]  BBox: [L:1883, T:1803, R:1906, B:1834]
[INFO]  BBox: [L:1908, T:1816, R:1925, B:1834]
[INFO]  BBox: [L:1941, T:1816, R:1958, B:1834]
[INFO]  BBox: [L:1961, T:1808, R:1971, B:1834]
[INFO]  BBox: [L:1973, T:1813, R:1986, B:1834]
[INFO]  BBox: [L:1987, T:1816, R:2005, B:1842]
[INFO]  BBox: [L:2020, T:1803, R:2043, B:1834]
[INFO]  BBox: [L:2046, T:1808, R:2055, B:1834]
[INFO]  BBox: [L:2057, T:1816, R:2069, B:1835]
[INFO]  BBox: [L:2072, T:1813, R:2085, B:1835]
[INFO]  BBox: [L:2086, T:1816, R:2106, B:1835]
[INFO]  BBox: [L:2108, T:1816, R:2121, B:1834]
[INFO]  BBox: [L:2124, T:1808, R:2133, B:1834]
[INFO]  BBox: [L:2136, T:1816, R:2153, B:1835]
[INFO]  BBox: [L:2154, T:1816, R:2177, B:1834]
[INFO]  BBox: [L:2193, T:1805, R:2214, B:1835]
[INFO]  BBox: [L:2216, T:1816, R:2230, B:1834]
[INFO]  BBox: [L:2231, T:1816, R:2250, B:1835]
[INFO]  BBox: [L:2254, T:1822, R:2264, B:1828]
[INFO]  BBox: [L:1750, T:1852, R:1764, B:1882]
[INFO]  BBox: [L:1762, T:1864, R:1779, B:1882]
[INFO]  BBox: [L:1782, T:1864, R:1794, B:1882]
[INFO]  BBox: [L:1796, T:1864, R:1808, B:1882]
[INFO]  BBox: [L:1810, T:1864, R:1830, B:1882]
[INFO]  BBox: [L:1831, T:1864, R:1845, B:1882]
[INFO]  BBox: [L:1858, T:1853, R:1869, B:1882]
[INFO]  BBox: [L:1871, T:1865, R:1891, B:1882]
[INFO]  BBox: [L:1892, T:1864, R:1912, B:1882]
[INFO]  BBox: [L:1925, T:1853, R:1953, B:1882]
[INFO]  BBox: [L:1955, T:1864, R:1972, B:1882]
[INFO]  BBox: [L:1974, T:1851, R:1993, B:1883]
[INFO]  BBox: [L:1995, T:1864, R:2012, B:1883]
[INFO]  BBox: [L:2015, T:1852, R:2025, B:1882]
[INFO]  BBox: [L:2028, T:1856, R:2037, B:1882]
[INFO]  BBox: [L:2038, T:1853, R:2056, B:1883]
[INFO]  BBox: [L:2068, T:1865, R:2095, B:1883]
[INFO]  BBox: [L:2097, T:1865, R:2114, B:1883]
[INFO]  BBox: [L:2116, T:1865, R:2128, B:1883]
[INFO]  BBox: [L:2140, T:1865, R:2160, B:1891]
[INFO]  BBox: [L:2162, T:1865, R:2182, B:1883]
[INFO]  BBox: [L:2184, T:1862, R:2197, B:1883]
[INFO]  BBox: [L:2198, T:1862, R:2211, B:1883]
[INFO]  BBox: [L:2214, T:1857, R:2223, B:1883]
[INFO]  BBox: [L:2224, T:1865, R:2247, B:1883]
[INFO]  BBox: [L:2248, T:1864, R:2266, B:1891]
[INFO]  BBox: [L:1750, T:1909, R:1764, B:1930]
[INFO]  BBox: [L:1764, T:1899, R:1788, B:1930]
[INFO]  BBox: [L:1789, T:1912, R:1806, B:1930]
[INFO]  BBox: [L:1823, T:1899, R:1833, B:1930]
[INFO]  BBox: [L:1836, T:1912, R:1853, B:1930]
[INFO]  BBox: [L:1855, T:1912, R:1867, B:1930]
[INFO]  BBox: [L:1870, T:1909, R:1883, B:1930]
[INFO]  BBox: [L:1899, T:1909, R:1912, B:1930]
[INFO]  BBox: [L:1914, T:1912, R:1933, B:1930]
[INFO]  BBox: [L:1935, T:1912, R:1955, B:1930]
[INFO]  BBox: [L:1957, T:1912, R:1974, B:1930]
[INFO]  BBox: [L:1975, T:1899, R:1998, B:1930]
[INFO]  BBox: [L:2000, T:1912, R:2017, B:1931]
[INFO]  BBox: [L:2020, T:1912, R:2032, B:1930]
[INFO]  BBox: [L:2048, T:1912, R:2068, B:1931]
[INFO]  BBox: [L:2070, T:1912, R:2092, B:1930]
[INFO]  BBox: [L:2108, T:1912, R:2126, B:1931]
[INFO]  BBox: [L:2142, T:1909, R:2155, B:1931]
[INFO]  BBox: [L:2157, T:1912, R:2173, B:1931]
[INFO]  BBox: [L:2176, T:1912, R:2207, B:1931]
[INFO]  BBox: [L:2208, T:1912, R:2228, B:1939]
[INFO]  BBox: [L:2230, T:1912, R:2250, B:1931]
[INFO]  BBox: [L:2254, T:1918, R:2264, B:1924]
[INFO]  BBox: [L:1750, T:1959, R:1764, B:1978]
[INFO]  BBox: [L:1765, T:1960, R:1782, B:1978]
[INFO]  BBox: [L:1783, T:1959, R:1816, B:1986]
[INFO]  BBox: [L:1828, T:1960, R:1845, B:1978]
[INFO]  BBox: [L:1846, T:1960, R:1866, B:1978]
[INFO]  BBox: [L:1867, T:1947, R:1890, B:1978]
[INFO]  BBox: [L:1892, T:1952, R:1901, B:1978]
[INFO]  BBox: [L:1902, T:1947, R:1922, B:1978]
[INFO]  BBox: [L:1925, T:1952, R:1934, B:1978]
[INFO]  BBox: [L:1936, T:1957, R:1949, B:1979]
[INFO]  BBox: [L:1951, T:1952, R:1960, B:1978]
[INFO]  BBox: [L:1962, T:1960, R:1982, B:1979]
[INFO]  BBox: [L:1983, T:1960, R:2005, B:1978]
[INFO]  BBox: [L:2017, T:1960, R:2037, B:1979]
[INFO]  BBox: [L:2038, T:1948, R:2053, B:1978]
[INFO]  BBox: [L:2062, T:1960, R:2074, B:1979]
[INFO]  BBox: [L:2075, T:1947, R:2098, B:1978]
[INFO]  BBox: [L:2099, T:1960, R:2116, B:1979]
[INFO]  BBox: [L:2118, T:1948, R:2128, B:1979]
[INFO]  BBox: [L:2130, T:1948, R:2140, B:1979]
[INFO]  BBox: [L:2142, T:1960, R:2154, B:1979]
[INFO]  BBox: [L:2158, T:1973, R:2164, B:1984]
[INFO]  BBox: [L:2178, T:1960, R:2191, B:1979]
[INFO]  BBox: [L:2192, T:1960, R:2212, B:1979]
[INFO]  BBox: [L:2213, T:1960, R:2230, B:1979]
[INFO]  BBox: [L:2232, T:1948, R:2252, B:1979]
[INFO]  BBox: [L:2254, T:1966, R:2264, B:1972]
[INFO]  BBox: [L:1750, T:2008, R:1767, B:2026]
[INFO]  BBox: [L:1770, T:2005, R:1783, B:2026]
[INFO]  BBox: [L:1785, T:2008, R:1798, B:2026]
[INFO]  BBox: [L:1802, T:2020, R:1809, B:2032]
[INFO]  BBox: [L:1851, T:2007, R:1869, B:2034]
[INFO]  BBox: [L:1871, T:2008, R:1885, B:2026]
[INFO]  BBox: [L:1887, T:2008, R:1903, B:2026]
[INFO]  BBox: [L:1906, T:2008, R:1929, B:2026]
[INFO]  BBox: [L:1931, T:2008, R:1949, B:2026]
[INFO]  BBox: [L:1951, T:1995, R:1971, B:2027]
[INFO]  BBox: [L:1974, T:2008, R:1990, B:2027]
[INFO]  BBox: [L:1993, T:2008, R:2006, B:2027]
[INFO]  BBox: [L:2048, T:2008, R:2065, B:2027]
[INFO]  BBox: [L:2067, T:2008, R:2090, B:2027]
[INFO]  BBox: [L:2092, T:1996, R:2112, B:2027]
[INFO]  BBox: [L:2153, T:1996, R:2172, B:2027]
[INFO]  BBox: [L:2175, T:2009, R:2194, B:2027]
[INFO]  BBox: [L:2197, T:2009, R:2229, B:2027]
[INFO]  BBox: [L:2230, T:1996, R:2250, B:2027]
[INFO]  BBox: [L:2253, T:2009, R:2265, B:2027]
[INFO]  BBox: [L:1750, T:2043, R:1773, B:2074]
[INFO]  BBox: [L:1774, T:2056, R:1794, B:2074]
[INFO]  BBox: [L:1795, T:2055, R:1810, B:2074]
[INFO]  BBox: [L:1812, T:2043, R:1822, B:2074]
[INFO]  BBox: [L:1824, T:2056, R:1840, B:2074]
[INFO]  BBox: [L:1843, T:2043, R:1863, B:2074]
[INFO]  BBox: [L:1879, T:2056, R:1896, B:2074]
[INFO]  BBox: [L:1899, T:2053, R:1912, B:2074]
[INFO]  BBox: [L:1928, T:2045, R:1956, B:2074]
[INFO]  BBox: [L:1958, T:2057, R:1978, B:2074]
[INFO]  BBox: [L:1980, T:2043, R:1999, B:2074]
[INFO]  BBox: [L:2001, T:2056, R:2015, B:2074]
[INFO]  BBox: [L:2016, T:2056, R:2036, B:2075]
[INFO]  BBox: [L:2038, T:2057, R:2058, B:2075]
[INFO]  BBox: [L:2059, T:2056, R:2082, B:2074]
[INFO]  BBox: [L:2085, T:2048, R:2094, B:2074]
[INFO]  BBox: [L:2096, T:2044, R:2117, B:2074]
[INFO]  BBox: [L:2131, T:2044, R:2151, B:2075]
[INFO]  BBox: [L:2154, T:2057, R:2172, B:2082]
[INFO]  BBox: [L:2187, T:2045, R:2208, B:2075]
[INFO]  BBox: [L:2211, T:2056, R:2228, B:2075]
[INFO]  BBox: [L:2230, T:2056, R:2244, B:2075]
[INFO]  BBox: [L:2245, T:2044, R:2265, B:2075]
[INFO]  BBox: [L:1750, T:2103, R:1834, B:2130]
[INFO]  BBox: [L:1835, T:2103, R:1852, B:2122]
[INFO]  BBox: [L:1853, T:2103, R:1879, B:2122]
[INFO]  BBox: [L:1892, T:2103, R:1909, B:2122]
[INFO]  BBox: [L:1910, T:2103, R:1933, B:2122]
[INFO]  BBox: [L:1933, T:2091, R:1953, B:2122]
[INFO]  BBox: [L:1965, T:2104, R:1992, B:2122]
[INFO]  BBox: [L:1993, T:2104, R:2010, B:2122]
[INFO]  BBox: [L:2011, T:2104, R:2044, B:2130]
[INFO]  BBox: [L:2046, T:2091, R:2056, B:2122]
[INFO]  BBox: [L:2057, T:2104, R:2075, B:2122]
[INFO]  BBox: [L:2075, T:2104, R:2098, B:2122]
[INFO]  BBox: [L:2098, T:2104, R:2115, B:2123]
[INFO]  BBox: [L:2117, T:2104, R:2129, B:2123]
[INFO]  BBox: [L:2132, T:2117, R:2138, B:2122]
[INFO]  BBox: [L:2153, T:2093, R:2164, B:2122]
[INFO]  BBox: [L:2166, T:2101, R:2179, B:2123]
[INFO]  BBox: [L:2191, T:2101, R:2204, B:2123]
[INFO]  BBox: [L:2204, T:2104, R:2224, B:2123]
[INFO]  BBox: [L:2225, T:2104, R:2244, B:2123]
[INFO]  BBox: [L:2245, T:2091, R:2266, B:2122]
[INFO]  BBox: [L:1750, T:2139, R:1773, B:2170]
[INFO]  BBox: [L:1776, T:2144, R:1785, B:2170]
[INFO]  BBox: [L:1788, T:2152, R:1819, B:2170]
[INFO]  BBox: [L:1842, T:2141, R:1854, B:2170]
[INFO]  BBox: [L:1860, T:2141, R:1879, B:2170]
[INFO]  BBox: [L:1899, T:2139, R:1920, B:2170]
[INFO]  BBox: [L:1922, T:2152, R:1939, B:2170]
[INFO]  BBox: [L:1941, T:2153, R:1960, B:2178]
[INFO]  BBox: [L:1962, T:2152, R:1974, B:2170]
[INFO]  BBox: [L:1995, T:2149, R:2007, B:2171]
[INFO]  BBox: [L:2010, T:2152, R:2029, B:2171]
[INFO]  BBox: [L:2049, T:2149, R:2062, B:2171]
[INFO]  BBox: [L:2064, T:2153, R:2084, B:2171]
[INFO]  BBox: [L:2086, T:2152, R:2100, B:2170]
[INFO]  BBox: [L:2101, T:2152, R:2124, B:2171]
[INFO]  BBox: [L:2143, T:2150, R:2156, B:2171]
[INFO]  BBox: [L:2157, T:2140, R:2181, B:2171]
[INFO]  BBox: [L:2183, T:2153, R:2199, B:2171]
[INFO]  BBox: [L:2219, T:2140, R:2233, B:2171]
[INFO]  BBox: [L:2233, T:2153, R:2250, B:2171]
[INFO]  BBox: [L:2254, T:2159, R:2264, B:2164]
[INFO]  BBox: [L:1750, T:2199, R:1782, B:2218]
[INFO]  BBox: [L:1783, T:2199, R:1803, B:2218]
[INFO]  BBox: [L:1804, T:2200, R:1824, B:2218]
[INFO]  BBox: [L:1826, T:2200, R:1839, B:2218]
[INFO]  BBox: [L:1851, T:2189, R:1881, B:2218]
[INFO]  BBox: [L:1885, T:2200, R:1903, B:2218]
[INFO]  BBox: [L:1905, T:2200, R:1924, B:2218]
[INFO]  BBox: [L:1926, T:2197, R:1939, B:2218]
[INFO]  BBox: [L:1942, T:2192, R:1951, B:2218]
[INFO]  BBox: [L:1953, T:2187, R:1974, B:2218]
[INFO]  BBox: [L:1975, T:2200, R:1993, B:2218]
[INFO]  BBox: [L:2006, T:2200, R:2019, B:2218]
[INFO]  BBox: [L:2021, T:2200, R:2037, B:2219]
[INFO]  BBox: [L:2040, T:2200, R:2052, B:2219]
[INFO]  BBox: [L:2055, T:2197, R:2068, B:2219]
[INFO]  BBox: [L:2070, T:2200, R:2087, B:2218]
[INFO]  BBox: [L:2089, T:2201, R:2109, B:2219]
[INFO]  BBox: [L:2110, T:2200, R:2124, B:2218]
[INFO]  BBox: [L:2125, T:2200, R:2143, B:2219]
[INFO]  BBox: [L:2145, T:2200, R:2167, B:2218]
[INFO]  BBox: [L:2169, T:2197, R:2182, B:2219]
[INFO]  BBox: [L:2196, T:2193, R:2205, B:2218]
[INFO]  BBox: [L:2207, T:2200, R:2229, B:2218]
[INFO]  BBox: [L:2232, T:2197, R:2244, B:2219]
[INFO]  BBox: [L:2246, T:2200, R:2265, B:2219]
[INFO]  BBox: [L:1751, T:2248, R:1768, B:2267]
[INFO]  BBox: [L:1780, T:2248, R:1807, B:2267]
[INFO]  BBox: [L:1808, T:2248, R:1825, B:2267]
[INFO]  BBox: [L:1826, T:2248, R:1840, B:2267]
[INFO]  BBox: [L:1851, T:2248, R:1882, B:2267]
[INFO]  BBox: [L:1882, T:2249, R:1902, B:2267]
[INFO]  BBox: [L:1903, T:2248, R:1916, B:2267]
[INFO]  BBox: [L:1917, T:2248, R:1934, B:2267]
[INFO]  BBox: [L:1935, T:2249, R:1955, B:2267]
[INFO]  BBox: [L:1956, T:2248, R:1987, B:2267]
[INFO]  BBox: [L:1990, T:2261, R:1995, B:2266]
[INFO]  BBox: [L:2009, T:2237, R:2063, B:2267]
[INFO]  BBox: [L:2075, T:2245, R:2088, B:2268]
[INFO]  BBox: [L:2088, T:2235, R:2110, B:2267]
[INFO]  BBox: [L:2112, T:2249, R:2128, B:2268]
[INFO]  BBox: [L:2141, T:2246, R:2154, B:2268]
[INFO]  BBox: [L:2155, T:2248, R:2171, B:2268]
[INFO]  BBox: [L:2173, T:2248, R:2200, B:2267]
[INFO]  BBox: [L:2201, T:2249, R:2218, B:2267]
[INFO]  BBox: [L:2219, T:2249, R:2236, B:2268]
[INFO]  BBox: [L:2238, T:2249, R:2254, B:2268]
[INFO]  BBox: [L:2257, T:2262, R:2263, B:2273]
[INFO]  BBox: [L:1750, T:2297, R:1777, B:2315]
[INFO]  BBox: [L:1779, T:2288, R:1788, B:2315]
[INFO]  BBox: [L:1789, T:2284, R:1825, B:2315]
[INFO]  BBox: [L:1838, T:2288, R:1848, B:2315]
[INFO]  BBox: [L:1849, T:2293, R:1862, B:2315]
[INFO]  BBox: [L:1863, T:2296, R:1875, B:2315]
[INFO]  BBox: [L:1887, T:2296, R:1900, B:2315]
[INFO]  BBox: [L:1900, T:2296, R:1920, B:2323]
[INFO]  BBox: [L:1922, T:2284, R:1932, B:2315]
[INFO]  BBox: [L:1933, T:2296, R:1950, B:2315]
[INFO]  BBox: [L:1951, T:2296, R:1974, B:2315]
[INFO]  BBox: [L:1974, T:2284, R:1994, B:2315]
[INFO]  BBox: [L:1996, T:2288, R:2005, B:2315]
[INFO]  BBox: [L:2007, T:2284, R:2026, B:2315]
[INFO]  BBox: [L:2038, T:2297, R:2058, B:2315]
[INFO]  BBox: [L:2060, T:2289, R:2069, B:2315]
[INFO]  BBox: [L:2070, T:2297, R:2087, B:2316]
[INFO]  BBox: [L:2088, T:2297, R:2115, B:2315]
[INFO]  BBox: [L:2127, T:2297, R:2146, B:2316]
[INFO]  BBox: [L:2147, T:2298, R:2167, B:2315]
[INFO]  BBox: [L:2169, T:2297, R:2185, B:2316]
[INFO]  BBox: [L:2187, T:2297, R:2200, B:2315]
[INFO]  BBox: [L:2212, T:2294, R:2224, B:2316]
[INFO]  BBox: [L:2225, T:2284, R:2247, B:2315]
[INFO]  BBox: [L:2248, T:2297, R:2265, B:2316]
[INFO]  BBox: [L:1546, T:2344, R:1564, B:2362]
[INFO]  BBox: [L:1566, T:2336, R:1576, B:2362]
[INFO]  BBox: [L:1578, T:2341, R:1591, B:2362]
[INFO]  BBox: [L:1591, T:2345, R:1609, B:2370]
[INFO]  BBox: [L:1611, T:2333, R:1618, B:2344]
[INFO]  BBox: [L:1620, T:2344, R:1633, B:2362]
[INFO]  BBox: [L:1645, T:2345, R:1672, B:2362]
[INFO]  BBox: [L:1673, T:2344, R:1690, B:2363]
[INFO]  BBox: [L:1692, T:2344, R:1705, B:2362]
[INFO]  BBox: [L:1707, T:2341, R:1720, B:2362]
[INFO]  BBox: [L:1721, T:2344, R:1738, B:2363]
[INFO]  BBox: [L:1740, T:2344, R:1776, B:2362]
[INFO]  BBox: [L:1788, T:2345, R:1815, B:2362]
[INFO]  BBox: [L:1817, T:2344, R:1834, B:2362]
[INFO]  BBox: [L:1836, T:2332, R:1846, B:2362]
[INFO]  BBox: [L:1848, T:2332, R:1858, B:2362]
[INFO]  BBox: [L:1860, T:2344, R:1873, B:2363]
[INFO]  BBox: [L:1886, T:2344, R:1903, B:2363]
[INFO]  BBox: [L:1904, T:2344, R:1927, B:2362]
[INFO]  BBox: [L:1928, T:2332, R:1948, B:2363]
[INFO]  BBox: [L:1961, T:2342, R:1973, B:2363]
[INFO]  BBox: [L:1974, T:2332, R:1997, B:2362]
[INFO]  BBox: [L:1998, T:2345, R:2015, B:2363]
[INFO]  BBox: [L:2027, T:2333, R:2059, B:2363]
[INFO]  BBox: [L:2060, T:2332, R:2080, B:2363]
[INFO]  BBox: [L:2081, T:2345, R:2095, B:2363]
[INFO]  BBox: [L:2097, T:2337, R:2106, B:2363]
[INFO]  BBox: [L:2108, T:2345, R:2125, B:2363]
[INFO]  BBox: [L:2127, T:2342, R:2140, B:2363]
[INFO]  BBox: [L:2142, T:2337, R:2152, B:2363]
[INFO]  BBox: [L:2153, T:2345, R:2170, B:2363]
[INFO]  BBox: [L:2174, T:2357, R:2180, B:2368]
[INFO]  BBox: [L:2194, T:2332, R:2216, B:2363]
[INFO]  BBox: [L:2218, T:2345, R:2234, B:2363]
[INFO]  BBox: [L:2237, T:2334, R:2244, B:2345]
[INFO]  BBox: [L:2246, T:2332, R:2266, B:2363]
[INFO]  BBox: [L:1546, T:2391, R:1566, B:2418]
[INFO]  BBox: [L:1568, T:2379, R:1578, B:2410]
[INFO]  BBox: [L:1581, T:2392, R:1598, B:2410]
[INFO]  BBox: [L:1600, T:2392, R:1617, B:2410]
[INFO]  BBox: [L:1619, T:2392, R:1636, B:2410]
[INFO]  BBox: [L:1638, T:2379, R:1658, B:2410]
[INFO]  BBox: [L:1672, T:2392, R:1690, B:2410]
[INFO]  BBox: [L:1703, T:2392, R:1720, B:2411]
[INFO]  BBox: [L:1722, T:2392, R:1742, B:2411]
[INFO]  BBox: [L:1744, T:2379, R:1755, B:2410]
[INFO]  BBox: [L:1757, T:2379, R:1767, B:2410]
[INFO]  BBox: [L:1769, T:2392, R:1786, B:2411]
[INFO]  BBox: [L:1788, T:2392, R:1805, B:2411]
[INFO]  BBox: [L:1808, T:2389, R:1821, B:2410]
[INFO]  BBox: [L:1823, T:2384, R:1833, B:2410]
[INFO]  BBox: [L:1834, T:2392, R:1854, B:2411]
[INFO]  BBox: [L:1856, T:2392, R:1878, B:2410]
[INFO]  BBox: [L:1891, T:2392, R:1911, B:2411]
[INFO]  BBox: [L:1912, T:2380, R:1927, B:2410]
[INFO]  BBox: [L:1937, T:2392, R:1957, B:2418]
[INFO]  BBox: [L:1958, T:2380, R:1981, B:2410]
[INFO]  BBox: [L:1983, T:2392, R:2002, B:2411]
[INFO]  BBox: [L:2004, T:2392, R:2017, B:2411]
[INFO]  BBox: [L:2018, T:2392, R:2038, B:2419]
[INFO]  BBox: [L:2040, T:2380, R:2062, B:2411]
[INFO]  BBox: [L:2064, T:2392, R:2083, B:2411]
[INFO]  BBox: [L:2086, T:2392, R:2099, B:2411]
[INFO]  BBox: [L:2100, T:2392, R:2120, B:2411]
[INFO]  BBox: [L:2122, T:2393, R:2142, B:2411]
[INFO]  BBox: [L:2143, T:2393, R:2156, B:2411]
[INFO]  BBox: [L:2170, T:2393, R:2182, B:2411]
[INFO]  BBox: [L:2184, T:2380, R:2207, B:2411]
[INFO]  BBox: [L:2208, T:2393, R:2225, B:2411]
[INFO]  BBox: [L:2228, T:2380, R:2238, B:2411]
[INFO]  BBox: [L:2241, T:2380, R:2251, B:2411]
[INFO]  BBox: [L:2253, T:2393, R:2265, B:2411]
[INFO]  BBox: [L:1547, T:2440, R:1564, B:2458]
[INFO]  BBox: [L:1566, T:2440, R:1589, B:2458]
[INFO]  BBox: [L:1591, T:2427, R:1611, B:2458]
[INFO]  BBox: [L:1633, T:2440, R:1650, B:2458]
[INFO]  BBox: [L:1653, T:2427, R:1663, B:2458]
[INFO]  BBox: [L:1666, T:2441, R:1686, B:2458]
[INFO]  BBox: [L:1688, T:2440, R:1701, B:2458]
[INFO]  BBox: [L:1704, T:2437, R:1717, B:2458]
[INFO]  BBox: [L:1719, T:2440, R:1736, B:2458]
[INFO]  BBox: [L:1739, T:2440, R:1752, B:2458]
[INFO]  BBox: [L:1774, T:2427, R:1794, B:2458]
[INFO]  BBox: [L:1796, T:2440, R:1816, B:2458]
[INFO]  BBox: [L:1818, T:2440, R:1849, B:2458]
[INFO]  BBox: [L:1852, T:2427, R:1872, B:2458]
[INFO]  BBox: [L:1874, T:2440, R:1887, B:2459]
[INFO]  BBox: [L:1912, T:2427, R:1922, B:2464]
[INFO]  BBox: [L:1927, T:2429, R:1934, B:2440]
[INFO]  BBox: [L:1935, T:2429, R:1941, B:2440]
[INFO]  BBox: [L:1945, T:2437, R:1958, B:2458]
[INFO]  BBox: [L:1960, T:2441, R:1987, B:2458]
[INFO]  BBox: [L:1989, T:2440, R:2008, B:2459]
[INFO]  BBox: [L:2030, T:2427, R:2053, B:2458]
[INFO]  BBox: [L:2055, T:2441, R:2075, B:2459]
[INFO]  BBox: [L:2077, T:2440, R:2100, B:2458]
[INFO]  BBox: [L:2102, T:2428, R:2122, B:2459]
[INFO]  BBox: [L:2124, T:2441, R:2137, B:2459]
[INFO]  BBox: [L:2139, T:2441, R:2156, B:2459]
[INFO]  BBox: [L:2159, T:2428, R:2179, B:2459]
[INFO]  BBox: [L:2202, T:2441, R:2219, B:2459]
[INFO]  BBox: [L:2221, T:2441, R:2244, B:2459]
[INFO]  BBox: [L:2246, T:2428, R:2266, B:2459]
[INFO]  BBox: [L:1546, T:2475, R:1560, B:2505]
[INFO]  BBox: [L:1559, T:2487, R:1578, B:2506]
[INFO]  BBox: [L:1580, T:2487, R:1594, B:2505]
[INFO]  BBox: [L:1596, T:2485, R:1608, B:2506]
[INFO]  BBox: [L:1609, T:2488, R:1627, B:2514]
[INFO]  BBox: [L:1630, T:2493, R:1640, B:2499]
[INFO]  BBox: [L:1644, T:2488, R:1656, B:2506]
[INFO]  BBox: [L:1659, T:2488, R:1675, B:2506]
[INFO]  BBox: [L:1677, T:2488, R:1697, B:2506]
[INFO]  BBox: [L:1699, T:2488, R:1716, B:2506]
[INFO]  BBox: [L:1718, T:2487, R:1741, B:2506]
[INFO]  BBox: [L:1753, T:2475, R:1772, B:2506]
[INFO]  BBox: [L:1774, T:2488, R:1794, B:2506]
[INFO]  BBox: [L:1796, T:2488, R:1827, B:2506]
[INFO]  BBox: [L:1828, T:2475, R:1848, B:2506]
[INFO]  BBox: [L:1851, T:2475, R:1861, B:2506]
[INFO]  BBox: [L:1863, T:2488, R:1879, B:2506]
[INFO]  BBox: [L:1882, T:2485, R:1895, B:2506]
[INFO]  BBox: [L:1897, T:2488, R:1909, B:2506]
[INFO]  BBox: [L:1923, T:2480, R:1933, B:2506]
[INFO]  BBox: [L:1934, T:2488, R:1957, B:2506]
[INFO]  BBox: [L:1959, T:2488, R:1971, B:2506]
[INFO]  BBox: [L:1974, T:2480, R:1984, B:2506]
[INFO]  BBox: [L:1986, T:2475, R:2006, B:2506]
[INFO]  BBox: [L:2007, T:2488, R:2024, B:2506]
[INFO]  BBox: [L:2027, T:2477, R:2034, B:2488]
[INFO]  BBox: [L:2035, T:2477, R:2041, B:2488]
[INFO]  BBox: [L:2046, T:2475, R:2056, B:2512]
[INFO]  BBox: [L:2062, T:2501, R:2068, B:2506]
[INFO]  BBox: [L:1596, T:2524, R:1627, B:2553]
[INFO]  BBox: [L:1629, T:2535, R:1642, B:2553]
[INFO]  BBox: [L:1644, T:2535, R:1661, B:2554]
[INFO]  BBox: [L:1678, T:2532, R:1690, B:2554]
[INFO]  BBox: [L:1691, T:2522, R:1714, B:2553]
[INFO]  BBox: [L:1716, T:2535, R:1733, B:2554]
[INFO]  BBox: [L:1735, T:2535, R:1749, B:2553]
[INFO]  BBox: [L:1750, T:2535, R:1767, B:2554]
[INFO]  BBox: [L:1783, T:2535, R:1796, B:2554]
[INFO]  BBox: [L:1799, T:2532, R:1811, B:2554]
[INFO]  BBox: [L:1814, T:2527, R:1824, B:2553]
[INFO]  BBox: [L:1826, T:2523, R:1836, B:2553]
[INFO]  BBox: [L:1839, T:2523, R:1849, B:2553]
[INFO]  BBox: [L:1864, T:2535, R:1878, B:2553]
[INFO]  BBox: [L:1881, T:2527, R:1890, B:2553]
[INFO]  BBox: [L:1892, T:2535, R:1905, B:2554]
[INFO]  BBox: [L:1906, T:2523, R:1927, B:2553]
[INFO]  BBox: [L:1929, T:2535, R:1941, B:2554]
[INFO]  BBox: [L:1947, T:2525, R:1957, B:2553]
[INFO]  BBox: [L:1972, T:2524, R:2003, B:2554]
[INFO]  BBox: [L:2004, T:2536, R:2027, B:2554]
[INFO]  BBox: [L:2029, T:2536, R:2045, B:2554]
[INFO]  BBox: [L:2062, T:2536, R:2081, B:2554]
[INFO]  BBox: [L:2083, T:2524, R:2110, B:2554]
[INFO]  BBox: [L:2110, T:2528, R:2119, B:2554]
[INFO]  BBox: [L:2121, T:2536, R:2138, B:2554]
[INFO]  BBox: [L:2142, T:2528, R:2151, B:2554]
[INFO]  BBox: [L:2154, T:2536, R:2171, B:2554]
[INFO]  BBox: [L:2173, T:2524, R:2183, B:2554]
[INFO]  BBox: [L:2200, T:2536, R:2212, B:2554]
[INFO]  BBox: [L:2215, T:2536, R:2232, B:2554]
[INFO]  BBox: [L:2235, T:2528, R:2244, B:2554]
[INFO]  BBox: [L:2247, T:2524, R:2266, B:2554]
[INFO]  BBox: [L:1546, T:2583, R:1559, B:2602]
[INFO]  BBox: [L:1562, T:2583, R:1579, B:2602]
[INFO]  BBox: [L:1581, T:2584, R:1601, B:2602]
[INFO]  BBox: [L:1604, T:2583, R:1621, B:2602]
[INFO]  BBox: [L:1623, T:2583, R:1637, B:2601]
[INFO]  BBox: [L:1639, T:2583, R:1656, B:2602]
[INFO]  BBox: [L:1660, T:2571, R:1670, B:2602]
[INFO]  BBox: [L:1698, T:2583, R:1716, B:2610]
[INFO]  BBox: [L:1718, T:2583, R:1732, B:2602]
[INFO]  BBox: [L:1734, T:2583, R:1751, B:2602]
[INFO]  BBox: [L:1753, T:2583, R:1776, B:2602]
[INFO]  BBox: [L:1779, T:2584, R:1796, B:2602]
[INFO]  BBox: [L:1798, T:2571, R:1818, B:2602]
[INFO]  BBox: [L:1821, T:2584, R:1837, B:2602]
[INFO]  BBox: [L:1840, T:2583, R:1853, B:2602]
[INFO]  BBox: [L:1883, T:2584, R:1900, B:2602]
[INFO]  BBox: [L:1902, T:2583, R:1916, B:2602]
[INFO]  BBox: [L:1918, T:2584, R:1935, B:2602]
[INFO]  BBox: [L:1963, T:2571, R:1986, B:2602]
[INFO]  BBox: [L:1989, T:2584, R:2008, B:2602]
[INFO]  BBox: [L:2010, T:2584, R:2024, B:2602]
[INFO]  BBox: [L:2026, T:2571, R:2037, B:2602]
[INFO]  BBox: [L:2039, T:2584, R:2056, B:2603]
[INFO]  BBox: [L:2059, T:2571, R:2079, B:2603]
[INFO]  BBox: [L:2109, T:2576, R:2118, B:2602]
[INFO]  BBox: [L:2120, T:2584, R:2143, B:2602]
[INFO]  BBox: [L:2145, T:2581, R:2158, B:2603]
[INFO]  BBox: [L:2160, T:2584, R:2180, B:2603]
[INFO]  BBox: [L:2209, T:2581, R:2222, B:2603]
[INFO]  BBox: [L:2223, T:2572, R:2246, B:2602]
[INFO]  BBox: [L:2248, T:2584, R:2265, B:2603]
[INFO]  BBox: [L:1547, T:2620, R:1575, B:2649]
[INFO]  BBox: [L:1577, T:2632, R:1597, B:2650]
[INFO]  BBox: [L:1598, T:2619, R:1618, B:2650]
[INFO]  BBox: [L:1620, T:2631, R:1634, B:2649]
[INFO]  BBox: [L:1635, T:2631, R:1654, B:2650]
[INFO]  BBox: [L:1657, T:2632, R:1676, B:2650]
[INFO]  BBox: [L:1678, T:2631, R:1701, B:2650]
[INFO]  BBox: [L:1704, T:2623, R:1713, B:2650]
[INFO]  BBox: [L:1714, T:2619, R:1735, B:2650]
[INFO]  BBox: [L:1751, T:2631, R:1764, B:2650]
[INFO]  BBox: [L:1766, T:2632, R:1783, B:2650]
[INFO]  BBox: [L:1785, T:2631, R:1803, B:2658]
[INFO]  BBox: [L:1806, T:2624, R:1815, B:2650]
[INFO]  BBox: [L:1817, T:2632, R:1837, B:2650]
[INFO]  BBox: [L:1838, T:2631, R:1861, B:2650]
[INFO]  BBox: [L:1877, T:2632, R:1893, B:2650]
[INFO]  BBox: [L:1896, T:2632, R:1916, B:2650]
[INFO]  BBox: [L:1918, T:2632, R:1935, B:2650]
[INFO]  BBox: [L:1937, T:2632, R:1969, B:2658]
[INFO]  BBox: [L:1985, T:2620, R:1999, B:2650]
[INFO]  BBox: [L:1998, T:2632, R:2015, B:2650]
[INFO]  BBox: [L:2017, T:2632, R:2044, B:2650]
[INFO]  BBox: [L:2059, T:2620, R:2080, B:2650]
[INFO]  BBox: [L:2082, T:2632, R:2100, B:2650]
[INFO]  BBox: [L:2101, T:2633, R:2119, B:2658]
[INFO]  BBox: [L:2121, T:2632, R:2133, B:2651]
[INFO]  BBox: [L:2137, T:2645, R:2143, B:2650]
[INFO]  BBox: [L:2161, T:2621, R:2182, B:2651]
[INFO]  BBox: [L:2185, T:2632, R:2205, B:2651]
[INFO]  BBox: [L:2220, T:2620, R:2235, B:2650]
[INFO]  BBox: [L:2234, T:2632, R:2251, B:2651]
[INFO]  BBox: [L:2253, T:2632, R:2267, B:2650]
[INFO]  BBox: [L:1547, T:2676, R:1560, B:2698]
[INFO]  BBox: [L:1561, T:2666, R:1584, B:2697]
[INFO]  BBox: [L:1585, T:2679, R:1602, B:2698]
[INFO]  BBox: [L:1603, T:2680, R:1621, B:2706]
[INFO]  BBox: [L:1624, T:2668, R:1630, B:2680]
[INFO]  BBox: [L:1633, T:2680, R:1653, B:2698]
[INFO]  BBox: [L:1655, T:2679, R:1671, B:2698]
[INFO]  BBox: [L:1685, T:2679, R:1702, B:2698]
[INFO]  BBox: [L:1704, T:2680, R:1723, B:2698]
[INFO]  BBox: [L:1725, T:2679, R:1745, B:2706]
[INFO]  BBox: [L:1747, T:2667, R:1758, B:2698]
[INFO]  BBox: [L:1759, T:2679, R:1779, B:2698]
[INFO]  BBox: [L:1780, T:2667, R:1801, B:2698]
[INFO]  BBox: [L:1803, T:2679, R:1819, B:2698]
[INFO]  BBox: [L:1821, T:2667, R:1842, B:2698]
[INFO]  BBox: [L:1853, T:2667, R:1876, B:2698]
[INFO]  BBox: [L:1878, T:2680, R:1896, B:2698]
[INFO]  BBox: [L:1897, T:2679, R:1911, B:2698]
[INFO]  BBox: [L:1912, T:2679, R:1943, B:2698]
[INFO]  BBox: [L:1945, T:2667, R:1955, B:2698]
[INFO]  BBox: [L:1957, T:2680, R:1974, B:2698]
[INFO]  BBox: [L:1977, T:2680, R:1989, B:2698]
[INFO]  BBox: [L:1991, T:2680, R:2004, B:2698]
[INFO]  BBox: [L:2007, T:2667, R:2016, B:2698]
[INFO]  BBox: [L:2018, T:2680, R:2036, B:2706]
[INFO]  BBox: [L:2049, T:2672, R:2059, B:2698]
[INFO]  BBox: [L:2061, T:2680, R:2083, B:2698]
[INFO]  BBox: [L:2095, T:2668, R:2110, B:2698]
[INFO]  BBox: [L:2109, T:2672, R:2118, B:2698]
[INFO]  BBox: [L:2121, T:2680, R:2137, B:2699]
[INFO]  BBox: [L:2140, T:2667, R:2150, B:2698]
[INFO]  BBox: [L:2152, T:2667, R:2172, B:2699]
[INFO]  BBox: [L:2173, T:2680, R:2186, B:2699]
[INFO]  BBox: [L:2190, T:2693, R:2196, B:2704]
[INFO]  BBox: [L:2210, T:2667, R:2230, B:2699]
[INFO]  BBox: [L:2232, T:2681, R:2251, B:2699]
[INFO]  BBox: [L:2253, T:2677, R:2266, B:2699]
[INFO]  BBox: [L:1312, T:2725, R:1324, B:2746]
[INFO]  BBox: [L:1325, T:2715, R:1348, B:2746]
[INFO]  BBox: [L:1350, T:2728, R:1369, B:2746]
[INFO]  BBox: [L:1371, T:2728, R:1384, B:2746]
[INFO]  BBox: [L:1386, T:2728, R:1403, B:2746]
[INFO]  BBox: [L:1416, T:2727, R:1430, B:2746]
[INFO]  BBox: [L:1431, T:2727, R:1448, B:2746]
[INFO]  BBox: [L:1450, T:2727, R:1463, B:2746]
[INFO]  BBox: [L:1465, T:2727, R:1484, B:2754]
[INFO]  BBox: [L:1486, T:2727, R:1506, B:2746]
[INFO]  BBox: [L:1507, T:2727, R:1530, B:2746]
[INFO]  BBox: [L:1531, T:2727, R:1544, B:2746]
[INFO]  BBox: [L:1548, T:2719, R:1557, B:2746]
[INFO]  BBox: [L:1558, T:2715, R:1578, B:2746]
[INFO]  BBox: [L:1581, T:2715, R:1591, B:2746]
[INFO]  BBox: [L:1593, T:2728, R:1609, B:2746]
[INFO]  BBox: [L:1623, T:2715, R:1637, B:2746]
[INFO]  BBox: [L:1635, T:2728, R:1655, B:2747]
[INFO]  BBox: [L:1657, T:2728, R:1671, B:2746]
[INFO]  BBox: [L:1683, T:2728, R:1695, B:2747]
[INFO]  BBox: [L:1698, T:2728, R:1714, B:2747]
[INFO]  BBox: [L:1717, T:2728, R:1734, B:2747]
[INFO]  BBox: [L:1736, T:2729, R:1756, B:2747]
[INFO]  BBox: [L:1757, T:2728, R:1771, B:2746]
[INFO]  BBox: [L:1773, T:2720, R:1783, B:2746]
[INFO]  BBox: [L:1785, T:2725, R:1798, B:2747]
[INFO]  BBox: [L:1799, T:2728, R:1817, B:2755]
[INFO]  BBox: [L:1830, T:2725, R:1843, B:2747]
[INFO]  BBox: [L:1845, T:2728, R:1863, B:2747]
[INFO]  BBox: [L:1864, T:2715, R:1885, B:2746]
[INFO]  BBox: [L:1886, T:2728, R:1903, B:2747]
[INFO]  BBox: [L:1916, T:2728, R:1929, B:2747]
[INFO]  BBox: [L:1931, T:2728, R:1948, B:2747]
[INFO]  BBox: [L:1950, T:2728, R:1963, B:2746]
[INFO]  BBox: [L:1966, T:2720, R:1975, B:2746]
[INFO]  BBox: [L:1977, T:2728, R:1997, B:2747]
[INFO]  BBox: [L:1998, T:2729, R:2019, B:2747]
[INFO]  BBox: [L:2020, T:2728, R:2032, B:2747]
[INFO]  BBox: [L:2035, T:2716, R:2046, B:2747]
[INFO]  BBox: [L:2047, T:2729, R:2065, B:2755]
[INFO]  BBox: [L:2078, T:2728, R:2095, B:2747]
[INFO]  BBox: [L:2109, T:2725, R:2122, B:2747]
[INFO]  BBox: [L:2122, T:2716, R:2145, B:2747]
[INFO]  BBox: [L:2147, T:2728, R:2160, B:2747]
[INFO]  BBox: [L:2162, T:2729, R:2178, B:2747]
[INFO]  BBox: [L:2181, T:2729, R:2199, B:2747]
[INFO]  BBox: [L:2201, T:2726, R:2214, B:2747]
[INFO]  BBox: [L:2226, T:2716, R:2245, B:2747]
[INFO]  BBox: [L:2247, T:2729, R:2265, B:2755]
[INFO]  BBox: [L:1311, T:2764, R:1341, B:2794]
[INFO]  BBox: [L:1344, T:2776, R:1361, B:2794]
[INFO]  BBox: [L:1363, T:2776, R:1386, B:2794]
[INFO]  BBox: [L:1388, T:2776, R:1405, B:2794]
[INFO]  BBox: [L:1408, T:2775, R:1421, B:2794]
[INFO]  BBox: [L:1423, T:2776, R:1440, B:2794]
[INFO]  BBox: [L:1443, T:2763, R:1453, B:2794]
[INFO]  BBox: [L:1469, T:2765, R:1496, B:2794]
[INFO]  BBox: [L:1498, T:2776, R:1516, B:2794]
[INFO]  BBox: [L:1518, T:2773, R:1531, B:2794]
[INFO]  BBox: [L:1532, T:2763, R:1553, B:2794]
[INFO]  BBox: [L:1555, T:2776, R:1574, B:2794]
[INFO]  BBox: [L:1590, T:2765, R:1625, B:2794]
[INFO]  BBox: [L:1629, T:2763, R:1638, B:2794]
[INFO]  BBox: [L:1641, T:2776, R:1658, B:2794]
[INFO]  BBox: [L:1660, T:2763, R:1680, B:2795]
[INFO]  BBox: [L:1683, T:2768, R:1693, B:2794]
[INFO]  BBox: [L:1695, T:2765, R:1712, B:2795]
[INFO]  BBox: [L:1716, T:2789, R:1722, B:2800]
[INFO]  BBox: [L:1740, T:2776, R:1758, B:2795]
[INFO]  BBox: [L:1760, T:2776, R:1779, B:2795]
[INFO]  BBox: [L:1782, T:2776, R:1813, B:2794]
[INFO]  BBox: [L:1815, T:2776, R:1846, B:2794]
[INFO]  BBox: [L:1848, T:2776, R:1866, B:2795]
[INFO]  BBox: [L:1867, T:2776, R:1890, B:2794]
[INFO]  BBox: [L:1891, T:2764, R:1912, B:2795]
[INFO]  BBox: [L:1914, T:2776, R:1930, B:2795]
[INFO]  BBox: [L:1933, T:2776, R:1947, B:2794]
[INFO]  BBox: [L:1962, T:2776, R:1981, B:2795]
[INFO]  BBox: [L:1983, T:2764, R:1998, B:2794]
[INFO]  BBox: [L:2011, T:2776, R:2028, B:2795]
[INFO]  BBox: [L:2031, T:2764, R:2041, B:2795]
[INFO]  BBox: [L:2044, T:2764, R:2054, B:2795]
[INFO]  BBox: [L:2070, T:2765, R:2092, B:2795]
[INFO]  BBox: [L:2094, T:2777, R:2111, B:2795]
[INFO]  BBox: [L:2114, T:2776, R:2127, B:2795]
[INFO]  BBox: [L:2128, T:2764, R:2148, B:2795]
[INFO]  BBox: [L:2164, T:2765, R:2179, B:2795]
[INFO]  BBox: [L:2178, T:2777, R:2197, B:2795]
[INFO]  BBox: [L:2199, T:2776, R:2212, B:2795]
[INFO]  BBox: [L:2214, T:2777, R:2232, B:2795]
[INFO]  BBox: [L:2234, T:2777, R:2251, B:2795]
[INFO]  BBox: [L:2253, T:2777, R:2266, B:2795]
[INFO]  BBox: [L:1312, T:2815, R:1322, B:2841]
[INFO]  BBox: [L:1323, T:2823, R:1346, B:2841]
[INFO]  BBox: [L:1362, T:2812, R:1386, B:2842]
[INFO]  BBox: [L:1387, T:2824, R:1407, B:2842]
[INFO]  BBox: [L:1409, T:2824, R:1422, B:2842]
[INFO]  BBox: [L:1423, T:2823, R:1446, B:2841]
[INFO]  BBox: [L:1449, T:2815, R:1458, B:2841]
[INFO]  BBox: [L:1461, T:2823, R:1478, B:2842]
[INFO]  BBox: [L:1482, T:2836, R:1488, B:2847]
[INFO]  BBox: [L:1505, T:2824, R:1532, B:2842]
[INFO]  BBox: [L:1533, T:2811, R:1556, B:2842]
[INFO]  BBox: [L:1557, T:2824, R:1577, B:2842]
[INFO]  BBox: [L:1593, T:2824, R:1606, B:2842]
[INFO]  BBox: [L:1608, T:2824, R:1626, B:2842]
[INFO]  BBox: [L:1629, T:2815, R:1638, B:2842]
[INFO]  BBox: [L:1639, T:2811, R:1660, B:2842]
[INFO]  BBox: [L:1675, T:2811, R:1698, B:2842]
[INFO]  BBox: [L:1699, T:2824, R:1716, B:2842]
[INFO]  BBox: [L:1719, T:2813, R:1726, B:2824]
[INFO]  BBox: [L:1729, T:2811, R:1749, B:2842]
[INFO]  BBox: [L:1765, T:2813, R:1771, B:2824]
[INFO]  BBox: [L:1773, T:2813, R:1779, B:2824]
[INFO]  BBox: [L:1782, T:2824, R:1813, B:2842]
[INFO]  BBox: [L:1815, T:2824, R:1832, B:2842]
[INFO]  BBox: [L:1834, T:2811, R:1854, B:2842]
[INFO]  BBox: [L:1856, T:2824, R:1872, B:2842]
[INFO]  BBox: [L:1889, T:2824, R:1901, B:2842]
[INFO]  BBox: [L:1903, T:2825, R:1923, B:2842]
[INFO]  BBox: [L:1925, T:2824, R:1939, B:2842]
[INFO]  BBox: [L:1940, T:2824, R:1957, B:2842]
[INFO]  BBox: [L:1974, T:2813, R:2002, B:2842]
[INFO]  BBox: [L:2004, T:2825, R:2023, B:2843]
[INFO]  BBox: [L:2025, T:2812, R:2044, B:2843]
[INFO]  BBox: [L:2047, T:2824, R:2060, B:2842]
[INFO]  BBox: [L:2062, T:2824, R:2081, B:2843]
[INFO]  BBox: [L:2083, T:2825, R:2103, B:2843]
[INFO]  BBox: [L:2104, T:2825, R:2127, B:2842]
[INFO]  BBox: [L:2130, T:2816, R:2139, B:2842]
[INFO]  BBox: [L:2140, T:2812, R:2161, B:2842]
[INFO]  BBox: [L:2176, T:2812, R:2199, B:2843]
[INFO]  BBox: [L:2201, T:2825, R:2218, B:2843]
[INFO]  BBox: [L:2220, T:2825, R:2233, B:2843]
[INFO]  BBox: [L:2249, T:2825, R:2266, B:2843]
[INFO]  BBox: [L:1311, T:2871, R:1333, B:2890]
[INFO]  BBox: [L:1336, T:2863, R:1345, B:2890]
[INFO]  BBox: [L:1347, T:2872, R:1365, B:2890]
[INFO]  BBox: [L:1367, T:2872, R:1384, B:2890]
[INFO]  BBox: [L:1401, T:2868, R:1414, B:2890]
[INFO]  BBox: [L:1415, T:2871, R:1435, B:2890]
[INFO]  BBox: [L:1437, T:2872, R:1457, B:2890]
[INFO]  BBox: [L:1458, T:2871, R:1472, B:2890]
[INFO]  BBox: [L:1474, T:2863, R:1484, B:2890]
[INFO]  BBox: [L:1486, T:2871, R:1498, B:2890]
[INFO]  BBox: [L:1501, T:2869, R:1514, B:2890]
[INFO]  BBox: [L:1530, T:2871, R:1542, B:2890]
[INFO]  BBox: [L:1545, T:2871, R:1561, B:2890]
[INFO]  BBox: [L:1564, T:2872, R:1582, B:2890]
[INFO]  BBox: [L:1584, T:2872, R:1596, B:2890]
[INFO]  BBox: [L:1599, T:2872, R:1618, B:2890]
[INFO]  BBox: [L:1620, T:2872, R:1642, B:2890]
[INFO]  BBox: [L:1646, T:2885, R:1651, B:2889]
[INFO]  BBox: [L:1656, T:2861, R:1662, B:2872]
[INFO]  BBox: [L:1663, T:2861, R:1670, B:2872]
[INFO]  BBox: [L:1686, T:2861, R:1717, B:2890]
[INFO]  BBox: [L:1720, T:2864, R:1730, B:2890]
[INFO]  BBox: [L:1732, T:2872, R:1744, B:2890]
[INFO]  BBox: [L:1761, T:2872, R:1783, B:2890]
[INFO]  BBox: [L:1785, T:2872, R:1802, B:2890]
[INFO]  BBox: [L:1804, T:2872, R:1822, B:2890]
[INFO]  BBox: [L:1824, T:2872, R:1837, B:2890]
[INFO]  BBox: [L:1839, T:2872, R:1856, B:2890]
[INFO]  BBox: [L:1858, T:2872, R:1871, B:2890]
[INFO]  BBox: [L:1873, T:2869, R:1886, B:2890]
[INFO]  BBox: [L:1902, T:2872, R:1920, B:2890]
[INFO]  BBox: [L:1921, T:2872, R:1935, B:2890]
[INFO]  BBox: [L:1936, T:2872, R:1968, B:2890]
[INFO]  BBox: [L:1969, T:2873, R:1987, B:2898]
[INFO]  BBox: [L:2002, T:2860, R:2022, B:2891]
[INFO]  BBox: [L:2025, T:2872, R:2042, B:2891]
[INFO]  BBox: [L:2044, T:2872, R:2057, B:2891]
[INFO]  BBox: [L:2059, T:2872, R:2076, B:2891]
[INFO]  BBox: [L:2094, T:2864, R:2103, B:2890]
[INFO]  BBox: [L:2105, T:2873, R:2118, B:2891]
[INFO]  BBox: [L:2134, T:2873, R:2153, B:2891]
[INFO]  BBox: [L:2155, T:2873, R:2178, B:2891]
[INFO]  BBox: [L:2180, T:2860, R:2190, B:2891]
[INFO]  BBox: [L:2191, T:2873, R:2209, B:2899]
[INFO]  BBox: [L:2229, T:2862, R:2241, B:2891]
[INFO]  BBox: [L:2247, T:2860, R:2264, B:2891]
[INFO]  BBox: [L:1312, T:2919, R:1342, B:2938]
[INFO]  BBox: [L:1345, T:2911, R:1354, B:2938]
[INFO]  BBox: [L:1357, T:2907, R:1367, B:2938]
[INFO]  BBox: [L:1369, T:2920, R:1386, B:2938]
[INFO]  BBox: [L:1388, T:2919, R:1401, B:2938]
[INFO]  BBox: [L:1414, T:2919, R:1431, B:2938]
[INFO]  BBox: [L:1433, T:2920, R:1460, B:2938]
[INFO]  BBox: [L:1462, T:2919, R:1479, B:2938]
[INFO]  BBox: [L:1481, T:2920, R:1499, B:2946]
[INFO]  BBox: [L:1512, T:2911, R:1522, B:2938]
[INFO]  BBox: [L:1523, T:2919, R:1546, B:2938]
[INFO]  BBox: [L:1557, T:2908, R:1585, B:2938]
[INFO]  BBox: [L:1586, T:2919, R:1600, B:2938]
[INFO]  BBox: [L:1601, T:2920, R:1618, B:2938]
[INFO]  BBox: [L:1620, T:2907, R:1640, B:2938]
[INFO]  BBox: [L:1643, T:2912, R:1652, B:2938]
[INFO]  BBox: [L:1654, T:2920, R:1677, B:2938]
[INFO]  BBox: [L:1677, T:2912, R:1686, B:2946]
[INFO]  BBox: [L:1690, T:2920, R:1707, B:2938]
[INFO]  BBox: [L:1711, T:2932, R:1717, B:2943]
[INFO]  BBox: [L:1732, T:2920, R:1749, B:2938]
[INFO]  BBox: [L:1752, T:2920, R:1769, B:2938]
[INFO]  BBox: [L:1770, T:2920, R:1790, B:2946]
[INFO]  BBox: [L:1793, T:2912, R:1803, B:2938]
[INFO]  BBox: [L:1805, T:2917, R:1818, B:2938]
[INFO]  BBox: [L:1820, T:2920, R:1837, B:2938]
[INFO]  BBox: [L:1840, T:2908, R:1850, B:2938]
[INFO]  BBox: [L:1863, T:2920, R:1882, B:2938]
[INFO]  BBox: [L:1883, T:2908, R:1898, B:2938]
[INFO]  BBox: [L:1908, T:2917, R:1920, B:2939]
[INFO]  BBox: [L:1921, T:2908, R:1944, B:2938]
[INFO]  BBox: [L:1946, T:2920, R:1962, B:2939]
[INFO]  BBox: [L:1976, T:2920, R:1989, B:2939]
[INFO]  BBox: [L:1990, T:2920, R:2007, B:2939]
[INFO]  BBox: [L:2010, T:2908, R:2020, B:2938]
[INFO]  BBox: [L:2021, T:2908, R:2036, B:2938]
[INFO]  BBox: [L:2035, T:2926, R:2046, B:2932]
[INFO]  BBox: [L:2049, T:2920, R:2062, B:2939]
[INFO]  BBox: [L:2064, T:2917, R:2077, B:2939]
[INFO]  BBox: [L:2078, T:2921, R:2096, B:2946]
[INFO]  BBox: [L:2098, T:2908, R:2108, B:2938]
[INFO]  BBox: [L:2110, T:2920, R:2127, B:2939]
[INFO]  BBox: [L:2129, T:2908, R:2149, B:2939]
[INFO]  BBox: [L:2162, T:2909, R:2183, B:2939]
[INFO]  BBox: [L:2185, T:2921, R:2205, B:2939]
[INFO]  BBox: [L:2207, T:2921, R:2226, B:2939]
[INFO]  BBox: [L:2229, T:2918, R:2241, B:2939]
[INFO]  BBox: [L:2242, T:2908, R:2265, B:2939]
[INFO]  BBox: [L:1311, T:2956, R:1342, B:2985]
[INFO]  BBox: [L:1344, T:2967, R:1361, B:2986]
[INFO]  BBox: [L:1363, T:2967, R:1377, B:2985]
[INFO]  BBox: [L:1378, T:2968, R:1391, B:2985]
[INFO]  BBox: [L:1393, T:2967, R:1410, B:2986]
[INFO]  BBox: [L:1412, T:2966, R:1429, B:2993]
[INFO]  BBox: [L:1431, T:2967, R:1450, B:2986]
[INFO]  BBox: [L:1452, T:2967, R:1472, B:2985]
[INFO]  BBox: [L:1475, T:2959, R:1485, B:2985]
[INFO]  BBox: [L:1486, T:2967, R:1509, B:2985]
[INFO]  BBox: [L:1511, T:2967, R:1528, B:2986]
[INFO]  BBox: [L:1542, T:2956, R:1564, B:2986]
[INFO]  BBox: [L:1566, T:2967, R:1583, B:2986]
[INFO]  BBox: [L:1585, T:2967, R:1599, B:2985]
[INFO]  BBox: [L:1599, T:2954, R:1619, B:2986]
[INFO]  BBox: [L:1633, T:2956, R:1660, B:2986]
[INFO]  BBox: [L:1662, T:2967, R:1679, B:2986]
[INFO]  BBox: [L:1681, T:2967, R:1700, B:2994]
[INFO]  BBox: [L:1702, T:2968, R:1722, B:2986]
[INFO]  BBox: [L:1724, T:2955, R:1744, B:2986]
[INFO]  BBox: [L:1746, T:2955, R:1756, B:2986]
[INFO]  BBox: [L:1759, T:2959, R:1769, B:2986]
[INFO]  BBox: [L:1770, T:2968, R:1788, B:2986]
[INFO]  BBox: [L:1792, T:2980, R:1798, B:2985]
[INFO]  BBox: [L:1814, T:2956, R:1835, B:2986]
[INFO]  BBox: [L:1837, T:2967, R:1854, B:2986]
[INFO]  BBox: [L:1857, T:2967, R:1870, B:2986]
[INFO]  BBox: [L:1871, T:2955, R:1890, B:2986]
[INFO]  BBox: [L:1904, T:2955, R:1919, B:2986]
[INFO]  BBox: [L:1918, T:2959, R:1928, B:2986]
[INFO]  BBox: [L:1930, T:2967, R:1948, B:2994]
[INFO]  BBox: [L:1948, T:2955, R:1971, B:2986]
[INFO]  BBox: [L:1974, T:2965, R:1986, B:2986]
[INFO]  BBox: [L:1988, T:2968, R:2004, B:2986]
[INFO]  BBox: [L:2007, T:2968, R:2020, B:2986]
[INFO]  BBox: [L:2022, T:2968, R:2034, B:2986]
[INFO]  BBox: [L:2049, T:2965, R:2062, B:2986]
[INFO]  BBox: [L:2063, T:2955, R:2085, B:2986]
[INFO]  BBox: [L:2087, T:2968, R:2104, B:2987]
[INFO]  BBox: [L:2106, T:2968, R:2120, B:2986]
[INFO]  BBox: [L:2121, T:2968, R:2138, B:2987]
[INFO]  BBox: [L:2153, T:2968, R:2170, B:2987]
[INFO]  BBox: [L:2172, T:2968, R:2186, B:2986]
[INFO]  BBox: [L:2187, T:2968, R:2204, B:2987]
[INFO]  BBox: [L:2218, T:2968, R:2232, B:2986]
[INFO]  BBox: [L:2233, T:2968, R:2250, B:2987]
[INFO]  BBox: [L:2254, T:2974, R:2265, B:2980]
[INFO]  BBox: [L:1312, T:3007, R:1322, B:3034]
[INFO]  BBox: [L:1324, T:3016, R:1347, B:3034]
[INFO]  BBox: [L:1348, T:3003, R:1363, B:3034]
[INFO]  BBox: [L:1362, T:3016, R:1381, B:3034]
[INFO]  BBox: [L:1383, T:3016, R:1397, B:3034]
[INFO]  BBox: [L:1398, T:3016, R:1416, B:3034]
[INFO]  BBox: [L:1419, T:3016, R:1435, B:3034]
[INFO]  BBox: [L:1438, T:3003, R:1458, B:3034]
[INFO]  BBox: [L:1473, T:3003, R:1494, B:3034]
[INFO]  BBox: [L:1495, T:3016, R:1514, B:3042]
[INFO]  BBox: [L:1530, T:3004, R:1557, B:3034]
[INFO]  BBox: [L:1558, T:3017, R:1578, B:3034]
[INFO]  BBox: [L:1581, T:3016, R:1593, B:3034]
[INFO]  BBox: [L:1596, T:3016, R:1608, B:3034]
[INFO]  BBox: [L:1612, T:3008, R:1621, B:3034]
[INFO]  BBox: [L:1624, T:3016, R:1642, B:3034]
[INFO]  BBox: [L:1644, T:3016, R:1666, B:3034]
[INFO]  BBox: [L:1682, T:3016, R:1713, B:3034]
[INFO]  BBox: [L:1716, T:3016, R:1732, B:3034]
[INFO]  BBox: [L:1735, T:3016, R:1749, B:3034]
[INFO]  BBox: [L:1750, T:3016, R:1768, B:3035]
[INFO]  BBox: [L:1770, T:3016, R:1787, B:3034]
[INFO]  BBox: [L:1790, T:3016, R:1812, B:3034]
[INFO]  BBox: [L:1815, T:3016, R:1832, B:3034]
[INFO]  BBox: [L:1835, T:3016, R:1848, B:3034]
[INFO]  BBox: [L:1851, T:3008, R:1860, B:3034]
[INFO]  BBox: [L:1863, T:3016, R:1880, B:3034]
[INFO]  BBox: [L:1883, T:3016, R:1895, B:3035]
[INFO]  BBox: [L:1899, T:3029, R:1906, B:3040]
[INFO]  BBox: [L:1924, T:3016, R:1941, B:3034]
[INFO]  BBox: [L:1944, T:3017, R:1961, B:3035]
[INFO]  BBox: [L:1963, T:3016, R:1981, B:3035]
[INFO]  BBox: [L:1983, T:3017, R:2003, B:3035]
[INFO]  BBox: [L:2005, T:3017, R:2019, B:3034]
[INFO]  BBox: [L:2020, T:3003, R:2040, B:3035]
[INFO]  BBox: [L:2043, T:3008, R:2053, B:3034]
[INFO]  BBox: [L:2055, T:3017, R:2078, B:3035]
[INFO]  BBox: [L:2079, T:3016, R:2097, B:3043]
[INFO]  BBox: [L:2114, T:3014, R:2127, B:3035]
[INFO]  BBox: [L:2129, T:3017, R:2148, B:3035]
[INFO]  BBox: [L:2164, T:3005, R:2193, B:3035]
[INFO]  BBox: [L:2196, T:3017, R:2209, B:3035]
[INFO]  BBox: [L:2211, T:3017, R:2230, B:3035]
[INFO]  BBox: [L:2233, T:3017, R:2251, B:3035]
[INFO]  BBox: [L:2254, T:3023, R:2265, B:3028]
[INFO]  BBox: [L:1312, T:3061, R:1324, B:3082]
[INFO]  BBox: [L:1328, T:3055, R:1337, B:3082]
[INFO]  BBox: [L:1340, T:3064, R:1357, B:3082]
[INFO]  BBox: [L:1360, T:3064, R:1383, B:3082]
[INFO]  BBox: [L:1400, T:3064, R:1419, B:3082]
[INFO]  BBox: [L:1421, T:3051, R:1436, B:3082]
[INFO]  BBox: [L:1434, T:3051, R:1449, B:3082]
[INFO]  BBox: [L:1449, T:3055, R:1459, B:3082]
[INFO]  BBox: [L:1461, T:3064, R:1479, B:3082]
[INFO]  BBox: [L:1481, T:3064, R:1498, B:3082]
[INFO]  BBox: [L:1501, T:3064, R:1515, B:3082]
[INFO]  BBox: [L:1516, T:3064, R:1529, B:3082]
[INFO]  BBox: [L:1533, T:3076, R:1539, B:3087]
[INFO]  BBox: [L:1559, T:3064, R:1577, B:3082]
[INFO]  BBox: [L:1579, T:3064, R:1592, B:3082]
[INFO]  BBox: [L:1609, T:3064, R:1636, B:3082]
[INFO]  BBox: [L:1639, T:3064, R:1656, B:3082]
[INFO]  BBox: [L:1659, T:3051, R:1669, B:3082]
[INFO]  BBox: [L:1672, T:3051, R:1682, B:3082]
[INFO]  BBox: [L:1701, T:3064, R:1718, B:3082]
[INFO]  BBox: [L:1720, T:3064, R:1733, B:3082]
[INFO]  BBox: [L:1752, T:3061, R:1764, B:3082]
[INFO]  BBox: [L:1766, T:3051, R:1789, B:3082]
[INFO]  BBox: [L:1791, T:3064, R:1808, B:3082]
[INFO]  BBox: [L:1826, T:3064, R:1848, B:3082]
[INFO]  BBox: [L:1851, T:3064, R:1870, B:3082]
[INFO]  BBox: [L:1873, T:3061, R:1886, B:3083]
[INFO]  BBox: [L:1888, T:3064, R:1908, B:3083]
[INFO]  BBox: [L:1910, T:3064, R:1924, B:3082]
[INFO]  BBox: [L:1927, T:3056, R:1936, B:3082]
[INFO]  BBox: [L:1939, T:3064, R:1958, B:3083]
[INFO]  BBox: [L:1960, T:3065, R:1980, B:3083]
[INFO]  BBox: [L:1983, T:3064, R:1995, B:3083]
[INFO]  BBox: [L:2013, T:3053, R:2053, B:3083]
[INFO]  BBox: [L:2055, T:3052, R:2078, B:3082]
[INFO]  BBox: [L:2081, T:3056, R:2091, B:3083]
[INFO]  BBox: [L:2094, T:3062, R:2106, B:3083]
[INFO]  BBox: [L:2109, T:3065, R:2125, B:3083]
[INFO]  BBox: [L:2144, T:3054, R:2166, B:3083]
[INFO]  BBox: [L:2169, T:3065, R:2186, B:3083]
[INFO]  BBox: [L:2188, T:3064, R:2206, B:3091]
[INFO]  BBox: [L:2209, T:3052, R:2219, B:3083]
[INFO]  BBox: [L:2222, T:3065, R:2238, B:3083]
[INFO]  BBox: [L:2241, T:3065, R:2254, B:3083]
[INFO]  BBox: [L:2258, T:3077, R:2265, B:3088]
[INFO]  BBox: [L:1311, T:3099, R:1325, B:3130]
[INFO]  BBox: [L:1324, T:3112, R:1342, B:3130]
[INFO]  BBox: [L:1343, T:3111, R:1366, B:3130]
[INFO]  BBox: [L:1368, T:3112, R:1385, B:3130]
[INFO]  BBox: [L:1388, T:3109, R:1401, B:3130]
[INFO]  BBox: [L:1403, T:3104, R:1413, B:3130]
[INFO]  BBox: [L:1414, T:3112, R:1432, B:3130]
[INFO]  BBox: [L:1448, T:3100, R:1469, B:3130]
[INFO]  BBox: [L:1472, T:3112, R:1489, B:3130]
[INFO]  BBox: [L:1491, T:3111, R:1504, B:3130]
[INFO]  BBox: [L:1506, T:3099, R:1525, B:3130]
[INFO]  BBox: [L:1541, T:3111, R:1559, B:3138]
[INFO]  BBox: [L:1561, T:3112, R:1580, B:3130]
[INFO]  BBox: [L:1582, T:3112, R:1605, B:3130]
[INFO]  BBox: [L:1606, T:3112, R:1637, B:3130]
[INFO]  BBox: [L:1639, T:3112, R:1656, B:3130]
[INFO]  BBox: [L:1658, T:3112, R:1680, B:3130]
[INFO]  BBox: [L:1696, T:3112, R:1714, B:3130]
[INFO]  BBox: [L:1716, T:3112, R:1733, B:3131]
[INFO]  BBox: [L:1735, T:3112, R:1753, B:3131]
[INFO]  BBox: [L:1755, T:3113, R:1774, B:3131]
[INFO]  BBox: [L:1776, T:3112, R:1789, B:3131]
[INFO]  BBox: [L:1791, T:3112, R:1808, B:3131]
[INFO]  BBox: [L:1810, T:3099, R:1830, B:3131]
[INFO]  BBox: [L:1846, T:3112, R:1865, B:3131]
[INFO]  BBox: [L:1867, T:3100, R:1882, B:3130]
[INFO]  BBox: [L:1894, T:3112, R:1908, B:3130]
[INFO]  BBox: [L:1909, T:3112, R:1927, B:3131]
[INFO]  BBox: [L:1928, T:3112, R:1948, B:3139]
[INFO]  BBox: [L:1951, T:3104, R:1960, B:3130]
[INFO]  BBox: [L:1962, T:3112, R:1985, B:3130]
[INFO]  BBox: [L:1987, T:3111, R:2004, B:3139]
[INFO]  BBox: [L:2008, T:3125, R:2014, B:3136]
[INFO]  BBox: [L:2032, T:3109, R:2044, B:3131]
[INFO]  BBox: [L:2046, T:3112, R:2065, B:3131]
[INFO]  BBox: [L:2068, T:3112, R:2081, B:3131]
[INFO]  BBox: [L:2083, T:3110, R:2096, B:3131]
[INFO]  BBox: [L:2097, T:3113, R:2117, B:3131]
[INFO]  BBox: [L:2119, T:3112, R:2132, B:3131]
[INFO]  BBox: [L:2135, T:3105, R:2144, B:3131]
[INFO]  BBox: [L:2146, T:3113, R:2169, B:3131]
[INFO]  BBox: [L:2170, T:3112, R:2188, B:3139]
[INFO]  BBox: [L:2204, T:3113, R:2221, B:3131]
[INFO]  BBox: [L:2223, T:3112, R:2245, B:3131]
[INFO]  BBox: [L:2247, T:3100, R:2267, B:3131]
[INFO]  At level 4: pix diff = 2090
[       OK ] ResultIteratorTest.ComplexTest (760 ms)
[ RUN      ] ResultIteratorTest.GreyTest
[INFO]  BBox: [L:76, T:4, R:144, B:15]
[INFO]  BBox: [L:219, T:3175, R:277, B:3191]
[INFO]  BBox: [L:1115, T:368, R:1439, B:376]
[INFO]  BBox: [L:1111, T:387, R:1434, B:424]
[INFO]  BBox: [L:281, T:600, R:1237, B:3137]
[INFO]  BBox: [L:217, T:3192, R:1053, B:3225]
[INFO]  BBox: [L:870, T:1030, R:1682, B:2278]
[INFO]  BBox: [L:1082, T:2319, R:1462, B:2612]
[INFO]  BBox: [L:1311, T:602, R:2267, B:3139]
[INFO]  At level 0: pix diff = 369
[INFO]  BBox: [L:76, T:4, R:144, B:15]
[INFO]  BBox: [L:219, T:3175, R:277, B:3191]
[INFO]  BBox: [L:1115, T:368, R:1439, B:376]
[INFO]  BBox: [L:1111, T:387, R:1434, B:424]
[INFO]  BBox: [L:282, T:600, R:1236, B:728]
[INFO]  BBox: [L:282, T:745, R:1237, B:1400]
[INFO]  BBox: [L:282, T:1416, R:801, B:2360]
[INFO]  BBox: [L:281, T:2376, R:1235, B:2799]
[INFO]  BBox: [L:281, T:2808, R:1237, B:3137]
[INFO]  BBox: [L:217, T:3192, R:1053, B:3225]
[INFO]  BBox: [L:870, T:1030, R:1682, B:2278]
[INFO]  BBox: [L:1082, T:2319, R:1462, B:2612]
[INFO]  BBox: [L:1311, T:602, R:2264, B:690]
[INFO]  BBox: [L:1311, T:699, R:2266, B:1410]
[INFO]  BBox: [L:1546, T:1419, R:2266, B:2514]
[INFO]  BBox: [L:1311, T:2522, R:2267, B:3139]
[INFO]  At level 1: pix diff = 369
[INFO]  BBox: [L:76, T:4, R:144, B:15]
[INFO]  BBox: [L:219, T:3175, R:277, B:3191]
[INFO]  BBox: [L:1115, T:368, R:1439, B:376]
[INFO]  BBox: [L:1111, T:387, R:1434, B:424]
[INFO]  BBox: [L:282, T:600, R:1233, B:641]
[INFO]  BBox: [L:282, T:649, R:1236, B:688]
[INFO]  BBox: [L:283, T:696, R:955, B:728]
[INFO]  BBox: [L:331, T:745, R:1237, B:785]
[INFO]  BBox: [L:282, T:793, R:1236, B:833]
[INFO]  BBox: [L:282, T:841, R:1234, B:881]
[INFO]  BBox: [L:282, T:889, R:1236, B:932]
[INFO]  BBox: [L:282, T:937, R:1234, B:976]
[INFO]  BBox: [L:282, T:984, R:797, B:1024]
[INFO]  BBox: [L:283, T:1032, R:796, B:1072]
[INFO]  BBox: [L:282, T:1080, R:796, B:1119]
[INFO]  BBox: [L:283, T:1128, R:801, B:1167]
[INFO]  BBox: [L:283, T:1176, R:796, B:1216]
[INFO]  BBox: [L:282, T:1224, R:795, B:1261]
[INFO]  BBox: [L:283, T:1272, R:796, B:1312]
[INFO]  BBox: [L:283, T:1320, R:796, B:1360]
[INFO]  BBox: [L:282, T:1368, R:402, B:1400]
[INFO]  BBox: [L:331, T:1416, R:796, B:1455]
[INFO]  BBox: [L:282, T:1464, R:798, B:1504]
[INFO]  BBox: [L:283, T:1513, R:796, B:1551]
[INFO]  BBox: [L:282, T:1561, R:796, B:1600]
[INFO]  BBox: [L:283, T:1608, R:801, B:1651]
[INFO]  BBox: [L:283, T:1656, R:798, B:1695]
[INFO]  BBox: [L:283, T:1705, R:795, B:1744]
[INFO]  BBox: [L:282, T:1752, R:798, B:1784]
[INFO]  BBox: [L:282, T:1800, R:796, B:1840]
[INFO]  BBox: [L:282, T:1849, R:796, B:1885]
[INFO]  BBox: [L:283, T:1897, R:797, B:1928]
[INFO]  BBox: [L:282, T:1944, R:798, B:1983]
[INFO]  BBox: [L:282, T:1992, R:795, B:2032]
[INFO]  BBox: [L:283, T:2040, R:797, B:2079]
[INFO]  BBox: [L:282, T:2088, R:798, B:2127]
[INFO]  BBox: [L:282, T:2136, R:798, B:2168]
[INFO]  BBox: [L:282, T:2184, R:798, B:2220]
[INFO]  BBox: [L:283, T:2232, R:796, B:2272]
[INFO]  BBox: [L:283, T:2281, R:797, B:2319]
[INFO]  BBox: [L:282, T:2328, R:562, B:2360]
[INFO]  BBox: [L:331, T:2376, R:999, B:2416]
[INFO]  BBox: [L:282, T:2424, R:1001, B:2464]
[INFO]  BBox: [L:282, T:2472, R:999, B:2509]
[INFO]  BBox: [L:282, T:2519, R:1002, B:2556]
[INFO]  BBox: [L:282, T:2568, R:1001, B:2600]
[INFO]  BBox: [L:282, T:2616, R:1001, B:2656]
[INFO]  BBox: [L:281, T:2663, R:1002, B:2701]
[INFO]  BBox: [L:282, T:2712, R:1235, B:2754]
[INFO]  BBox: [L:281, T:2772, R:575, B:2799]
[INFO]  BBox: [L:331, T:2808, R:1237, B:2842]
[INFO]  BBox: [L:282, T:2856, R:1234, B:2896]
[INFO]  BBox: [L:282, T:2904, R:1235, B:2944]
[INFO]  BBox: [L:282, T:2951, R:1234, B:2993]
[INFO]  BBox: [L:282, T:3000, R:1235, B:3041]
[INFO]  BBox: [L:282, T:3048, R:1236, B:3089]
[INFO]  BBox: [L:281, T:3096, R:1236, B:3137]
[INFO]  BBox: [L:217, T:3192, R:1053, B:3225]
[INFO]  BBox: [L:870, T:1030, R:1682, B:2278]
[INFO]  BBox: [L:1082, T:2319, R:1462, B:2362]
[INFO]  BBox: [L:1181, T:2385, R:1362, B:2403]
[INFO]  BBox: [L:1148, T:2420, R:1394, B:2449]
[INFO]  BBox: [L:1096, T:2468, R:1448, B:2487]
[INFO]  BBox: [L:1124, T:2509, R:1418, B:2532]
[INFO]  BBox: [L:1153, T:2551, R:1390, B:2570]
[INFO]  BBox: [L:1115, T:2592, R:1427, B:2612]
[INFO]  BBox: [L:1311, T:602, R:2264, B:642]
[INFO]  BBox: [L:1311, T:650, R:1985, B:690]
[INFO]  BBox: [L:1361, T:699, R:2266, B:739]
[INFO]  BBox: [L:1311, T:747, R:2266, B:787]
[INFO]  BBox: [L:1311, T:795, R:2265, B:835]
[INFO]  BBox: [L:1311, T:843, R:2264, B:883]
[INFO]  BBox: [L:1311, T:891, R:2266, B:930]
[INFO]  BBox: [L:1311, T:939, R:2265, B:979]
[INFO]  BBox: [L:1750, T:987, R:2265, B:1019]
[INFO]  BBox: [L:1750, T:1035, R:2266, B:1067]
[INFO]  BBox: [L:1750, T:1082, R:2265, B:1122]
[INFO]  BBox: [L:1750, T:1131, R:2264, B:1170]
[INFO]  BBox: [L:1750, T:1181, R:2264, B:1218]
[INFO]  BBox: [L:1749, T:1227, R:2265, B:1267]
[INFO]  BBox: [L:1751, T:1275, R:2266, B:1307]
[INFO]  BBox: [L:1751, T:1323, R:2266, B:1363]
[INFO]  BBox: [L:1750, T:1371, R:2263, B:1410]
[INFO]  BBox: [L:1801, T:1419, R:2265, B:1458]
[INFO]  BBox: [L:1750, T:1467, R:2265, B:1506]
[INFO]  BBox: [L:1750, T:1516, R:2265, B:1552]
[INFO]  BBox: [L:1750, T:1563, R:2265, B:1603]
[INFO]  BBox: [L:1750, T:1611, R:2264, B:1648]
[INFO]  BBox: [L:1750, T:1660, R:2264, B:1699]
[INFO]  BBox: [L:1750, T:1707, R:2266, B:1746]
[INFO]  BBox: [L:1750, T:1755, R:2265, B:1794]
[INFO]  BBox: [L:1750, T:1803, R:2264, B:1842]
[INFO]  BBox: [L:1750, T:1851, R:2266, B:1891]
[INFO]  BBox: [L:1750, T:1899, R:2264, B:1939]
[INFO]  BBox: [L:1750, T:1947, R:2264, B:1986]
[INFO]  BBox: [L:1750, T:1995, R:2265, B:2034]
[INFO]  BBox: [L:1750, T:2043, R:2265, B:2082]
[INFO]  BBox: [L:1750, T:2091, R:2266, B:2130]
[INFO]  BBox: [L:1750, T:2139, R:2264, B:2178]
[INFO]  BBox: [L:1750, T:2187, R:2265, B:2219]
[INFO]  BBox: [L:1751, T:2235, R:2263, B:2273]
[INFO]  BBox: [L:1750, T:2284, R:2265, B:2323]
[INFO]  BBox: [L:1546, T:2332, R:2266, B:2370]
[INFO]  BBox: [L:1546, T:2379, R:2265, B:2419]
[INFO]  BBox: [L:1547, T:2427, R:2266, B:2464]
[INFO]  BBox: [L:1546, T:2475, R:2068, B:2514]
[INFO]  BBox: [L:1596, T:2522, R:2266, B:2554]
[INFO]  BBox: [L:1546, T:2571, R:2265, B:2610]
[INFO]  BBox: [L:1547, T:2619, R:2267, B:2658]
[INFO]  BBox: [L:1547, T:2666, R:2266, B:2706]
[INFO]  BBox: [L:1312, T:2715, R:2265, B:2755]
[INFO]  BBox: [L:1311, T:2763, R:2266, B:2800]
[INFO]  BBox: [L:1312, T:2811, R:2266, B:2847]
[INFO]  BBox: [L:1311, T:2860, R:2264, B:2899]
[INFO]  BBox: [L:1312, T:2907, R:2265, B:2946]
[INFO]  BBox: [L:1311, T:2954, R:2265, B:2994]
[INFO]  BBox: [L:1312, T:3003, R:2265, B:3043]
[INFO]  BBox: [L:1312, T:3051, R:2265, B:3091]
[INFO]  BBox: [L:1311, T:3099, R:2267, B:3139]
[INFO]  At level 2: pix diff = 376
[INFO]  BBox: [L:76, T:4, R:144, B:15]
[INFO]  BBox: [L:219, T:3175, R:277, B:3191]
[INFO]  BBox: [L:1115, T:368, R:1439, B:376]
[INFO]  BBox: [L:1111, T:387, R:1434, B:424]
[INFO]  BBox: [L:282, T:600, R:376, B:631]
[INFO]  BBox: [L:392, T:605, R:416, B:631]
[INFO]  BBox: [L:430, T:601, R:564, B:632]
[INFO]  BBox: [L:579, T:601, R:715, B:637]
[INFO]  BBox: [L:730, T:611, R:782, B:640]
[INFO]  BBox: [L:797, T:601, R:871, B:640]
[INFO]  BBox: [L:886, T:601, R:988, B:633]
[INFO]  BBox: [L:1003, T:601, R:1075, B:633]
[INFO]  BBox: [L:1090, T:601, R:1146, B:633]
[INFO]  BBox: [L:1160, T:606, R:1233, B:641]
[INFO]  BBox: [L:282, T:650, R:337, B:680]
[INFO]  BBox: [L:358, T:653, R:526, B:688]
[INFO]  BBox: [L:547, T:659, R:581, B:680]
[INFO]  BBox: [L:603, T:649, R:659, B:680]
[INFO]  BBox: [L:681, T:654, R:793, B:688]
[INFO]  BBox: [L:815, T:654, R:849, B:680]
[INFO]  BBox: [L:870, T:649, R:985, B:681]
[INFO]  BBox: [L:1006, T:651, R:1018, B:680]
[INFO]  BBox: [L:1039, T:650, R:1158, B:681]
[INFO]  BBox: [L:1180, T:650, R:1236, B:681]
[INFO]  BBox: [L:283, T:696, R:470, B:727]
[INFO]  BBox: [L:483, T:698, R:494, B:727]
[INFO]  BBox: [L:507, T:697, R:570, B:728]
[INFO]  BBox: [L:583, T:697, R:680, B:728]
[INFO]  BBox: [L:693, T:697, R:749, B:728]
[INFO]  BBox: [L:761, T:709, R:859, B:728]
[INFO]  BBox: [L:871, T:710, R:955, B:728]
[INFO]  BBox: [L:331, T:746, R:377, B:776]
[INFO]  BBox: [L:394, T:746, R:405, B:776]
[INFO]  BBox: [L:422, T:745, R:519, B:776]
[INFO]  BBox: [L:535, T:745, R:630, B:784]
[INFO]  BBox: [L:646, T:745, R:702, B:777]
[INFO]  BBox: [L:718, T:745, R:903, B:777]
[INFO]  BBox: [L:918, T:755, R:1007, B:777]
[INFO]  BBox: [L:1022, T:756, R:1092, B:785]
[INFO]  BBox: [L:1107, T:746, R:1237, B:785]
[INFO]  BBox: [L:282, T:793, R:363, B:824]
[INFO]  BBox: [L:376, T:803, R:453, B:824]
[INFO]  BBox: [L:465, T:793, R:526, B:824]
[INFO]  BBox: [L:538, T:793, R:735, B:825]
[INFO]  BBox: [L:746, T:803, R:873, B:832]
[INFO]  BBox: [L:885, T:806, R:1005, B:825]
[INFO]  BBox: [L:1017, T:794, R:1144, B:833]
[INFO]  BBox: [L:1156, T:794, R:1236, B:826]
[INFO]  BBox: [L:282, T:841, R:423, B:880]
[INFO]  BBox: [L:438, T:841, R:493, B:872]
[INFO]  BBox: [L:506, T:846, R:570, B:880]
[INFO]  BBox: [L:583, T:841, R:735, B:880]
[INFO]  BBox: [L:748, T:842, R:903, B:881]
[INFO]  BBox: [L:916, T:846, R:950, B:873]
[INFO]  BBox: [L:963, T:842, R:1005, B:873]
[INFO]  BBox: [L:1019, T:847, R:1058, B:873]
[INFO]  BBox: [L:1071, T:842, R:1234, B:879]
[INFO]  BBox: [L:282, T:889, R:409, B:920]
[INFO]  BBox: [L:425, T:889, R:512, B:920]
[INFO]  BBox: [L:529, T:894, R:692, B:928]
[INFO]  BBox: [L:708, T:899, R:741, B:920]
[INFO]  BBox: [L:757, T:889, R:813, B:921]
[INFO]  BBox: [L:829, T:890, R:899, B:921]
[INFO]  BBox: [L:915, T:890, R:951, B:921]
[INFO]  BBox: [L:964, T:899, R:1052, B:932]
[INFO]  BBox: [L:1068, T:890, R:1162, B:927]
[INFO]  BBox: [L:1180, T:890, R:1236, B:922]
[INFO]  BBox: [L:282, T:937, R:431, B:968]
[INFO]  BBox: [L:447, T:938, R:509, B:968]
[INFO]  BBox: [L:525, T:937, R:687, B:976]
[INFO]  BBox: [L:703, T:937, R:816, B:968]
[INFO]  BBox: [L:835, T:937, R:1025, B:968]
[INFO]  BBox: [L:1040, T:938, R:1098, B:969]
[INFO]  BBox: [L:1114, T:938, R:1234, B:969]
[INFO]  BBox: [L:282, T:984, R:355, B:1015]
[INFO]  BBox: [L:370, T:989, R:446, B:1016]
[INFO]  BBox: [L:461, T:985, R:523, B:1016]
[INFO]  BBox: [L:537, T:997, R:599, B:1016]
[INFO]  BBox: [L:612, T:985, R:660, B:1016]
[INFO]  BBox: [L:673, T:998, R:707, B:1016]
[INFO]  BBox: [L:722, T:985, R:797, B:1024]
[INFO]  BBox: [L:283, T:1032, R:355, B:1063]
[INFO]  BBox: [L:371, T:1032, R:547, B:1063]
[INFO]  BBox: [L:564, T:1037, R:689, B:1064]
[INFO]  BBox: [L:706, T:1037, R:796, B:1072]
[INFO]  BBox: [L:282, T:1090, R:355, B:1111]
[INFO]  BBox: [L:373, T:1080, R:409, B:1111]
[INFO]  BBox: [L:425, T:1085, R:465, B:1111]
[INFO]  BBox: [L:483, T:1085, R:614, B:1119]
[INFO]  BBox: [L:633, T:1080, R:724, B:1119]
[INFO]  BBox: [L:742, T:1081, R:796, B:1112]
[INFO]  BBox: [L:283, T:1128, R:362, B:1159]
[INFO]  BBox: [L:376, T:1133, R:400, B:1159]
[INFO]  BBox: [L:412, T:1141, R:480, B:1167]
[INFO]  BBox: [L:492, T:1128, R:572, B:1159]
[INFO]  BBox: [L:584, T:1141, R:688, B:1167]
[INFO]  BBox: [L:700, T:1138, R:754, B:1160]
[INFO]  BBox: [L:766, T:1129, R:801, B:1160]
[INFO]  BBox: [L:283, T:1176, R:337, B:1207]
[INFO]  BBox: [L:350, T:1177, R:594, B:1207]
[INFO]  BBox: [L:607, T:1181, R:670, B:1215]
[INFO]  BBox: [L:682, T:1177, R:718, B:1208]
[INFO]  BBox: [L:727, T:1178, R:796, B:1216]
[INFO]  BBox: [L:282, T:1224, R:403, B:1261]
[INFO]  BBox: [L:420, T:1225, R:488, B:1256]
[INFO]  BBox: [L:504, T:1225, R:690, B:1256]
[INFO]  BBox: [L:707, T:1229, R:741, B:1256]
[INFO]  BBox: [L:756, T:1226, R:795, B:1259]
[INFO]  BBox: [L:283, T:1281, R:356, B:1308]
[INFO]  BBox: [L:374, T:1272, R:436, B:1303]
[INFO]  BBox: [L:453, T:1272, R:580, B:1311]
[INFO]  BBox: [L:595, T:1273, R:685, B:1312]
[INFO]  BBox: [L:702, T:1286, R:720, B:1304]
[INFO]  BBox: [L:736, T:1283, R:796, B:1304]
[INFO]  BBox: [L:283, T:1320, R:415, B:1351]
[INFO]  BBox: [L:427, T:1320, R:501, B:1351]
[INFO]  BBox: [L:514, T:1333, R:531, B:1351]
[INFO]  BBox: [L:544, T:1321, R:700, B:1352]
[INFO]  BBox: [L:712, T:1333, R:796, B:1360]
[INFO]  BBox: [L:282, T:1368, R:402, B:1400]
[INFO]  BBox: [L:331, T:1416, R:440, B:1455]
[INFO]  BBox: [L:453, T:1416, R:507, B:1447]
[INFO]  BBox: [L:520, T:1418, R:608, B:1455]
[INFO]  BBox: [L:621, T:1421, R:708, B:1455]
[INFO]  BBox: [L:720, T:1430, R:796, B:1448]
[INFO]  BBox: [L:282, T:1464, R:411, B:1495]
[INFO]  BBox: [L:432, T:1464, R:489, B:1495]
[INFO]  BBox: [L:510, T:1464, R:594, B:1496]
[INFO]  BBox: [L:614, T:1464, R:738, B:1496]
[INFO]  BBox: [L:757, T:1465, R:798, B:1504]
[INFO]  BBox: [L:283, T:1513, R:340, B:1544]
[INFO]  BBox: [L:362, T:1513, R:481, B:1551]
[INFO]  BBox: [L:503, T:1513, R:540, B:1544]
[INFO]  BBox: [L:558, T:1513, R:696, B:1544]
[INFO]  BBox: [L:717, T:1526, R:796, B:1544]
[INFO]  BBox: [L:282, T:1561, R:359, B:1591]
[INFO]  BBox: [L:377, T:1562, R:481, B:1592]
[INFO]  BBox: [L:494, T:1561, R:675, B:1600]
[INFO]  BBox: [L:691, T:1561, R:796, B:1592]
[INFO]  BBox: [L:283, T:1621, R:369, B:1651]
[INFO]  BBox: [L:395, T:1608, R:477, B:1640]
[INFO]  BBox: [L:503, T:1609, R:552, B:1640]
[INFO]  BBox: [L:576, T:1609, R:632, B:1640]
[INFO]  BBox: [L:659, T:1621, R:738, B:1640]
[INFO]  BBox: [L:765, T:1609, R:801, B:1640]
[INFO]  BBox: [L:283, T:1656, R:339, B:1687]
[INFO]  BBox: [L:365, T:1656, R:504, B:1695]
[INFO]  BBox: [L:530, T:1657, R:586, B:1688]
[INFO]  BBox: [L:611, T:1667, R:671, B:1688]
[INFO]  BBox: [L:697, T:1657, R:798, B:1688]
[INFO]  BBox: [L:283, T:1705, R:497, B:1741]
[INFO]  BBox: [L:513, T:1705, R:579, B:1736]
[INFO]  BBox: [L:594, T:1705, R:685, B:1741]
[INFO]  BBox: [L:702, T:1718, R:720, B:1736]
[INFO]  BBox: [L:734, T:1705, R:795, B:1744]
[INFO]  BBox: [L:282, T:1752, R:501, B:1783]
[INFO]  BBox: [L:513, T:1753, R:668, B:1784]
[INFO]  BBox: [L:681, T:1753, R:744, B:1784]
[INFO]  BBox: [L:756, T:1765, R:798, B:1784]
[INFO]  BBox: [L:282, T:1800, R:493, B:1839]
[INFO]  BBox: [L:508, T:1810, R:579, B:1832]
[INFO]  BBox: [L:592, T:1800, R:694, B:1840]
[INFO]  BBox: [L:711, T:1801, R:796, B:1832]
[INFO]  BBox: [L:282, T:1849, R:449, B:1885]
[INFO]  BBox: [L:466, T:1850, R:653, B:1885]
[INFO]  BBox: [L:670, T:1850, R:796, B:1880]
[INFO]  BBox: [L:283, T:1909, R:338, B:1927]
[INFO]  BBox: [L:354, T:1922, R:359, B:1926]
[INFO]  BBox: [L:376, T:1922, R:382, B:1926]
[INFO]  BBox: [L:399, T:1922, R:405, B:1926]
[INFO]  BBox: [L:420, T:1909, R:506, B:1927]
[INFO]  BBox: [L:520, T:1897, R:555, B:1928]
[INFO]  BBox: [L:566, T:1897, R:654, B:1928]
[INFO]  BBox: [L:666, T:1897, R:797, B:1928]
[INFO]  BBox: [L:282, T:1957, R:340, B:1975]
[INFO]  BBox: [L:359, T:1949, R:435, B:1983]
[INFO]  BBox: [L:457, T:1946, R:518, B:1976]
[INFO]  BBox: [L:538, T:1944, R:594, B:1976]
[INFO]  BBox: [L:614, T:1945, R:719, B:1981]
[INFO]  BBox: [L:740, T:1957, R:798, B:1976]
[INFO]  BBox: [L:282, T:1992, R:460, B:2031]
[INFO]  BBox: [L:475, T:1993, R:555, B:2024]
[INFO]  BBox: [L:568, T:2003, R:602, B:2024]
[INFO]  BBox: [L:615, T:1993, R:739, B:2032]
[INFO]  BBox: [L:751, T:2006, R:795, B:2030]
[INFO]  BBox: [L:283, T:2040, R:345, B:2071]
[INFO]  BBox: [L:359, T:2053, R:404, B:2071]
[INFO]  BBox: [L:419, T:2042, R:516, B:2071]
[INFO]  BBox: [L:529, T:2041, R:657, B:2079]
[INFO]  BBox: [L:672, T:2042, R:721, B:2072]
[INFO]  BBox: [L:736, T:2054, R:797, B:2072]
[INFO]  BBox: [L:282, T:2088, R:455, B:2127]
[INFO]  BBox: [L:468, T:2088, R:628, B:2127]
[INFO]  BBox: [L:640, T:2088, R:694, B:2120]
[INFO]  BBox: [L:708, T:2089, R:798, B:2120]
[INFO]  BBox: [L:282, T:2136, R:374, B:2167]
[INFO]  BBox: [L:387, T:2138, R:398, B:2167]
[INFO]  BBox: [L:411, T:2136, R:538, B:2167]
[INFO]  BBox: [L:551, T:2136, R:605, B:2168]
[INFO]  BBox: [L:617, T:2137, R:798, B:2168]
[INFO]  BBox: [L:282, T:2184, R:370, B:2220]
[INFO]  BBox: [L:384, T:2184, R:502, B:2215]
[INFO]  BBox: [L:516, T:2189, R:549, B:2215]
[INFO]  BBox: [L:561, T:2197, R:578, B:2215]
[INFO]  BBox: [L:591, T:2185, R:732, B:2216]
[INFO]  BBox: [L:744, T:2185, R:798, B:2216]
[INFO]  BBox: [L:283, T:2236, R:316, B:2263]
[INFO]  BBox: [L:329, T:2245, R:346, B:2264]
[INFO]  BBox: [L:362, T:2232, R:582, B:2272]
[INFO]  BBox: [L:594, T:2242, R:684, B:2265]
[INFO]  BBox: [L:696, T:2233, R:796, B:2265]
[INFO]  BBox: [L:283, T:2285, R:335, B:2319]
[INFO]  BBox: [L:346, T:2285, R:407, B:2319]
[INFO]  BBox: [L:420, T:2281, R:467, B:2312]
[INFO]  BBox: [L:476, T:2281, R:576, B:2317]
[INFO]  BBox: [L:591, T:2281, R:797, B:2313]
[INFO]  BBox: [L:282, T:2333, R:369, B:2359]
[INFO]  BBox: [L:381, T:2328, R:562, B:2360]
[INFO]  BBox: [L:331, T:2378, R:399, B:2407]
[INFO]  BBox: [L:412, T:2376, R:489, B:2407]
[INFO]  BBox: [L:502, T:2389, R:520, B:2407]
[INFO]  BBox: [L:534, T:2377, R:580, B:2408]
[INFO]  BBox: [L:595, T:2377, R:691, B:2408]
[INFO]  BBox: [L:705, T:2389, R:839, B:2416]
[INFO]  BBox: [L:855, T:2382, R:888, B:2408]
[INFO]  BBox: [L:901, T:2379, R:999, B:2409]
[INFO]  BBox: [L:282, T:2424, R:489, B:2463]
[INFO]  BBox: [L:506, T:2434, R:593, B:2456]
[INFO]  BBox: [L:610, T:2434, R:645, B:2456]
[INFO]  BBox: [L:661, T:2435, R:714, B:2463]
[INFO]  BBox: [L:731, T:2438, R:825, B:2461]
[INFO]  BBox: [L:844, T:2425, R:907, B:2457]
[INFO]  BBox: [L:925, T:2426, R:1001, B:2464]
[INFO]  BBox: [L:282, T:2481, R:364, B:2503]
[INFO]  BBox: [L:376, T:2472, R:455, B:2503]
[INFO]  BBox: [L:467, T:2472, R:539, B:2503]
[INFO]  BBox: [L:550, T:2472, R:636, B:2503]
[INFO]  BBox: [L:652, T:2473, R:732, B:2509]
[INFO]  BBox: [L:745, T:2473, R:832, B:2504]
[INFO]  BBox: [L:844, T:2486, R:914, B:2504]
[INFO]  BBox: [L:926, T:2486, R:999, B:2504]
[INFO]  BBox: [L:282, T:2519, R:342, B:2550]
[INFO]  BBox: [L:355, T:2532, R:372, B:2550]
[INFO]  BBox: [L:385, T:2520, R:468, B:2551]
[INFO]  BBox: [L:480, T:2520, R:514, B:2551]
[INFO]  BBox: [L:523, T:2521, R:661, B:2556]
[INFO]  BBox: [L:675, T:2533, R:692, B:2551]
[INFO]  BBox: [L:705, T:2520, R:826, B:2551]
[INFO]  BBox: [L:837, T:2521, R:928, B:2552]
[INFO]  BBox: [L:940, T:2521, R:975, B:2552]
[INFO]  BBox: [L:984, T:2534, R:1002, B:2552]
[INFO]  BBox: [L:282, T:2577, R:365, B:2599]
[INFO]  BBox: [L:383, T:2568, R:463, B:2599]
[INFO]  BBox: [L:481, T:2568, R:673, B:2599]
[INFO]  BBox: [L:690, T:2581, R:768, B:2600]
[INFO]  BBox: [L:787, T:2573, R:826, B:2600]
[INFO]  BBox: [L:845, T:2569, R:1001, B:2600]
[INFO]  BBox: [L:282, T:2616, R:355, B:2655]
[INFO]  BBox: [L:370, T:2616, R:448, B:2647]
[INFO]  BBox: [L:463, T:2616, R:587, B:2647]
[INFO]  BBox: [L:601, T:2628, R:696, B:2655]
[INFO]  BBox: [L:709, T:2617, R:780, B:2648]
[INFO]  BBox: [L:793, T:2617, R:841, B:2648]
[INFO]  BBox: [L:855, T:2629, R:951, B:2656]
[INFO]  BBox: [L:966, T:2630, R:1001, B:2648]
[INFO]  BBox: [L:281, T:2664, R:328, B:2695]
[INFO]  BBox: [L:339, T:2663, R:393, B:2695]
[INFO]  BBox: [L:405, T:2673, R:508, B:2695]
[INFO]  BBox: [L:520, T:2664, R:554, B:2695]
[INFO]  BBox: [L:564, T:2669, R:693, B:2701]
[INFO]  BBox: [L:706, T:2665, R:810, B:2696]
[INFO]  BBox: [L:822, T:2665, R:1002, B:2696]
[INFO]  BBox: [L:282, T:2712, R:388, B:2743]
[INFO]  BBox: [L:416, T:2714, R:561, B:2744]
[INFO]  BBox: [L:576, T:2713, R:754, B:2744]
[INFO]  BBox: [L:767, T:2713, R:816, B:2744]
[INFO]  BBox: [L:830, T:2715, R:870, B:2745]
[INFO]  BBox: [L:884, T:2724, R:1015, B:2753]
[INFO]  BBox: [L:1030, T:2714, R:1065, B:2745]
[INFO]  BBox: [L:1077, T:2714, R:1131, B:2745]
[INFO]  BBox: [L:1146, T:2716, R:1235, B:2754]
[INFO]  BBox: [L:281, T:2772, R:399, B:2799]
[INFO]  BBox: [L:411, T:2773, R:575, B:2799]
[INFO]  BBox: [L:331, T:2808, R:439, B:2839]
[INFO]  BBox: [L:456, T:2808, R:702, B:2840]
[INFO]  BBox: [L:718, T:2809, R:832, B:2840]
[INFO]  BBox: [L:847, T:2809, R:896, B:2840]
[INFO]  BBox: [L:912, T:2809, R:1056, B:2841]
[INFO]  BBox: [L:1071, T:2810, R:1140, B:2841]
[INFO]  BBox: [L:1156, T:2811, R:1237, B:2842]
[INFO]  BBox: [L:282, T:2856, R:337, B:2887]
[INFO]  BBox: [L:354, T:2856, R:456, B:2887]
[INFO]  BBox: [L:472, T:2856, R:508, B:2887]
[INFO]  BBox: [L:520, T:2856, R:570, B:2887]
[INFO]  BBox: [L:585, T:2856, R:717, B:2896]
[INFO]  BBox: [L:733, T:2857, R:840, B:2888]
[INFO]  BBox: [L:857, T:2862, R:923, B:2888]
[INFO]  BBox: [L:940, T:2858, R:1003, B:2889]
[INFO]  BBox: [L:1019, T:2858, R:1096, B:2895]
[INFO]  BBox: [L:1114, T:2858, R:1234, B:2890]
[INFO]  BBox: [L:282, T:2916, R:360, B:2935]
[INFO]  BBox: [L:373, T:2917, R:435, B:2935]
[INFO]  BBox: [L:447, T:2904, R:590, B:2936]
[INFO]  BBox: [L:603, T:2905, R:665, B:2936]
[INFO]  BBox: [L:678, T:2915, R:795, B:2944]
[INFO]  BBox: [L:808, T:2910, R:887, B:2936]
[INFO]  BBox: [L:901, T:2910, R:934, B:2936]
[INFO]  BBox: [L:947, T:2906, R:1141, B:2937]
[INFO]  BBox: [L:1154, T:2908, R:1235, B:2938]
[INFO]  BBox: [L:282, T:2951, R:371, B:2983]
[INFO]  BBox: [L:386, T:2964, R:436, B:2983]
[INFO]  BBox: [L:451, T:2952, R:526, B:2991]
[INFO]  BBox: [L:540, T:2965, R:646, B:2989]
[INFO]  BBox: [L:662, T:2953, R:724, B:2984]
[INFO]  BBox: [L:738, T:2953, R:879, B:2984]
[INFO]  BBox: [L:894, T:2957, R:918, B:2984]
[INFO]  BBox: [L:932, T:2953, R:997, B:2984]
[INFO]  BBox: [L:1012, T:2953, R:1108, B:2993]
[INFO]  BBox: [L:1123, T:2955, R:1234, B:2985]
[INFO]  BBox: [L:282, T:3000, R:335, B:3031]
[INFO]  BBox: [L:347, T:3000, R:411, B:3031]
[INFO]  BBox: [L:424, T:3005, R:531, B:3031]
[INFO]  BBox: [L:543, T:3002, R:603, B:3032]
[INFO]  BBox: [L:615, T:3000, R:723, B:3032]
[INFO]  BBox: [L:735, T:3005, R:768, B:3032]
[INFO]  BBox: [L:780, T:3011, R:840, B:3033]
[INFO]  BBox: [L:852, T:3003, R:961, B:3040]
[INFO]  BBox: [L:973, T:3001, R:1045, B:3033]
[INFO]  BBox: [L:1059, T:3003, R:1097, B:3035]
[INFO]  BBox: [L:1109, T:3012, R:1235, B:3041]
[INFO]  BBox: [L:282, T:3048, R:317, B:3079]
[INFO]  BBox: [L:330, T:3048, R:542, B:3079]
[INFO]  BBox: [L:559, T:3049, R:768, B:3085]
[INFO]  BBox: [L:785, T:3049, R:826, B:3080]
[INFO]  BBox: [L:843, T:3049, R:983, B:3089]
[INFO]  BBox: [L:999, T:3063, R:1043, B:3081]
[INFO]  BBox: [L:1058, T:3050, R:1126, B:3082]
[INFO]  BBox: [L:1141, T:3052, R:1236, B:3082]
[INFO]  BBox: [L:281, T:3096, R:357, B:3127]
[INFO]  BBox: [L:372, T:3096, R:492, B:3135]
[INFO]  BBox: [L:509, T:3106, R:543, B:3128]
[INFO]  BBox: [L:559, T:3101, R:692, B:3128]
[INFO]  BBox: [L:710, T:3098, R:802, B:3128]
[INFO]  BBox: [L:820, T:3110, R:837, B:3128]
[INFO]  BBox: [L:853, T:3098, R:977, B:3134]
[INFO]  BBox: [L:995, T:3111, R:1056, B:3137]
[INFO]  BBox: [L:1071, T:3111, R:1186, B:3137]
[INFO]  BBox: [L:1202, T:3103, R:1236, B:3129]
[INFO]  BBox: [L:217, T:3192, R:287, B:3223]
[INFO]  BBox: [L:319, T:3202, R:671, B:3224]
[INFO]  BBox: [L:718, T:3203, R:932, B:3224]
[INFO]  BBox: [L:964, T:3205, R:1053, B:3225]
[INFO]  BBox: [L:870, T:1030, R:1682, B:2278]
[INFO]  BBox: [L:1082, T:2319, R:1167, B:2361]
[INFO]  BBox: [L:1192, T:2343, R:1462, B:2362]
[INFO]  BBox: [L:1181, T:2385, R:1296, B:2403]
[INFO]  BBox: [L:1321, T:2385, R:1362, B:2403]
[INFO]  BBox: [L:1148, T:2420, R:1394, B:2449]
[INFO]  BBox: [L:1096, T:2468, R:1276, B:2486]
[INFO]  BBox: [L:1301, T:2468, R:1448, B:2487]
[INFO]  BBox: [L:1124, T:2509, R:1193, B:2527]
[INFO]  BBox: [L:1219, T:2509, R:1418, B:2532]
[INFO]  BBox: [L:1153, T:2551, R:1221, B:2569]
[INFO]  BBox: [L:1246, T:2551, R:1390, B:2570]
[INFO]  BBox: [L:1115, T:2592, R:1306, B:2612]
[INFO]  BBox: [L:1331, T:2593, R:1427, B:2612]
[INFO]  BBox: [L:1311, T:602, R:1393, B:633]
[INFO]  BBox: [L:1407, T:607, R:1545, B:634]
[INFO]  BBox: [L:1559, T:602, R:1650, B:639]
[INFO]  BBox: [L:1665, T:615, R:1763, B:642]
[INFO]  BBox: [L:1779, T:608, R:1963, B:642]
[INFO]  BBox: [L:1978, T:603, R:2032, B:640]
[INFO]  BBox: [L:2048, T:616, R:2123, B:635]
[INFO]  BBox: [L:2137, T:604, R:2173, B:635]
[INFO]  BBox: [L:2183, T:604, R:2264, B:640]
[INFO]  BBox: [L:1311, T:650, R:1468, B:682]
[INFO]  BBox: [L:1481, T:650, R:1526, B:682]
[INFO]  BBox: [L:1539, T:651, R:1611, B:687]
[INFO]  BBox: [L:1626, T:656, R:1816, B:687]
[INFO]  BBox: [L:1830, T:651, R:1985, B:690]
[INFO]  BBox: [L:1361, T:699, R:1434, B:730]
[INFO]  BBox: [L:1447, T:703, R:1592, B:738]
[INFO]  BBox: [L:1605, T:700, R:1615, B:729]
[INFO]  BBox: [L:1629, T:699, R:1722, B:730]
[INFO]  BBox: [L:1735, T:711, R:1825, B:738]
[INFO]  BBox: [L:1837, T:699, R:1956, B:730]
[INFO]  BBox: [L:1968, T:701, R:1980, B:730]
[INFO]  BBox: [L:1993, T:709, R:2057, B:731]
[INFO]  BBox: [L:2069, T:712, R:2139, B:736]
[INFO]  BBox: [L:2153, T:700, R:2198, B:730]
[INFO]  BBox: [L:2206, T:712, R:2266, B:739]
[INFO]  BBox: [L:1311, T:759, R:1391, B:778]
[INFO]  BBox: [L:1408, T:759, R:1450, B:778]
[INFO]  BBox: [L:1465, T:748, R:1651, B:784]
[INFO]  BBox: [L:1668, T:747, R:1773, B:779]
[INFO]  BBox: [L:1789, T:760, R:1850, B:786]
[INFO]  BBox: [L:1866, T:747, R:1957, B:787]
[INFO]  BBox: [L:1973, T:760, R:2050, B:787]
[INFO]  BBox: [L:2065, T:748, R:2175, B:787]
[INFO]  BBox: [L:2190, T:748, R:2266, B:780]
[INFO]  BBox: [L:1311, T:807, R:1355, B:826]
[INFO]  BBox: [L:1368, T:796, R:1550, B:826]
[INFO]  BBox: [L:1564, T:796, R:1651, B:826]
[INFO]  BBox: [L:1664, T:795, R:1833, B:832]
[INFO]  BBox: [L:1848, T:797, R:1927, B:832]
[INFO]  BBox: [L:1942, T:805, R:2000, B:827]
[INFO]  BBox: [L:2013, T:798, R:2092, B:835]
[INFO]  BBox: [L:2107, T:798, R:2158, B:827]
[INFO]  BBox: [L:2171, T:801, R:2234, B:835]
[INFO]  BBox: [L:2248, T:809, R:2265, B:827]
[INFO]  BBox: [L:1311, T:853, R:1426, B:874]
[INFO]  BBox: [L:1442, T:843, R:1477, B:874]
[INFO]  BBox: [L:1490, T:848, R:1567, B:874]
[INFO]  BBox: [L:1584, T:843, R:1716, B:882]
[INFO]  BBox: [L:1733, T:844, R:1803, B:875]
[INFO]  BBox: [L:1819, T:848, R:1884, B:882]
[INFO]  BBox: [L:1900, T:848, R:1924, B:875]
[INFO]  BBox: [L:1941, T:844, R:2119, B:883]
[INFO]  BBox: [L:2134, T:844, R:2264, B:883]
[INFO]  BBox: [L:1311, T:895, R:1473, B:930]
[INFO]  BBox: [L:1492, T:891, R:1646, B:922]
[INFO]  BBox: [L:1666, T:891, R:1762, B:928]
[INFO]  BBox: [L:1784, T:891, R:1927, B:930]
[INFO]  BBox: [L:1947, T:891, R:2062, B:923]
[INFO]  BBox: [L:2085, T:893, R:2131, B:923]
[INFO]  BBox: [L:2151, T:892, R:2188, B:923]
[INFO]  BBox: [L:2205, T:892, R:2266, B:923]
[INFO]  BBox: [L:1311, T:939, R:1432, B:975]
[INFO]  BBox: [L:1446, T:939, R:1519, B:977]
[INFO]  BBox: [L:1531, T:952, R:1592, B:970]
[INFO]  BBox: [L:1605, T:939, R:1693, B:970]
[INFO]  BBox: [L:1705, T:952, R:1765, B:970]
[INFO]  BBox: [L:1777, T:952, R:1869, B:978]
[INFO]  BBox: [L:1884, T:939, R:1938, B:970]
[INFO]  BBox: [L:1950, T:939, R:2058, B:971]
[INFO]  BBox: [L:2081, T:941, R:2265, B:979]
[INFO]  BBox: [L:1750, T:987, R:1808, B:1018]
[INFO]  BBox: [L:1839, T:987, R:1962, B:1018]
[INFO]  BBox: [L:1994, T:987, R:2157, B:1019]
[INFO]  BBox: [L:2188, T:988, R:2265, B:1019]
[INFO]  BBox: [L:1750, T:1035, R:1834, B:1066]
[INFO]  BBox: [L:1867, T:1035, R:2002, B:1066]
[INFO]  BBox: [L:2036, T:1035, R:2197, B:1067]
[INFO]  BBox: [L:2232, T:1040, R:2266, B:1066]
[INFO]  BBox: [L:1750, T:1082, R:1845, B:1114]
[INFO]  BBox: [L:1885, T:1083, R:1993, B:1114]
[INFO]  BBox: [L:2035, T:1083, R:2099, B:1114]
[INFO]  BBox: [L:2139, T:1088, R:2265, B:1122]
[INFO]  BBox: [L:1750, T:1131, R:1872, B:1162]
[INFO]  BBox: [L:1890, T:1132, R:1921, B:1161]
[INFO]  BBox: [L:1937, T:1131, R:1997, B:1162]
[INFO]  BBox: [L:2013, T:1131, R:2115, B:1162]
[INFO]  BBox: [L:2132, T:1144, R:2264, B:1170]
[INFO]  BBox: [L:1750, T:1183, R:1822, B:1210]
[INFO]  BBox: [L:1846, T:1191, R:1900, B:1210]
[INFO]  BBox: [L:1924, T:1184, R:2108, B:1218]
[INFO]  BBox: [L:2132, T:1181, R:2264, B:1216]
[INFO]  BBox: [L:1749, T:1227, R:1970, B:1259]
[INFO]  BBox: [L:1986, T:1227, R:2124, B:1267]
[INFO]  BBox: [L:2139, T:1229, R:2265, B:1259]
[INFO]  BBox: [L:1751, T:1275, R:1815, B:1306]
[INFO]  BBox: [L:1831, T:1277, R:1932, B:1306]
[INFO]  BBox: [L:1950, T:1275, R:2126, B:1307]
[INFO]  BBox: [L:2142, T:1276, R:2266, B:1307]
[INFO]  BBox: [L:1751, T:1323, R:1939, B:1354]
[INFO]  BBox: [L:1965, T:1333, R:2056, B:1355]
[INFO]  BBox: [L:2082, T:1328, R:2160, B:1363]
[INFO]  BBox: [L:2186, T:1324, R:2266, B:1355]
[INFO]  BBox: [L:1750, T:1380, R:1831, B:1410]
[INFO]  BBox: [L:1845, T:1375, R:1877, B:1402]
[INFO]  BBox: [L:1889, T:1371, R:2069, B:1403]
[INFO]  BBox: [L:2079, T:1372, R:2125, B:1403]
[INFO]  BBox: [L:2137, T:1372, R:2190, B:1403]
[INFO]  BBox: [L:2202, T:1372, R:2263, B:1403]
[INFO]  BBox: [L:1801, T:1420, R:1921, B:1458]
[INFO]  BBox: [L:1935, T:1432, R:1952, B:1450]
[INFO]  BBox: [L:1965, T:1419, R:2046, B:1450]
[INFO]  BBox: [L:2060, T:1421, R:2071, B:1450]
[INFO]  BBox: [L:2086, T:1432, R:2147, B:1451]
[INFO]  BBox: [L:2161, T:1420, R:2265, B:1451]
[INFO]  BBox: [L:1750, T:1467, R:1930, B:1506]
[INFO]  BBox: [L:1948, T:1467, R:2088, B:1504]
[INFO]  BBox: [L:2105, T:1468, R:2178, B:1499]
[INFO]  BBox: [L:2192, T:1467, R:2265, B:1499]
[INFO]  BBox: [L:1750, T:1516, R:1832, B:1546]
[INFO]  BBox: [L:1867, T:1517, R:1996, B:1552]
[INFO]  BBox: [L:2033, T:1517, R:2172, B:1552]
[INFO]  BBox: [L:2209, T:1516, R:2265, B:1547]
[INFO]  BBox: [L:1750, T:1563, R:1900, B:1595]
[INFO]  BBox: [L:1912, T:1563, R:2041, B:1603]
[INFO]  BBox: [L:2056, T:1569, R:2265, B:1603]
[INFO]  BBox: [L:1750, T:1621, R:1876, B:1642]
[INFO]  BBox: [L:1889, T:1621, R:1922, B:1642]
[INFO]  BBox: [L:1935, T:1612, R:1979, B:1642]
[INFO]  BBox: [L:1992, T:1624, R:2010, B:1642]
[INFO]  BBox: [L:2022, T:1611, R:2151, B:1648]
[INFO]  BBox: [L:2165, T:1624, R:2182, B:1643]
[INFO]  BBox: [L:2196, T:1612, R:2264, B:1643]
[INFO]  BBox: [L:1750, T:1664, R:1825, B:1698]
[INFO]  BBox: [L:1841, T:1672, R:2000, B:1699]
[INFO]  BBox: [L:2016, T:1660, R:2193, B:1699]
[INFO]  BBox: [L:2209, T:1661, R:2264, B:1691]
[INFO]  BBox: [L:1750, T:1712, R:1832, B:1738]
[INFO]  BBox: [L:1848, T:1707, R:2062, B:1739]
[INFO]  BBox: [L:2079, T:1708, R:2168, B:1746]
[INFO]  BBox: [L:2186, T:1709, R:2232, B:1739]
[INFO]  BBox: [L:2249, T:1720, R:2266, B:1739]
[INFO]  BBox: [L:1750, T:1767, R:1817, B:1794]
[INFO]  BBox: [L:1836, T:1755, R:1873, B:1786]
[INFO]  BBox: [L:1888, T:1755, R:2026, B:1794]
[INFO]  BBox: [L:2045, T:1768, R:2062, B:1786]
[INFO]  BBox: [L:2082, T:1756, R:2137, B:1787]
[INFO]  BBox: [L:2157, T:1765, R:2189, B:1787]
[INFO]  BBox: [L:2209, T:1756, R:2265, B:1787]
[INFO]  BBox: [L:1750, T:1803, R:1852, B:1840]
[INFO]  BBox: [L:1870, T:1803, R:1925, B:1834]
[INFO]  BBox: [L:1941, T:1808, R:2005, B:1842]
[INFO]  BBox: [L:2020, T:1803, R:2177, B:1835]
[INFO]  BBox: [L:2193, T:1805, R:2264, B:1835]
[INFO]  BBox: [L:1750, T:1852, R:1845, B:1882]
[INFO]  BBox: [L:1858, T:1853, R:1912, B:1882]
[INFO]  BBox: [L:1925, T:1851, R:2056, B:1883]
[INFO]  BBox: [L:2068, T:1865, R:2128, B:1883]
[INFO]  BBox: [L:2140, T:1857, R:2266, B:1891]
[INFO]  BBox: [L:1750, T:1899, R:1806, B:1930]
[INFO]  BBox: [L:1823, T:1899, R:1883, B:1930]
[INFO]  BBox: [L:1899, T:1899, R:2032, B:1931]
[INFO]  BBox: [L:2048, T:1912, R:2092, B:1931]
[INFO]  BBox: [L:2108, T:1912, R:2126, B:1931]
[INFO]  BBox: [L:2142, T:1909, R:2264, B:1939]
[INFO]  BBox: [L:1750, T:1959, R:1816, B:1986]
[INFO]  BBox: [L:1828, T:1947, R:2005, B:1979]
[INFO]  BBox: [L:2017, T:1948, R:2053, B:1979]
[INFO]  BBox: [L:2062, T:1947, R:2164, B:1984]
[INFO]  BBox: [L:2178, T:1948, R:2264, B:1979]
[INFO]  BBox: [L:1750, T:2005, R:1809, B:2032]
[INFO]  BBox: [L:1851, T:1995, R:2006, B:2034]
[INFO]  BBox: [L:2048, T:1996, R:2112, B:2027]
[INFO]  BBox: [L:2153, T:1996, R:2265, B:2027]
[INFO]  BBox: [L:1750, T:2043, R:1863, B:2074]
[INFO]  BBox: [L:1879, T:2053, R:1912, B:2074]
[INFO]  BBox: [L:1928, T:2043, R:2117, B:2075]
[INFO]  BBox: [L:2131, T:2044, R:2172, B:2082]
[INFO]  BBox: [L:2187, T:2044, R:2265, B:2075]
[INFO]  BBox: [L:1750, T:2103, R:1879, B:2130]
[INFO]  BBox: [L:1892, T:2091, R:1953, B:2122]
[INFO]  BBox: [L:1965, T:2091, R:2138, B:2130]
[INFO]  BBox: [L:2153, T:2093, R:2179, B:2123]
[INFO]  BBox: [L:2191, T:2091, R:2266, B:2123]
[INFO]  BBox: [L:1750, T:2139, R:1819, B:2170]
[INFO]  BBox: [L:1842, T:2141, R:1879, B:2170]
[INFO]  BBox: [L:1899, T:2139, R:1974, B:2178]
[INFO]  BBox: [L:1995, T:2149, R:2029, B:2171]
[INFO]  BBox: [L:2049, T:2149, R:2124, B:2171]
[INFO]  BBox: [L:2143, T:2140, R:2199, B:2171]
[INFO]  BBox: [L:2219, T:2140, R:2264, B:2171]
[INFO]  BBox: [L:1750, T:2199, R:1839, B:2218]
[INFO]  BBox: [L:1851, T:2187, R:1993, B:2218]
[INFO]  BBox: [L:2006, T:2197, R:2182, B:2219]
[INFO]  BBox: [L:2196, T:2193, R:2265, B:2219]
[INFO]  BBox: [L:1751, T:2248, R:1768, B:2267]
[INFO]  BBox: [L:1780, T:2248, R:1840, B:2267]
[INFO]  BBox: [L:1851, T:2248, R:1995, B:2267]
[INFO]  BBox: [L:2009, T:2237, R:2063, B:2267]
[INFO]  BBox: [L:2075, T:2235, R:2128, B:2268]
[INFO]  BBox: [L:2141, T:2246, R:2263, B:2273]
[INFO]  BBox: [L:1750, T:2284, R:1825, B:2315]
[INFO]  BBox: [L:1838, T:2288, R:1875, B:2315]
[INFO]  BBox: [L:1887, T:2284, R:2026, B:2323]
[INFO]  BBox: [L:2038, T:2289, R:2115, B:2316]
[INFO]  BBox: [L:2127, T:2297, R:2200, B:2316]
[INFO]  BBox: [L:2212, T:2284, R:2265, B:2316]
[INFO]  BBox: [L:1546, T:2333, R:1633, B:2370]
[INFO]  BBox: [L:1645, T:2341, R:1776, B:2363]
[INFO]  BBox: [L:1788, T:2332, R:1873, B:2363]
[INFO]  BBox: [L:1886, T:2332, R:1948, B:2363]
[INFO]  BBox: [L:1961, T:2332, R:2015, B:2363]
[INFO]  BBox: [L:2027, T:2332, R:2180, B:2368]
[INFO]  BBox: [L:2194, T:2332, R:2266, B:2363]
[INFO]  BBox: [L:1546, T:2379, R:1658, B:2418]
[INFO]  BBox: [L:1672, T:2392, R:1690, B:2410]
[INFO]  BBox: [L:1703, T:2379, R:1878, B:2411]
[INFO]  BBox: [L:1891, T:2380, R:1927, B:2411]
[INFO]  BBox: [L:1937, T:2380, R:2156, B:2419]
[INFO]  BBox: [L:2170, T:2380, R:2265, B:2411]
[INFO]  BBox: [L:1547, T:2427, R:1611, B:2458]
[INFO]  BBox: [L:1633, T:2427, R:1752, B:2458]
[INFO]  BBox: [L:1774, T:2427, R:1887, B:2459]
[INFO]  BBox: [L:1912, T:2427, R:2008, B:2464]
[INFO]  BBox: [L:2030, T:2427, R:2179, B:2459]
[INFO]  BBox: [L:2202, T:2428, R:2266, B:2459]
[INFO]  BBox: [L:1546, T:2475, R:1741, B:2514]
[INFO]  BBox: [L:1753, T:2475, R:1909, B:2506]
[INFO]  BBox: [L:1923, T:2475, R:2068, B:2512]
[INFO]  BBox: [L:1596, T:2524, R:1661, B:2554]
[INFO]  BBox: [L:1678, T:2522, R:1767, B:2554]
[INFO]  BBox: [L:1783, T:2523, R:1849, B:2554]
[INFO]  BBox: [L:1864, T:2523, R:1957, B:2554]
[INFO]  BBox: [L:1972, T:2524, R:2045, B:2554]
[INFO]  BBox: [L:2062, T:2524, R:2183, B:2554]
[INFO]  BBox: [L:2200, T:2524, R:2266, B:2554]
[INFO]  BBox: [L:1546, T:2571, R:1670, B:2602]
[INFO]  BBox: [L:1698, T:2571, R:1853, B:2610]
[INFO]  BBox: [L:1883, T:2583, R:1935, B:2602]
[INFO]  BBox: [L:1963, T:2571, R:2079, B:2603]
[INFO]  BBox: [L:2109, T:2576, R:2180, B:2603]
[INFO]  BBox: [L:2209, T:2572, R:2265, B:2603]
[INFO]  BBox: [L:1547, T:2619, R:1735, B:2650]
[INFO]  BBox: [L:1751, T:2624, R:1861, B:2658]
[INFO]  BBox: [L:1877, T:2632, R:1969, B:2658]
[INFO]  BBox: [L:1985, T:2620, R:2044, B:2650]
[INFO]  BBox: [L:2059, T:2620, R:2143, B:2658]
[INFO]  BBox: [L:2161, T:2621, R:2205, B:2651]
[INFO]  BBox: [L:2220, T:2620, R:2267, B:2651]
[INFO]  BBox: [L:1547, T:2666, R:1671, B:2706]
[INFO]  BBox: [L:1685, T:2667, R:1842, B:2706]
[INFO]  BBox: [L:1853, T:2667, R:2036, B:2706]
[INFO]  BBox: [L:2049, T:2672, R:2083, B:2698]
[INFO]  BBox: [L:2095, T:2667, R:2196, B:2704]
[INFO]  BBox: [L:2210, T:2667, R:2266, B:2699]
[INFO]  BBox: [L:1312, T:2715, R:1403, B:2746]
[INFO]  BBox: [L:1416, T:2715, R:1609, B:2754]
[INFO]  BBox: [L:1623, T:2715, R:1671, B:2747]
[INFO]  BBox: [L:1683, T:2720, R:1817, B:2755]
[INFO]  BBox: [L:1830, T:2715, R:1903, B:2747]
[INFO]  BBox: [L:1916, T:2716, R:2065, B:2755]
[INFO]  BBox: [L:2078, T:2728, R:2095, B:2747]
[INFO]  BBox: [L:2109, T:2716, R:2214, B:2747]
[INFO]  BBox: [L:2226, T:2716, R:2265, B:2755]
[INFO]  BBox: [L:1311, T:2763, R:1453, B:2794]
[INFO]  BBox: [L:1469, T:2763, R:1574, B:2794]
[INFO]  BBox: [L:1590, T:2763, R:1722, B:2800]
[INFO]  BBox: [L:1740, T:2764, R:1947, B:2795]
[INFO]  BBox: [L:1962, T:2764, R:1998, B:2795]
[INFO]  BBox: [L:2011, T:2764, R:2054, B:2795]
[INFO]  BBox: [L:2070, T:2764, R:2148, B:2795]
[INFO]  BBox: [L:2164, T:2765, R:2266, B:2795]
[INFO]  BBox: [L:1312, T:2815, R:1346, B:2841]
[INFO]  BBox: [L:1362, T:2812, R:1488, B:2847]
[INFO]  BBox: [L:1505, T:2811, R:1577, B:2842]
[INFO]  BBox: [L:1593, T:2811, R:1660, B:2842]
[INFO]  BBox: [L:1675, T:2811, R:1749, B:2842]
[INFO]  BBox: [L:1765, T:2811, R:1872, B:2842]
[INFO]  BBox: [L:1889, T:2824, R:1957, B:2842]
[INFO]  BBox: [L:1974, T:2812, R:2161, B:2843]
[INFO]  BBox: [L:2176, T:2812, R:2233, B:2843]
[INFO]  BBox: [L:2249, T:2825, R:2266, B:2843]
[INFO]  BBox: [L:1311, T:2863, R:1384, B:2890]
[INFO]  BBox: [L:1401, T:2863, R:1514, B:2890]
[INFO]  BBox: [L:1530, T:2861, R:1670, B:2890]
[INFO]  BBox: [L:1686, T:2861, R:1744, B:2890]
[INFO]  BBox: [L:1761, T:2869, R:1886, B:2890]
[INFO]  BBox: [L:1902, T:2872, R:1987, B:2898]
[INFO]  BBox: [L:2002, T:2860, R:2076, B:2891]
[INFO]  BBox: [L:2094, T:2864, R:2118, B:2891]
[INFO]  BBox: [L:2134, T:2860, R:2209, B:2899]
[INFO]  BBox: [L:2229, T:2860, R:2264, B:2891]
[INFO]  BBox: [L:1312, T:2907, R:1401, B:2938]
[INFO]  BBox: [L:1414, T:2919, R:1499, B:2946]
[INFO]  BBox: [L:1512, T:2911, R:1546, B:2938]
[INFO]  BBox: [L:1557, T:2907, R:1717, B:2946]
[INFO]  BBox: [L:1732, T:2908, R:1850, B:2946]
[INFO]  BBox: [L:1863, T:2908, R:1898, B:2938]
[INFO]  BBox: [L:1908, T:2908, R:1962, B:2939]
[INFO]  BBox: [L:1976, T:2908, R:2149, B:2946]
[INFO]  BBox: [L:2162, T:2908, R:2265, B:2939]
[INFO]  BBox: [L:1311, T:2956, R:1528, B:2993]
[INFO]  BBox: [L:1542, T:2954, R:1619, B:2986]
[INFO]  BBox: [L:1633, T:2955, R:1798, B:2994]
[INFO]  BBox: [L:1814, T:2955, R:1890, B:2986]
[INFO]  BBox: [L:1904, T:2955, R:2034, B:2994]
[INFO]  BBox: [L:2049, T:2955, R:2138, B:2987]
[INFO]  BBox: [L:2153, T:2968, R:2204, B:2987]
[INFO]  BBox: [L:2218, T:2968, R:2265, B:2987]
[INFO]  BBox: [L:1312, T:3003, R:1458, B:3034]
[INFO]  BBox: [L:1473, T:3003, R:1514, B:3042]
[INFO]  BBox: [L:1530, T:3004, R:1666, B:3034]
[INFO]  BBox: [L:1682, T:3008, R:1906, B:3040]
[INFO]  BBox: [L:1924, T:3003, R:2097, B:3043]
[INFO]  BBox: [L:2114, T:3014, R:2148, B:3035]
[INFO]  BBox: [L:2164, T:3005, R:2265, B:3035]
[INFO]  BBox: [L:1312, T:3055, R:1383, B:3082]
[INFO]  BBox: [L:1400, T:3051, R:1539, B:3087]
[INFO]  BBox: [L:1559, T:3064, R:1592, B:3082]
[INFO]  BBox: [L:1609, T:3051, R:1682, B:3082]
[INFO]  BBox: [L:1701, T:3064, R:1733, B:3082]
[INFO]  BBox: [L:1752, T:3051, R:1808, B:3082]
[INFO]  BBox: [L:1826, T:3056, R:1995, B:3083]
[INFO]  BBox: [L:2013, T:3052, R:2125, B:3083]
[INFO]  BBox: [L:2144, T:3052, R:2265, B:3091]
[INFO]  BBox: [L:1311, T:3099, R:1432, B:3130]
[INFO]  BBox: [L:1448, T:3099, R:1525, B:3130]
[INFO]  BBox: [L:1541, T:3111, R:1680, B:3138]
[INFO]  BBox: [L:1696, T:3099, R:1830, B:3131]
[INFO]  BBox: [L:1846, T:3100, R:1882, B:3131]
[INFO]  BBox: [L:1894, T:3104, R:2014, B:3139]
[INFO]  BBox: [L:2032, T:3105, R:2188, B:3139]
[INFO]  BBox: [L:2204, T:3100, R:2267, B:3131]
[INFO]  At level 3: pix diff = 376
[INFO]  BBox: [L:76, T:4, R:144, B:15]
[INFO]  BBox: [L:219, T:3180, R:238, B:3189]
[INFO]  BBox: [L:251, T:3175, R:254, B:3176]
[INFO]  BBox: [L:258, T:3175, R:277, B:3191]
[INFO]  BBox: [L:1115, T:368, R:1439, B:376]
[INFO]  BBox: [L:1111, T:387, R:1130, B:424]
[INFO]  BBox: [L:1160, T:404, R:1175, B:424]
[INFO]  BBox: [L:1205, T:399, R:1218, B:424]
[INFO]  BBox: [L:1249, T:404, R:1262, B:424]
[INFO]  BBox: [L:1294, T:388, R:1301, B:424]
[INFO]  BBox: [L:1332, T:397, R:1339, B:424]
[INFO]  BBox: [L:1371, T:404, R:1390, B:424]
[INFO]  BBox: [L:1420, T:405, R:1434, B:424]
[INFO]  BBox: [L:282, T:602, R:289, B:613]
[INFO]  BBox: [L:290, T:602, R:296, B:613]
[INFO]  BBox: [L:298, T:602, R:326, B:631]
[INFO]  BBox: [L:327, T:600, R:349, B:631]
[INFO]  BBox: [L:352, T:605, R:361, B:631]
[INFO]  BBox: [L:364, T:613, R:376, B:631]
[INFO]  BBox: [L:392, T:605, R:401, B:631]
[INFO]  BBox: [L:403, T:613, R:416, B:631]
[INFO]  BBox: [L:430, T:601, R:461, B:632]
[INFO]  BBox: [L:463, T:613, R:477, B:631]
[INFO]  BBox: [L:478, T:613, R:495, B:632]
[INFO]  BBox: [L:498, T:613, R:515, B:632]
[INFO]  BBox: [L:517, T:610, R:530, B:632]
[INFO]  BBox: [L:532, T:613, R:549, B:632]
[INFO]  BBox: [L:551, T:613, R:564, B:631]
[INFO]  BBox: [L:579, T:602, R:599, B:632]
[INFO]  BBox: [L:602, T:613, R:619, B:632]
[INFO]  BBox: [L:621, T:613, R:635, B:631]
[INFO]  BBox: [L:636, T:601, R:655, B:632]
[INFO]  BBox: [L:658, T:605, R:668, B:631]
[INFO]  BBox: [L:670, T:614, R:688, B:632]
[INFO]  BBox: [L:691, T:626, R:697, B:637]
[INFO]  BBox: [L:702, T:602, R:708, B:614]
[INFO]  BBox: [L:709, T:602, R:715, B:614]
[INFO]  BBox: [L:730, T:614, R:748, B:640]
[INFO]  BBox: [L:750, T:614, R:766, B:632]
[INFO]  BBox: [L:769, T:611, R:782, B:632]
[INFO]  BBox: [L:797, T:611, R:810, B:632]
[INFO]  BBox: [L:810, T:601, R:833, B:632]
[INFO]  BBox: [L:835, T:614, R:852, B:632]
[INFO]  BBox: [L:853, T:614, R:871, B:640]
[INFO]  BBox: [L:886, T:601, R:906, B:632]
[INFO]  BBox: [L:908, T:606, R:918, B:632]
[INFO]  BBox: [L:919, T:601, R:940, B:632]
[INFO]  BBox: [L:941, T:614, R:963, B:632]
[INFO]  BBox: [L:966, T:603, R:972, B:614]
[INFO]  BBox: [L:975, T:611, R:988, B:633]
[INFO]  BBox: [L:1003, T:611, R:1015, B:633]
[INFO]  BBox: [L:1017, T:614, R:1035, B:633]
[INFO]  BBox: [L:1036, T:601, R:1057, B:632]
[INFO]  BBox: [L:1058, T:614, R:1075, B:633]
[INFO]  BBox: [L:1090, T:611, R:1103, B:633]
[INFO]  BBox: [L:1104, T:601, R:1127, B:632]
[INFO]  BBox: [L:1129, T:614, R:1146, B:633]
[INFO]  BBox: [L:1160, T:615, R:1178, B:633]
[INFO]  BBox: [L:1181, T:606, R:1190, B:633]
[INFO]  BBox: [L:1192, T:612, R:1205, B:633]
[INFO]  BBox: [L:1206, T:615, R:1224, B:641]
[INFO]  BBox: [L:1228, T:628, R:1233, B:632]
[INFO]  BBox: [L:282, T:650, R:313, B:680]
[INFO]  BBox: [L:315, T:661, R:337, B:679]
[INFO]  BBox: [L:358, T:661, R:372, B:679]
[INFO]  BBox: [L:374, T:661, R:390, B:680]
[INFO]  BBox: [L:394, T:658, R:406, B:680]
[INFO]  BBox: [L:409, T:662, R:429, B:680]
[INFO]  BBox: [L:431, T:661, R:444, B:679]
[INFO]  BBox: [L:446, T:661, R:469, B:679]
[INFO]  BBox: [L:472, T:653, R:481, B:679]
[INFO]  BBox: [L:483, T:661, R:506, B:679]
[INFO]  BBox: [L:508, T:661, R:526, B:688]
[INFO]  BBox: [L:547, T:659, R:559, B:680]
[INFO]  BBox: [L:562, T:661, R:581, B:680]
[INFO]  BBox: [L:603, T:658, R:616, B:680]
[INFO]  BBox: [L:617, T:649, R:640, B:680]
[INFO]  BBox: [L:642, T:662, R:659, B:680]
[INFO]  BBox: [L:681, T:662, R:694, B:680]
[INFO]  BBox: [L:696, T:662, R:712, B:680]
[INFO]  BBox: [L:715, T:661, R:733, B:688]
[INFO]  BBox: [L:737, T:654, R:746, B:680]
[INFO]  BBox: [L:748, T:662, R:768, B:680]
[INFO]  BBox: [L:770, T:662, R:793, B:680]
[INFO]  BBox: [L:815, T:654, R:824, B:680]
[INFO]  BBox: [L:826, T:662, R:849, B:680]
[INFO]  BBox: [L:870, T:651, R:904, B:680]
[INFO]  BBox: [L:908, T:662, R:925, B:680]
[INFO]  BBox: [L:928, T:662, R:941, B:680]
[INFO]  BBox: [L:943, T:662, R:960, B:681]
[INFO]  BBox: [L:962, T:649, R:985, B:680]
[INFO]  BBox: [L:1006, T:651, R:1018, B:680]
[INFO]  BBox: [L:1039, T:663, R:1059, B:681]
[INFO]  BBox: [L:1063, T:654, R:1072, B:681]
[INFO]  BBox: [L:1075, T:662, R:1087, B:681]
[INFO]  BBox: [L:1091, T:654, R:1101, B:681]
[INFO]  BBox: [L:1104, T:659, R:1117, B:681]
[INFO]  BBox: [L:1119, T:662, R:1135, B:681]
[INFO]  BBox: [L:1138, T:650, R:1158, B:681]
[INFO]  BBox: [L:1180, T:660, R:1192, B:681]
[INFO]  BBox: [L:1194, T:650, R:1216, B:681]
[INFO]  BBox: [L:1219, T:663, R:1236, B:681]
[INFO]  BBox: [L:283, T:698, R:311, B:727]
[INFO]  BBox: [L:312, T:710, R:332, B:727]
[INFO]  BBox: [L:334, T:696, R:353, B:727]
[INFO]  BBox: [L:355, T:709, R:369, B:727]
[INFO]  BBox: [L:370, T:709, R:390, B:727]
[INFO]  BBox: [L:391, T:709, R:411, B:727]
[INFO]  BBox: [L:413, T:709, R:435, B:727]
[INFO]  BBox: [L:438, T:701, R:447, B:727]
[INFO]  BBox: [L:449, T:696, R:470, B:727]
[INFO]  BBox: [L:483, T:698, R:494, B:727]
[INFO]  BBox: [L:507, T:697, R:529, B:727]
[INFO]  BBox: [L:532, T:709, R:549, B:728]
[INFO]  BBox: [L:550, T:697, R:570, B:728]
[INFO]  BBox: [L:583, T:697, R:606, B:727]
[INFO]  BBox: [L:607, T:709, R:624, B:728]
[INFO]  BBox: [L:627, T:709, R:644, B:728]
[INFO]  BBox: [L:646, T:709, R:660, B:727]
[INFO]  BBox: [L:660, T:697, R:680, B:728]
[INFO]  BBox: [L:693, T:697, R:712, B:728]
[INFO]  BBox: [L:714, T:710, R:734, B:728]
[INFO]  BBox: [L:736, T:706, R:749, B:728]
[INFO]  BBox: [L:761, T:709, R:784, B:728]
[INFO]  BBox: [L:786, T:710, R:802, B:728]
[INFO]  BBox: [L:805, T:710, R:824, B:728]
[INFO]  BBox: [L:826, T:710, R:843, B:728]
[INFO]  BBox: [L:845, T:709, R:859, B:728]
[INFO]  BBox: [L:871, T:710, R:883, B:728]
[INFO]  BBox: [L:886, T:710, R:903, B:728]
[INFO]  BBox: [L:905, T:710, R:922, B:728]
[INFO]  BBox: [L:924, T:710, R:946, B:728]
[INFO]  BBox: [L:949, T:723, R:955, B:727]
[INFO]  BBox: [L:331, T:746, R:363, B:776]
[INFO]  BBox: [L:365, T:757, R:377, B:776]
[INFO]  BBox: [L:394, T:746, R:405, B:776]
[INFO]  BBox: [L:422, T:745, R:442, B:776]
[INFO]  BBox: [L:444, T:757, R:457, B:776]
[INFO]  BBox: [L:459, T:758, R:478, B:776]
[INFO]  BBox: [L:480, T:758, R:500, B:776]
[INFO]  BBox: [L:502, T:758, R:519, B:776]
[INFO]  BBox: [L:535, T:758, R:553, B:776]
[INFO]  BBox: [L:556, T:745, R:565, B:776]
[INFO]  BBox: [L:567, T:758, R:587, B:776]
[INFO]  BBox: [L:589, T:758, R:611, B:776]
[INFO]  BBox: [L:613, T:757, R:630, B:784]
[INFO]  BBox: [L:646, T:755, R:659, B:777]
[INFO]  BBox: [L:660, T:745, R:683, B:776]
[INFO]  BBox: [L:685, T:758, R:702, B:777]
[INFO]  BBox: [L:718, T:747, R:747, B:776]
[INFO]  BBox: [L:749, T:758, R:766, B:777]
[INFO]  BBox: [L:769, T:745, R:779, B:776]
[INFO]  BBox: [L:781, T:758, R:812, B:776]
[INFO]  BBox: [L:814, T:758, R:832, B:777]
[INFO]  BBox: [L:834, T:755, R:847, B:777]
[INFO]  BBox: [L:849, T:750, R:859, B:777]
[INFO]  BBox: [L:861, T:758, R:879, B:777]
[INFO]  BBox: [L:880, T:758, R:903, B:777]
[INFO]  BBox: [L:918, T:758, R:936, B:777]
[INFO]  BBox: [L:938, T:758, R:957, B:777]
[INFO]  BBox: [L:960, T:758, R:977, B:777]
[INFO]  BBox: [L:979, T:758, R:992, B:777]
[INFO]  BBox: [L:994, T:755, R:1007, B:777]
[INFO]  BBox: [L:1022, T:758, R:1042, B:785]
[INFO]  BBox: [L:1045, T:759, R:1062, B:778]
[INFO]  BBox: [L:1064, T:759, R:1077, B:778]
[INFO]  BBox: [L:1079, T:756, R:1092, B:778]
[INFO]  BBox: [L:1107, T:758, R:1125, B:785]
[INFO]  BBox: [L:1126, T:759, R:1149, B:777]
[INFO]  BBox: [L:1151, T:759, R:1169, B:778]
[INFO]  BBox: [L:1170, T:759, R:1184, B:777]
[INFO]  BBox: [L:1186, T:746, R:1196, B:777]
[INFO]  BBox: [L:1198, T:759, R:1215, B:778]
[INFO]  BBox: [L:1217, T:746, R:1237, B:778]
[INFO]  BBox: [L:282, T:806, R:301, B:824]
[INFO]  BBox: [L:303, T:793, R:313, B:823]
[INFO]  BBox: [L:315, T:797, R:325, B:824]
[INFO]  BBox: [L:326, T:806, R:345, B:824]
[INFO]  BBox: [L:347, T:806, R:363, B:824]
[INFO]  BBox: [L:376, T:803, R:389, B:824]
[INFO]  BBox: [L:390, T:805, R:403, B:824]
[INFO]  BBox: [L:403, T:806, R:420, B:824]
[INFO]  BBox: [L:422, T:806, R:439, B:824]
[INFO]  BBox: [L:440, T:806, R:453, B:824]
[INFO]  BBox: [L:465, T:806, R:483, B:824]
[INFO]  BBox: [L:483, T:806, R:506, B:824]
[INFO]  BBox: [L:506, T:793, R:526, B:824]
[INFO]  BBox: [L:538, T:793, R:557, B:824]
[INFO]  BBox: [L:559, T:793, R:570, B:824]
[INFO]  BBox: [L:571, T:806, R:588, B:824]
[INFO]  BBox: [L:589, T:806, R:606, B:824]
[INFO]  BBox: [L:607, T:793, R:627, B:824]
[INFO]  BBox: [L:629, T:812, R:640, B:818]
[INFO]  BBox: [L:642, T:806, R:655, B:824]
[INFO]  BBox: [L:656, T:806, R:675, B:824]
[INFO]  BBox: [L:676, T:793, R:696, B:825]
[INFO]  BBox: [L:697, T:806, R:714, B:825]
[INFO]  BBox: [L:715, T:793, R:735, B:825]
[INFO]  BBox: [L:746, T:806, R:766, B:832]
[INFO]  BBox: [L:768, T:806, R:784, B:825]
[INFO]  BBox: [L:786, T:806, R:804, B:825]
[INFO]  BBox: [L:805, T:806, R:817, B:825]
[INFO]  BBox: [L:819, T:806, R:860, B:825]
[INFO]  BBox: [L:861, T:803, R:873, B:825]
[INFO]  BBox: [L:885, T:807, R:911, B:825]
[INFO]  BBox: [L:912, T:806, R:932, B:825]
[INFO]  BBox: [L:933, T:806, R:964, B:825]
[INFO]  BBox: [L:964, T:806, R:981, B:825]
[INFO]  BBox: [L:982, T:806, R:1005, B:825]
[INFO]  BBox: [L:1017, T:803, R:1030, B:825]
[INFO]  BBox: [L:1030, T:807, R:1047, B:825]
[INFO]  BBox: [L:1048, T:807, R:1071, B:825]
[INFO]  BBox: [L:1071, T:794, R:1092, B:825]
[INFO]  BBox: [L:1093, T:799, R:1103, B:825]
[INFO]  BBox: [L:1104, T:807, R:1126, B:825]
[INFO]  BBox: [L:1126, T:806, R:1144, B:833]
[INFO]  BBox: [L:1156, T:804, R:1169, B:826]
[INFO]  BBox: [L:1169, T:794, R:1192, B:825]
[INFO]  BBox: [L:1193, T:807, R:1210, B:826]
[INFO]  BBox: [L:1212, T:799, R:1221, B:825]
[INFO]  BBox: [L:1222, T:807, R:1236, B:825]
[INFO]  BBox: [L:282, T:853, R:300, B:880]
[INFO]  BBox: [L:302, T:854, R:319, B:872]
[INFO]  BBox: [L:321, T:853, R:334, B:872]
[INFO]  BBox: [L:336, T:841, R:356, B:872]
[INFO]  BBox: [L:357, T:854, R:374, B:872]
[INFO]  BBox: [L:376, T:853, R:399, B:872]
[INFO]  BBox: [L:400, T:854, R:412, B:872]
[INFO]  BBox: [L:416, T:866, R:423, B:877]
[INFO]  BBox: [L:438, T:851, R:450, B:872]
[INFO]  BBox: [L:451, T:841, R:474, B:872]
[INFO]  BBox: [L:476, T:854, R:493, B:872]
[INFO]  BBox: [L:506, T:854, R:523, B:872]
[INFO]  BBox: [L:526, T:846, R:535, B:872]
[INFO]  BBox: [L:538, T:851, R:551, B:872]
[INFO]  BBox: [L:552, T:854, R:570, B:880]
[INFO]  BBox: [L:583, T:854, R:595, B:872]
[INFO]  BBox: [L:597, T:855, R:617, B:872]
[INFO]  BBox: [L:618, T:841, R:639, B:872]
[INFO]  BBox: [L:640, T:841, R:660, B:872]
[INFO]  BBox: [L:662, T:854, R:678, B:872]
[INFO]  BBox: [L:681, T:854, R:703, B:872]
[INFO]  BBox: [L:705, T:841, R:715, B:872]
[INFO]  BBox: [L:717, T:855, R:735, B:880]
[INFO]  BBox: [L:748, T:854, R:765, B:873]
[INFO]  BBox: [L:766, T:854, R:786, B:881]
[INFO]  BBox: [L:788, T:854, R:808, B:881]
[INFO]  BBox: [L:810, T:854, R:827, B:873]
[INFO]  BBox: [L:830, T:854, R:847, B:873]
[INFO]  BBox: [L:849, T:854, R:862, B:872]
[INFO]  BBox: [L:864, T:854, R:880, B:873]
[INFO]  BBox: [L:882, T:842, R:903, B:873]
[INFO]  BBox: [L:916, T:846, R:926, B:872]
[INFO]  BBox: [L:927, T:854, R:950, B:873]
[INFO]  BBox: [L:963, T:854, R:980, B:873]
[INFO]  BBox: [L:982, T:842, R:993, B:873]
[INFO]  BBox: [L:995, T:842, R:1005, B:873]
[INFO]  BBox: [L:1019, T:847, R:1029, B:873]
[INFO]  BBox: [L:1031, T:852, R:1044, B:873]
[INFO]  BBox: [L:1045, T:855, R:1058, B:873]
[INFO]  BBox: [L:1071, T:855, R:1083, B:873]
[INFO]  BBox: [L:1086, T:855, R:1105, B:873]
[INFO]  BBox: [L:1108, T:842, R:1118, B:873]
[INFO]  BBox: [L:1120, T:847, R:1130, B:873]
[INFO]  BBox: [L:1132, T:842, R:1152, B:874]
[INFO]  BBox: [L:1153, T:855, R:1176, B:873]
[INFO]  BBox: [L:1177, T:855, R:1194, B:874]
[INFO]  BBox: [L:1197, T:855, R:1209, B:874]
[INFO]  BBox: [L:1211, T:855, R:1224, B:874]
[INFO]  BBox: [L:1227, T:868, R:1234, B:879]
[INFO]  BBox: [L:282, T:889, R:296, B:919]
[INFO]  BBox: [L:295, T:901, R:315, B:920]
[INFO]  BBox: [L:316, T:901, R:330, B:919]
[INFO]  BBox: [L:332, T:898, R:345, B:920]
[INFO]  BBox: [L:347, T:901, R:360, B:920]
[INFO]  BBox: [L:362, T:901, R:379, B:920]
[INFO]  BBox: [L:382, T:901, R:394, B:920]
[INFO]  BBox: [L:396, T:901, R:409, B:920]
[INFO]  BBox: [L:425, T:902, R:452, B:920]
[INFO]  BBox: [L:454, T:901, R:472, B:920]
[INFO]  BBox: [L:475, T:889, R:485, B:920]
[INFO]  BBox: [L:487, T:889, R:498, B:920]
[INFO]  BBox: [L:500, T:901, R:512, B:920]
[INFO]  BBox: [L:529, T:902, R:541, B:920]
[INFO]  BBox: [L:543, T:901, R:564, B:928]
[INFO]  BBox: [L:565, T:902, R:585, B:920]
[INFO]  BBox: [L:588, T:902, R:605, B:920]
[INFO]  BBox: [L:608, T:899, R:621, B:920]
[INFO]  BBox: [L:623, T:899, R:636, B:920]
[INFO]  BBox: [L:639, T:894, R:648, B:920]
[INFO]  BBox: [L:650, T:902, R:672, B:920]
[INFO]  BBox: [L:674, T:901, R:692, B:928]
[INFO]  BBox: [L:708, T:902, R:726, B:920]
[INFO]  BBox: [L:728, T:899, R:741, B:920]
[INFO]  BBox: [L:757, T:899, R:770, B:921]
[INFO]  BBox: [L:772, T:889, R:794, B:920]
[INFO]  BBox: [L:796, T:902, R:813, B:921]
[INFO]  BBox: [L:829, T:890, R:844, B:920]
[INFO]  BBox: [L:843, T:902, R:862, B:921]
[INFO]  BBox: [L:864, T:902, R:883, B:921]
[INFO]  BBox: [L:886, T:899, R:899, B:921]
[INFO]  BBox: [L:915, T:902, R:934, B:921]
[INFO]  BBox: [L:936, T:890, R:951, B:920]
[INFO]  BBox: [L:964, T:902, R:976, B:921]
[INFO]  BBox: [L:979, T:899, R:992, B:921]
[INFO]  BBox: [L:994, T:902, R:1011, B:932]
[INFO]  BBox: [L:1013, T:902, R:1030, B:921]
[INFO]  BBox: [L:1032, T:902, R:1052, B:929]
[INFO]  BBox: [L:1068, T:903, R:1086, B:921]
[INFO]  BBox: [L:1089, T:890, R:1099, B:921]
[INFO]  BBox: [L:1102, T:894, R:1111, B:921]
[INFO]  BBox: [L:1113, T:890, R:1141, B:921]
[INFO]  BBox: [L:1139, T:903, R:1152, B:921]
[INFO]  BBox: [L:1156, T:916, R:1162, B:927]
[INFO]  BBox: [L:1180, T:900, R:1193, B:922]
[INFO]  BBox: [L:1195, T:890, R:1217, B:921]
[INFO]  BBox: [L:1219, T:903, R:1236, B:922]
[INFO]  BBox: [L:282, T:938, R:313, B:967]
[INFO]  BBox: [L:315, T:937, R:335, B:968]
[INFO]  BBox: [L:337, T:949, R:351, B:967]
[INFO]  BBox: [L:354, T:941, R:363, B:967]
[INFO]  BBox: [L:366, T:949, R:383, B:967]
[INFO]  BBox: [L:386, T:947, R:399, B:968]
[INFO]  BBox: [L:402, T:941, R:411, B:967]
[INFO]  BBox: [L:414, T:950, R:431, B:968]
[INFO]  BBox: [L:447, T:938, R:468, B:968]
[INFO]  BBox: [L:472, T:950, R:488, B:968]
[INFO]  BBox: [L:492, T:950, R:509, B:968]
[INFO]  BBox: [L:525, T:950, R:538, B:968]
[INFO]  BBox: [L:540, T:950, R:559, B:976]
[INFO]  BBox: [L:563, T:950, R:580, B:968]
[INFO]  BBox: [L:582, T:950, R:596, B:967]
[INFO]  BBox: [L:597, T:937, R:618, B:968]
[INFO]  BBox: [L:620, T:937, R:630, B:968]
[INFO]  BBox: [L:634, T:942, R:643, B:968]
[INFO]  BBox: [L:645, T:950, R:668, B:968]
[INFO]  BBox: [L:669, T:949, R:687, B:976]
[INFO]  BBox: [L:703, T:937, R:723, B:968]
[INFO]  BBox: [L:725, T:950, R:742, B:968]
[INFO]  BBox: [L:745, T:937, R:756, B:968]
[INFO]  BBox: [L:758, T:950, R:777, B:968]
[INFO]  BBox: [L:779, T:951, R:806, B:968]
[INFO]  BBox: [L:810, T:963, R:816, B:967]
[INFO]  BBox: [L:835, T:939, R:863, B:968]
[INFO]  BBox: [L:865, T:951, R:885, B:968]
[INFO]  BBox: [L:887, T:937, R:906, B:968]
[INFO]  BBox: [L:909, T:950, R:922, B:968]
[INFO]  BBox: [L:924, T:950, R:943, B:968]
[INFO]  BBox: [L:946, T:951, R:966, B:968]
[INFO]  BBox: [L:967, T:950, R:990, B:968]
[INFO]  BBox: [L:993, T:942, R:1003, B:968]
[INFO]  BBox: [L:1005, T:938, R:1025, B:968]
[INFO]  BBox: [L:1040, T:938, R:1063, B:969]
[INFO]  BBox: [L:1065, T:951, R:1083, B:969]
[INFO]  BBox: [L:1086, T:951, R:1098, B:969]
[INFO]  BBox: [L:1114, T:951, R:1141, B:969]
[INFO]  BBox: [L:1143, T:951, R:1160, B:969]
[INFO]  BBox: [L:1163, T:951, R:1180, B:969]
[INFO]  BBox: [L:1183, T:948, R:1196, B:969]
[INFO]  BBox: [L:1198, T:938, R:1220, B:969]
[INFO]  BBox: [L:1224, T:957, R:1234, B:962]
[INFO]  BBox: [L:282, T:997, R:299, B:1015]
[INFO]  BBox: [L:301, T:997, R:315, B:1015]
[INFO]  BBox: [L:316, T:997, R:333, B:1015]
[INFO]  BBox: [L:335, T:984, R:355, B:1015]
[INFO]  BBox: [L:370, T:994, R:382, B:1015]
[INFO]  BBox: [L:385, T:989, R:394, B:1015]
[INFO]  BBox: [L:396, T:997, R:427, B:1015]
[INFO]  BBox: [L:429, T:997, R:446, B:1016]
[INFO]  BBox: [L:461, T:997, R:478, B:1015]
[INFO]  BBox: [L:480, T:997, R:502, B:1015]
[INFO]  BBox: [L:504, T:985, R:523, B:1016]
[INFO]  BBox: [L:537, T:998, R:564, B:1016]
[INFO]  BBox: [L:566, T:997, R:583, B:1016]
[INFO]  BBox: [L:585, T:997, R:599, B:1015]
[INFO]  BBox: [L:612, T:985, R:627, B:1015]
[INFO]  BBox: [L:625, T:997, R:644, B:1016]
[INFO]  BBox: [L:646, T:997, R:660, B:1015]
[INFO]  BBox: [L:673, T:998, R:686, B:1016]
[INFO]  BBox: [L:688, T:998, R:707, B:1016]
[INFO]  BBox: [L:722, T:985, R:732, B:1016]
[INFO]  BBox: [L:734, T:998, R:754, B:1016]
[INFO]  BBox: [L:756, T:998, R:778, B:1016]
[INFO]  BBox: [L:779, T:997, R:797, B:1024]
[INFO]  BBox: [L:283, T:1042, R:295, B:1063]
[INFO]  BBox: [L:297, T:1032, R:320, B:1063]
[INFO]  BBox: [L:322, T:1045, R:340, B:1063]
[INFO]  BBox: [L:343, T:1042, R:355, B:1063]
[INFO]  BBox: [L:371, T:1032, R:394, B:1063]
[INFO]  BBox: [L:397, T:1037, R:406, B:1063]
[INFO]  BBox: [L:409, T:1045, R:421, B:1063]
[INFO]  BBox: [L:425, T:1042, R:438, B:1063]
[INFO]  BBox: [L:440, T:1045, R:459, B:1063]
[INFO]  BBox: [L:462, T:1045, R:475, B:1063]
[INFO]  BBox: [L:479, T:1037, R:488, B:1063]
[INFO]  BBox: [L:491, T:1045, R:508, B:1063]
[INFO]  BBox: [L:510, T:1045, R:533, B:1063]
[INFO]  BBox: [L:535, T:1045, R:547, B:1063]
[INFO]  BBox: [L:564, T:1045, R:578, B:1063]
[INFO]  BBox: [L:580, T:1045, R:597, B:1064]
[INFO]  BBox: [L:600, T:1045, R:631, B:1063]
[INFO]  BBox: [L:634, T:1045, R:651, B:1064]
[INFO]  BBox: [L:654, T:1037, R:664, B:1063]
[INFO]  BBox: [L:666, T:1045, R:689, B:1063]
[INFO]  BBox: [L:706, T:1037, R:715, B:1063]
[INFO]  BBox: [L:718, T:1044, R:736, B:1072]
[INFO]  BBox: [L:738, T:1045, R:760, B:1063]
[INFO]  BBox: [L:762, T:1045, R:782, B:1064]
[INFO]  BBox: [L:786, T:1051, R:796, B:1057]
[INFO]  BBox: [L:282, T:1092, R:295, B:1111]
[INFO]  BBox: [L:298, T:1093, R:315, B:1111]
[INFO]  BBox: [L:318, T:1092, R:340, B:1111]
[INFO]  BBox: [L:343, T:1090, R:355, B:1111]
[INFO]  BBox: [L:373, T:1093, R:393, B:1111]
[INFO]  BBox: [L:394, T:1080, R:409, B:1111]
[INFO]  BBox: [L:425, T:1085, R:434, B:1111]
[INFO]  BBox: [L:437, T:1090, R:450, B:1111]
[INFO]  BBox: [L:453, T:1093, R:465, B:1111]
[INFO]  BBox: [L:483, T:1093, R:503, B:1111]
[INFO]  BBox: [L:505, T:1093, R:519, B:1111]
[INFO]  BBox: [L:522, T:1085, R:531, B:1111]
[INFO]  BBox: [L:534, T:1092, R:552, B:1119]
[INFO]  BBox: [L:555, T:1085, R:564, B:1111]
[INFO]  BBox: [L:566, T:1093, R:589, B:1111]
[INFO]  BBox: [L:591, T:1093, R:604, B:1112]
[INFO]  BBox: [L:608, T:1106, R:614, B:1111]
[INFO]  BBox: [L:633, T:1082, R:661, B:1111]
[INFO]  BBox: [L:663, T:1080, R:685, B:1111]
[INFO]  BBox: [L:687, T:1093, R:704, B:1112]
[INFO]  BBox: [L:707, T:1094, R:724, B:1119]
[INFO]  BBox: [L:742, T:1081, R:762, B:1112]
[INFO]  BBox: [L:765, T:1093, R:781, B:1112]
[INFO]  BBox: [L:786, T:1099, R:796, B:1105]
[INFO]  BBox: [L:283, T:1128, R:293, B:1158]
[INFO]  BBox: [L:295, T:1132, R:304, B:1158]
[INFO]  BBox: [L:306, T:1141, R:322, B:1159]
[INFO]  BBox: [L:324, T:1141, R:344, B:1159]
[INFO]  BBox: [L:345, T:1141, R:362, B:1159]
[INFO]  BBox: [L:376, T:1133, R:385, B:1159]
[INFO]  BBox: [L:387, T:1138, R:400, B:1159]
[INFO]  BBox: [L:412, T:1141, R:442, B:1159]
[INFO]  BBox: [L:444, T:1141, R:462, B:1159]
[INFO]  BBox: [L:462, T:1141, R:480, B:1167]
[INFO]  BBox: [L:492, T:1128, R:514, B:1159]
[INFO]  BBox: [L:516, T:1141, R:533, B:1159]
[INFO]  BBox: [L:534, T:1142, R:554, B:1159]
[INFO]  BBox: [L:555, T:1141, R:572, B:1159]
[INFO]  BBox: [L:584, T:1141, R:602, B:1167]
[INFO]  BBox: [L:603, T:1141, R:616, B:1159]
[INFO]  BBox: [L:617, T:1141, R:636, B:1159]
[INFO]  BBox: [L:637, T:1142, R:664, B:1159]
[INFO]  BBox: [L:665, T:1141, R:688, B:1159]
[INFO]  BBox: [L:700, T:1141, R:719, B:1160]
[INFO]  BBox: [L:720, T:1142, R:740, B:1160]
[INFO]  BBox: [L:742, T:1138, R:754, B:1160]
[INFO]  BBox: [L:766, T:1141, R:786, B:1160]
[INFO]  BBox: [L:786, T:1129, R:801, B:1159]
[INFO]  BBox: [L:283, T:1186, R:295, B:1207]
[INFO]  BBox: [L:296, T:1176, R:319, B:1207]
[INFO]  BBox: [L:321, T:1189, R:337, B:1207]
[INFO]  BBox: [L:350, T:1177, R:380, B:1207]
[INFO]  BBox: [L:382, T:1188, R:396, B:1207]
[INFO]  BBox: [L:397, T:1189, R:414, B:1207]
[INFO]  BBox: [L:416, T:1189, R:433, B:1207]
[INFO]  BBox: [L:435, T:1189, R:454, B:1207]
[INFO]  BBox: [L:457, T:1195, R:468, B:1200]
[INFO]  BBox: [L:471, T:1178, R:498, B:1207]
[INFO]  BBox: [L:499, T:1189, R:518, B:1207]
[INFO]  BBox: [L:520, T:1189, R:551, B:1207]
[INFO]  BBox: [L:553, T:1189, R:571, B:1207]
[INFO]  BBox: [L:572, T:1189, R:594, B:1207]
[INFO]  BBox: [L:607, T:1189, R:624, B:1208]
[INFO]  BBox: [L:627, T:1181, R:636, B:1207]
[INFO]  BBox: [L:639, T:1186, R:651, B:1208]
[INFO]  BBox: [L:652, T:1190, R:670, B:1215]
[INFO]  BBox: [L:682, T:1189, R:702, B:1208]
[INFO]  BBox: [L:703, T:1177, R:718, B:1207]
[INFO]  BBox: [L:727, T:1178, R:749, B:1207]
[INFO]  BBox: [L:750, T:1189, R:770, B:1216]
[INFO]  BBox: [L:773, T:1181, R:782, B:1207]
[INFO]  BBox: [L:786, T:1195, R:796, B:1201]
[INFO]  BBox: [L:282, T:1224, R:302, B:1256]
[INFO]  BBox: [L:304, T:1237, R:321, B:1256]
[INFO]  BBox: [L:323, T:1238, R:343, B:1256]
[INFO]  BBox: [L:345, T:1237, R:358, B:1255]
[INFO]  BBox: [L:360, T:1238, R:379, B:1256]
[INFO]  BBox: [L:381, T:1237, R:394, B:1256]
[INFO]  BBox: [L:397, T:1250, R:403, B:1261]
[INFO]  BBox: [L:420, T:1225, R:435, B:1255]
[INFO]  BBox: [L:434, T:1229, R:444, B:1255]
[INFO]  BBox: [L:445, T:1237, R:459, B:1255]
[INFO]  BBox: [L:460, T:1237, R:473, B:1256]
[INFO]  BBox: [L:475, T:1234, R:488, B:1256]
[INFO]  BBox: [L:504, T:1237, R:534, B:1256]
[INFO]  BBox: [L:536, T:1237, R:553, B:1256]
[INFO]  BBox: [L:555, T:1237, R:578, B:1256]
[INFO]  BBox: [L:580, T:1234, R:592, B:1256]
[INFO]  BBox: [L:595, T:1229, R:604, B:1256]
[INFO]  BBox: [L:606, T:1237, R:626, B:1256]
[INFO]  BBox: [L:628, T:1237, R:650, B:1256]
[INFO]  BBox: [L:652, T:1237, R:669, B:1256]
[INFO]  BBox: [L:670, T:1225, R:690, B:1256]
[INFO]  BBox: [L:707, T:1229, R:716, B:1256]
[INFO]  BBox: [L:718, T:1237, R:741, B:1256]
[INFO]  BBox: [L:756, T:1226, R:775, B:1259]
[INFO]  BBox: [L:779, T:1226, R:795, B:1258]
[INFO]  BBox: [L:283, T:1281, R:300, B:1303]
[INFO]  BBox: [L:304, T:1298, R:310, B:1303]
[INFO]  BBox: [L:313, T:1281, R:334, B:1303]
[INFO]  BBox: [L:338, T:1298, R:344, B:1303]
[INFO]  BBox: [L:349, T:1298, R:356, B:1308]
[INFO]  BBox: [L:374, T:1285, R:391, B:1303]
[INFO]  BBox: [L:393, T:1285, R:415, B:1303]
[INFO]  BBox: [L:416, T:1272, R:436, B:1303]
[INFO]  BBox: [L:453, T:1272, R:463, B:1303]
[INFO]  BBox: [L:465, T:1285, R:481, B:1303]
[INFO]  BBox: [L:483, T:1285, R:501, B:1311]
[INFO]  BBox: [L:503, T:1286, R:520, B:1304]
[INFO]  BBox: [L:522, T:1285, R:544, B:1303]
[INFO]  BBox: [L:546, T:1273, R:565, B:1304]
[INFO]  BBox: [L:567, T:1286, R:580, B:1304]
[INFO]  BBox: [L:595, T:1286, R:615, B:1312]
[INFO]  BBox: [L:618, T:1273, R:628, B:1303]
[INFO]  BBox: [L:630, T:1286, R:648, B:1304]
[INFO]  BBox: [L:649, T:1286, R:667, B:1304]
[INFO]  BBox: [L:669, T:1286, R:685, B:1304]
[INFO]  BBox: [L:702, T:1286, R:720, B:1304]
[INFO]  BBox: [L:736, T:1286, R:748, B:1304]
[INFO]  BBox: [L:750, T:1286, R:767, B:1304]
[INFO]  BBox: [L:770, T:1283, R:783, B:1304]
[INFO]  BBox: [L:786, T:1292, R:796, B:1297]
[INFO]  BBox: [L:283, T:1330, R:295, B:1351]
[INFO]  BBox: [L:297, T:1320, R:307, B:1351]
[INFO]  BBox: [L:309, T:1333, R:325, B:1351]
[INFO]  BBox: [L:328, T:1333, R:359, B:1351]
[INFO]  BBox: [L:360, T:1333, R:377, B:1351]
[INFO]  BBox: [L:378, T:1333, R:401, B:1351]
[INFO]  BBox: [L:402, T:1330, R:415, B:1351]
[INFO]  BBox: [L:427, T:1320, R:450, B:1351]
[INFO]  BBox: [L:451, T:1333, R:468, B:1351]
[INFO]  BBox: [L:469, T:1333, R:483, B:1351]
[INFO]  BBox: [L:484, T:1333, R:501, B:1351]
[INFO]  BBox: [L:514, T:1333, R:531, B:1351]
[INFO]  BBox: [L:544, T:1330, R:557, B:1352]
[INFO]  BBox: [L:558, T:1321, R:580, B:1351]
[INFO]  BBox: [L:582, T:1333, R:601, B:1352]
[INFO]  BBox: [L:603, T:1334, R:622, B:1352]
[INFO]  BBox: [L:624, T:1333, R:636, B:1352]
[INFO]  BBox: [L:639, T:1333, R:656, B:1352]
[INFO]  BBox: [L:657, T:1333, R:680, B:1351]
[INFO]  BBox: [L:681, T:1321, R:700, B:1352]
[INFO]  BBox: [L:712, T:1334, R:730, B:1360]
[INFO]  BBox: [L:732, T:1333, R:748, B:1352]
[INFO]  BBox: [L:751, T:1334, R:768, B:1352]
[INFO]  BBox: [L:770, T:1333, R:783, B:1351]
[INFO]  BBox: [L:784, T:1334, R:796, B:1352]
[INFO]  BBox: [L:282, T:1381, R:299, B:1399]
[INFO]  BBox: [L:302, T:1381, R:319, B:1399]
[INFO]  BBox: [L:321, T:1381, R:334, B:1399]
[INFO]  BBox: [L:337, T:1368, R:346, B:1399]
[INFO]  BBox: [L:349, T:1373, R:359, B:1399]
[INFO]  BBox: [L:361, T:1381, R:378, B:1400]
[INFO]  BBox: [L:380, T:1381, R:393, B:1399]
[INFO]  BBox: [L:397, T:1394, R:402, B:1399]
[INFO]  BBox: [L:331, T:1418, R:359, B:1447]
[INFO]  BBox: [L:360, T:1429, R:379, B:1447]
[INFO]  BBox: [L:381, T:1416, R:401, B:1447]
[INFO]  BBox: [L:403, T:1429, R:420, B:1447]
[INFO]  BBox: [L:422, T:1430, R:440, B:1455]
[INFO]  BBox: [L:453, T:1426, R:465, B:1447]
[INFO]  BBox: [L:466, T:1416, R:489, B:1447]
[INFO]  BBox: [L:491, T:1429, R:507, B:1447]
[INFO]  BBox: [L:520, T:1429, R:537, B:1447]
[INFO]  BBox: [L:541, T:1421, R:550, B:1447]
[INFO]  BBox: [L:552, T:1426, R:565, B:1448]
[INFO]  BBox: [L:566, T:1430, R:584, B:1455]
[INFO]  BBox: [L:586, T:1418, R:592, B:1430]
[INFO]  BBox: [L:595, T:1429, R:608, B:1448]
[INFO]  BBox: [L:621, T:1429, R:641, B:1455]
[INFO]  BBox: [L:642, T:1430, R:662, B:1448]
[INFO]  BBox: [L:665, T:1421, R:674, B:1447]
[INFO]  BBox: [L:676, T:1430, R:693, B:1448]
[INFO]  BBox: [L:695, T:1426, R:708, B:1448]
[INFO]  BBox: [L:720, T:1430, R:738, B:1448]
[INFO]  BBox: [L:739, T:1430, R:759, B:1448]
[INFO]  BBox: [L:760, T:1430, R:783, B:1448]
[INFO]  BBox: [L:786, T:1436, R:796, B:1441]
[INFO]  BBox: [L:282, T:1464, R:296, B:1495]
[INFO]  BBox: [L:297, T:1468, R:306, B:1495]
[INFO]  BBox: [L:308, T:1464, R:328, B:1495]
[INFO]  BBox: [L:331, T:1477, R:347, B:1495]
[INFO]  BBox: [L:350, T:1477, R:373, B:1495]
[INFO]  BBox: [L:375, T:1477, R:392, B:1495]
[INFO]  BBox: [L:394, T:1477, R:411, B:1495]
[INFO]  BBox: [L:432, T:1464, R:454, B:1495]
[INFO]  BBox: [L:457, T:1477, R:474, B:1495]
[INFO]  BBox: [L:477, T:1477, R:489, B:1495]
[INFO]  BBox: [L:510, T:1464, R:529, B:1495]
[INFO]  BBox: [L:532, T:1477, R:549, B:1496]
[INFO]  BBox: [L:552, T:1477, R:568, B:1496]
[INFO]  BBox: [L:571, T:1477, R:594, B:1495]
[INFO]  BBox: [L:614, T:1477, R:627, B:1496]
[INFO]  BBox: [L:629, T:1464, R:651, B:1495]
[INFO]  BBox: [L:654, T:1477, R:671, B:1496]
[INFO]  BBox: [L:673, T:1464, R:694, B:1495]
[INFO]  BBox: [L:696, T:1477, R:713, B:1496]
[INFO]  BBox: [L:715, T:1477, R:738, B:1495]
[INFO]  BBox: [L:757, T:1465, R:777, B:1496]
[INFO]  BBox: [L:780, T:1478, R:798, B:1504]
[INFO]  BBox: [L:283, T:1522, R:295, B:1544]
[INFO]  BBox: [L:298, T:1513, R:321, B:1543]
[INFO]  BBox: [L:324, T:1525, R:340, B:1544]
[INFO]  BBox: [L:362, T:1525, R:376, B:1543]
[INFO]  BBox: [L:378, T:1525, R:395, B:1544]
[INFO]  BBox: [L:399, T:1525, R:417, B:1544]
[INFO]  BBox: [L:421, T:1513, R:430, B:1543]
[INFO]  BBox: [L:435, T:1517, R:444, B:1543]
[INFO]  BBox: [L:448, T:1522, R:461, B:1544]
[INFO]  BBox: [L:463, T:1526, R:481, B:1551]
[INFO]  BBox: [L:503, T:1525, R:522, B:1544]
[INFO]  BBox: [L:525, T:1513, R:540, B:1543]
[INFO]  BBox: [L:558, T:1525, R:588, B:1544]
[INFO]  BBox: [L:591, T:1525, R:611, B:1544]
[INFO]  BBox: [L:614, T:1513, R:634, B:1544]
[INFO]  BBox: [L:637, T:1526, R:654, B:1544]
[INFO]  BBox: [L:658, T:1525, R:672, B:1544]
[INFO]  BBox: [L:673, T:1525, R:696, B:1544]
[INFO]  BBox: [L:717, T:1526, R:744, B:1544]
[INFO]  BBox: [L:747, T:1526, R:765, B:1544]
[INFO]  BBox: [L:768, T:1526, R:781, B:1544]
[INFO]  BBox: [L:786, T:1532, R:796, B:1537]
[INFO]  BBox: [L:282, T:1561, R:296, B:1591]
[INFO]  BBox: [L:296, T:1573, R:313, B:1591]
[INFO]  BBox: [L:316, T:1573, R:330, B:1591]
[INFO]  BBox: [L:332, T:1573, R:349, B:1591]
[INFO]  BBox: [L:354, T:1586, R:359, B:1591]
[INFO]  BBox: [L:377, T:1562, R:383, B:1573]
[INFO]  BBox: [L:385, T:1562, R:391, B:1573]
[INFO]  BBox: [L:394, T:1562, R:416, B:1591]
[INFO]  BBox: [L:417, T:1574, R:437, B:1591]
[INFO]  BBox: [L:439, T:1573, R:456, B:1592]
[INFO]  BBox: [L:458, T:1573, R:481, B:1591]
[INFO]  BBox: [L:494, T:1562, R:524, B:1591]
[INFO]  BBox: [L:528, T:1574, R:545, B:1592]
[INFO]  BBox: [L:547, T:1574, R:567, B:1600]
[INFO]  BBox: [L:569, T:1574, R:588, B:1592]
[INFO]  BBox: [L:591, T:1561, R:601, B:1592]
[INFO]  BBox: [L:603, T:1574, R:619, B:1592]
[INFO]  BBox: [L:622, T:1574, R:642, B:1592]
[INFO]  BBox: [L:643, T:1574, R:666, B:1592]
[INFO]  BBox: [L:669, T:1586, R:675, B:1597]
[INFO]  BBox: [L:691, T:1574, R:718, B:1592]
[INFO]  BBox: [L:719, T:1561, R:742, B:1592]
[INFO]  BBox: [L:744, T:1574, R:763, B:1592]
[INFO]  BBox: [L:765, T:1574, R:778, B:1592]
[INFO]  BBox: [L:780, T:1574, R:796, B:1592]
[INFO]  BBox: [L:283, T:1621, R:300, B:1639]
[INFO]  BBox: [L:303, T:1621, R:316, B:1639]
[INFO]  BBox: [L:318, T:1621, R:350, B:1651]
[INFO]  BBox: [L:351, T:1621, R:369, B:1647]
[INFO]  BBox: [L:395, T:1608, R:414, B:1639]
[INFO]  BBox: [L:418, T:1609, R:427, B:1639]
[INFO]  BBox: [L:430, T:1621, R:447, B:1640]
[INFO]  BBox: [L:450, T:1622, R:477, B:1639]
[INFO]  BBox: [L:503, T:1621, R:522, B:1640]
[INFO]  BBox: [L:525, T:1609, R:552, B:1639]
[INFO]  BBox: [L:576, T:1618, R:589, B:1640]
[INFO]  BBox: [L:590, T:1609, R:613, B:1640]
[INFO]  BBox: [L:615, T:1621, R:632, B:1640]
[INFO]  BBox: [L:659, T:1621, R:681, B:1640]
[INFO]  BBox: [L:684, T:1622, R:703, B:1640]
[INFO]  BBox: [L:706, T:1622, R:718, B:1640]
[INFO]  BBox: [L:721, T:1622, R:738, B:1640]
[INFO]  BBox: [L:765, T:1622, R:784, B:1640]
[INFO]  BBox: [L:786, T:1609, R:801, B:1640]
[INFO]  BBox: [L:283, T:1666, R:295, B:1687]
[INFO]  BBox: [L:297, T:1656, R:320, B:1687]
[INFO]  BBox: [L:322, T:1669, R:339, B:1687]
[INFO]  BBox: [L:365, T:1657, R:386, B:1687]
[INFO]  BBox: [L:389, T:1669, R:408, B:1695]
[INFO]  BBox: [L:411, T:1656, R:433, B:1687]
[INFO]  BBox: [L:437, T:1661, R:446, B:1687]
[INFO]  BBox: [L:448, T:1669, R:471, B:1687]
[INFO]  BBox: [L:473, T:1670, R:493, B:1687]
[INFO]  BBox: [L:497, T:1682, R:504, B:1693]
[INFO]  BBox: [L:530, T:1657, R:550, B:1688]
[INFO]  BBox: [L:554, T:1661, R:563, B:1687]
[INFO]  BBox: [L:566, T:1657, R:586, B:1688]
[INFO]  BBox: [L:611, T:1669, R:633, B:1688]
[INFO]  BBox: [L:636, T:1670, R:655, B:1688]
[INFO]  BBox: [L:658, T:1667, R:671, B:1688]
[INFO]  BBox: [L:697, T:1667, R:709, B:1688]
[INFO]  BBox: [L:711, T:1670, R:731, B:1688]
[INFO]  BBox: [L:733, T:1671, R:753, B:1688]
[INFO]  BBox: [L:756, T:1670, R:773, B:1688]
[INFO]  BBox: [L:775, T:1657, R:798, B:1688]
[INFO]  BBox: [L:283, T:1706, R:311, B:1735]
[INFO]  BBox: [L:312, T:1718, R:332, B:1735]
[INFO]  BBox: [L:334, T:1705, R:354, B:1735]
[INFO]  BBox: [L:355, T:1717, R:369, B:1735]
[INFO]  BBox: [L:370, T:1717, R:390, B:1735]
[INFO]  BBox: [L:392, T:1717, R:411, B:1735]
[INFO]  BBox: [L:413, T:1717, R:435, B:1735]
[INFO]  BBox: [L:438, T:1709, R:447, B:1735]
[INFO]  BBox: [L:449, T:1705, R:470, B:1735]
[INFO]  BBox: [L:473, T:1730, R:479, B:1741]
[INFO]  BBox: [L:483, T:1706, R:489, B:1717]
[INFO]  BBox: [L:491, T:1706, R:497, B:1717]
[INFO]  BBox: [L:513, T:1717, R:525, B:1736]
[INFO]  BBox: [L:528, T:1717, R:545, B:1736]
[INFO]  BBox: [L:548, T:1709, R:557, B:1735]
[INFO]  BBox: [L:559, T:1705, R:579, B:1736]
[INFO]  BBox: [L:594, T:1707, R:628, B:1736]
[INFO]  BBox: [L:632, T:1710, R:642, B:1735]
[INFO]  BBox: [L:644, T:1705, R:654, B:1736]
[INFO]  BBox: [L:656, T:1717, R:675, B:1736]
[INFO]  BBox: [L:679, T:1730, R:685, B:1741]
[INFO]  BBox: [L:702, T:1718, R:720, B:1736]
[INFO]  BBox: [L:734, T:1705, R:754, B:1736]
[INFO]  BBox: [L:757, T:1710, R:766, B:1736]
[INFO]  BBox: [L:768, T:1717, R:786, B:1744]
[INFO]  BBox: [L:789, T:1730, R:795, B:1741]
[INFO]  BBox: [L:282, T:1765, R:313, B:1783]
[INFO]  BBox: [L:315, T:1765, R:334, B:1783]
[INFO]  BBox: [L:336, T:1765, R:349, B:1783]
[INFO]  BBox: [L:351, T:1762, R:364, B:1783]
[INFO]  BBox: [L:366, T:1765, R:383, B:1783]
[INFO]  BBox: [L:385, T:1765, R:402, B:1783]
[INFO]  BBox: [L:403, T:1752, R:426, B:1783]
[INFO]  BBox: [L:429, T:1757, R:438, B:1783]
[INFO]  BBox: [L:440, T:1765, R:460, B:1783]
[INFO]  BBox: [L:462, T:1765, R:478, B:1783]
[INFO]  BBox: [L:481, T:1752, R:501, B:1783]
[INFO]  BBox: [L:513, T:1753, R:541, B:1783]
[INFO]  BBox: [L:543, T:1765, R:557, B:1783]
[INFO]  BBox: [L:558, T:1765, R:577, B:1784]
[INFO]  BBox: [L:580, T:1765, R:597, B:1783]
[INFO]  BBox: [L:600, T:1762, R:612, B:1784]
[INFO]  BBox: [L:615, T:1757, R:624, B:1783]
[INFO]  BBox: [L:627, T:1765, R:644, B:1784]
[INFO]  BBox: [L:645, T:1765, R:668, B:1783]
[INFO]  BBox: [L:681, T:1765, R:698, B:1784]
[INFO]  BBox: [L:700, T:1765, R:722, B:1784]
[INFO]  BBox: [L:723, T:1753, R:744, B:1784]
[INFO]  BBox: [L:756, T:1766, R:774, B:1784]
[INFO]  BBox: [L:775, T:1765, R:798, B:1784]
[INFO]  BBox: [L:282, T:1813, R:302, B:1831]
[INFO]  BBox: [L:303, T:1813, R:326, B:1831]
[INFO]  BBox: [L:327, T:1813, R:344, B:1831]
[INFO]  BBox: [L:346, T:1813, R:378, B:1831]
[INFO]  BBox: [L:379, T:1813, R:399, B:1839]
[INFO]  BBox: [L:401, T:1800, R:411, B:1831]
[INFO]  BBox: [L:413, T:1813, R:433, B:1831]
[INFO]  BBox: [L:434, T:1813, R:453, B:1839]
[INFO]  BBox: [L:454, T:1813, R:471, B:1831]
[INFO]  BBox: [L:473, T:1800, R:493, B:1831]
[INFO]  BBox: [L:508, T:1810, R:520, B:1832]
[INFO]  BBox: [L:522, T:1813, R:541, B:1832]
[INFO]  BBox: [L:544, T:1814, R:563, B:1832]
[INFO]  BBox: [L:565, T:1813, R:579, B:1831]
[INFO]  BBox: [L:592, T:1813, R:610, B:1840]
[INFO]  BBox: [L:612, T:1814, R:631, B:1832]
[INFO]  BBox: [L:634, T:1805, R:644, B:1831]
[INFO]  BBox: [L:645, T:1800, R:666, B:1832]
[INFO]  BBox: [L:667, T:1813, R:684, B:1832]
[INFO]  BBox: [L:688, T:1826, R:694, B:1831]
[INFO]  BBox: [L:711, T:1802, R:717, B:1814]
[INFO]  BBox: [L:719, T:1802, R:725, B:1814]
[INFO]  BBox: [L:727, T:1802, R:754, B:1832]
[INFO]  BBox: [L:755, T:1801, R:778, B:1832]
[INFO]  BBox: [L:780, T:1814, R:796, B:1832]
[INFO]  BBox: [L:282, T:1849, R:303, B:1879]
[INFO]  BBox: [L:307, T:1861, R:324, B:1879]
[INFO]  BBox: [L:327, T:1861, R:340, B:1879]
[INFO]  BBox: [L:342, T:1861, R:360, B:1879]
[INFO]  BBox: [L:362, T:1861, R:379, B:1879]
[INFO]  BBox: [L:382, T:1861, R:399, B:1879]
[INFO]  BBox: [L:401, T:1861, R:424, B:1879]
[INFO]  BBox: [L:426, T:1861, R:438, B:1880]
[INFO]  BBox: [L:442, T:1874, R:449, B:1885]
[INFO]  BBox: [L:466, T:1850, R:498, B:1880]
[INFO]  BBox: [L:500, T:1858, R:513, B:1880]
[INFO]  BBox: [L:516, T:1858, R:528, B:1880]
[INFO]  BBox: [L:530, T:1862, R:550, B:1880]
[INFO]  BBox: [L:552, T:1861, R:583, B:1879]
[INFO]  BBox: [L:586, T:1862, R:603, B:1880]
[INFO]  BBox: [L:606, T:1862, R:628, B:1880]
[INFO]  BBox: [L:630, T:1862, R:643, B:1880]
[INFO]  BBox: [L:647, T:1874, R:653, B:1885]
[INFO]  BBox: [L:670, T:1850, R:702, B:1880]
[INFO]  BBox: [L:704, T:1863, R:724, B:1880]
[INFO]  BBox: [L:726, T:1862, R:739, B:1880]
[INFO]  BBox: [L:742, T:1859, R:754, B:1880]
[INFO]  BBox: [L:756, T:1862, R:770, B:1880]
[INFO]  BBox: [L:773, T:1854, R:782, B:1880]
[INFO]  BBox: [L:786, T:1868, R:796, B:1873]
[INFO]  BBox: [L:283, T:1909, R:300, B:1927]
[INFO]  BBox: [L:301, T:1909, R:324, B:1927]
[INFO]  BBox: [L:326, T:1909, R:338, B:1927]
[INFO]  BBox: [L:354, T:1922, R:359, B:1926]
[INFO]  BBox: [L:376, T:1922, R:382, B:1926]
[INFO]  BBox: [L:399, T:1922, R:405, B:1926]
[INFO]  BBox: [L:420, T:1909, R:442, B:1927]
[INFO]  BBox: [L:444, T:1909, R:463, B:1927]
[INFO]  BBox: [L:465, T:1909, R:488, B:1927]
[INFO]  BBox: [L:489, T:1909, R:506, B:1927]
[INFO]  BBox: [L:520, T:1909, R:539, B:1928]
[INFO]  BBox: [L:541, T:1897, R:555, B:1927]
[INFO]  BBox: [L:566, T:1906, R:578, B:1928]
[INFO]  BBox: [L:579, T:1897, R:602, B:1927]
[INFO]  BBox: [L:604, T:1909, R:621, B:1928]
[INFO]  BBox: [L:623, T:1909, R:654, B:1927]
[INFO]  BBox: [L:666, T:1897, R:689, B:1928]
[INFO]  BBox: [L:691, T:1910, R:709, B:1928]
[INFO]  BBox: [L:711, T:1909, R:724, B:1928]
[INFO]  BBox: [L:725, T:1909, R:756, B:1928]
[INFO]  BBox: [L:758, T:1910, R:775, B:1928]
[INFO]  BBox: [L:777, T:1897, R:797, B:1928]
[INFO]  BBox: [L:282, T:1957, R:301, B:1975]
[INFO]  BBox: [L:304, T:1957, R:324, B:1975]
[INFO]  BBox: [L:326, T:1957, R:340, B:1975]
[INFO]  BBox: [L:359, T:1957, R:376, B:1975]
[INFO]  BBox: [L:380, T:1949, R:389, B:1975]
[INFO]  BBox: [L:392, T:1954, R:405, B:1975]
[INFO]  BBox: [L:406, T:1957, R:424, B:1983]
[INFO]  BBox: [L:429, T:1970, R:435, B:1975]
[INFO]  BBox: [L:457, T:1946, R:480, B:1975]
[INFO]  BBox: [L:483, T:1958, R:502, B:1975]
[INFO]  BBox: [L:505, T:1954, R:518, B:1976]
[INFO]  BBox: [L:538, T:1954, R:550, B:1976]
[INFO]  BBox: [L:552, T:1944, R:575, B:1975]
[INFO]  BBox: [L:577, T:1957, R:594, B:1976]
[INFO]  BBox: [L:614, T:1946, R:636, B:1976]
[INFO]  BBox: [L:639, T:1957, R:655, B:1976]
[INFO]  BBox: [L:658, T:1957, R:672, B:1975]
[INFO]  BBox: [L:673, T:1945, R:693, B:1976]
[INFO]  BBox: [L:696, T:1957, R:708, B:1976]
[INFO]  BBox: [L:713, T:1970, R:719, B:1981]
[INFO]  BBox: [L:740, T:1958, R:760, B:1976]
[INFO]  BBox: [L:762, T:1958, R:782, B:1976]
[INFO]  BBox: [L:784, T:1957, R:798, B:1976]
[INFO]  BBox: [L:282, T:2005, R:304, B:2023]
[INFO]  BBox: [L:306, T:2005, R:322, B:2023]
[INFO]  BBox: [L:326, T:1997, R:336, B:2023]
[INFO]  BBox: [L:337, T:2004, R:355, B:2031]
[INFO]  BBox: [L:356, T:1992, R:379, B:2023]
[INFO]  BBox: [L:380, T:1992, R:400, B:2023]
[INFO]  BBox: [L:402, T:2005, R:421, B:2023]
[INFO]  BBox: [L:423, T:2005, R:436, B:2023]
[INFO]  BBox: [L:438, T:2005, R:450, B:2023]
[INFO]  BBox: [L:454, T:2018, R:460, B:2029]
[INFO]  BBox: [L:475, T:2002, R:488, B:2023]
[INFO]  BBox: [L:489, T:2005, R:503, B:2023]
[INFO]  BBox: [L:505, T:1997, R:514, B:2023]
[INFO]  BBox: [L:517, T:2005, R:533, B:2024]
[INFO]  BBox: [L:535, T:1993, R:555, B:2024]
[INFO]  BBox: [L:568, T:2003, R:581, B:2024]
[INFO]  BBox: [L:583, T:2006, R:602, B:2024]
[INFO]  BBox: [L:615, T:1993, R:635, B:2024]
[INFO]  BBox: [L:637, T:2006, R:654, B:2024]
[INFO]  BBox: [L:656, T:2006, R:668, B:2024]
[INFO]  BBox: [L:671, T:2003, R:684, B:2024]
[INFO]  BBox: [L:685, T:2006, R:699, B:2024]
[INFO]  BBox: [L:700, T:2006, R:719, B:2024]
[INFO]  BBox: [L:720, T:2006, R:739, B:2032]
[INFO]  BBox: [L:751, T:2007, R:771, B:2024]
[INFO]  BBox: [L:773, T:2006, R:785, B:2024]
[INFO]  BBox: [L:789, T:2018, R:795, B:2030]
[INFO]  BBox: [L:283, T:2053, R:300, B:2071]
[INFO]  BBox: [L:301, T:2052, R:324, B:2070]
[INFO]  BBox: [L:325, T:2040, R:345, B:2071]
[INFO]  BBox: [L:359, T:2053, R:386, B:2071]
[INFO]  BBox: [L:388, T:2053, R:404, B:2071]
[INFO]  BBox: [L:419, T:2053, R:445, B:2071]
[INFO]  BBox: [L:447, T:2053, R:467, B:2071]
[INFO]  BBox: [L:469, T:2053, R:491, B:2071]
[INFO]  BBox: [L:493, T:2042, R:500, B:2053]
[INFO]  BBox: [L:503, T:2050, R:516, B:2071]
[INFO]  BBox: [L:529, T:2041, R:544, B:2071]
[INFO]  BBox: [L:542, T:2053, R:562, B:2071]
[INFO]  BBox: [L:564, T:2053, R:577, B:2071]
[INFO]  BBox: [L:578, T:2053, R:596, B:2079]
[INFO]  BBox: [L:598, T:2053, R:615, B:2072]
[INFO]  BBox: [L:617, T:2050, R:630, B:2072]
[INFO]  BBox: [L:633, T:2066, R:639, B:2071]
[INFO]  BBox: [L:643, T:2042, R:650, B:2053]
[INFO]  BBox: [L:651, T:2043, R:657, B:2054]
[INFO]  BBox: [L:672, T:2042, R:702, B:2071]
[INFO]  BBox: [L:705, T:2053, R:721, B:2072]
[INFO]  BBox: [L:736, T:2054, R:763, B:2072]
[INFO]  BBox: [L:765, T:2054, R:782, B:2072]
[INFO]  BBox: [L:784, T:2054, R:797, B:2072]
[INFO]  BBox: [L:282, T:2088, R:302, B:2119]
[INFO]  BBox: [L:303, T:2100, R:337, B:2119]
[INFO]  BBox: [L:338, T:2100, R:361, B:2118]
[INFO]  BBox: [L:361, T:2088, R:382, B:2118]
[INFO]  BBox: [L:384, T:2100, R:400, B:2119]
[INFO]  BBox: [L:402, T:2100, R:424, B:2119]
[INFO]  BBox: [L:426, T:2088, R:436, B:2119]
[INFO]  BBox: [L:437, T:2101, R:455, B:2127]
[INFO]  BBox: [L:468, T:2101, R:485, B:2119]
[INFO]  BBox: [L:487, T:2098, R:500, B:2119]
[INFO]  BBox: [L:501, T:2097, R:514, B:2119]
[INFO]  BBox: [L:516, T:2101, R:533, B:2119]
[INFO]  BBox: [L:534, T:2101, R:552, B:2119]
[INFO]  BBox: [L:553, T:2088, R:574, B:2119]
[INFO]  BBox: [L:576, T:2093, R:585, B:2119]
[INFO]  BBox: [L:586, T:2101, R:609, B:2119]
[INFO]  BBox: [L:610, T:2100, R:628, B:2127]
[INFO]  BBox: [L:640, T:2098, R:653, B:2120]
[INFO]  BBox: [L:654, T:2088, R:676, B:2119]
[INFO]  BBox: [L:678, T:2101, R:694, B:2120]
[INFO]  BBox: [L:708, T:2090, R:728, B:2120]
[INFO]  BBox: [L:731, T:2101, R:748, B:2120]
[INFO]  BBox: [L:749, T:2101, R:763, B:2119]
[INFO]  BBox: [L:763, T:2089, R:783, B:2120]
[INFO]  BBox: [L:785, T:2101, R:798, B:2120]
[INFO]  BBox: [L:282, T:2149, R:309, B:2167]
[INFO]  BBox: [L:309, T:2136, R:332, B:2167]
[INFO]  BBox: [L:333, T:2149, R:350, B:2167]
[INFO]  BBox: [L:352, T:2149, R:374, B:2167]
[INFO]  BBox: [L:387, T:2138, R:398, B:2167]
[INFO]  BBox: [L:411, T:2149, R:428, B:2167]
[INFO]  BBox: [L:429, T:2149, R:452, B:2167]
[INFO]  BBox: [L:454, T:2146, R:466, B:2167]
[INFO]  BBox: [L:468, T:2149, R:484, B:2167]
[INFO]  BBox: [L:486, T:2149, R:499, B:2167]
[INFO]  BBox: [L:501, T:2149, R:517, B:2167]
[INFO]  BBox: [L:519, T:2136, R:538, B:2167]
[INFO]  BBox: [L:551, T:2146, R:564, B:2167]
[INFO]  BBox: [L:564, T:2136, R:587, B:2167]
[INFO]  BBox: [L:588, T:2149, R:605, B:2168]
[INFO]  BBox: [L:617, T:2138, R:645, B:2167]
[INFO]  BBox: [L:646, T:2149, R:659, B:2167]
[INFO]  BBox: [L:660, T:2150, R:679, B:2168]
[INFO]  BBox: [L:681, T:2150, R:700, B:2168]
[INFO]  BBox: [L:702, T:2137, R:721, B:2168]
[INFO]  BBox: [L:723, T:2150, R:741, B:2168]
[INFO]  BBox: [L:742, T:2137, R:762, B:2168]
[INFO]  BBox: [L:763, T:2150, R:783, B:2168]
[INFO]  BBox: [L:784, T:2150, R:798, B:2168]
[INFO]  BBox: [L:282, T:2185, R:310, B:2215]
[INFO]  BBox: [L:313, T:2196, R:330, B:2215]
[INFO]  BBox: [L:331, T:2184, R:345, B:2214]
[INFO]  BBox: [L:343, T:2188, R:360, B:2215]
[INFO]  BBox: [L:364, T:2209, R:370, B:2220]
[INFO]  BBox: [L:384, T:2184, R:406, B:2214]
[INFO]  BBox: [L:407, T:2197, R:427, B:2215]
[INFO]  BBox: [L:428, T:2197, R:448, B:2215]
[INFO]  BBox: [L:450, T:2197, R:462, B:2215]
[INFO]  BBox: [L:464, T:2197, R:480, B:2215]
[INFO]  BBox: [L:482, T:2184, R:502, B:2215]
[INFO]  BBox: [L:516, T:2189, R:525, B:2215]
[INFO]  BBox: [L:526, T:2197, R:549, B:2215]
[INFO]  BBox: [L:561, T:2197, R:578, B:2215]
[INFO]  BBox: [L:591, T:2197, R:608, B:2215]
[INFO]  BBox: [L:609, T:2197, R:623, B:2215]
[INFO]  BBox: [L:624, T:2197, R:643, B:2216]
[INFO]  BBox: [L:644, T:2198, R:671, B:2215]
[INFO]  BBox: [L:672, T:2185, R:692, B:2216]
[INFO]  BBox: [L:694, T:2197, R:711, B:2216]
[INFO]  BBox: [L:712, T:2185, R:732, B:2216]
[INFO]  BBox: [L:744, T:2185, R:764, B:2216]
[INFO]  BBox: [L:766, T:2198, R:783, B:2216]
[INFO]  BBox: [L:784, T:2197, R:798, B:2215]
[INFO]  BBox: [L:283, T:2236, R:292, B:2263]
[INFO]  BBox: [L:294, T:2244, R:316, B:2263]
[INFO]  BBox: [L:329, T:2245, R:346, B:2264]
[INFO]  BBox: [L:362, T:2234, R:375, B:2263]
[INFO]  BBox: [L:379, T:2234, R:399, B:2266]
[INFO]  BBox: [L:401, T:2242, R:414, B:2264]
[INFO]  BBox: [L:415, T:2232, R:437, B:2263]
[INFO]  BBox: [L:440, T:2251, R:450, B:2257]
[INFO]  BBox: [L:453, T:2245, R:470, B:2264]
[INFO]  BBox: [L:472, T:2245, R:489, B:2264]
[INFO]  BBox: [L:490, T:2245, R:513, B:2264]
[INFO]  BBox: [L:514, T:2242, R:527, B:2264]
[INFO]  BBox: [L:528, T:2246, R:548, B:2264]
[INFO]  BBox: [L:549, T:2245, R:582, B:2272]
[INFO]  BBox: [L:594, T:2245, R:606, B:2264]
[INFO]  BBox: [L:608, T:2242, R:621, B:2264]
[INFO]  BBox: [L:622, T:2245, R:642, B:2264]
[INFO]  BBox: [L:643, T:2245, R:666, B:2264]
[INFO]  BBox: [L:667, T:2246, R:684, B:2265]
[INFO]  BBox: [L:696, T:2233, R:716, B:2265]
[INFO]  BBox: [L:717, T:2246, R:737, B:2265]
[INFO]  BBox: [L:740, T:2237, R:749, B:2264]
[INFO]  BBox: [L:751, T:2233, R:761, B:2264]
[INFO]  BBox: [L:762, T:2233, R:783, B:2265]
[INFO]  BBox: [L:785, T:2252, R:796, B:2258]
[INFO]  BBox: [L:283, T:2285, R:292, B:2311]
[INFO]  BBox: [L:294, T:2293, R:316, B:2311]
[INFO]  BBox: [L:317, T:2293, R:335, B:2319]
[INFO]  BBox: [L:346, T:2285, R:355, B:2319]
[INFO]  BBox: [L:359, T:2294, R:379, B:2312]
[INFO]  BBox: [L:380, T:2293, R:393, B:2312]
[INFO]  BBox: [L:395, T:2290, R:407, B:2312]
[INFO]  BBox: [L:420, T:2293, R:439, B:2312]
[INFO]  BBox: [L:440, T:2281, R:467, B:2311]
[INFO]  BBox: [L:476, T:2282, R:498, B:2312]
[INFO]  BBox: [L:500, T:2281, R:510, B:2312]
[INFO]  BBox: [L:511, T:2293, R:529, B:2312]
[INFO]  BBox: [L:530, T:2294, R:547, B:2312]
[INFO]  BBox: [L:549, T:2294, R:567, B:2312]
[INFO]  BBox: [L:570, T:2306, R:576, B:2317]
[INFO]  BBox: [L:591, T:2283, R:619, B:2312]
[INFO]  BBox: [L:620, T:2295, R:639, B:2312]
[INFO]  BBox: [L:641, T:2281, R:660, B:2312]
[INFO]  BBox: [L:662, T:2294, R:676, B:2312]
[INFO]  BBox: [L:676, T:2294, R:696, B:2313]
[INFO]  BBox: [L:697, T:2295, R:717, B:2312]
[INFO]  BBox: [L:718, T:2294, R:741, B:2312]
[INFO]  BBox: [L:743, T:2286, R:752, B:2312]
[INFO]  BBox: [L:753, T:2282, R:774, B:2312]
[INFO]  BBox: [L:776, T:2283, R:782, B:2294]
[INFO]  BBox: [L:784, T:2294, R:797, B:2313]
[INFO]  BBox: [L:282, T:2341, R:313, B:2359]
[INFO]  BBox: [L:315, T:2341, R:333, B:2359]
[INFO]  BBox: [L:336, T:2333, R:345, B:2359]
[INFO]  BBox: [L:346, T:2341, R:369, B:2359]
[INFO]  BBox: [L:381, T:2328, R:401, B:2359]
[INFO]  BBox: [L:403, T:2341, R:422, B:2359]
[INFO]  BBox: [L:424, T:2342, R:444, B:2359]
[INFO]  BBox: [L:447, T:2329, R:457, B:2359]
[INFO]  BBox: [L:459, T:2341, R:475, B:2360]
[INFO]  BBox: [L:478, T:2342, R:497, B:2359]
[INFO]  BBox: [L:500, T:2341, R:517, B:2360]
[INFO]  BBox: [L:519, T:2341, R:532, B:2359]
[INFO]  BBox: [L:533, T:2329, R:553, B:2360]
[INFO]  BBox: [L:557, T:2354, R:562, B:2359]
[INFO]  BBox: [L:331, T:2378, R:356, B:2407]
[INFO]  BBox: [L:358, T:2389, R:377, B:2407]
[INFO]  BBox: [L:379, T:2389, R:399, B:2407]
[INFO]  BBox: [L:412, T:2376, R:435, B:2407]
[INFO]  BBox: [L:436, T:2389, R:453, B:2407]
[INFO]  BBox: [L:456, T:2389, R:474, B:2407]
[INFO]  BBox: [L:475, T:2389, R:489, B:2407]
[INFO]  BBox: [L:502, T:2389, R:520, B:2407]
[INFO]  BBox: [L:534, T:2377, R:544, B:2407]
[INFO]  BBox: [L:546, T:2389, R:565, B:2408]
[INFO]  BBox: [L:568, T:2386, R:580, B:2408]
[INFO]  BBox: [L:595, T:2389, R:612, B:2408]
[INFO]  BBox: [L:613, T:2377, R:633, B:2408]
[INFO]  BBox: [L:635, T:2389, R:655, B:2408]
[INFO]  BBox: [L:657, T:2390, R:676, B:2408]
[INFO]  BBox: [L:679, T:2387, R:691, B:2408]
[INFO]  BBox: [L:705, T:2389, R:718, B:2408]
[INFO]  BBox: [L:720, T:2390, R:736, B:2408]
[INFO]  BBox: [L:738, T:2390, R:758, B:2408]
[INFO]  BBox: [L:760, T:2390, R:777, B:2408]
[INFO]  BBox: [L:779, T:2390, R:802, B:2408]
[INFO]  BBox: [L:803, T:2389, R:821, B:2416]
[INFO]  BBox: [L:822, T:2390, R:839, B:2408]
[INFO]  BBox: [L:855, T:2382, R:864, B:2408]
[INFO]  BBox: [L:865, T:2390, R:888, B:2408]
[INFO]  BBox: [L:901, T:2379, R:930, B:2409]
[INFO]  BBox: [L:932, T:2390, R:945, B:2408]
[INFO]  BBox: [L:946, T:2390, R:966, B:2409]
[INFO]  BBox: [L:968, T:2391, R:985, B:2409]
[INFO]  BBox: [L:989, T:2396, R:999, B:2402]
[INFO]  BBox: [L:282, T:2434, R:295, B:2455]
[INFO]  BBox: [L:298, T:2428, R:308, B:2455]
[INFO]  BBox: [L:311, T:2437, R:328, B:2455]
[INFO]  BBox: [L:330, T:2443, R:372, B:2447]
[INFO]  BBox: [L:373, T:2437, R:392, B:2463]
[INFO]  BBox: [L:395, T:2437, R:412, B:2455]
[INFO]  BBox: [L:415, T:2437, R:434, B:2455]
[INFO]  BBox: [L:436, T:2437, R:456, B:2463]
[INFO]  BBox: [L:460, T:2424, R:470, B:2455]
[INFO]  BBox: [L:472, T:2437, R:489, B:2455]
[INFO]  BBox: [L:506, T:2438, R:533, B:2455]
[INFO]  BBox: [L:536, T:2437, R:553, B:2456]
[INFO]  BBox: [L:555, T:2437, R:578, B:2455]
[INFO]  BBox: [L:580, T:2434, R:593, B:2456]
[INFO]  BBox: [L:610, T:2434, R:623, B:2456]
[INFO]  BBox: [L:625, T:2437, R:645, B:2456]
[INFO]  BBox: [L:661, T:2437, R:679, B:2463]
[INFO]  BBox: [L:681, T:2438, R:698, B:2456]
[INFO]  BBox: [L:702, T:2435, R:714, B:2456]
[INFO]  BBox: [L:731, T:2438, R:747, B:2456]
[INFO]  BBox: [L:750, T:2438, R:770, B:2456]
[INFO]  BBox: [L:773, T:2438, R:789, B:2456]
[INFO]  BBox: [L:792, T:2438, R:815, B:2456]
[INFO]  BBox: [L:819, T:2451, R:825, B:2461]
[INFO]  BBox: [L:844, T:2438, R:861, B:2456]
[INFO]  BBox: [L:863, T:2438, R:886, B:2456]
[INFO]  BBox: [L:888, T:2425, R:907, B:2457]
[INFO]  BBox: [L:925, T:2435, R:937, B:2457]
[INFO]  BBox: [L:939, T:2426, R:961, B:2456]
[INFO]  BBox: [L:964, T:2438, R:981, B:2457]
[INFO]  BBox: [L:983, T:2439, R:1001, B:2464]
[INFO]  BBox: [L:282, T:2485, R:308, B:2502]
[INFO]  BBox: [L:310, T:2484, R:327, B:2502]
[INFO]  BBox: [L:328, T:2484, R:350, B:2502]
[INFO]  BBox: [L:351, T:2481, R:364, B:2503]
[INFO]  BBox: [L:376, T:2482, R:388, B:2503]
[INFO]  BBox: [L:388, T:2472, R:411, B:2502]
[INFO]  BBox: [L:412, T:2485, R:429, B:2503]
[INFO]  BBox: [L:431, T:2477, R:440, B:2503]
[INFO]  BBox: [L:441, T:2485, R:455, B:2502]
[INFO]  BBox: [L:467, T:2472, R:477, B:2502]
[INFO]  BBox: [L:478, T:2485, R:519, B:2503]
[INFO]  BBox: [L:519, T:2472, R:539, B:2503]
[INFO]  BBox: [L:550, T:2472, R:570, B:2503]
[INFO]  BBox: [L:571, T:2485, R:589, B:2503]
[INFO]  BBox: [L:589, T:2485, R:607, B:2503]
[INFO]  BBox: [L:607, T:2472, R:628, B:2503]
[INFO]  BBox: [L:630, T:2498, R:636, B:2503]
[INFO]  BBox: [L:652, T:2473, R:662, B:2509]
[INFO]  BBox: [L:665, T:2473, R:715, B:2503]
[INFO]  BBox: [L:716, T:2485, R:732, B:2504]
[INFO]  BBox: [L:745, T:2474, R:766, B:2504]
[INFO]  BBox: [L:768, T:2486, R:784, B:2504]
[INFO]  BBox: [L:786, T:2485, R:799, B:2503]
[INFO]  BBox: [L:799, T:2473, R:819, B:2504]
[INFO]  BBox: [L:820, T:2486, R:832, B:2504]
[INFO]  BBox: [L:844, T:2486, R:867, B:2504]
[INFO]  BBox: [L:867, T:2486, R:886, B:2504]
[INFO]  BBox: [L:887, T:2486, R:914, B:2504]
[INFO]  BBox: [L:926, T:2486, R:943, B:2504]
[INFO]  BBox: [L:944, T:2486, R:963, B:2504]
[INFO]  BBox: [L:964, T:2486, R:987, B:2504]
[INFO]  BBox: [L:989, T:2492, R:999, B:2498]
[INFO]  BBox: [L:282, T:2529, R:295, B:2550]
[INFO]  BBox: [L:296, T:2532, R:310, B:2550]
[INFO]  BBox: [L:310, T:2532, R:330, B:2550]
[INFO]  BBox: [L:332, T:2519, R:342, B:2550]
[INFO]  BBox: [L:355, T:2532, R:372, B:2550]
[INFO]  BBox: [L:385, T:2529, R:397, B:2550]
[INFO]  BBox: [L:398, T:2520, R:420, B:2550]
[INFO]  BBox: [L:423, T:2524, R:432, B:2550]
[INFO]  BBox: [L:433, T:2532, R:447, B:2550]
[INFO]  BBox: [L:447, T:2520, R:468, B:2551]
[INFO]  BBox: [L:480, T:2532, R:499, B:2551]
[INFO]  BBox: [L:500, T:2520, R:514, B:2550]
[INFO]  BBox: [L:523, T:2521, R:552, B:2551]
[INFO]  BBox: [L:553, T:2532, R:567, B:2550]
[INFO]  BBox: [L:568, T:2533, R:587, B:2551]
[INFO]  BBox: [L:589, T:2533, R:606, B:2551]
[INFO]  BBox: [L:608, T:2530, R:621, B:2551]
[INFO]  BBox: [L:623, T:2525, R:632, B:2551]
[INFO]  BBox: [L:634, T:2533, R:652, B:2551]
[INFO]  BBox: [L:654, T:2545, R:661, B:2556]
[INFO]  BBox: [L:675, T:2533, R:692, B:2551]
[INFO]  BBox: [L:705, T:2533, R:717, B:2551]
[INFO]  BBox: [L:720, T:2520, R:729, B:2551]
[INFO]  BBox: [L:731, T:2533, R:748, B:2551]
[INFO]  BBox: [L:749, T:2533, R:772, B:2551]
[INFO]  BBox: [L:772, T:2521, R:792, B:2551]
[INFO]  BBox: [L:794, T:2533, R:811, B:2551]
[INFO]  BBox: [L:812, T:2533, R:826, B:2551]
[INFO]  BBox: [L:837, T:2533, R:850, B:2552]
[INFO]  BBox: [L:851, T:2521, R:874, B:2551]
[INFO]  BBox: [L:876, T:2533, R:893, B:2552]
[INFO]  BBox: [L:894, T:2533, R:907, B:2551]
[INFO]  BBox: [L:908, T:2521, R:928, B:2552]
[INFO]  BBox: [L:940, T:2534, R:959, B:2552]
[INFO]  BBox: [L:960, T:2521, R:975, B:2552]
[INFO]  BBox: [L:984, T:2534, R:1002, B:2552]
[INFO]  BBox: [L:282, T:2580, R:295, B:2598]
[INFO]  BBox: [L:298, T:2577, R:310, B:2599]
[INFO]  BBox: [L:313, T:2580, R:330, B:2598]
[INFO]  BBox: [L:333, T:2577, R:346, B:2599]
[INFO]  BBox: [L:348, T:2580, R:365, B:2599]
[INFO]  BBox: [L:383, T:2581, R:410, B:2599]
[INFO]  BBox: [L:413, T:2572, R:423, B:2598]
[INFO]  BBox: [L:426, T:2577, R:439, B:2599]
[INFO]  BBox: [L:440, T:2568, R:463, B:2599]
[INFO]  BBox: [L:481, T:2569, R:510, B:2599]
[INFO]  BBox: [L:511, T:2581, R:531, B:2599]
[INFO]  BBox: [L:533, T:2568, R:553, B:2599]
[INFO]  BBox: [L:556, T:2581, R:569, B:2599]
[INFO]  BBox: [L:571, T:2581, R:591, B:2599]
[INFO]  BBox: [L:593, T:2581, R:613, B:2599]
[INFO]  BBox: [L:615, T:2581, R:637, B:2599]
[INFO]  BBox: [L:641, T:2573, R:650, B:2599]
[INFO]  BBox: [L:652, T:2568, R:673, B:2599]
[INFO]  BBox: [L:690, T:2581, R:712, B:2599]
[INFO]  BBox: [L:715, T:2581, R:732, B:2600]
[INFO]  BBox: [L:735, T:2581, R:753, B:2600]
[INFO]  BBox: [L:755, T:2581, R:768, B:2599]
[INFO]  BBox: [L:787, T:2573, R:796, B:2599]
[INFO]  BBox: [L:799, T:2578, R:812, B:2600]
[INFO]  BBox: [L:814, T:2581, R:826, B:2600]
[INFO]  BBox: [L:845, T:2582, R:858, B:2600]
[INFO]  BBox: [L:860, T:2581, R:880, B:2600]
[INFO]  BBox: [L:882, T:2582, R:902, B:2600]
[INFO]  BBox: [L:905, T:2579, R:918, B:2600]
[INFO]  BBox: [L:919, T:2569, R:942, B:2600]
[INFO]  BBox: [L:944, T:2582, R:961, B:2600]
[INFO]  BBox: [L:964, T:2582, R:977, B:2600]
[INFO]  BBox: [L:979, T:2582, R:1001, B:2600]
[INFO]  BBox: [L:282, T:2625, R:295, B:2647]
[INFO]  BBox: [L:298, T:2620, R:307, B:2646]
[INFO]  BBox: [L:309, T:2628, R:328, B:2655]
[INFO]  BBox: [L:332, T:2641, R:338, B:2646]
[INFO]  BBox: [L:345, T:2616, R:355, B:2652]
[INFO]  BBox: [L:370, T:2617, R:398, B:2646]
[INFO]  BBox: [L:399, T:2616, R:421, B:2646]
[INFO]  BBox: [L:424, T:2620, R:433, B:2646]
[INFO]  BBox: [L:436, T:2629, R:448, B:2647]
[INFO]  BBox: [L:463, T:2616, R:483, B:2647]
[INFO]  BBox: [L:484, T:2629, R:504, B:2647]
[INFO]  BBox: [L:506, T:2629, R:522, B:2647]
[INFO]  BBox: [L:525, T:2629, R:537, B:2647]
[INFO]  BBox: [L:539, T:2629, R:562, B:2647]
[INFO]  BBox: [L:564, T:2618, R:571, B:2629]
[INFO]  BBox: [L:574, T:2626, R:587, B:2647]
[INFO]  BBox: [L:601, T:2629, R:618, B:2647]
[INFO]  BBox: [L:620, T:2630, R:640, B:2647]
[INFO]  BBox: [L:642, T:2628, R:659, B:2655]
[INFO]  BBox: [L:661, T:2630, R:681, B:2648]
[INFO]  BBox: [L:682, T:2629, R:696, B:2647]
[INFO]  BBox: [L:709, T:2630, R:736, B:2647]
[INFO]  BBox: [L:738, T:2629, R:754, B:2648]
[INFO]  BBox: [L:757, T:2617, R:768, B:2647]
[INFO]  BBox: [L:770, T:2617, R:780, B:2647]
[INFO]  BBox: [L:793, T:2617, R:808, B:2647]
[INFO]  BBox: [L:807, T:2629, R:826, B:2648]
[INFO]  BBox: [L:828, T:2629, R:841, B:2648]
[INFO]  BBox: [L:855, T:2629, R:874, B:2656]
[INFO]  BBox: [L:877, T:2630, R:893, B:2648]
[INFO]  BBox: [L:896, T:2630, R:913, B:2648]
[INFO]  BBox: [L:915, T:2630, R:933, B:2648]
[INFO]  BBox: [L:934, T:2630, R:951, B:2648]
[INFO]  BBox: [L:966, T:2630, R:985, B:2648]
[INFO]  BBox: [L:987, T:2630, R:1001, B:2648]
[INFO]  BBox: [L:281, T:2664, R:296, B:2694]
[INFO]  BBox: [L:294, T:2676, R:313, B:2695]
[INFO]  BBox: [L:314, T:2676, R:328, B:2694]
[INFO]  BBox: [L:339, T:2673, R:352, B:2695]
[INFO]  BBox: [L:352, T:2663, R:375, B:2694]
[INFO]  BBox: [L:376, T:2676, R:393, B:2695]
[INFO]  BBox: [L:405, T:2676, R:418, B:2694]
[INFO]  BBox: [L:419, T:2676, R:436, B:2695]
[INFO]  BBox: [L:438, T:2673, R:451, B:2695]
[INFO]  BBox: [L:451, T:2677, R:471, B:2695]
[INFO]  BBox: [L:472, T:2676, R:508, B:2695]
[INFO]  BBox: [L:520, T:2677, R:539, B:2695]
[INFO]  BBox: [L:540, T:2664, R:554, B:2695]
[INFO]  BBox: [L:564, T:2674, R:576, B:2695]
[INFO]  BBox: [L:577, T:2677, R:596, B:2695]
[INFO]  BBox: [L:597, T:2678, R:617, B:2695]
[INFO]  BBox: [L:618, T:2677, R:632, B:2695]
[INFO]  BBox: [L:633, T:2669, R:642, B:2695]
[INFO]  BBox: [L:644, T:2677, R:656, B:2695]
[INFO]  BBox: [L:658, T:2674, R:684, B:2696]
[INFO]  BBox: [L:687, T:2690, R:693, B:2701]
[INFO]  BBox: [L:706, T:2678, R:733, B:2696]
[INFO]  BBox: [L:733, T:2665, R:756, B:2695]
[INFO]  BBox: [L:758, T:2669, R:768, B:2695]
[INFO]  BBox: [L:768, T:2677, R:786, B:2696]
[INFO]  BBox: [L:787, T:2665, R:810, B:2695]
[INFO]  BBox: [L:822, T:2666, R:870, B:2696]
[INFO]  BBox: [L:871, T:2665, R:891, B:2696]
[INFO]  BBox: [L:892, T:2677, R:906, B:2696]
[INFO]  BBox: [L:906, T:2678, R:925, B:2696]
[INFO]  BBox: [L:926, T:2678, R:969, B:2696]
[INFO]  BBox: [L:971, T:2670, R:980, B:2696]
[INFO]  BBox: [L:981, T:2665, R:1002, B:2696]
[INFO]  BBox: [L:282, T:2724, R:304, B:2743]
[INFO]  BBox: [L:306, T:2725, R:322, B:2743]
[INFO]  BBox: [L:325, T:2725, R:342, B:2743]
[INFO]  BBox: [L:344, T:2712, R:364, B:2743]
[INFO]  BBox: [L:366, T:2725, R:378, B:2743]
[INFO]  BBox: [L:382, T:2737, R:388, B:2742]
[INFO]  BBox: [L:416, T:2714, R:443, B:2743]
[INFO]  BBox: [L:445, T:2725, R:465, B:2743]
[INFO]  BBox: [L:466, T:2726, R:486, B:2743]
[INFO]  BBox: [L:488, T:2725, R:502, B:2743]
[INFO]  BBox: [L:504, T:2717, R:513, B:2743]
[INFO]  BBox: [L:515, T:2725, R:528, B:2744]
[INFO]  BBox: [L:530, T:2725, R:561, B:2743]
[INFO]  BBox: [L:576, T:2725, R:593, B:2744]
[INFO]  BBox: [L:595, T:2725, R:612, B:2744]
[INFO]  BBox: [L:614, T:2725, R:631, B:2744]
[INFO]  BBox: [L:633, T:2725, R:652, B:2744]
[INFO]  BBox: [L:655, T:2726, R:675, B:2744]
[INFO]  BBox: [L:676, T:2725, R:699, B:2744]
[INFO]  BBox: [L:700, T:2723, R:713, B:2744]
[INFO]  BBox: [L:715, T:2726, R:732, B:2744]
[INFO]  BBox: [L:734, T:2713, R:754, B:2744]
[INFO]  BBox: [L:767, T:2713, R:782, B:2744]
[INFO]  BBox: [L:780, T:2726, R:800, B:2744]
[INFO]  BBox: [L:802, T:2726, R:816, B:2744]
[INFO]  BBox: [L:830, T:2715, R:848, B:2744]
[INFO]  BBox: [L:851, T:2715, R:870, B:2745]
[INFO]  BBox: [L:884, T:2726, R:904, B:2753]
[INFO]  BBox: [L:906, T:2726, R:923, B:2745]
[INFO]  BBox: [L:925, T:2726, R:939, B:2744]
[INFO]  BBox: [L:940, T:2726, R:957, B:2745]
[INFO]  BBox: [L:959, T:2726, R:976, B:2745]
[INFO]  BBox: [L:978, T:2726, R:1001, B:2745]
[INFO]  BBox: [L:1003, T:2724, R:1015, B:2745]
[INFO]  BBox: [L:1030, T:2727, R:1049, B:2745]
[INFO]  BBox: [L:1050, T:2714, R:1065, B:2745]
[INFO]  BBox: [L:1077, T:2724, R:1089, B:2745]
[INFO]  BBox: [L:1090, T:2714, R:1113, B:2745]
[INFO]  BBox: [L:1115, T:2727, R:1131, B:2745]
[INFO]  BBox: [L:1146, T:2727, R:1164, B:2746]
[INFO]  BBox: [L:1167, T:2719, R:1176, B:2745]
[INFO]  BBox: [L:1179, T:2724, R:1191, B:2746]
[INFO]  BBox: [L:1192, T:2728, R:1210, B:2754]
[INFO]  BBox: [L:1213, T:2716, R:1219, B:2727]
[INFO]  BBox: [L:1222, T:2727, R:1235, B:2746]
[INFO]  BBox: [L:281, T:2772, R:301, B:2799]
[INFO]  BBox: [L:303, T:2772, R:317, B:2791]
[INFO]  BBox: [L:318, T:2773, R:335, B:2791]
[INFO]  BBox: [L:337, T:2773, R:364, B:2791]
[INFO]  BBox: [L:366, T:2773, R:383, B:2791]
[INFO]  BBox: [L:385, T:2773, R:399, B:2791]
[INFO]  BBox: [L:411, T:2773, R:427, B:2792]
[INFO]  BBox: [L:430, T:2773, R:447, B:2792]
[INFO]  BBox: [L:449, T:2773, R:469, B:2792]
[INFO]  BBox: [L:471, T:2773, R:493, B:2791]
[INFO]  BBox: [L:495, T:2773, R:514, B:2792]
[INFO]  BBox: [L:516, T:2773, R:547, B:2791]
[INFO]  BBox: [L:548, T:2774, R:566, B:2799]
[INFO]  BBox: [L:570, T:2786, R:575, B:2791]
[INFO]  BBox: [L:331, T:2810, R:361, B:2839]
[INFO]  BBox: [L:364, T:2812, R:373, B:2838]
[INFO]  BBox: [L:375, T:2820, R:397, B:2838]
[INFO]  BBox: [L:398, T:2808, R:419, B:2839]
[INFO]  BBox: [L:420, T:2821, R:439, B:2839]
[INFO]  BBox: [L:456, T:2810, R:490, B:2839]
[INFO]  BBox: [L:494, T:2813, R:503, B:2839]
[INFO]  BBox: [L:506, T:2808, R:516, B:2839]
[INFO]  BBox: [L:518, T:2822, R:537, B:2839]
[INFO]  BBox: [L:540, T:2818, R:552, B:2839]
[INFO]  BBox: [L:555, T:2813, R:565, B:2839]
[INFO]  BBox: [L:566, T:2821, R:589, B:2839]
[INFO]  BBox: [L:591, T:2821, R:610, B:2840]
[INFO]  BBox: [L:612, T:2822, R:631, B:2839]
[INFO]  BBox: [L:635, T:2813, R:644, B:2839]
[INFO]  BBox: [L:646, T:2818, R:659, B:2840]
[INFO]  BBox: [L:661, T:2822, R:678, B:2840]
[INFO]  BBox: [L:679, T:2809, R:702, B:2840]
[INFO]  BBox: [L:718, T:2819, R:731, B:2840]
[INFO]  BBox: [L:732, T:2822, R:752, B:2840]
[INFO]  BBox: [L:754, T:2822, R:791, B:2840]
[INFO]  BBox: [L:793, T:2822, R:810, B:2840]
[INFO]  BBox: [L:812, T:2809, R:832, B:2840]
[INFO]  BBox: [L:847, T:2809, R:870, B:2840]
[INFO]  BBox: [L:873, T:2814, R:882, B:2840]
[INFO]  BBox: [L:884, T:2822, R:896, B:2840]
[INFO]  BBox: [L:912, T:2809, R:932, B:2841]
[INFO]  BBox: [L:934, T:2822, R:952, B:2841]
[INFO]  BBox: [L:954, T:2819, R:967, B:2841]
[INFO]  BBox: [L:969, T:2819, R:982, B:2841]
[INFO]  BBox: [L:983, T:2822, R:1000, B:2841]
[INFO]  BBox: [L:1002, T:2822, R:1016, B:2840]
[INFO]  BBox: [L:1017, T:2823, R:1034, B:2841]
[INFO]  BBox: [L:1036, T:2810, R:1056, B:2841]
[INFO]  BBox: [L:1071, T:2810, R:1086, B:2841]
[INFO]  BBox: [L:1085, T:2823, R:1102, B:2841]
[INFO]  BBox: [L:1104, T:2823, R:1122, B:2841]
[INFO]  BBox: [L:1124, T:2823, R:1140, B:2841]
[INFO]  BBox: [L:1156, T:2811, R:1171, B:2841]
[INFO]  BBox: [L:1169, T:2823, R:1183, B:2841]
[INFO]  BBox: [L:1184, T:2823, R:1203, B:2842]
[INFO]  BBox: [L:1206, T:2823, R:1237, B:2841]
[INFO]  BBox: [L:282, T:2865, R:295, B:2887]
[INFO]  BBox: [L:296, T:2856, R:319, B:2886]
[INFO]  BBox: [L:321, T:2869, R:337, B:2887]
[INFO]  BBox: [L:354, T:2869, R:381, B:2887]
[INFO]  BBox: [L:382, T:2856, R:405, B:2887]
[INFO]  BBox: [L:406, T:2869, R:423, B:2887]
[INFO]  BBox: [L:426, T:2869, R:442, B:2887]
[INFO]  BBox: [L:446, T:2856, R:456, B:2887]
[INFO]  BBox: [L:472, T:2869, R:492, B:2887]
[INFO]  BBox: [L:493, T:2856, R:508, B:2887]
[INFO]  BBox: [L:520, T:2856, R:542, B:2887]
[INFO]  BBox: [L:545, T:2861, R:555, B:2887]
[INFO]  BBox: [L:557, T:2869, R:570, B:2887]
[INFO]  BBox: [L:585, T:2856, R:605, B:2888]
[INFO]  BBox: [L:607, T:2869, R:624, B:2888]
[INFO]  BBox: [L:627, T:2869, R:645, B:2888]
[INFO]  BBox: [L:647, T:2866, R:660, B:2888]
[INFO]  BBox: [L:663, T:2875, R:673, B:2881]
[INFO]  BBox: [L:676, T:2870, R:696, B:2888]
[INFO]  BBox: [L:698, T:2869, R:717, B:2896]
[INFO]  BBox: [L:733, T:2859, R:763, B:2888]
[INFO]  BBox: [L:765, T:2870, R:784, B:2888]
[INFO]  BBox: [L:787, T:2857, R:797, B:2888]
[INFO]  BBox: [L:799, T:2870, R:819, B:2888]
[INFO]  BBox: [L:821, T:2870, R:840, B:2888]
[INFO]  BBox: [L:857, T:2867, R:870, B:2888]
[INFO]  BBox: [L:872, T:2870, R:889, B:2888]
[INFO]  BBox: [L:891, T:2870, R:910, B:2888]
[INFO]  BBox: [L:914, T:2862, R:923, B:2888]
[INFO]  BBox: [L:940, T:2870, R:957, B:2889]
[INFO]  BBox: [L:959, T:2870, R:982, B:2888]
[INFO]  BBox: [L:983, T:2858, R:1003, B:2889]
[INFO]  BBox: [L:1019, T:2871, R:1032, B:2889]
[INFO]  BBox: [L:1034, T:2871, R:1052, B:2889]
[INFO]  BBox: [L:1055, T:2863, R:1064, B:2889]
[INFO]  BBox: [L:1066, T:2858, R:1086, B:2889]
[INFO]  BBox: [L:1090, T:2883, R:1096, B:2895]
[INFO]  BBox: [L:1114, T:2860, R:1120, B:2871]
[INFO]  BBox: [L:1122, T:2860, R:1128, B:2871]
[INFO]  BBox: [L:1130, T:2860, R:1158, B:2889]
[INFO]  BBox: [L:1159, T:2858, R:1182, B:2889]
[INFO]  BBox: [L:1183, T:2871, R:1200, B:2890]
[INFO]  BBox: [L:1203, T:2871, R:1216, B:2889]
[INFO]  BBox: [L:1218, T:2871, R:1234, B:2890]
[INFO]  BBox: [L:282, T:2917, R:308, B:2935]
[INFO]  BBox: [L:310, T:2917, R:327, B:2935]
[INFO]  BBox: [L:329, T:2916, R:342, B:2934]
[INFO]  BBox: [L:343, T:2917, R:360, B:2935]
[INFO]  BBox: [L:373, T:2917, R:393, B:2935]
[INFO]  BBox: [L:394, T:2917, R:417, B:2935]
[INFO]  BBox: [L:418, T:2917, R:435, B:2935]
[INFO]  BBox: [L:447, T:2904, R:470, B:2935]
[INFO]  BBox: [L:471, T:2918, R:491, B:2935]
[INFO]  BBox: [L:492, T:2917, R:514, B:2935]
[INFO]  BBox: [L:516, T:2905, R:535, B:2935]
[INFO]  BBox: [L:537, T:2917, R:551, B:2935]
[INFO]  BBox: [L:552, T:2917, R:568, B:2936]
[INFO]  BBox: [L:570, T:2905, R:590, B:2935]
[INFO]  BBox: [L:603, T:2917, R:621, B:2936]
[INFO]  BBox: [L:622, T:2917, R:645, B:2935]
[INFO]  BBox: [L:645, T:2905, R:665, B:2936]
[INFO]  BBox: [L:678, T:2915, R:691, B:2936]
[INFO]  BBox: [L:692, T:2918, R:719, B:2936]
[INFO]  BBox: [L:720, T:2918, R:737, B:2936]
[INFO]  BBox: [L:739, T:2918, R:762, B:2936]
[INFO]  BBox: [L:763, T:2915, R:776, B:2936]
[INFO]  BBox: [L:777, T:2918, R:795, B:2944]
[INFO]  BBox: [L:808, T:2915, R:820, B:2936]
[INFO]  BBox: [L:822, T:2918, R:840, B:2936]
[INFO]  BBox: [L:841, T:2918, R:860, B:2936]
[INFO]  BBox: [L:863, T:2910, R:873, B:2936]
[INFO]  BBox: [L:874, T:2918, R:887, B:2936]
[INFO]  BBox: [L:901, T:2910, R:910, B:2936]
[INFO]  BBox: [L:912, T:2918, R:934, B:2936]
[INFO]  BBox: [L:947, T:2907, R:975, B:2936]
[INFO]  BBox: [L:976, T:2919, R:996, B:2937]
[INFO]  BBox: [L:997, T:2906, R:1017, B:2937]
[INFO]  BBox: [L:1019, T:2918, R:1033, B:2937]
[INFO]  BBox: [L:1033, T:2919, R:1053, B:2937]
[INFO]  BBox: [L:1054, T:2919, R:1098, B:2937]
[INFO]  BBox: [L:1101, T:2911, R:1110, B:2937]
[INFO]  BBox: [L:1111, T:2906, R:1132, B:2937]
[INFO]  BBox: [L:1135, T:2932, R:1141, B:2937]
[INFO]  BBox: [L:1154, T:2908, R:1184, B:2937]
[INFO]  BBox: [L:1188, T:2919, R:1207, B:2938]
[INFO]  BBox: [L:1208, T:2920, R:1235, B:2938]
[INFO]  BBox: [L:282, T:2961, R:295, B:2982]
[INFO]  BBox: [L:296, T:2951, R:318, B:2982]
[INFO]  BBox: [L:320, T:2964, R:337, B:2982]
[INFO]  BBox: [L:339, T:2964, R:353, B:2982]
[INFO]  BBox: [L:354, T:2964, R:371, B:2983]
[INFO]  BBox: [L:386, T:2964, R:403, B:2982]
[INFO]  BBox: [L:405, T:2964, R:418, B:2982]
[INFO]  BBox: [L:420, T:2964, R:436, B:2983]
[INFO]  BBox: [L:451, T:2964, R:470, B:2983]
[INFO]  BBox: [L:472, T:2964, R:495, B:2982]
[INFO]  BBox: [L:497, T:2952, R:507, B:2982]
[INFO]  BBox: [L:508, T:2965, R:526, B:2991]
[INFO]  BBox: [L:540, T:2965, R:552, B:2983]
[INFO]  BBox: [L:555, T:2965, R:571, B:2983]
[INFO]  BBox: [L:574, T:2965, R:593, B:2983]
[INFO]  BBox: [L:595, T:2965, R:612, B:2983]
[INFO]  BBox: [L:614, T:2965, R:637, B:2983]
[INFO]  BBox: [L:640, T:2977, R:646, B:2989]
[INFO]  BBox: [L:662, T:2965, R:679, B:2983]
[INFO]  BBox: [L:681, T:2965, R:703, B:2983]
[INFO]  BBox: [L:705, T:2953, R:724, B:2984]
[INFO]  BBox: [L:738, T:2953, R:758, B:2984]
[INFO]  BBox: [L:760, T:2966, R:780, B:2984]
[INFO]  BBox: [L:781, T:2965, R:794, B:2984]
[INFO]  BBox: [L:797, T:2957, R:807, B:2983]
[INFO]  BBox: [L:808, T:2965, R:831, B:2984]
[INFO]  BBox: [L:832, T:2965, R:849, B:2984]
[INFO]  BBox: [L:852, T:2965, R:864, B:2984]
[INFO]  BBox: [L:866, T:2965, R:879, B:2984]
[INFO]  BBox: [L:894, T:2957, R:903, B:2984]
[INFO]  BBox: [L:906, T:2966, R:918, B:2984]
[INFO]  BBox: [L:932, T:2966, R:945, B:2984]
[INFO]  BBox: [L:947, T:2963, R:960, B:2984]
[INFO]  BBox: [L:963, T:2958, R:972, B:2984]
[INFO]  BBox: [L:975, T:2953, R:985, B:2984]
[INFO]  BBox: [L:987, T:2953, R:997, B:2984]
[INFO]  BBox: [L:1012, T:2953, R:1022, B:2984]
[INFO]  BBox: [L:1023, T:2966, R:1043, B:2985]
[INFO]  BBox: [L:1045, T:2967, R:1065, B:2985]
[INFO]  BBox: [L:1066, T:2966, R:1079, B:2985]
[INFO]  BBox: [L:1081, T:2967, R:1099, B:2993]
[INFO]  BBox: [L:1102, T:2979, R:1108, B:2984]
[INFO]  BBox: [L:1123, T:2955, R:1148, B:2985]
[INFO]  BBox: [L:1150, T:2966, R:1169, B:2985]
[INFO]  BBox: [L:1171, T:2967, R:1191, B:2985]
[INFO]  BBox: [L:1194, T:2956, R:1200, B:2967]
[INFO]  BBox: [L:1203, T:2967, R:1216, B:2985]
[INFO]  BBox: [L:1218, T:2967, R:1234, B:2985]
[INFO]  BBox: [L:282, T:3000, R:318, B:3031]
[INFO]  BBox: [L:318, T:3013, R:335, B:3031]
[INFO]  BBox: [L:347, T:3000, R:362, B:3031]
[INFO]  BBox: [L:361, T:3004, R:370, B:3031]
[INFO]  BBox: [L:371, T:3013, R:384, B:3031]
[INFO]  BBox: [L:385, T:3013, R:397, B:3031]
[INFO]  BBox: [L:399, T:3010, R:411, B:3031]
[INFO]  BBox: [L:424, T:3010, R:436, B:3031]
[INFO]  BBox: [L:437, T:3013, R:457, B:3031]
[INFO]  BBox: [L:458, T:3014, R:477, B:3031]
[INFO]  BBox: [L:478, T:3013, R:492, B:3031]
[INFO]  BBox: [L:493, T:3005, R:502, B:3031]
[INFO]  BBox: [L:504, T:3013, R:516, B:3031]
[INFO]  BBox: [L:518, T:3010, R:531, B:3031]
[INFO]  BBox: [L:543, T:3002, R:554, B:3031]
[INFO]  BBox: [L:557, T:3002, R:563, B:3013]
[INFO]  BBox: [L:565, T:3014, R:585, B:3031]
[INFO]  BBox: [L:586, T:3014, R:603, B:3032]
[INFO]  BBox: [L:615, T:3000, R:635, B:3032]
[INFO]  BBox: [L:636, T:3013, R:649, B:3031]
[INFO]  BBox: [L:651, T:3005, R:660, B:3031]
[INFO]  BBox: [L:661, T:3014, R:681, B:3032]
[INFO]  BBox: [L:682, T:3014, R:699, B:3032]
[INFO]  BBox: [L:700, T:3014, R:723, B:3032]
[INFO]  BBox: [L:735, T:3005, R:744, B:3032]
[INFO]  BBox: [L:745, T:3014, R:768, B:3032]
[INFO]  BBox: [L:780, T:3011, R:820, B:3032]
[INFO]  BBox: [L:821, T:3014, R:840, B:3033]
[INFO]  BBox: [L:852, T:3015, R:870, B:3040]
[INFO]  BBox: [L:871, T:3014, R:888, B:3033]
[INFO]  BBox: [L:889, T:3014, R:907, B:3033]
[INFO]  BBox: [L:908, T:3014, R:921, B:3033]
[INFO]  BBox: [L:922, T:3014, R:934, B:3033]
[INFO]  BBox: [L:937, T:3027, R:943, B:3032]
[INFO]  BBox: [L:946, T:3003, R:953, B:3015]
[INFO]  BBox: [L:954, T:3003, R:961, B:3015]
[INFO]  BBox: [L:973, T:3003, R:995, B:3033]
[INFO]  BBox: [L:997, T:3006, R:1006, B:3033]
[INFO]  BBox: [L:1007, T:3001, R:1028, B:3033]
[INFO]  BBox: [L:1028, T:3015, R:1045, B:3033]
[INFO]  BBox: [L:1059, T:3003, R:1075, B:3035]
[INFO]  BBox: [L:1078, T:3003, R:1097, B:3034]
[INFO]  BBox: [L:1109, T:3015, R:1129, B:3041]
[INFO]  BBox: [L:1130, T:3015, R:1147, B:3034]
[INFO]  BBox: [L:1148, T:3015, R:1162, B:3033]
[INFO]  BBox: [L:1162, T:3015, R:1180, B:3034]
[INFO]  BBox: [L:1181, T:3015, R:1198, B:3034]
[INFO]  BBox: [L:1198, T:3015, R:1221, B:3033]
[INFO]  BBox: [L:1222, T:3012, R:1235, B:3034]
[INFO]  BBox: [L:282, T:3061, R:301, B:3079]
[INFO]  BBox: [L:303, T:3048, R:317, B:3078]
[INFO]  BBox: [L:330, T:3049, R:359, B:3079]
[INFO]  BBox: [L:360, T:3061, R:380, B:3079]
[INFO]  BBox: [L:382, T:3048, R:401, B:3079]
[INFO]  BBox: [L:403, T:3061, R:417, B:3079]
[INFO]  BBox: [L:418, T:3061, R:438, B:3079]
[INFO]  BBox: [L:439, T:3061, R:459, B:3079]
[INFO]  BBox: [L:461, T:3061, R:484, B:3079]
[INFO]  BBox: [L:486, T:3053, R:495, B:3079]
[INFO]  BBox: [L:497, T:3048, R:518, B:3079]
[INFO]  BBox: [L:520, T:3050, R:526, B:3061]
[INFO]  BBox: [L:530, T:3061, R:542, B:3079]
[INFO]  BBox: [L:559, T:3053, R:569, B:3079]
[INFO]  BBox: [L:571, T:3061, R:593, B:3079]
[INFO]  BBox: [L:594, T:3049, R:617, B:3079]
[INFO]  BBox: [L:619, T:3062, R:636, B:3080]
[INFO]  BBox: [L:638, T:3049, R:658, B:3080]
[INFO]  BBox: [L:661, T:3053, R:670, B:3079]
[INFO]  BBox: [L:673, T:3059, R:686, B:3080]
[INFO]  BBox: [L:688, T:3062, R:705, B:3080]
[INFO]  BBox: [L:707, T:3062, R:729, B:3080]
[INFO]  BBox: [L:732, T:3059, R:744, B:3080]
[INFO]  BBox: [L:746, T:3062, R:758, B:3080]
[INFO]  BBox: [L:762, T:3074, R:768, B:3085]
[INFO]  BBox: [L:785, T:3049, R:808, B:3080]
[INFO]  BBox: [L:810, T:3062, R:826, B:3080]
[INFO]  BBox: [L:843, T:3049, R:863, B:3080]
[INFO]  BBox: [L:865, T:3062, R:882, B:3081]
[INFO]  BBox: [L:883, T:3062, R:903, B:3089]
[INFO]  BBox: [L:906, T:3062, R:922, B:3081]
[INFO]  BBox: [L:925, T:3062, R:947, B:3080]
[INFO]  BBox: [L:948, T:3050, R:969, B:3081]
[INFO]  BBox: [L:970, T:3063, R:983, B:3081]
[INFO]  BBox: [L:999, T:3063, R:1018, B:3081]
[INFO]  BBox: [L:1020, T:3063, R:1043, B:3081]
[INFO]  BBox: [L:1058, T:3052, R:1085, B:3081]
[INFO]  BBox: [L:1087, T:3063, R:1104, B:3081]
[INFO]  BBox: [L:1106, T:3050, R:1126, B:3082]
[INFO]  BBox: [L:1141, T:3052, R:1170, B:3082]
[INFO]  BBox: [L:1172, T:3063, R:1186, B:3081]
[INFO]  BBox: [L:1187, T:3063, R:1206, B:3082]
[INFO]  BBox: [L:1209, T:3063, R:1221, B:3082]
[INFO]  BBox: [L:1223, T:3063, R:1236, B:3082]
[INFO]  BBox: [L:281, T:3096, R:295, B:3126]
[INFO]  BBox: [L:294, T:3109, R:313, B:3127]
[INFO]  BBox: [L:315, T:3109, R:335, B:3127]
[INFO]  BBox: [L:337, T:3096, R:357, B:3127]
[INFO]  BBox: [L:372, T:3108, R:392, B:3135]
[INFO]  BBox: [L:394, T:3109, R:412, B:3127]
[INFO]  BBox: [L:414, T:3109, R:427, B:3127]
[INFO]  BBox: [L:429, T:3109, R:446, B:3127]
[INFO]  BBox: [L:448, T:3109, R:465, B:3127]
[INFO]  BBox: [L:468, T:3096, R:478, B:3127]
[INFO]  BBox: [L:480, T:3109, R:492, B:3127]
[INFO]  BBox: [L:509, T:3106, R:522, B:3127]
[INFO]  BBox: [L:523, T:3109, R:543, B:3128]
[INFO]  BBox: [L:559, T:3109, R:571, B:3128]
[INFO]  BBox: [L:573, T:3110, R:593, B:3128]
[INFO]  BBox: [L:595, T:3109, R:609, B:3127]
[INFO]  BBox: [L:610, T:3110, R:629, B:3128]
[INFO]  BBox: [L:633, T:3101, R:642, B:3127]
[INFO]  BBox: [L:643, T:3110, R:663, B:3128]
[INFO]  BBox: [L:666, T:3110, R:682, B:3128]
[INFO]  BBox: [L:686, T:3122, R:692, B:3127]
[INFO]  BBox: [L:710, T:3098, R:741, B:3128]
[INFO]  BBox: [L:742, T:3110, R:765, B:3128]
[INFO]  BBox: [L:766, T:3110, R:784, B:3128]
[INFO]  BBox: [L:786, T:3110, R:802, B:3128]
[INFO]  BBox: [L:820, T:3110, R:837, B:3128]
[INFO]  BBox: [L:853, T:3110, R:884, B:3128]
[INFO]  BBox: [L:886, T:3110, R:905, B:3129]
[INFO]  BBox: [L:907, T:3110, R:930, B:3128]
[INFO]  BBox: [L:931, T:3107, R:944, B:3129]
[INFO]  BBox: [L:945, T:3098, R:968, B:3129]
[INFO]  BBox: [L:971, T:3123, R:977, B:3134]
[INFO]  BBox: [L:995, T:3111, R:1012, B:3129]
[INFO]  BBox: [L:1014, T:3111, R:1037, B:3129]
[INFO]  BBox: [L:1038, T:3111, R:1056, B:3137]
[INFO]  BBox: [L:1071, T:3111, R:1091, B:3137]
[INFO]  BBox: [L:1093, T:3111, R:1110, B:3129]
[INFO]  BBox: [L:1113, T:3111, R:1126, B:3129]
[INFO]  BBox: [L:1127, T:3111, R:1140, B:3130]
[INFO]  BBox: [L:1142, T:3111, R:1161, B:3130]
[INFO]  BBox: [L:1163, T:3111, R:1186, B:3129]
[INFO]  BBox: [L:1202, T:3103, R:1212, B:3129]
[INFO]  BBox: [L:1213, T:3111, R:1236, B:3129]
[INFO]  BBox: [L:217, T:3202, R:234, B:3223]
[INFO]  BBox: [L:235, T:3202, R:254, B:3222]
[INFO]  BBox: [L:275, T:3192, R:287, B:3217]
[INFO]  BBox: [L:319, T:3202, R:339, B:3223]
[INFO]  BBox: [L:350, T:3207, R:365, B:3223]
[INFO]  BBox: [L:376, T:3207, R:392, B:3223]
[INFO]  BBox: [L:403, T:3207, R:419, B:3223]
[INFO]  BBox: [L:430, T:3207, R:442, B:3223]
[INFO]  BBox: [L:453, T:3208, R:466, B:3223]
[INFO]  BBox: [L:477, T:3202, R:502, B:3223]
[INFO]  BBox: [L:512, T:3203, R:529, B:3223]
[INFO]  BBox: [L:540, T:3208, R:553, B:3223]
[INFO]  BBox: [L:564, T:3208, R:571, B:3223]
[INFO]  BBox: [L:582, T:3208, R:593, B:3223]
[INFO]  BBox: [L:604, T:3208, R:621, B:3224]
[INFO]  BBox: [L:633, T:3208, R:648, B:3223]
[INFO]  BBox: [L:658, T:3208, R:671, B:3224]
[INFO]  BBox: [L:718, T:3203, R:732, B:3224]
[INFO]  BBox: [L:743, T:3208, R:756, B:3224]
[INFO]  BBox: [L:767, T:3209, R:780, B:3224]
[INFO]  BBox: [L:790, T:3209, R:805, B:3224]
[INFO]  BBox: [L:816, T:3209, R:829, B:3224]
[INFO]  BBox: [L:839, T:3209, R:858, B:3224]
[INFO]  BBox: [L:868, T:3209, R:883, B:3224]
[INFO]  BBox: [L:893, T:3209, R:906, B:3224]
[INFO]  BBox: [L:916, T:3209, R:932, B:3224]
[INFO]  BBox: [L:964, T:3205, R:973, B:3225]
[INFO]  BBox: [L:987, T:3205, R:1002, B:3225]
[INFO]  BBox: [L:1013, T:3205, R:1028, B:3225]
[INFO]  BBox: [L:1039, T:3205, R:1053, B:3225]
[INFO]  BBox: [L:870, T:1030, R:1682, B:2278]
[INFO]  BBox: [L:1082, T:2319, R:1123, B:2361]
[INFO]  BBox: [L:1124, T:2343, R:1144, B:2361]
[INFO]  BBox: [L:1152, T:2343, R:1167, B:2361]
[INFO]  BBox: [L:1192, T:2343, R:1210, B:2361]
[INFO]  BBox: [L:1218, T:2343, R:1233, B:2361]
[INFO]  BBox: [L:1241, T:2343, R:1259, B:2361]
[INFO]  BBox: [L:1267, T:2343, R:1285, B:2362]
[INFO]  BBox: [L:1293, T:2344, R:1312, B:2362]
[INFO]  BBox: [L:1320, T:2351, R:1330, B:2357]
[INFO]  BBox: [L:1338, T:2343, R:1356, B:2362]
[INFO]  BBox: [L:1364, T:2343, R:1383, B:2362]
[INFO]  BBox: [L:1392, T:2344, R:1409, B:2362]
[INFO]  BBox: [L:1417, T:2344, R:1435, B:2362]
[INFO]  BBox: [L:1443, T:2343, R:1462, B:2362]
[INFO]  BBox: [L:1181, T:2385, R:1199, B:2403]
[INFO]  BBox: [L:1207, T:2385, R:1226, B:2403]
[INFO]  BBox: [L:1234, T:2385, R:1253, B:2403]
[INFO]  BBox: [L:1261, T:2385, R:1275, B:2403]
[INFO]  BBox: [L:1284, T:2385, R:1296, B:2403]
[INFO]  BBox: [L:1321, T:2385, R:1340, B:2403]
[INFO]  BBox: [L:1348, T:2385, R:1362, B:2403]
[INFO]  BBox: [L:1148, T:2420, R:1173, B:2445]
[INFO]  BBox: [L:1182, T:2426, R:1201, B:2445]
[INFO]  BBox: [L:1210, T:2426, R:1226, B:2445]
[INFO]  BBox: [L:1234, T:2426, R:1252, B:2445]
[INFO]  BBox: [L:1260, T:2426, R:1279, B:2445]
[INFO]  BBox: [L:1288, T:2427, R:1306, B:2445]
[INFO]  BBox: [L:1314, T:2427, R:1335, B:2445]
[INFO]  BBox: [L:1344, T:2427, R:1352, B:2445]
[INFO]  BBox: [L:1360, T:2427, R:1379, B:2445]
[INFO]  BBox: [L:1387, T:2438, R:1394, B:2449]
[INFO]  BBox: [L:1096, T:2468, R:1114, B:2486]
[INFO]  BBox: [L:1123, T:2468, R:1142, B:2486]
[INFO]  BBox: [L:1150, T:2468, R:1172, B:2486]
[INFO]  BBox: [L:1180, T:2468, R:1199, B:2486]
[INFO]  BBox: [L:1207, T:2468, R:1226, B:2486]
[INFO]  BBox: [L:1234, T:2468, R:1249, B:2486]
[INFO]  BBox: [L:1257, T:2468, R:1276, B:2486]
[INFO]  BBox: [L:1301, T:2468, R:1320, B:2486]
[INFO]  BBox: [L:1328, T:2468, R:1348, B:2487]
[INFO]  BBox: [L:1357, T:2468, R:1374, B:2487]
[INFO]  BBox: [L:1383, T:2468, R:1392, B:2487]
[INFO]  BBox: [L:1400, T:2468, R:1420, B:2486]
[INFO]  BBox: [L:1429, T:2468, R:1448, B:2487]
[INFO]  BBox: [L:1124, T:2509, R:1141, B:2527]
[INFO]  BBox: [L:1150, T:2509, R:1170, B:2527]
[INFO]  BBox: [L:1178, T:2509, R:1193, B:2527]
[INFO]  BBox: [L:1219, T:2509, R:1231, B:2528]
[INFO]  BBox: [L:1240, T:2509, R:1260, B:2528]
[INFO]  BBox: [L:1268, T:2510, R:1283, B:2528]
[INFO]  BBox: [L:1291, T:2510, R:1306, B:2528]
[INFO]  BBox: [L:1314, T:2510, R:1329, B:2528]
[INFO]  BBox: [L:1337, T:2510, R:1346, B:2528]
[INFO]  BBox: [L:1354, T:2510, R:1374, B:2528]
[INFO]  BBox: [L:1383, T:2509, R:1402, B:2528]
[INFO]  BBox: [L:1411, T:2521, R:1418, B:2532]
[INFO]  BBox: [L:1153, T:2551, R:1173, B:2569]
[INFO]  BBox: [L:1180, T:2551, R:1198, B:2569]
[INFO]  BBox: [L:1206, T:2551, R:1221, B:2569]
[INFO]  BBox: [L:1246, T:2551, R:1268, B:2569]
[INFO]  BBox: [L:1276, T:2551, R:1295, B:2570]
[INFO]  BBox: [L:1304, T:2551, R:1316, B:2570]
[INFO]  BBox: [L:1325, T:2551, R:1342, B:2570]
[INFO]  BBox: [L:1350, T:2551, R:1366, B:2570]
[INFO]  BBox: [L:1374, T:2551, R:1390, B:2570]
[INFO]  BBox: [L:1115, T:2592, R:1133, B:2611]
[INFO]  BBox: [L:1141, T:2593, R:1156, B:2611]
[INFO]  BBox: [L:1165, T:2592, R:1177, B:2611]
[INFO]  BBox: [L:1186, T:2593, R:1203, B:2611]
[INFO]  BBox: [L:1211, T:2593, R:1230, B:2611]
[INFO]  BBox: [L:1239, T:2593, R:1257, B:2611]
[INFO]  BBox: [L:1264, T:2593, R:1279, B:2611]
[INFO]  BBox: [L:1287, T:2593, R:1306, B:2612]
[INFO]  BBox: [L:1331, T:2593, R:1351, B:2611]
[INFO]  BBox: [L:1359, T:2593, R:1378, B:2612]
[INFO]  BBox: [L:1387, T:2593, R:1411, B:2612]
[INFO]  BBox: [L:1420, T:2605, R:1427, B:2611]
[INFO]  BBox: [L:1311, T:615, R:1333, B:633]
[INFO]  BBox: [L:1335, T:615, R:1352, B:633]
[INFO]  BBox: [L:1354, T:615, R:1371, B:633]
[INFO]  BBox: [L:1374, T:602, R:1393, B:633]
[INFO]  BBox: [L:1407, T:615, R:1421, B:633]
[INFO]  BBox: [L:1422, T:615, R:1439, B:633]
[INFO]  BBox: [L:1441, T:615, R:1458, B:634]
[INFO]  BBox: [L:1461, T:615, R:1477, B:633]
[INFO]  BBox: [L:1480, T:607, R:1490, B:633]
[INFO]  BBox: [L:1492, T:616, R:1512, B:633]
[INFO]  BBox: [L:1513, T:615, R:1530, B:634]
[INFO]  BBox: [L:1533, T:615, R:1545, B:634]
[INFO]  BBox: [L:1559, T:602, R:1582, B:633]
[INFO]  BBox: [L:1584, T:615, R:1604, B:634]
[INFO]  BBox: [L:1605, T:616, R:1626, B:634]
[INFO]  BBox: [L:1627, T:615, R:1641, B:633]
[INFO]  BBox: [L:1643, T:628, R:1650, B:639]
[INFO]  BBox: [L:1665, T:616, R:1678, B:634]
[INFO]  BBox: [L:1680, T:616, R:1700, B:634]
[INFO]  BBox: [L:1701, T:615, R:1719, B:642]
[INFO]  BBox: [L:1721, T:616, R:1738, B:634]
[INFO]  BBox: [L:1740, T:616, R:1754, B:634]
[INFO]  BBox: [L:1757, T:628, R:1763, B:639]
[INFO]  BBox: [L:1779, T:616, R:1810, B:634]
[INFO]  BBox: [L:1812, T:616, R:1829, B:634]
[INFO]  BBox: [L:1831, T:616, R:1845, B:634]
[INFO]  BBox: [L:1846, T:615, R:1863, B:642]
[INFO]  BBox: [L:1866, T:616, R:1883, B:634]
[INFO]  BBox: [L:1885, T:616, R:1898, B:634]
[INFO]  BBox: [L:1900, T:608, R:1910, B:634]
[INFO]  BBox: [L:1911, T:616, R:1934, B:634]
[INFO]  BBox: [L:1936, T:616, R:1952, B:634]
[INFO]  BBox: [L:1957, T:628, R:1963, B:640]
[INFO]  BBox: [L:1978, T:616, R:1998, B:634]
[INFO]  BBox: [L:2001, T:608, R:2010, B:634]
[INFO]  BBox: [L:2013, T:603, R:2023, B:634]
[INFO]  BBox: [L:2026, T:629, R:2032, B:640]
[INFO]  BBox: [L:2048, T:616, R:2065, B:635]
[INFO]  BBox: [L:2068, T:616, R:2085, B:635]
[INFO]  BBox: [L:2087, T:616, R:2109, B:635]
[INFO]  BBox: [L:2111, T:617, R:2123, B:635]
[INFO]  BBox: [L:2137, T:616, R:2157, B:635]
[INFO]  BBox: [L:2158, T:604, R:2173, B:634]
[INFO]  BBox: [L:2183, T:604, R:2203, B:635]
[INFO]  BBox: [L:2205, T:617, R:2222, B:635]
[INFO]  BBox: [L:2224, T:617, R:2241, B:635]
[INFO]  BBox: [L:2243, T:604, R:2257, B:635]
[INFO]  BBox: [L:2257, T:629, R:2264, B:640]
[INFO]  BBox: [L:1311, T:663, R:1342, B:681]
[INFO]  BBox: [L:1345, T:663, R:1362, B:681]
[INFO]  BBox: [L:1364, T:663, R:1381, B:682]
[INFO]  BBox: [L:1383, T:650, R:1404, B:681]
[INFO]  BBox: [L:1405, T:663, R:1422, B:682]
[INFO]  BBox: [L:1423, T:663, R:1437, B:681]
[INFO]  BBox: [L:1439, T:663, R:1455, B:682]
[INFO]  BBox: [L:1458, T:650, R:1468, B:681]
[INFO]  BBox: [L:1481, T:663, R:1501, B:682]
[INFO]  BBox: [L:1504, T:655, R:1513, B:681]
[INFO]  BBox: [L:1516, T:650, R:1526, B:681]
[INFO]  BBox: [L:1539, T:663, R:1556, B:682]
[INFO]  BBox: [L:1558, T:663, R:1581, B:681]
[INFO]  BBox: [L:1581, T:651, R:1602, B:682]
[INFO]  BBox: [L:1605, T:676, R:1611, B:687]
[INFO]  BBox: [L:1626, T:663, R:1638, B:682]
[INFO]  BBox: [L:1640, T:663, R:1660, B:682]
[INFO]  BBox: [L:1662, T:663, R:1693, B:682]
[INFO]  BBox: [L:1695, T:664, R:1711, B:682]
[INFO]  BBox: [L:1714, T:661, R:1727, B:682]
[INFO]  BBox: [L:1730, T:656, R:1739, B:682]
[INFO]  BBox: [L:1741, T:663, R:1772, B:682]
[INFO]  BBox: [L:1774, T:664, R:1791, B:682]
[INFO]  BBox: [L:1793, T:664, R:1806, B:682]
[INFO]  BBox: [L:1809, T:676, R:1816, B:687]
[INFO]  BBox: [L:1830, T:664, R:1847, B:682]
[INFO]  BBox: [L:1850, T:651, R:1860, B:682]
[INFO]  BBox: [L:1862, T:664, R:1881, B:682]
[INFO]  BBox: [L:1884, T:661, R:1896, B:682]
[INFO]  BBox: [L:1897, T:651, R:1920, B:682]
[INFO]  BBox: [L:1923, T:656, R:1932, B:682]
[INFO]  BBox: [L:1934, T:664, R:1957, B:682]
[INFO]  BBox: [L:1958, T:663, R:1975, B:690]
[INFO]  BBox: [L:1979, T:677, R:1985, B:682]
[INFO]  BBox: [L:1361, T:699, R:1416, B:730]
[INFO]  BBox: [L:1417, T:711, R:1434, B:729]
[INFO]  BBox: [L:1447, T:711, R:1467, B:738]
[INFO]  BBox: [L:1468, T:711, R:1488, B:730]
[INFO]  BBox: [L:1489, T:711, R:1506, B:730]
[INFO]  BBox: [L:1508, T:711, R:1520, B:730]
[INFO]  BBox: [L:1522, T:708, R:1535, B:730]
[INFO]  BBox: [L:1537, T:703, R:1547, B:729]
[INFO]  BBox: [L:1548, T:711, R:1568, B:730]
[INFO]  BBox: [L:1569, T:711, R:1592, B:729]
[INFO]  BBox: [L:1605, T:700, R:1615, B:729]
[INFO]  BBox: [L:1629, T:711, R:1647, B:730]
[INFO]  BBox: [L:1648, T:711, R:1661, B:730]
[INFO]  BBox: [L:1662, T:699, R:1683, B:730]
[INFO]  BBox: [L:1683, T:711, R:1701, B:730]
[INFO]  BBox: [L:1702, T:699, R:1722, B:730]
[INFO]  BBox: [L:1735, T:711, R:1752, B:730]
[INFO]  BBox: [L:1753, T:712, R:1773, B:730]
[INFO]  BBox: [L:1774, T:711, R:1791, B:730]
[INFO]  BBox: [L:1793, T:711, R:1825, B:738]
[INFO]  BBox: [L:1837, T:711, R:1857, B:730]
[INFO]  BBox: [L:1858, T:699, R:1885, B:730]
[INFO]  BBox: [L:1884, T:704, R:1893, B:730]
[INFO]  BBox: [L:1894, T:712, R:1912, B:730]
[INFO]  BBox: [L:1914, T:703, R:1924, B:730]
[INFO]  BBox: [L:1926, T:712, R:1943, B:730]
[INFO]  BBox: [L:1945, T:699, R:1956, B:730]
[INFO]  BBox: [L:1968, T:701, R:1980, B:730]
[INFO]  BBox: [L:1993, T:712, R:2024, B:730]
[INFO]  BBox: [L:2026, T:712, R:2042, B:731]
[INFO]  BBox: [L:2044, T:709, R:2057, B:731]
[INFO]  BBox: [L:2069, T:713, R:2096, B:731]
[INFO]  BBox: [L:2098, T:712, R:2115, B:731]
[INFO]  BBox: [L:2117, T:712, R:2129, B:731]
[INFO]  BBox: [L:2133, T:725, R:2139, B:736]
[INFO]  BBox: [L:2153, T:702, R:2160, B:712]
[INFO]  BBox: [L:2161, T:701, R:2167, B:712]
[INFO]  BBox: [L:2170, T:701, R:2181, B:730]
[INFO]  BBox: [L:2183, T:700, R:2198, B:730]
[INFO]  BBox: [L:2206, T:713, R:2224, B:739]
[INFO]  BBox: [L:2226, T:712, R:2245, B:731]
[INFO]  BBox: [L:2247, T:713, R:2266, B:731]
[INFO]  BBox: [L:1311, T:760, R:1338, B:778]
[INFO]  BBox: [L:1340, T:759, R:1357, B:778]
[INFO]  BBox: [L:1359, T:759, R:1373, B:778]
[INFO]  BBox: [L:1374, T:759, R:1391, B:778]
[INFO]  BBox: [L:1408, T:759, R:1426, B:778]
[INFO]  BBox: [L:1428, T:759, R:1450, B:778]
[INFO]  BBox: [L:1465, T:748, R:1497, B:778]
[INFO]  BBox: [L:1499, T:759, R:1530, B:778]
[INFO]  BBox: [L:1532, T:759, R:1549, B:778]
[INFO]  BBox: [L:1551, T:759, R:1565, B:778]
[INFO]  BBox: [L:1568, T:751, R:1577, B:778]
[INFO]  BBox: [L:1579, T:760, R:1597, B:779]
[INFO]  BBox: [L:1599, T:760, R:1617, B:778]
[INFO]  BBox: [L:1618, T:760, R:1641, B:778]
[INFO]  BBox: [L:1644, T:773, R:1651, B:784]
[INFO]  BBox: [L:1668, T:760, R:1695, B:778]
[INFO]  BBox: [L:1697, T:760, R:1717, B:779]
[INFO]  BBox: [L:1719, T:761, R:1738, B:779]
[INFO]  BBox: [L:1741, T:747, R:1751, B:778]
[INFO]  BBox: [L:1753, T:747, R:1773, B:779]
[INFO]  BBox: [L:1789, T:761, R:1807, B:786]
[INFO]  BBox: [L:1809, T:760, R:1828, B:779]
[INFO]  BBox: [L:1830, T:761, R:1850, B:779]
[INFO]  BBox: [L:1866, T:747, R:1886, B:779]
[INFO]  BBox: [L:1888, T:760, R:1902, B:779]
[INFO]  BBox: [L:1904, T:752, R:1914, B:779]
[INFO]  BBox: [L:1915, T:760, R:1938, B:779]
[INFO]  BBox: [L:1940, T:760, R:1957, B:787]
[INFO]  BBox: [L:1973, T:761, R:1991, B:787]
[INFO]  BBox: [L:1993, T:761, R:2013, B:779]
[INFO]  BBox: [L:2015, T:761, R:2034, B:779]
[INFO]  BBox: [L:2037, T:760, R:2050, B:779]
[INFO]  BBox: [L:2065, T:748, R:2080, B:779]
[INFO]  BBox: [L:2079, T:761, R:2096, B:779]
[INFO]  BBox: [L:2098, T:761, R:2130, B:779]
[INFO]  BBox: [L:2133, T:753, R:2142, B:779]
[INFO]  BBox: [L:2145, T:748, R:2155, B:779]
[INFO]  BBox: [L:2156, T:761, R:2175, B:787]
[INFO]  BBox: [L:2190, T:748, R:2213, B:779]
[INFO]  BBox: [L:2215, T:761, R:2232, B:780]
[INFO]  BBox: [L:2234, T:761, R:2248, B:779]
[INFO]  BBox: [L:2249, T:761, R:2266, B:780]
[INFO]  BBox: [L:1311, T:807, R:1331, B:826]
[INFO]  BBox: [L:1333, T:807, R:1355, B:826]
[INFO]  BBox: [L:1368, T:808, R:1388, B:826]
[INFO]  BBox: [L:1390, T:807, R:1407, B:826]
[INFO]  BBox: [L:1409, T:808, R:1427, B:826]
[INFO]  BBox: [L:1429, T:807, R:1447, B:826]
[INFO]  BBox: [L:1449, T:804, R:1462, B:826]
[INFO]  BBox: [L:1464, T:799, R:1474, B:826]
[INFO]  BBox: [L:1476, T:808, R:1495, B:826]
[INFO]  BBox: [L:1497, T:807, R:1519, B:826]
[INFO]  BBox: [L:1524, T:797, R:1534, B:826]
[INFO]  BBox: [L:1536, T:797, R:1542, B:808]
[INFO]  BBox: [L:1543, T:796, R:1550, B:808]
[INFO]  BBox: [L:1564, T:796, R:1599, B:826]
[INFO]  BBox: [L:1601, T:808, R:1621, B:826]
[INFO]  BBox: [L:1623, T:808, R:1635, B:826]
[INFO]  BBox: [L:1638, T:805, R:1651, B:826]
[INFO]  BBox: [L:1664, T:808, R:1681, B:826]
[INFO]  BBox: [L:1683, T:808, R:1705, B:826]
[INFO]  BBox: [L:1707, T:808, R:1720, B:826]
[INFO]  BBox: [L:1722, T:809, R:1748, B:826]
[INFO]  BBox: [L:1750, T:808, R:1767, B:827]
[INFO]  BBox: [L:1769, T:808, R:1783, B:826]
[INFO]  BBox: [L:1784, T:808, R:1801, B:827]
[INFO]  BBox: [L:1803, T:795, R:1823, B:827]
[INFO]  BBox: [L:1826, T:821, R:1833, B:832]
[INFO]  BBox: [L:1848, T:797, R:1855, B:808]
[INFO]  BBox: [L:1856, T:797, R:1862, B:809]
[INFO]  BBox: [L:1864, T:797, R:1894, B:826]
[INFO]  BBox: [L:1897, T:808, R:1917, B:827]
[INFO]  BBox: [L:1920, T:821, R:1927, B:832]
[INFO]  BBox: [L:1942, T:808, R:1964, B:826]
[INFO]  BBox: [L:1966, T:808, R:1985, B:827]
[INFO]  BBox: [L:1988, T:805, R:2000, B:827]
[INFO]  BBox: [L:2013, T:809, R:2031, B:835]
[INFO]  BBox: [L:2033, T:809, R:2049, B:827]
[INFO]  BBox: [L:2052, T:806, R:2065, B:827]
[INFO]  BBox: [L:2068, T:822, R:2074, B:826]
[INFO]  BBox: [L:2079, T:798, R:2085, B:809]
[INFO]  BBox: [L:2086, T:798, R:2092, B:809]
[INFO]  BBox: [L:2107, T:798, R:2118, B:827]
[INFO]  BBox: [L:2121, T:806, R:2134, B:827]
[INFO]  BBox: [L:2137, T:798, R:2143, B:809]
[INFO]  BBox: [L:2146, T:809, R:2158, B:827]
[INFO]  BBox: [L:2171, T:801, R:2180, B:835]
[INFO]  BBox: [L:2185, T:810, R:2204, B:827]
[INFO]  BBox: [L:2206, T:809, R:2219, B:827]
[INFO]  BBox: [L:2221, T:806, R:2234, B:827]
[INFO]  BBox: [L:2248, T:809, R:2265, B:827]
[INFO]  BBox: [L:1311, T:855, R:1342, B:874]
[INFO]  BBox: [L:1345, T:855, R:1362, B:874]
[INFO]  BBox: [L:1365, T:853, R:1377, B:874]
[INFO]  BBox: [L:1379, T:853, R:1392, B:874]
[INFO]  BBox: [L:1394, T:856, R:1411, B:874]
[INFO]  BBox: [L:1413, T:855, R:1426, B:874]
[INFO]  BBox: [L:1442, T:855, R:1461, B:874]
[INFO]  BBox: [L:1463, T:843, R:1477, B:874]
[INFO]  BBox: [L:1490, T:853, R:1503, B:874]
[INFO]  BBox: [L:1506, T:848, R:1515, B:874]
[INFO]  BBox: [L:1517, T:855, R:1548, B:874]
[INFO]  BBox: [L:1550, T:856, R:1567, B:874]
[INFO]  BBox: [L:1584, T:853, R:1597, B:874]
[INFO]  BBox: [L:1597, T:843, R:1620, B:874]
[INFO]  BBox: [L:1622, T:856, R:1641, B:874]
[INFO]  BBox: [L:1643, T:856, R:1663, B:874]
[INFO]  BBox: [L:1665, T:855, R:1683, B:882]
[INFO]  BBox: [L:1684, T:843, R:1707, B:874]
[INFO]  BBox: [L:1710, T:869, R:1716, B:874]
[INFO]  BBox: [L:1733, T:845, R:1760, B:874]
[INFO]  BBox: [L:1761, T:844, R:1784, B:874]
[INFO]  BBox: [L:1786, T:856, R:1803, B:875]
[INFO]  BBox: [L:1819, T:856, R:1836, B:875]
[INFO]  BBox: [L:1840, T:848, R:1849, B:874]
[INFO]  BBox: [L:1851, T:853, R:1864, B:875]
[INFO]  BBox: [L:1866, T:857, R:1884, B:882]
[INFO]  BBox: [L:1900, T:848, R:1910, B:874]
[INFO]  BBox: [L:1912, T:856, R:1924, B:875]
[INFO]  BBox: [L:1941, T:856, R:1954, B:874]
[INFO]  BBox: [L:1956, T:856, R:1972, B:875]
[INFO]  BBox: [L:1974, T:844, R:1994, B:875]
[INFO]  BBox: [L:1996, T:857, R:2016, B:875]
[INFO]  BBox: [L:2019, T:849, R:2028, B:875]
[INFO]  BBox: [L:2031, T:844, R:2041, B:875]
[INFO]  BBox: [L:2043, T:844, R:2063, B:875]
[INFO]  BBox: [L:2066, T:849, R:2075, B:875]
[INFO]  BBox: [L:2077, T:857, R:2099, B:875]
[INFO]  BBox: [L:2101, T:856, R:2119, B:883]
[INFO]  BBox: [L:2134, T:857, R:2148, B:875]
[INFO]  BBox: [L:2149, T:857, R:2167, B:875]
[INFO]  BBox: [L:2168, T:857, R:2188, B:883]
[INFO]  BBox: [L:2191, T:849, R:2201, B:875]
[INFO]  BBox: [L:2203, T:844, R:2223, B:875]
[INFO]  BBox: [L:2225, T:844, R:2235, B:875]
[INFO]  BBox: [L:2236, T:858, R:2254, B:883]
[INFO]  BBox: [L:2258, T:869, R:2264, B:881]
[INFO]  BBox: [L:1311, T:903, R:1325, B:922]
[INFO]  BBox: [L:1327, T:903, R:1344, B:922]
[INFO]  BBox: [L:1346, T:903, R:1366, B:930]
[INFO]  BBox: [L:1369, T:903, R:1387, B:922]
[INFO]  BBox: [L:1390, T:895, R:1399, B:922]
[INFO]  BBox: [L:1402, T:903, R:1416, B:922]
[INFO]  BBox: [L:1419, T:895, R:1428, B:922]
[INFO]  BBox: [L:1430, T:903, R:1453, B:922]
[INFO]  BBox: [L:1455, T:902, R:1473, B:930]
[INFO]  BBox: [L:1492, T:903, R:1506, B:922]
[INFO]  BBox: [L:1508, T:904, R:1525, B:922]
[INFO]  BBox: [L:1527, T:891, R:1548, B:922]
[INFO]  BBox: [L:1551, T:909, R:1561, B:915]
[INFO]  BBox: [L:1566, T:900, R:1578, B:922]
[INFO]  BBox: [L:1581, T:895, R:1591, B:922]
[INFO]  BBox: [L:1594, T:891, R:1604, B:922]
[INFO]  BBox: [L:1606, T:904, R:1623, B:922]
[INFO]  BBox: [L:1626, T:891, R:1646, B:922]
[INFO]  BBox: [L:1666, T:904, R:1680, B:922]
[INFO]  BBox: [L:1681, T:904, R:1701, B:922]
[INFO]  BBox: [L:1704, T:904, R:1723, B:922]
[INFO]  BBox: [L:1725, T:891, R:1740, B:922]
[INFO]  BBox: [L:1739, T:904, R:1752, B:922]
[INFO]  BBox: [L:1756, T:917, R:1762, B:928]
[INFO]  BBox: [L:1784, T:904, R:1801, B:922]
[INFO]  BBox: [L:1804, T:891, R:1814, B:922]
[INFO]  BBox: [L:1817, T:904, R:1834, B:922]
[INFO]  BBox: [L:1837, T:904, R:1855, B:922]
[INFO]  BBox: [L:1857, T:904, R:1870, B:922]
[INFO]  BBox: [L:1873, T:896, R:1883, B:922]
[INFO]  BBox: [L:1885, T:904, R:1908, B:922]
[INFO]  BBox: [L:1910, T:903, R:1927, B:930]
[INFO]  BBox: [L:1947, T:891, R:1967, B:923]
[INFO]  BBox: [L:1970, T:904, R:1986, B:923]
[INFO]  BBox: [L:1989, T:892, R:2009, B:923]
[INFO]  BBox: [L:2011, T:904, R:2025, B:922]
[INFO]  BBox: [L:2028, T:896, R:2037, B:922]
[INFO]  BBox: [L:2040, T:905, R:2052, B:923]
[INFO]  BBox: [L:2057, T:917, R:2062, B:922]
[INFO]  BBox: [L:2085, T:893, R:2116, B:923]
[INFO]  BBox: [L:2118, T:905, R:2131, B:923]
[INFO]  BBox: [L:2151, T:905, R:2171, B:923]
[INFO]  BBox: [L:2173, T:892, R:2188, B:923]
[INFO]  BBox: [L:2205, T:892, R:2215, B:923]
[INFO]  BBox: [L:2218, T:905, R:2235, B:923]
[INFO]  BBox: [L:2238, T:905, R:2250, B:923]
[INFO]  BBox: [L:2253, T:902, R:2266, B:923]
[INFO]  BBox: [L:1311, T:940, R:1346, B:969]
[INFO]  BBox: [L:1348, T:951, R:1366, B:969]
[INFO]  BBox: [L:1367, T:951, R:1381, B:969]
[INFO]  BBox: [L:1381, T:951, R:1399, B:970]
[INFO]  BBox: [L:1399, T:939, R:1422, B:969]
[INFO]  BBox: [L:1425, T:964, R:1432, B:975]
[INFO]  BBox: [L:1446, T:951, R:1465, B:970]
[INFO]  BBox: [L:1466, T:951, R:1488, B:969]
[INFO]  BBox: [L:1490, T:939, R:1500, B:969]
[INFO]  BBox: [L:1501, T:952, R:1519, B:977]
[INFO]  BBox: [L:1531, T:952, R:1551, B:970]
[INFO]  BBox: [L:1552, T:952, R:1575, B:969]
[INFO]  BBox: [L:1575, T:952, R:1592, B:970]
[INFO]  BBox: [L:1605, T:939, R:1627, B:969]
[INFO]  BBox: [L:1628, T:952, R:1648, B:970]
[INFO]  BBox: [L:1650, T:949, R:1662, B:970]
[INFO]  BBox: [L:1663, T:952, R:1680, B:970]
[INFO]  BBox: [L:1683, T:939, R:1693, B:970]
[INFO]  BBox: [L:1705, T:952, R:1732, B:970]
[INFO]  BBox: [L:1734, T:952, R:1751, B:970]
[INFO]  BBox: [L:1752, T:952, R:1765, B:970]
[INFO]  BBox: [L:1777, T:952, R:1797, B:970]
[INFO]  BBox: [L:1798, T:952, R:1818, B:978]
[INFO]  BBox: [L:1819, T:952, R:1836, B:970]
[INFO]  BBox: [L:1838, T:952, R:1860, B:970]
[INFO]  BBox: [L:1863, T:964, R:1869, B:976]
[INFO]  BBox: [L:1884, T:949, R:1896, B:970]
[INFO]  BBox: [L:1897, T:939, R:1920, B:970]
[INFO]  BBox: [L:1921, T:952, R:1938, B:970]
[INFO]  BBox: [L:1950, T:952, R:1968, B:970]
[INFO]  BBox: [L:1970, T:939, R:1980, B:970]
[INFO]  BBox: [L:1982, T:952, R:1999, B:970]
[INFO]  BBox: [L:2001, T:952, R:2013, B:971]
[INFO]  BBox: [L:2014, T:952, R:2027, B:971]
[INFO]  BBox: [L:2030, T:944, R:2039, B:970]
[INFO]  BBox: [L:2040, T:953, R:2058, B:971]
[INFO]  BBox: [L:2081, T:941, R:2112, B:970]
[INFO]  BBox: [L:2113, T:953, R:2127, B:970]
[INFO]  BBox: [L:2127, T:952, R:2145, B:979]
[INFO]  BBox: [L:2146, T:953, R:2163, B:971]
[INFO]  BBox: [L:2165, T:953, R:2188, B:971]
[INFO]  BBox: [L:2189, T:950, R:2202, B:971]
[INFO]  BBox: [L:2204, T:945, R:2213, B:971]
[INFO]  BBox: [L:2214, T:953, R:2237, B:971]
[INFO]  BBox: [L:2238, T:953, R:2256, B:971]
[INFO]  BBox: [L:2259, T:965, R:2265, B:976]
[INFO]  BBox: [L:1750, T:987, R:1770, B:1018]
[INFO]  BBox: [L:1772, T:1000, R:1792, B:1018]
[INFO]  BBox: [L:1795, T:997, R:1808, B:1018]
[INFO]  BBox: [L:1839, T:1000, R:1852, B:1018]
[INFO]  BBox: [L:1854, T:1000, R:1871, B:1018]
[INFO]  BBox: [L:1874, T:1000, R:1894, B:1018]
[INFO]  BBox: [L:1896, T:1000, R:1913, B:1018]
[INFO]  BBox: [L:1916, T:1000, R:1930, B:1018]
[INFO]  BBox: [L:1932, T:1000, R:1949, B:1018]
[INFO]  BBox: [L:1953, T:987, R:1962, B:1018]
[INFO]  BBox: [L:1994, T:997, R:2007, B:1018]
[INFO]  BBox: [L:2008, T:987, R:2031, B:1018]
[INFO]  BBox: [L:2034, T:1000, R:2053, B:1018]
[INFO]  BBox: [L:2055, T:1001, R:2075, B:1019]
[INFO]  BBox: [L:2078, T:1000, R:2090, B:1019]
[INFO]  BBox: [L:2094, T:1000, R:2111, B:1019]
[INFO]  BBox: [L:2113, T:1000, R:2136, B:1018]
[INFO]  BBox: [L:2137, T:988, R:2157, B:1019]
[INFO]  BBox: [L:2188, T:988, R:2208, B:1019]
[INFO]  BBox: [L:2211, T:1000, R:2228, B:1019]
[INFO]  BBox: [L:2230, T:988, R:2251, B:1019]
[INFO]  BBox: [L:2253, T:1000, R:2265, B:1019]
[INFO]  BBox: [L:1750, T:1035, R:1773, B:1066]
[INFO]  BBox: [L:1775, T:1047, R:1792, B:1066]
[INFO]  BBox: [L:1795, T:1048, R:1815, B:1066]
[INFO]  BBox: [L:1817, T:1047, R:1834, B:1066]
[INFO]  BBox: [L:1867, T:1035, R:1887, B:1066]
[INFO]  BBox: [L:1890, T:1047, R:1907, B:1066]
[INFO]  BBox: [L:1909, T:1047, R:1927, B:1066]
[INFO]  BBox: [L:1929, T:1047, R:1949, B:1066]
[INFO]  BBox: [L:1952, T:1047, R:1983, B:1066]
[INFO]  BBox: [L:1985, T:1047, R:2002, B:1066]
[INFO]  BBox: [L:2036, T:1048, R:2053, B:1066]
[INFO]  BBox: [L:2056, T:1048, R:2076, B:1066]
[INFO]  BBox: [L:2079, T:1048, R:2096, B:1066]
[INFO]  BBox: [L:2100, T:1040, R:2109, B:1066]
[INFO]  BBox: [L:2112, T:1035, R:2122, B:1066]
[INFO]  BBox: [L:2125, T:1048, R:2142, B:1067]
[INFO]  BBox: [L:2145, T:1035, R:2164, B:1067]
[INFO]  BBox: [L:2168, T:1036, R:2178, B:1066]
[INFO]  BBox: [L:2181, T:1048, R:2197, B:1067]
[INFO]  BBox: [L:2232, T:1040, R:2241, B:1066]
[INFO]  BBox: [L:2244, T:1048, R:2266, B:1066]
[INFO]  BBox: [L:1750, T:1095, R:1770, B:1114]
[INFO]  BBox: [L:1773, T:1092, R:1786, B:1114]
[INFO]  BBox: [L:1787, T:1082, R:1810, B:1113]
[INFO]  BBox: [L:1812, T:1095, R:1829, B:1114]
[INFO]  BBox: [L:1832, T:1095, R:1845, B:1113]
[INFO]  BBox: [L:1885, T:1083, R:1908, B:1114]
[INFO]  BBox: [L:1910, T:1095, R:1930, B:1114]
[INFO]  BBox: [L:1933, T:1093, R:1945, B:1114]
[INFO]  BBox: [L:1948, T:1096, R:1965, B:1114]
[INFO]  BBox: [L:1968, T:1083, R:1978, B:1114]
[INFO]  BBox: [L:1981, T:1096, R:1993, B:1114]
[INFO]  BBox: [L:2035, T:1096, R:2052, B:1114]
[INFO]  BBox: [L:2054, T:1096, R:2077, B:1114]
[INFO]  BBox: [L:2079, T:1083, R:2099, B:1114]
[INFO]  BBox: [L:2139, T:1096, R:2159, B:1122]
[INFO]  BBox: [L:2162, T:1096, R:2176, B:1114]
[INFO]  BBox: [L:2179, T:1088, R:2188, B:1114]
[INFO]  BBox: [L:2190, T:1097, R:2210, B:1114]
[INFO]  BBox: [L:2213, T:1096, R:2230, B:1115]
[INFO]  BBox: [L:2233, T:1093, R:2246, B:1115]
[INFO]  BBox: [L:2248, T:1096, R:2265, B:1115]
[INFO]  BBox: [L:1750, T:1131, R:1773, B:1161]
[INFO]  BBox: [L:1774, T:1143, R:1794, B:1162]
[INFO]  BBox: [L:1797, T:1143, R:1828, B:1161]
[INFO]  BBox: [L:1830, T:1143, R:1847, B:1162]
[INFO]  BBox: [L:1849, T:1143, R:1862, B:1162]
[INFO]  BBox: [L:1866, T:1156, R:1872, B:1161]
[INFO]  BBox: [L:1890, T:1132, R:1921, B:1161]
[INFO]  BBox: [L:1937, T:1131, R:1952, B:1161]
[INFO]  BBox: [L:1951, T:1144, R:1968, B:1162]
[INFO]  BBox: [L:1970, T:1144, R:1997, B:1162]
[INFO]  BBox: [L:2013, T:1141, R:2026, B:1162]
[INFO]  BBox: [L:2028, T:1143, R:2041, B:1162]
[INFO]  BBox: [L:2043, T:1144, R:2061, B:1162]
[INFO]  BBox: [L:2063, T:1144, R:2083, B:1162]
[INFO]  BBox: [L:2085, T:1144, R:2102, B:1162]
[INFO]  BBox: [L:2106, T:1131, R:2115, B:1162]
[INFO]  BBox: [L:2132, T:1144, R:2149, B:1162]
[INFO]  BBox: [L:2152, T:1144, R:2172, B:1162]
[INFO]  BBox: [L:2175, T:1144, R:2206, B:1162]
[INFO]  BBox: [L:2208, T:1144, R:2228, B:1170]
[INFO]  BBox: [L:2232, T:1144, R:2250, B:1162]
[INFO]  BBox: [L:2254, T:1150, R:2264, B:1156]
[INFO]  BBox: [L:1750, T:1191, R:1773, B:1210]
[INFO]  BBox: [L:1776, T:1183, R:1786, B:1210]
[INFO]  BBox: [L:1789, T:1191, R:1806, B:1210]
[INFO]  BBox: [L:1810, T:1191, R:1822, B:1210]
[INFO]  BBox: [L:1846, T:1191, R:1864, B:1210]
[INFO]  BBox: [L:1867, T:1191, R:1881, B:1210]
[INFO]  BBox: [L:1883, T:1191, R:1900, B:1210]
[INFO]  BBox: [L:1924, T:1191, R:1937, B:1210]
[INFO]  BBox: [L:1940, T:1191, R:1957, B:1210]
[INFO]  BBox: [L:1961, T:1189, R:1974, B:1210]
[INFO]  BBox: [L:1976, T:1192, R:1996, B:1210]
[INFO]  BBox: [L:1999, T:1192, R:2013, B:1210]
[INFO]  BBox: [L:2015, T:1191, R:2038, B:1210]
[INFO]  BBox: [L:2042, T:1184, R:2051, B:1210]
[INFO]  BBox: [L:2054, T:1192, R:2077, B:1210]
[INFO]  BBox: [L:2080, T:1191, R:2098, B:1218]
[INFO]  BBox: [L:2102, T:1193, R:2108, B:1210]
[INFO]  BBox: [L:2132, T:1181, R:2163, B:1210]
[INFO]  BBox: [L:2166, T:1193, R:2185, B:1211]
[INFO]  BBox: [L:2188, T:1192, R:2200, B:1211]
[INFO]  BBox: [L:2204, T:1189, R:2217, B:1211]
[INFO]  BBox: [L:2220, T:1184, R:2229, B:1210]
[INFO]  BBox: [L:2231, T:1192, R:2254, B:1210]
[INFO]  BBox: [L:2258, T:1205, R:2264, B:1216]
[INFO]  BBox: [L:1749, T:1228, R:1777, B:1258]
[INFO]  BBox: [L:1779, T:1239, R:1795, B:1258]
[INFO]  BBox: [L:1798, T:1240, R:1817, B:1258]
[INFO]  BBox: [L:1820, T:1240, R:1837, B:1258]
[INFO]  BBox: [L:1839, T:1240, R:1852, B:1258]
[INFO]  BBox: [L:1852, T:1246, R:1874, B:1250]
[INFO]  BBox: [L:1875, T:1227, R:1894, B:1259]
[INFO]  BBox: [L:1897, T:1240, R:1915, B:1258]
[INFO]  BBox: [L:1916, T:1240, R:1929, B:1259]
[INFO]  BBox: [L:1931, T:1240, R:1948, B:1259]
[INFO]  BBox: [L:1950, T:1227, R:1970, B:1259]
[INFO]  BBox: [L:1986, T:1228, R:2007, B:1259]
[INFO]  BBox: [L:2010, T:1237, R:2022, B:1259]
[INFO]  BBox: [L:2024, T:1240, R:2041, B:1259]
[INFO]  BBox: [L:2043, T:1240, R:2056, B:1259]
[INFO]  BBox: [L:2058, T:1227, R:2068, B:1259]
[INFO]  BBox: [L:2071, T:1232, R:2081, B:1259]
[INFO]  BBox: [L:2082, T:1240, R:2105, B:1259]
[INFO]  BBox: [L:2106, T:1239, R:2124, B:1267]
[INFO]  BBox: [L:2139, T:1229, R:2168, B:1259]
[INFO]  BBox: [L:2170, T:1240, R:2204, B:1259]
[INFO]  BBox: [L:2207, T:1232, R:2217, B:1259]
[INFO]  BBox: [L:2219, T:1240, R:2231, B:1259]
[INFO]  BBox: [L:2233, T:1240, R:2250, B:1259]
[INFO]  BBox: [L:2253, T:1240, R:2265, B:1259]
[INFO]  BBox: [L:1751, T:1288, R:1768, B:1306]
[INFO]  BBox: [L:1770, T:1288, R:1793, B:1306]
[INFO]  BBox: [L:1795, T:1275, R:1815, B:1306]
[INFO]  BBox: [L:1831, T:1277, R:1858, B:1306]
[INFO]  BBox: [L:1860, T:1288, R:1880, B:1306]
[INFO]  BBox: [L:1882, T:1289, R:1902, B:1306]
[INFO]  BBox: [L:1904, T:1288, R:1918, B:1306]
[INFO]  BBox: [L:1920, T:1288, R:1932, B:1306]
[INFO]  BBox: [L:1950, T:1288, R:1962, B:1306]
[INFO]  BBox: [L:1965, T:1288, R:1982, B:1306]
[INFO]  BBox: [L:1984, T:1275, R:2007, B:1306]
[INFO]  BBox: [L:2009, T:1288, R:2026, B:1306]
[INFO]  BBox: [L:2028, T:1275, R:2049, B:1307]
[INFO]  BBox: [L:2050, T:1289, R:2070, B:1307]
[INFO]  BBox: [L:2073, T:1276, R:2083, B:1306]
[INFO]  BBox: [L:2086, T:1289, R:2103, B:1307]
[INFO]  BBox: [L:2106, T:1276, R:2126, B:1307]
[INFO]  BBox: [L:2142, T:1289, R:2155, B:1307]
[INFO]  BBox: [L:2158, T:1289, R:2175, B:1307]
[INFO]  BBox: [L:2177, T:1289, R:2197, B:1307]
[INFO]  BBox: [L:2200, T:1289, R:2217, B:1307]
[INFO]  BBox: [L:2219, T:1289, R:2233, B:1306]
[INFO]  BBox: [L:2235, T:1289, R:2253, B:1307]
[INFO]  BBox: [L:2256, T:1276, R:2266, B:1307]
[INFO]  BBox: [L:1751, T:1324, R:1779, B:1354]
[INFO]  BBox: [L:1782, T:1335, R:1799, B:1354]
[INFO]  BBox: [L:1802, T:1323, R:1812, B:1354]
[INFO]  BBox: [L:1815, T:1335, R:1846, B:1354]
[INFO]  BBox: [L:1849, T:1335, R:1866, B:1354]
[INFO]  BBox: [L:1869, T:1332, R:1882, B:1354]
[INFO]  BBox: [L:1885, T:1328, R:1894, B:1354]
[INFO]  BBox: [L:1897, T:1335, R:1915, B:1354]
[INFO]  BBox: [L:1917, T:1335, R:1939, B:1354]
[INFO]  BBox: [L:1965, T:1336, R:1983, B:1354]
[INFO]  BBox: [L:1985, T:1336, R:2004, B:1355]
[INFO]  BBox: [L:2008, T:1336, R:2025, B:1354]
[INFO]  BBox: [L:2028, T:1336, R:2040, B:1355]
[INFO]  BBox: [L:2043, T:1333, R:2056, B:1355]
[INFO]  BBox: [L:2082, T:1333, R:2095, B:1355]
[INFO]  BBox: [L:2097, T:1336, R:2110, B:1354]
[INFO]  BBox: [L:2113, T:1328, R:2123, B:1354]
[INFO]  BBox: [L:2125, T:1336, R:2145, B:1363]
[INFO]  BBox: [L:2148, T:1336, R:2160, B:1355]
[INFO]  BBox: [L:2186, T:1337, R:2213, B:1355]
[INFO]  BBox: [L:2216, T:1328, R:2226, B:1354]
[INFO]  BBox: [L:2229, T:1333, R:2241, B:1355]
[INFO]  BBox: [L:2243, T:1324, R:2266, B:1354]
[INFO]  BBox: [L:1750, T:1383, R:1763, B:1402]
[INFO]  BBox: [L:1764, T:1380, R:1777, B:1402]
[INFO]  BBox: [L:1778, T:1384, R:1797, B:1402]
[INFO]  BBox: [L:1798, T:1383, R:1818, B:1410]
[INFO]  BBox: [L:1819, T:1384, R:1831, B:1402]
[INFO]  BBox: [L:1845, T:1375, R:1854, B:1402]
[INFO]  BBox: [L:1855, T:1383, R:1877, B:1402]
[INFO]  BBox: [L:1889, T:1372, R:1938, B:1402]
[INFO]  BBox: [L:1938, T:1371, R:1958, B:1403]
[INFO]  BBox: [L:1959, T:1384, R:1973, B:1402]
[INFO]  BBox: [L:1973, T:1384, R:1993, B:1403]
[INFO]  BBox: [L:1993, T:1384, R:2037, B:1402]
[INFO]  BBox: [L:2038, T:1376, R:2047, B:1402]
[INFO]  BBox: [L:2048, T:1371, R:2069, B:1402]
[INFO]  BBox: [L:2079, T:1372, R:2094, B:1402]
[INFO]  BBox: [L:2091, T:1384, R:2111, B:1403]
[INFO]  BBox: [L:2112, T:1384, R:2125, B:1403]
[INFO]  BBox: [L:2137, T:1381, R:2150, B:1403]
[INFO]  BBox: [L:2150, T:1372, R:2173, B:1403]
[INFO]  BBox: [L:2173, T:1384, R:2190, B:1403]
[INFO]  BBox: [L:2202, T:1372, R:2217, B:1403]
[INFO]  BBox: [L:2214, T:1384, R:2232, B:1403]
[INFO]  BBox: [L:2233, T:1372, R:2244, B:1403]
[INFO]  BBox: [L:2245, T:1372, R:2255, B:1403]
[INFO]  BBox: [L:2257, T:1397, R:2263, B:1402]
[INFO]  BBox: [L:1801, T:1420, R:1829, B:1450]
[INFO]  BBox: [L:1831, T:1432, R:1851, B:1450]
[INFO]  BBox: [L:1852, T:1432, R:1866, B:1450]
[INFO]  BBox: [L:1868, T:1424, R:1877, B:1450]
[INFO]  BBox: [L:1879, T:1432, R:1902, B:1450]
[INFO]  BBox: [L:1903, T:1431, R:1921, B:1458]
[INFO]  BBox: [L:1935, T:1432, R:1952, B:1450]
[INFO]  BBox: [L:1965, T:1433, R:1992, B:1450]
[INFO]  BBox: [L:1995, T:1432, R:2012, B:1450]
[INFO]  BBox: [L:2014, T:1419, R:2025, B:1450]
[INFO]  BBox: [L:2026, T:1419, R:2046, B:1450]
[INFO]  BBox: [L:2060, T:1421, R:2071, B:1450]
[INFO]  BBox: [L:2086, T:1432, R:2099, B:1451]
[INFO]  BBox: [L:2101, T:1432, R:2119, B:1450]
[INFO]  BBox: [L:2120, T:1433, R:2147, B:1451]
[INFO]  BBox: [L:2161, T:1429, R:2174, B:1451]
[INFO]  BBox: [L:2175, T:1432, R:2189, B:1450]
[INFO]  BBox: [L:2190, T:1433, R:2210, B:1451]
[INFO]  BBox: [L:2211, T:1432, R:2229, B:1451]
[INFO]  BBox: [L:2230, T:1420, R:2251, B:1450]
[INFO]  BBox: [L:2252, T:1432, R:2265, B:1451]
[INFO]  BBox: [L:1750, T:1467, R:1770, B:1498]
[INFO]  BBox: [L:1772, T:1479, R:1789, B:1498]
[INFO]  BBox: [L:1792, T:1467, R:1803, B:1498]
[INFO]  BBox: [L:1806, T:1471, R:1816, B:1498]
[INFO]  BBox: [L:1818, T:1480, R:1838, B:1498]
[INFO]  BBox: [L:1840, T:1480, R:1857, B:1498]
[INFO]  BBox: [L:1860, T:1479, R:1873, B:1498]
[INFO]  BBox: [L:1876, T:1471, R:1886, B:1498]
[INFO]  BBox: [L:1888, T:1479, R:1911, B:1498]
[INFO]  BBox: [L:1912, T:1479, R:1930, B:1506]
[INFO]  BBox: [L:1948, T:1469, R:1965, B:1498]
[INFO]  BBox: [L:1969, T:1467, R:1986, B:1498]
[INFO]  BBox: [L:1991, T:1469, R:2010, B:1499]
[INFO]  BBox: [L:2014, T:1492, R:2021, B:1504]
[INFO]  BBox: [L:2025, T:1469, R:2044, B:1499]
[INFO]  BBox: [L:2047, T:1469, R:2066, B:1499]
[INFO]  BBox: [L:2069, T:1469, R:2088, B:1499]
[INFO]  BBox: [L:2105, T:1480, R:2118, B:1498]
[INFO]  BBox: [L:2120, T:1480, R:2140, B:1499]
[INFO]  BBox: [L:2142, T:1480, R:2162, B:1499]
[INFO]  BBox: [L:2164, T:1468, R:2178, B:1498]
[INFO]  BBox: [L:2192, T:1477, R:2205, B:1499]
[INFO]  BBox: [L:2208, T:1472, R:2217, B:1498]
[INFO]  BBox: [L:2221, T:1467, R:2230, B:1498]
[INFO]  BBox: [L:2233, T:1480, R:2250, B:1499]
[INFO]  BBox: [L:2253, T:1480, R:2265, B:1499]
[INFO]  BBox: [L:1750, T:1516, R:1764, B:1546]
[INFO]  BBox: [L:1763, T:1528, R:1777, B:1546]
[INFO]  BBox: [L:1779, T:1528, R:1798, B:1546]
[INFO]  BBox: [L:1801, T:1528, R:1832, B:1546]
[INFO]  BBox: [L:1867, T:1517, R:1887, B:1546]
[INFO]  BBox: [L:1888, T:1528, R:1902, B:1546]
[INFO]  BBox: [L:1905, T:1528, R:1922, B:1546]
[INFO]  BBox: [L:1924, T:1528, R:1947, B:1546]
[INFO]  BBox: [L:1949, T:1528, R:1966, B:1547]
[INFO]  BBox: [L:1969, T:1528, R:1986, B:1547]
[INFO]  BBox: [L:1990, T:1529, R:1996, B:1552]
[INFO]  BBox: [L:2033, T:1517, R:2062, B:1547]
[INFO]  BBox: [L:2065, T:1528, R:2082, B:1547]
[INFO]  BBox: [L:2085, T:1528, R:2098, B:1547]
[INFO]  BBox: [L:2101, T:1520, R:2110, B:1547]
[INFO]  BBox: [L:2113, T:1525, R:2126, B:1547]
[INFO]  BBox: [L:2129, T:1529, R:2146, B:1547]
[INFO]  BBox: [L:2149, T:1529, R:2161, B:1547]
[INFO]  BBox: [L:2166, T:1541, R:2172, B:1552]
[INFO]  BBox: [L:2209, T:1526, R:2222, B:1547]
[INFO]  BBox: [L:2223, T:1516, R:2246, B:1547]
[INFO]  BBox: [L:2248, T:1529, R:2265, B:1547]
[INFO]  BBox: [L:1750, T:1564, R:1779, B:1595]
[INFO]  BBox: [L:1781, T:1576, R:1798, B:1594]
[INFO]  BBox: [L:1800, T:1573, R:1813, B:1594]
[INFO]  BBox: [L:1813, T:1563, R:1836, B:1594]
[INFO]  BBox: [L:1837, T:1576, R:1857, B:1594]
[INFO]  BBox: [L:1859, T:1563, R:1869, B:1594]
[INFO]  BBox: [L:1872, T:1568, R:1881, B:1594]
[INFO]  BBox: [L:1882, T:1576, R:1900, B:1595]
[INFO]  BBox: [L:1912, T:1576, R:1930, B:1595]
[INFO]  BBox: [L:1931, T:1563, R:1953, B:1594]
[INFO]  BBox: [L:1955, T:1576, R:1973, B:1594]
[INFO]  BBox: [L:1974, T:1576, R:1987, B:1594]
[INFO]  BBox: [L:1989, T:1568, R:1999, B:1594]
[INFO]  BBox: [L:2001, T:1573, R:2013, B:1595]
[INFO]  BBox: [L:2014, T:1577, R:2032, B:1603]
[INFO]  BBox: [L:2035, T:1589, R:2041, B:1600]
[INFO]  BBox: [L:2056, T:1574, R:2068, B:1595]
[INFO]  BBox: [L:2070, T:1576, R:2083, B:1595]
[INFO]  BBox: [L:2085, T:1577, R:2102, B:1595]
[INFO]  BBox: [L:2103, T:1576, R:2126, B:1595]
[INFO]  BBox: [L:2127, T:1577, R:2139, B:1595]
[INFO]  BBox: [L:2140, T:1577, R:2160, B:1603]
[INFO]  BBox: [L:2162, T:1577, R:2182, B:1595]
[INFO]  BBox: [L:2183, T:1577, R:2197, B:1595]
[INFO]  BBox: [L:2198, T:1574, R:2211, B:1595]
[INFO]  BBox: [L:2213, T:1569, R:2223, B:1595]
[INFO]  BBox: [L:2224, T:1577, R:2247, B:1595]
[INFO]  BBox: [L:2247, T:1576, R:2265, B:1603]
[INFO]  BBox: [L:1750, T:1624, R:1768, B:1642]
[INFO]  BBox: [L:1769, T:1624, R:1786, B:1642]
[INFO]  BBox: [L:1788, T:1623, R:1819, B:1642]
[INFO]  BBox: [L:1821, T:1624, R:1837, B:1642]
[INFO]  BBox: [L:1839, T:1624, R:1862, B:1642]
[INFO]  BBox: [L:1863, T:1621, R:1876, B:1642]
[INFO]  BBox: [L:1889, T:1621, R:1902, B:1642]
[INFO]  BBox: [L:1903, T:1624, R:1922, B:1642]
[INFO]  BBox: [L:1935, T:1612, R:1949, B:1642]
[INFO]  BBox: [L:1948, T:1616, R:1958, B:1642]
[INFO]  BBox: [L:1959, T:1624, R:1979, B:1642]
[INFO]  BBox: [L:1992, T:1624, R:2010, B:1642]
[INFO]  BBox: [L:2022, T:1624, R:2039, B:1643]
[INFO]  BBox: [L:2040, T:1611, R:2063, B:1642]
[INFO]  BBox: [L:2064, T:1625, R:2084, B:1643]
[INFO]  BBox: [L:2086, T:1624, R:2100, B:1642]
[INFO]  BBox: [L:2100, T:1624, R:2118, B:1643]
[INFO]  BBox: [L:2119, T:1612, R:2142, B:1643]
[INFO]  BBox: [L:2144, T:1626, R:2151, B:1648]
[INFO]  BBox: [L:2165, T:1624, R:2182, B:1643]
[INFO]  BBox: [L:2196, T:1613, R:2219, B:1643]
[INFO]  BBox: [L:2221, T:1624, R:2238, B:1643]
[INFO]  BBox: [L:2241, T:1612, R:2250, B:1643]
[INFO]  BBox: [L:2254, T:1630, R:2264, B:1636]
[INFO]  BBox: [L:1750, T:1671, R:1768, B:1698]
[INFO]  BBox: [L:1771, T:1664, R:1780, B:1690]
[INFO]  BBox: [L:1783, T:1672, R:1801, B:1690]
[INFO]  BBox: [L:1802, T:1672, R:1825, B:1690]
[INFO]  BBox: [L:1841, T:1672, R:1858, B:1690]
[INFO]  BBox: [L:1861, T:1672, R:1880, B:1690]
[INFO]  BBox: [L:1882, T:1672, R:1914, B:1690]
[INFO]  BBox: [L:1915, T:1672, R:1935, B:1699]
[INFO]  BBox: [L:1938, T:1672, R:1956, B:1690]
[INFO]  BBox: [L:1957, T:1672, R:1980, B:1690]
[INFO]  BBox: [L:1981, T:1673, R:2000, B:1699]
[INFO]  BBox: [L:2016, T:1673, R:2035, B:1691]
[INFO]  BBox: [L:2037, T:1672, R:2060, B:1690]
[INFO]  BBox: [L:2062, T:1660, R:2072, B:1690]
[INFO]  BBox: [L:2074, T:1672, R:2094, B:1691]
[INFO]  BBox: [L:2097, T:1672, R:2114, B:1691]
[INFO]  BBox: [L:2116, T:1660, R:2136, B:1691]
[INFO]  BBox: [L:2140, T:1664, R:2149, B:1691]
[INFO]  BBox: [L:2151, T:1672, R:2173, B:1691]
[INFO]  BBox: [L:2175, T:1672, R:2193, B:1699]
[INFO]  BBox: [L:2209, T:1661, R:2230, B:1691]
[INFO]  BBox: [L:2233, T:1673, R:2250, B:1691]
[INFO]  BBox: [L:2254, T:1679, R:2264, B:1684]
[INFO]  BBox: [L:1750, T:1720, R:1768, B:1738]
[INFO]  BBox: [L:1769, T:1720, R:1789, B:1738]
[INFO]  BBox: [L:1791, T:1719, R:1805, B:1738]
[INFO]  BBox: [L:1807, T:1712, R:1817, B:1738]
[INFO]  BBox: [L:1819, T:1717, R:1832, B:1738]
[INFO]  BBox: [L:1848, T:1720, R:1867, B:1738]
[INFO]  BBox: [L:1869, T:1720, R:1892, B:1738]
[INFO]  BBox: [L:1893, T:1707, R:1913, B:1738]
[INFO]  BBox: [L:1915, T:1720, R:1929, B:1738]
[INFO]  BBox: [L:1930, T:1720, R:1947, B:1738]
[INFO]  BBox: [L:1950, T:1720, R:1968, B:1738]
[INFO]  BBox: [L:1969, T:1708, R:1990, B:1738]
[INFO]  BBox: [L:1992, T:1720, R:2009, B:1738]
[INFO]  BBox: [L:2011, T:1708, R:2030, B:1739]
[INFO]  BBox: [L:2033, T:1708, R:2043, B:1738]
[INFO]  BBox: [L:2046, T:1720, R:2062, B:1739]
[INFO]  BBox: [L:2079, T:1719, R:2097, B:1746]
[INFO]  BBox: [L:2099, T:1708, R:2109, B:1738]
[INFO]  BBox: [L:2112, T:1720, R:2129, B:1739]
[INFO]  BBox: [L:2131, T:1720, R:2143, B:1739]
[INFO]  BBox: [L:2146, T:1720, R:2158, B:1739]
[INFO]  BBox: [L:2163, T:1733, R:2168, B:1738]
[INFO]  BBox: [L:2186, T:1709, R:2217, B:1739]
[INFO]  BBox: [L:2220, T:1720, R:2232, B:1739]
[INFO]  BBox: [L:2249, T:1720, R:2266, B:1739]
[INFO]  BBox: [L:1750, T:1768, R:1777, B:1786]
[INFO]  BBox: [L:1779, T:1767, R:1797, B:1786]
[INFO]  BBox: [L:1799, T:1768, R:1817, B:1794]
[INFO]  BBox: [L:1836, T:1768, R:1856, B:1786]
[INFO]  BBox: [L:1858, T:1755, R:1873, B:1786]
[INFO]  BBox: [L:1888, T:1768, R:1901, B:1786]
[INFO]  BBox: [L:1903, T:1755, R:1926, B:1786]
[INFO]  BBox: [L:1929, T:1768, R:1946, B:1786]
[INFO]  BBox: [L:1948, T:1755, R:1969, B:1786]
[INFO]  BBox: [L:1972, T:1759, R:1981, B:1786]
[INFO]  BBox: [L:1983, T:1768, R:2006, B:1786]
[INFO]  BBox: [L:2008, T:1767, R:2026, B:1794]
[INFO]  BBox: [L:2045, T:1768, R:2062, B:1786]
[INFO]  BBox: [L:2082, T:1756, R:2096, B:1786]
[INFO]  BBox: [L:2096, T:1760, R:2106, B:1786]
[INFO]  BBox: [L:2109, T:1768, R:2121, B:1786]
[INFO]  BBox: [L:2124, T:1765, R:2137, B:1787]
[INFO]  BBox: [L:2157, T:1768, R:2174, B:1787]
[INFO]  BBox: [L:2177, T:1765, R:2189, B:1787]
[INFO]  BBox: [L:2209, T:1765, R:2222, B:1787]
[INFO]  BBox: [L:2223, T:1756, R:2246, B:1786]
[INFO]  BBox: [L:2248, T:1768, R:2265, B:1787]
[INFO]  BBox: [L:1750, T:1804, R:1771, B:1834]
[INFO]  BBox: [L:1774, T:1816, R:1791, B:1834]
[INFO]  BBox: [L:1793, T:1815, R:1807, B:1834]
[INFO]  BBox: [L:1807, T:1803, R:1827, B:1834]
[INFO]  BBox: [L:1830, T:1816, R:1842, B:1834]
[INFO]  BBox: [L:1846, T:1828, R:1852, B:1840]
[INFO]  BBox: [L:1870, T:1813, R:1882, B:1834]
[INFO]  BBox: [L:1883, T:1803, R:1906, B:1834]
[INFO]  BBox: [L:1908, T:1816, R:1925, B:1834]
[INFO]  BBox: [L:1941, T:1816, R:1958, B:1834]
[INFO]  BBox: [L:1961, T:1808, R:1971, B:1834]
[INFO]  BBox: [L:1973, T:1813, R:1986, B:1834]
[INFO]  BBox: [L:1987, T:1816, R:2005, B:1842]
[INFO]  BBox: [L:2020, T:1803, R:2043, B:1834]
[INFO]  BBox: [L:2046, T:1808, R:2055, B:1834]
[INFO]  BBox: [L:2057, T:1816, R:2069, B:1835]
[INFO]  BBox: [L:2072, T:1813, R:2085, B:1835]
[INFO]  BBox: [L:2086, T:1816, R:2106, B:1835]
[INFO]  BBox: [L:2108, T:1816, R:2121, B:1834]
[INFO]  BBox: [L:2124, T:1808, R:2133, B:1834]
[INFO]  BBox: [L:2136, T:1816, R:2153, B:1835]
[INFO]  BBox: [L:2154, T:1816, R:2177, B:1834]
[INFO]  BBox: [L:2193, T:1805, R:2214, B:1835]
[INFO]  BBox: [L:2216, T:1816, R:2230, B:1834]
[INFO]  BBox: [L:2231, T:1816, R:2250, B:1835]
[INFO]  BBox: [L:2254, T:1822, R:2264, B:1828]
[INFO]  BBox: [L:1750, T:1852, R:1764, B:1882]
[INFO]  BBox: [L:1762, T:1864, R:1779, B:1882]
[INFO]  BBox: [L:1782, T:1864, R:1794, B:1882]
[INFO]  BBox: [L:1796, T:1864, R:1808, B:1882]
[INFO]  BBox: [L:1810, T:1864, R:1830, B:1882]
[INFO]  BBox: [L:1831, T:1864, R:1845, B:1882]
[INFO]  BBox: [L:1858, T:1853, R:1869, B:1882]
[INFO]  BBox: [L:1871, T:1865, R:1891, B:1882]
[INFO]  BBox: [L:1892, T:1864, R:1912, B:1882]
[INFO]  BBox: [L:1925, T:1853, R:1953, B:1882]
[INFO]  BBox: [L:1955, T:1864, R:1972, B:1882]
[INFO]  BBox: [L:1974, T:1851, R:1993, B:1883]
[INFO]  BBox: [L:1995, T:1864, R:2012, B:1883]
[INFO]  BBox: [L:2015, T:1852, R:2025, B:1882]
[INFO]  BBox: [L:2028, T:1856, R:2037, B:1882]
[INFO]  BBox: [L:2038, T:1853, R:2056, B:1883]
[INFO]  BBox: [L:2068, T:1865, R:2095, B:1883]
[INFO]  BBox: [L:2097, T:1865, R:2114, B:1883]
[INFO]  BBox: [L:2116, T:1865, R:2128, B:1883]
[INFO]  BBox: [L:2140, T:1865, R:2160, B:1891]
[INFO]  BBox: [L:2162, T:1865, R:2182, B:1883]
[INFO]  BBox: [L:2184, T:1862, R:2197, B:1883]
[INFO]  BBox: [L:2198, T:1862, R:2211, B:1883]
[INFO]  BBox: [L:2214, T:1857, R:2223, B:1883]
[INFO]  BBox: [L:2224, T:1865, R:2247, B:1883]
[INFO]  BBox: [L:2248, T:1864, R:2266, B:1891]
[INFO]  BBox: [L:1750, T:1909, R:1764, B:1930]
[INFO]  BBox: [L:1764, T:1899, R:1788, B:1930]
[INFO]  BBox: [L:1789, T:1912, R:1806, B:1930]
[INFO]  BBox: [L:1823, T:1899, R:1833, B:1930]
[INFO]  BBox: [L:1836, T:1912, R:1853, B:1930]
[INFO]  BBox: [L:1855, T:1912, R:1867, B:1930]
[INFO]  BBox: [L:1870, T:1909, R:1883, B:1930]
[INFO]  BBox: [L:1899, T:1909, R:1912, B:1930]
[INFO]  BBox: [L:1914, T:1912, R:1933, B:1930]
[INFO]  BBox: [L:1935, T:1912, R:1955, B:1930]
[INFO]  BBox: [L:1957, T:1912, R:1974, B:1930]
[INFO]  BBox: [L:1975, T:1899, R:1998, B:1930]
[INFO]  BBox: [L:2000, T:1912, R:2017, B:1931]
[INFO]  BBox: [L:2020, T:1912, R:2032, B:1930]
[INFO]  BBox: [L:2048, T:1912, R:2068, B:1931]
[INFO]  BBox: [L:2070, T:1912, R:2092, B:1930]
[INFO]  BBox: [L:2108, T:1912, R:2126, B:1931]
[INFO]  BBox: [L:2142, T:1909, R:2155, B:1931]
[INFO]  BBox: [L:2157, T:1912, R:2173, B:1931]
[INFO]  BBox: [L:2176, T:1912, R:2207, B:1931]
[INFO]  BBox: [L:2208, T:1912, R:2228, B:1939]
[INFO]  BBox: [L:2230, T:1912, R:2250, B:1931]
[INFO]  BBox: [L:2254, T:1918, R:2264, B:1924]
[INFO]  BBox: [L:1750, T:1959, R:1764, B:1978]
[INFO]  BBox: [L:1765, T:1960, R:1782, B:1978]
[INFO]  BBox: [L:1783, T:1959, R:1816, B:1986]
[INFO]  BBox: [L:1828, T:1960, R:1845, B:1978]
[INFO]  BBox: [L:1846, T:1960, R:1866, B:1978]
[INFO]  BBox: [L:1867, T:1947, R:1890, B:1978]
[INFO]  BBox: [L:1892, T:1952, R:1901, B:1978]
[INFO]  BBox: [L:1902, T:1947, R:1922, B:1978]
[INFO]  BBox: [L:1925, T:1952, R:1934, B:1978]
[INFO]  BBox: [L:1936, T:1957, R:1949, B:1979]
[INFO]  BBox: [L:1951, T:1952, R:1960, B:1978]
[INFO]  BBox: [L:1962, T:1960, R:1982, B:1979]
[INFO]  BBox: [L:1983, T:1960, R:2005, B:1978]
[INFO]  BBox: [L:2017, T:1960, R:2037, B:1979]
[INFO]  BBox: [L:2038, T:1948, R:2053, B:1978]
[INFO]  BBox: [L:2062, T:1960, R:2074, B:1979]
[INFO]  BBox: [L:2075, T:1947, R:2098, B:1978]
[INFO]  BBox: [L:2099, T:1960, R:2116, B:1979]
[INFO]  BBox: [L:2118, T:1948, R:2128, B:1979]
[INFO]  BBox: [L:2130, T:1948, R:2140, B:1979]
[INFO]  BBox: [L:2142, T:1960, R:2154, B:1979]
[INFO]  BBox: [L:2158, T:1973, R:2164, B:1984]
[INFO]  BBox: [L:2178, T:1960, R:2191, B:1979]
[INFO]  BBox: [L:2192, T:1960, R:2212, B:1979]
[INFO]  BBox: [L:2213, T:1960, R:2230, B:1979]
[INFO]  BBox: [L:2232, T:1948, R:2252, B:1979]
[INFO]  BBox: [L:2254, T:1966, R:2264, B:1972]
[INFO]  BBox: [L:1750, T:2008, R:1767, B:2026]
[INFO]  BBox: [L:1770, T:2005, R:1783, B:2026]
[INFO]  BBox: [L:1785, T:2008, R:1798, B:2026]
[INFO]  BBox: [L:1802, T:2020, R:1809, B:2032]
[INFO]  BBox: [L:1851, T:2007, R:1869, B:2034]
[INFO]  BBox: [L:1871, T:2008, R:1885, B:2026]
[INFO]  BBox: [L:1887, T:2008, R:1903, B:2026]
[INFO]  BBox: [L:1906, T:2008, R:1929, B:2026]
[INFO]  BBox: [L:1931, T:2008, R:1949, B:2026]
[INFO]  BBox: [L:1951, T:1995, R:1971, B:2027]
[INFO]  BBox: [L:1974, T:2008, R:1990, B:2027]
[INFO]  BBox: [L:1993, T:2008, R:2006, B:2027]
[INFO]  BBox: [L:2048, T:2008, R:2065, B:2027]
[INFO]  BBox: [L:2067, T:2008, R:2090, B:2027]
[INFO]  BBox: [L:2092, T:1996, R:2112, B:2027]
[INFO]  BBox: [L:2153, T:1996, R:2172, B:2027]
[INFO]  BBox: [L:2175, T:2009, R:2194, B:2027]
[INFO]  BBox: [L:2197, T:2009, R:2229, B:2027]
[INFO]  BBox: [L:2230, T:1996, R:2250, B:2027]
[INFO]  BBox: [L:2253, T:2009, R:2265, B:2027]
[INFO]  BBox: [L:1750, T:2043, R:1773, B:2074]
[INFO]  BBox: [L:1774, T:2056, R:1794, B:2074]
[INFO]  BBox: [L:1795, T:2055, R:1810, B:2074]
[INFO]  BBox: [L:1812, T:2043, R:1822, B:2074]
[INFO]  BBox: [L:1824, T:2056, R:1840, B:2074]
[INFO]  BBox: [L:1843, T:2043, R:1863, B:2074]
[INFO]  BBox: [L:1879, T:2056, R:1896, B:2074]
[INFO]  BBox: [L:1899, T:2053, R:1912, B:2074]
[INFO]  BBox: [L:1928, T:2045, R:1956, B:2074]
[INFO]  BBox: [L:1958, T:2057, R:1978, B:2074]
[INFO]  BBox: [L:1980, T:2043, R:1999, B:2074]
[INFO]  BBox: [L:2001, T:2056, R:2015, B:2074]
[INFO]  BBox: [L:2016, T:2056, R:2036, B:2075]
[INFO]  BBox: [L:2038, T:2057, R:2058, B:2075]
[INFO]  BBox: [L:2059, T:2056, R:2082, B:2074]
[INFO]  BBox: [L:2085, T:2048, R:2094, B:2074]
[INFO]  BBox: [L:2096, T:2044, R:2117, B:2074]
[INFO]  BBox: [L:2131, T:2044, R:2151, B:2075]
[INFO]  BBox: [L:2154, T:2057, R:2172, B:2082]
[INFO]  BBox: [L:2187, T:2045, R:2208, B:2075]
[INFO]  BBox: [L:2211, T:2056, R:2228, B:2075]
[INFO]  BBox: [L:2230, T:2056, R:2244, B:2075]
[INFO]  BBox: [L:2245, T:2044, R:2265, B:2075]
[INFO]  BBox: [L:1750, T:2103, R:1834, B:2130]
[INFO]  BBox: [L:1835, T:2103, R:1852, B:2122]
[INFO]  BBox: [L:1853, T:2103, R:1879, B:2122]
[INFO]  BBox: [L:1892, T:2103, R:1909, B:2122]
[INFO]  BBox: [L:1910, T:2103, R:1933, B:2122]
[INFO]  BBox: [L:1933, T:2091, R:1953, B:2122]
[INFO]  BBox: [L:1965, T:2104, R:1992, B:2122]
[INFO]  BBox: [L:1993, T:2104, R:2010, B:2122]
[INFO]  BBox: [L:2011, T:2104, R:2044, B:2130]
[INFO]  BBox: [L:2046, T:2091, R:2056, B:2122]
[INFO]  BBox: [L:2057, T:2104, R:2075, B:2122]
[INFO]  BBox: [L:2075, T:2104, R:2098, B:2122]
[INFO]  BBox: [L:2098, T:2104, R:2115, B:2123]
[INFO]  BBox: [L:2117, T:2104, R:2129, B:2123]
[INFO]  BBox: [L:2132, T:2117, R:2138, B:2122]
[INFO]  BBox: [L:2153, T:2093, R:2164, B:2122]
[INFO]  BBox: [L:2166, T:2101, R:2179, B:2123]
[INFO]  BBox: [L:2191, T:2101, R:2204, B:2123]
[INFO]  BBox: [L:2204, T:2104, R:2224, B:2123]
[INFO]  BBox: [L:2225, T:2104, R:2244, B:2123]
[INFO]  BBox: [L:2245, T:2091, R:2266, B:2122]
[INFO]  BBox: [L:1750, T:2139, R:1773, B:2170]
[INFO]  BBox: [L:1776, T:2144, R:1785, B:2170]
[INFO]  BBox: [L:1788, T:2152, R:1819, B:2170]
[INFO]  BBox: [L:1842, T:2141, R:1854, B:2170]
[INFO]  BBox: [L:1860, T:2141, R:1879, B:2170]
[INFO]  BBox: [L:1899, T:2139, R:1920, B:2170]
[INFO]  BBox: [L:1922, T:2152, R:1939, B:2170]
[INFO]  BBox: [L:1941, T:2153, R:1960, B:2178]
[INFO]  BBox: [L:1962, T:2152, R:1974, B:2170]
[INFO]  BBox: [L:1995, T:2149, R:2007, B:2171]
[INFO]  BBox: [L:2010, T:2152, R:2029, B:2171]
[INFO]  BBox: [L:2049, T:2149, R:2062, B:2171]
[INFO]  BBox: [L:2064, T:2153, R:2084, B:2171]
[INFO]  BBox: [L:2086, T:2152, R:2100, B:2170]
[INFO]  BBox: [L:2101, T:2152, R:2124, B:2171]
[INFO]  BBox: [L:2143, T:2150, R:2156, B:2171]
[INFO]  BBox: [L:2157, T:2140, R:2181, B:2171]
[INFO]  BBox: [L:2183, T:2153, R:2199, B:2171]
[INFO]  BBox: [L:2219, T:2140, R:2233, B:2171]
[INFO]  BBox: [L:2233, T:2153, R:2250, B:2171]
[INFO]  BBox: [L:2254, T:2159, R:2264, B:2164]
[INFO]  BBox: [L:1750, T:2199, R:1782, B:2218]
[INFO]  BBox: [L:1783, T:2199, R:1803, B:2218]
[INFO]  BBox: [L:1804, T:2200, R:1824, B:2218]
[INFO]  BBox: [L:1826, T:2200, R:1839, B:2218]
[INFO]  BBox: [L:1851, T:2189, R:1881, B:2218]
[INFO]  BBox: [L:1885, T:2200, R:1903, B:2218]
[INFO]  BBox: [L:1905, T:2200, R:1924, B:2218]
[INFO]  BBox: [L:1926, T:2197, R:1939, B:2218]
[INFO]  BBox: [L:1942, T:2192, R:1951, B:2218]
[INFO]  BBox: [L:1953, T:2187, R:1974, B:2218]
[INFO]  BBox: [L:1975, T:2200, R:1993, B:2218]
[INFO]  BBox: [L:2006, T:2200, R:2019, B:2218]
[INFO]  BBox: [L:2021, T:2200, R:2037, B:2219]
[INFO]  BBox: [L:2040, T:2200, R:2052, B:2219]
[INFO]  BBox: [L:2055, T:2197, R:2068, B:2219]
[INFO]  BBox: [L:2070, T:2200, R:2087, B:2218]
[INFO]  BBox: [L:2089, T:2201, R:2109, B:2219]
[INFO]  BBox: [L:2110, T:2200, R:2124, B:2218]
[INFO]  BBox: [L:2125, T:2200, R:2143, B:2219]
[INFO]  BBox: [L:2145, T:2200, R:2167, B:2218]
[INFO]  BBox: [L:2169, T:2197, R:2182, B:2219]
[INFO]  BBox: [L:2196, T:2193, R:2205, B:2218]
[INFO]  BBox: [L:2207, T:2200, R:2229, B:2218]
[INFO]  BBox: [L:2232, T:2197, R:2244, B:2219]
[INFO]  BBox: [L:2246, T:2200, R:2265, B:2219]
[INFO]  BBox: [L:1751, T:2248, R:1768, B:2267]
[INFO]  BBox: [L:1780, T:2248, R:1807, B:2267]
[INFO]  BBox: [L:1808, T:2248, R:1825, B:2267]
[INFO]  BBox: [L:1826, T:2248, R:1840, B:2267]
[INFO]  BBox: [L:1851, T:2248, R:1882, B:2267]
[INFO]  BBox: [L:1882, T:2249, R:1902, B:2267]
[INFO]  BBox: [L:1903, T:2248, R:1916, B:2267]
[INFO]  BBox: [L:1917, T:2248, R:1934, B:2267]
[INFO]  BBox: [L:1935, T:2249, R:1955, B:2267]
[INFO]  BBox: [L:1956, T:2248, R:1987, B:2267]
[INFO]  BBox: [L:1990, T:2261, R:1995, B:2266]
[INFO]  BBox: [L:2009, T:2237, R:2063, B:2267]
[INFO]  BBox: [L:2075, T:2245, R:2088, B:2268]
[INFO]  BBox: [L:2088, T:2235, R:2110, B:2267]
[INFO]  BBox: [L:2112, T:2249, R:2128, B:2268]
[INFO]  BBox: [L:2141, T:2246, R:2154, B:2268]
[INFO]  BBox: [L:2155, T:2248, R:2171, B:2268]
[INFO]  BBox: [L:2173, T:2248, R:2200, B:2267]
[INFO]  BBox: [L:2201, T:2249, R:2218, B:2267]
[INFO]  BBox: [L:2219, T:2249, R:2236, B:2268]
[INFO]  BBox: [L:2238, T:2249, R:2254, B:2268]
[INFO]  BBox: [L:2257, T:2262, R:2263, B:2273]
[INFO]  BBox: [L:1750, T:2297, R:1777, B:2315]
[INFO]  BBox: [L:1779, T:2288, R:1788, B:2315]
[INFO]  BBox: [L:1789, T:2284, R:1825, B:2315]
[INFO]  BBox: [L:1838, T:2288, R:1848, B:2315]
[INFO]  BBox: [L:1849, T:2293, R:1862, B:2315]
[INFO]  BBox: [L:1863, T:2296, R:1875, B:2315]
[INFO]  BBox: [L:1887, T:2296, R:1900, B:2315]
[INFO]  BBox: [L:1900, T:2296, R:1920, B:2323]
[INFO]  BBox: [L:1922, T:2284, R:1932, B:2315]
[INFO]  BBox: [L:1933, T:2296, R:1950, B:2315]
[INFO]  BBox: [L:1951, T:2296, R:1974, B:2315]
[INFO]  BBox: [L:1974, T:2284, R:1994, B:2315]
[INFO]  BBox: [L:1996, T:2288, R:2005, B:2315]
[INFO]  BBox: [L:2007, T:2284, R:2026, B:2315]
[INFO]  BBox: [L:2038, T:2297, R:2058, B:2315]
[INFO]  BBox: [L:2060, T:2289, R:2069, B:2315]
[INFO]  BBox: [L:2070, T:2297, R:2087, B:2316]
[INFO]  BBox: [L:2088, T:2297, R:2115, B:2315]
[INFO]  BBox: [L:2127, T:2297, R:2146, B:2316]
[INFO]  BBox: [L:2147, T:2298, R:2167, B:2315]
[INFO]  BBox: [L:2169, T:2297, R:2185, B:2316]
[INFO]  BBox: [L:2187, T:2297, R:2200, B:2315]
[INFO]  BBox: [L:2212, T:2294, R:2224, B:2316]
[INFO]  BBox: [L:2225, T:2284, R:2247, B:2315]
[INFO]  BBox: [L:2248, T:2297, R:2265, B:2316]
[INFO]  BBox: [L:1546, T:2344, R:1564, B:2362]
[INFO]  BBox: [L:1566, T:2336, R:1576, B:2362]
[INFO]  BBox: [L:1578, T:2341, R:1591, B:2362]
[INFO]  BBox: [L:1591, T:2345, R:1609, B:2370]
[INFO]  BBox: [L:1611, T:2333, R:1618, B:2344]
[INFO]  BBox: [L:1620, T:2344, R:1633, B:2362]
[INFO]  BBox: [L:1645, T:2345, R:1672, B:2362]
[INFO]  BBox: [L:1673, T:2344, R:1690, B:2363]
[INFO]  BBox: [L:1692, T:2344, R:1705, B:2362]
[INFO]  BBox: [L:1707, T:2341, R:1720, B:2362]
[INFO]  BBox: [L:1721, T:2344, R:1738, B:2363]
[INFO]  BBox: [L:1740, T:2344, R:1776, B:2362]
[INFO]  BBox: [L:1788, T:2345, R:1815, B:2362]
[INFO]  BBox: [L:1817, T:2344, R:1834, B:2362]
[INFO]  BBox: [L:1836, T:2332, R:1846, B:2362]
[INFO]  BBox: [L:1848, T:2332, R:1858, B:2362]
[INFO]  BBox: [L:1860, T:2344, R:1873, B:2363]
[INFO]  BBox: [L:1886, T:2344, R:1903, B:2363]
[INFO]  BBox: [L:1904, T:2344, R:1927, B:2362]
[INFO]  BBox: [L:1928, T:2332, R:1948, B:2363]
[INFO]  BBox: [L:1961, T:2342, R:1973, B:2363]
[INFO]  BBox: [L:1974, T:2332, R:1997, B:2362]
[INFO]  BBox: [L:1998, T:2345, R:2015, B:2363]
[INFO]  BBox: [L:2027, T:2333, R:2059, B:2363]
[INFO]  BBox: [L:2060, T:2332, R:2080, B:2363]
[INFO]  BBox: [L:2081, T:2345, R:2095, B:2363]
[INFO]  BBox: [L:2097, T:2337, R:2106, B:2363]
[INFO]  BBox: [L:2108, T:2345, R:2125, B:2363]
[INFO]  BBox: [L:2127, T:2342, R:2140, B:2363]
[INFO]  BBox: [L:2142, T:2337, R:2152, B:2363]
[INFO]  BBox: [L:2153, T:2345, R:2170, B:2363]
[INFO]  BBox: [L:2174, T:2357, R:2180, B:2368]
[INFO]  BBox: [L:2194, T:2332, R:2216, B:2363]
[INFO]  BBox: [L:2218, T:2345, R:2234, B:2363]
[INFO]  BBox: [L:2237, T:2334, R:2244, B:2345]
[INFO]  BBox: [L:2246, T:2332, R:2266, B:2363]
[INFO]  BBox: [L:1546, T:2391, R:1566, B:2418]
[INFO]  BBox: [L:1568, T:2379, R:1578, B:2410]
[INFO]  BBox: [L:1581, T:2392, R:1598, B:2410]
[INFO]  BBox: [L:1600, T:2392, R:1617, B:2410]
[INFO]  BBox: [L:1619, T:2392, R:1636, B:2410]
[INFO]  BBox: [L:1638, T:2379, R:1658, B:2410]
[INFO]  BBox: [L:1672, T:2392, R:1690, B:2410]
[INFO]  BBox: [L:1703, T:2392, R:1720, B:2411]
[INFO]  BBox: [L:1722, T:2392, R:1742, B:2411]
[INFO]  BBox: [L:1744, T:2379, R:1755, B:2410]
[INFO]  BBox: [L:1757, T:2379, R:1767, B:2410]
[INFO]  BBox: [L:1769, T:2392, R:1786, B:2411]
[INFO]  BBox: [L:1788, T:2392, R:1805, B:2411]
[INFO]  BBox: [L:1808, T:2389, R:1821, B:2410]
[INFO]  BBox: [L:1823, T:2384, R:1833, B:2410]
[INFO]  BBox: [L:1834, T:2392, R:1854, B:2411]
[INFO]  BBox: [L:1856, T:2392, R:1878, B:2410]
[INFO]  BBox: [L:1891, T:2392, R:1911, B:2411]
[INFO]  BBox: [L:1912, T:2380, R:1927, B:2410]
[INFO]  BBox: [L:1937, T:2392, R:1957, B:2418]
[INFO]  BBox: [L:1958, T:2380, R:1981, B:2410]
[INFO]  BBox: [L:1983, T:2392, R:2002, B:2411]
[INFO]  BBox: [L:2004, T:2392, R:2017, B:2411]
[INFO]  BBox: [L:2018, T:2392, R:2038, B:2419]
[INFO]  BBox: [L:2040, T:2380, R:2062, B:2411]
[INFO]  BBox: [L:2064, T:2392, R:2083, B:2411]
[INFO]  BBox: [L:2086, T:2392, R:2099, B:2411]
[INFO]  BBox: [L:2100, T:2392, R:2120, B:2411]
[INFO]  BBox: [L:2122, T:2393, R:2142, B:2411]
[INFO]  BBox: [L:2143, T:2393, R:2156, B:2411]
[INFO]  BBox: [L:2170, T:2393, R:2182, B:2411]
[INFO]  BBox: [L:2184, T:2380, R:2207, B:2411]
[INFO]  BBox: [L:2208, T:2393, R:2225, B:2411]
[INFO]  BBox: [L:2228, T:2380, R:2238, B:2411]
[INFO]  BBox: [L:2241, T:2380, R:2251, B:2411]
[INFO]  BBox: [L:2253, T:2393, R:2265, B:2411]
[INFO]  BBox: [L:1547, T:2440, R:1564, B:2458]
[INFO]  BBox: [L:1566, T:2440, R:1589, B:2458]
[INFO]  BBox: [L:1591, T:2427, R:1611, B:2458]
[INFO]  BBox: [L:1633, T:2440, R:1650, B:2458]
[INFO]  BBox: [L:1653, T:2427, R:1663, B:2458]
[INFO]  BBox: [L:1666, T:2441, R:1686, B:2458]
[INFO]  BBox: [L:1688, T:2440, R:1701, B:2458]
[INFO]  BBox: [L:1704, T:2437, R:1717, B:2458]
[INFO]  BBox: [L:1719, T:2440, R:1736, B:2458]
[INFO]  BBox: [L:1739, T:2440, R:1752, B:2458]
[INFO]  BBox: [L:1774, T:2427, R:1794, B:2458]
[INFO]  BBox: [L:1796, T:2440, R:1816, B:2458]
[INFO]  BBox: [L:1818, T:2440, R:1849, B:2458]
[INFO]  BBox: [L:1852, T:2427, R:1872, B:2458]
[INFO]  BBox: [L:1874, T:2440, R:1887, B:2459]
[INFO]  BBox: [L:1912, T:2427, R:1922, B:2464]
[INFO]  BBox: [L:1927, T:2429, R:1934, B:2440]
[INFO]  BBox: [L:1935, T:2429, R:1941, B:2440]
[INFO]  BBox: [L:1945, T:2437, R:1958, B:2458]
[INFO]  BBox: [L:1960, T:2441, R:1987, B:2458]
[INFO]  BBox: [L:1989, T:2440, R:2008, B:2459]
[INFO]  BBox: [L:2030, T:2427, R:2053, B:2458]
[INFO]  BBox: [L:2055, T:2441, R:2075, B:2459]
[INFO]  BBox: [L:2077, T:2440, R:2100, B:2458]
[INFO]  BBox: [L:2102, T:2428, R:2122, B:2459]
[INFO]  BBox: [L:2124, T:2441, R:2137, B:2459]
[INFO]  BBox: [L:2139, T:2441, R:2156, B:2459]
[INFO]  BBox: [L:2159, T:2428, R:2179, B:2459]
[INFO]  BBox: [L:2202, T:2441, R:2219, B:2459]
[INFO]  BBox: [L:2221, T:2441, R:2244, B:2459]
[INFO]  BBox: [L:2246, T:2428, R:2266, B:2459]
[INFO]  BBox: [L:1546, T:2475, R:1560, B:2505]
[INFO]  BBox: [L:1559, T:2487, R:1578, B:2506]
[INFO]  BBox: [L:1580, T:2487, R:1594, B:2505]
[INFO]  BBox: [L:1596, T:2485, R:1608, B:2506]
[INFO]  BBox: [L:1609, T:2488, R:1627, B:2514]
[INFO]  BBox: [L:1630, T:2493, R:1640, B:2499]
[INFO]  BBox: [L:1644, T:2488, R:1656, B:2506]
[INFO]  BBox: [L:1659, T:2488, R:1675, B:2506]
[INFO]  BBox: [L:1677, T:2488, R:1697, B:2506]
[INFO]  BBox: [L:1699, T:2488, R:1716, B:2506]
[INFO]  BBox: [L:1718, T:2487, R:1741, B:2506]
[INFO]  BBox: [L:1753, T:2475, R:1772, B:2506]
[INFO]  BBox: [L:1774, T:2488, R:1794, B:2506]
[INFO]  BBox: [L:1796, T:2488, R:1827, B:2506]
[INFO]  BBox: [L:1828, T:2475, R:1848, B:2506]
[INFO]  BBox: [L:1851, T:2475, R:1861, B:2506]
[INFO]  BBox: [L:1863, T:2488, R:1879, B:2506]
[INFO]  BBox: [L:1882, T:2485, R:1895, B:2506]
[INFO]  BBox: [L:1897, T:2488, R:1909, B:2506]
[INFO]  BBox: [L:1923, T:2480, R:1933, B:2506]
[INFO]  BBox: [L:1934, T:2488, R:1957, B:2506]
[INFO]  BBox: [L:1959, T:2488, R:1971, B:2506]
[INFO]  BBox: [L:1974, T:2480, R:1984, B:2506]
[INFO]  BBox: [L:1986, T:2475, R:2006, B:2506]
[INFO]  BBox: [L:2007, T:2488, R:2024, B:2506]
[INFO]  BBox: [L:2027, T:2477, R:2034, B:2488]
[INFO]  BBox: [L:2035, T:2477, R:2041, B:2488]
[INFO]  BBox: [L:2046, T:2475, R:2056, B:2512]
[INFO]  BBox: [L:2062, T:2501, R:2068, B:2506]
[INFO]  BBox: [L:1596, T:2524, R:1627, B:2553]
[INFO]  BBox: [L:1629, T:2535, R:1642, B:2553]
[INFO]  BBox: [L:1644, T:2535, R:1661, B:2554]
[INFO]  BBox: [L:1678, T:2532, R:1690, B:2554]
[INFO]  BBox: [L:1691, T:2522, R:1714, B:2553]
[INFO]  BBox: [L:1716, T:2535, R:1733, B:2554]
[INFO]  BBox: [L:1735, T:2535, R:1749, B:2553]
[INFO]  BBox: [L:1750, T:2535, R:1767, B:2554]
[INFO]  BBox: [L:1783, T:2535, R:1796, B:2554]
[INFO]  BBox: [L:1799, T:2532, R:1811, B:2554]
[INFO]  BBox: [L:1814, T:2527, R:1824, B:2553]
[INFO]  BBox: [L:1826, T:2523, R:1836, B:2553]
[INFO]  BBox: [L:1839, T:2523, R:1849, B:2553]
[INFO]  BBox: [L:1864, T:2535, R:1878, B:2553]
[INFO]  BBox: [L:1881, T:2527, R:1890, B:2553]
[INFO]  BBox: [L:1892, T:2535, R:1905, B:2554]
[INFO]  BBox: [L:1906, T:2523, R:1927, B:2553]
[INFO]  BBox: [L:1929, T:2535, R:1941, B:2554]
[INFO]  BBox: [L:1947, T:2525, R:1957, B:2553]
[INFO]  BBox: [L:1972, T:2524, R:2003, B:2554]
[INFO]  BBox: [L:2004, T:2536, R:2027, B:2554]
[INFO]  BBox: [L:2029, T:2536, R:2045, B:2554]
[INFO]  BBox: [L:2062, T:2536, R:2081, B:2554]
[INFO]  BBox: [L:2083, T:2524, R:2110, B:2554]
[INFO]  BBox: [L:2110, T:2528, R:2119, B:2554]
[INFO]  BBox: [L:2121, T:2536, R:2138, B:2554]
[INFO]  BBox: [L:2142, T:2528, R:2151, B:2554]
[INFO]  BBox: [L:2154, T:2536, R:2171, B:2554]
[INFO]  BBox: [L:2173, T:2524, R:2183, B:2554]
[INFO]  BBox: [L:2200, T:2536, R:2212, B:2554]
[INFO]  BBox: [L:2215, T:2536, R:2232, B:2554]
[INFO]  BBox: [L:2235, T:2528, R:2244, B:2554]
[INFO]  BBox: [L:2247, T:2524, R:2266, B:2554]
[INFO]  BBox: [L:1546, T:2583, R:1559, B:2602]
[INFO]  BBox: [L:1562, T:2583, R:1579, B:2602]
[INFO]  BBox: [L:1581, T:2584, R:1601, B:2602]
[INFO]  BBox: [L:1604, T:2583, R:1621, B:2602]
[INFO]  BBox: [L:1623, T:2583, R:1637, B:2601]
[INFO]  BBox: [L:1639, T:2583, R:1656, B:2602]
[INFO]  BBox: [L:1660, T:2571, R:1670, B:2602]
[INFO]  BBox: [L:1698, T:2583, R:1716, B:2610]
[INFO]  BBox: [L:1718, T:2583, R:1732, B:2602]
[INFO]  BBox: [L:1734, T:2583, R:1751, B:2602]
[INFO]  BBox: [L:1753, T:2583, R:1776, B:2602]
[INFO]  BBox: [L:1779, T:2584, R:1796, B:2602]
[INFO]  BBox: [L:1798, T:2571, R:1818, B:2602]
[INFO]  BBox: [L:1821, T:2584, R:1837, B:2602]
[INFO]  BBox: [L:1840, T:2583, R:1853, B:2602]
[INFO]  BBox: [L:1883, T:2584, R:1900, B:2602]
[INFO]  BBox: [L:1902, T:2583, R:1916, B:2602]
[INFO]  BBox: [L:1918, T:2584, R:1935, B:2602]
[INFO]  BBox: [L:1963, T:2571, R:1986, B:2602]
[INFO]  BBox: [L:1989, T:2584, R:2008, B:2602]
[INFO]  BBox: [L:2010, T:2584, R:2024, B:2602]
[INFO]  BBox: [L:2026, T:2571, R:2037, B:2602]
[INFO]  BBox: [L:2039, T:2584, R:2056, B:2603]
[INFO]  BBox: [L:2059, T:2571, R:2079, B:2603]
[INFO]  BBox: [L:2109, T:2576, R:2118, B:2602]
[INFO]  BBox: [L:2120, T:2584, R:2143, B:2602]
[INFO]  BBox: [L:2145, T:2581, R:2158, B:2603]
[INFO]  BBox: [L:2160, T:2584, R:2180, B:2603]
[INFO]  BBox: [L:2209, T:2581, R:2222, B:2603]
[INFO]  BBox: [L:2223, T:2572, R:2246, B:2602]
[INFO]  BBox: [L:2248, T:2584, R:2265, B:2603]
[INFO]  BBox: [L:1547, T:2620, R:1575, B:2649]
[INFO]  BBox: [L:1577, T:2632, R:1597, B:2650]
[INFO]  BBox: [L:1598, T:2619, R:1618, B:2650]
[INFO]  BBox: [L:1620, T:2631, R:1634, B:2649]
[INFO]  BBox: [L:1635, T:2631, R:1654, B:2650]
[INFO]  BBox: [L:1657, T:2632, R:1676, B:2650]
[INFO]  BBox: [L:1678, T:2631, R:1701, B:2650]
[INFO]  BBox: [L:1704, T:2623, R:1713, B:2650]
[INFO]  BBox: [L:1714, T:2619, R:1735, B:2650]
[INFO]  BBox: [L:1751, T:2631, R:1764, B:2650]
[INFO]  BBox: [L:1766, T:2632, R:1783, B:2650]
[INFO]  BBox: [L:1785, T:2631, R:1803, B:2658]
[INFO]  BBox: [L:1806, T:2624, R:1815, B:2650]
[INFO]  BBox: [L:1817, T:2632, R:1837, B:2650]
[INFO]  BBox: [L:1838, T:2631, R:1861, B:2650]
[INFO]  BBox: [L:1877, T:2632, R:1893, B:2650]
[INFO]  BBox: [L:1896, T:2632, R:1916, B:2650]
[INFO]  BBox: [L:1918, T:2632, R:1935, B:2650]
[INFO]  BBox: [L:1937, T:2632, R:1969, B:2658]
[INFO]  BBox: [L:1985, T:2620, R:1999, B:2650]
[INFO]  BBox: [L:1998, T:2632, R:2015, B:2650]
[INFO]  BBox: [L:2017, T:2632, R:2044, B:2650]
[INFO]  BBox: [L:2059, T:2620, R:2080, B:2650]
[INFO]  BBox: [L:2082, T:2632, R:2100, B:2650]
[INFO]  BBox: [L:2101, T:2633, R:2119, B:2658]
[INFO]  BBox: [L:2121, T:2632, R:2133, B:2651]
[INFO]  BBox: [L:2137, T:2645, R:2143, B:2650]
[INFO]  BBox: [L:2161, T:2621, R:2182, B:2651]
[INFO]  BBox: [L:2185, T:2632, R:2205, B:2651]
[INFO]  BBox: [L:2220, T:2620, R:2235, B:2650]
[INFO]  BBox: [L:2234, T:2632, R:2251, B:2651]
[INFO]  BBox: [L:2253, T:2632, R:2267, B:2650]
[INFO]  BBox: [L:1547, T:2676, R:1560, B:2698]
[INFO]  BBox: [L:1561, T:2666, R:1584, B:2697]
[INFO]  BBox: [L:1585, T:2679, R:1602, B:2698]
[INFO]  BBox: [L:1603, T:2680, R:1621, B:2706]
[INFO]  BBox: [L:1624, T:2668, R:1630, B:2680]
[INFO]  BBox: [L:1633, T:2680, R:1653, B:2698]
[INFO]  BBox: [L:1655, T:2679, R:1671, B:2698]
[INFO]  BBox: [L:1685, T:2679, R:1702, B:2698]
[INFO]  BBox: [L:1704, T:2680, R:1723, B:2698]
[INFO]  BBox: [L:1725, T:2679, R:1745, B:2706]
[INFO]  BBox: [L:1747, T:2667, R:1758, B:2698]
[INFO]  BBox: [L:1759, T:2679, R:1779, B:2698]
[INFO]  BBox: [L:1780, T:2667, R:1801, B:2698]
[INFO]  BBox: [L:1803, T:2679, R:1819, B:2698]
[INFO]  BBox: [L:1821, T:2667, R:1842, B:2698]
[INFO]  BBox: [L:1853, T:2667, R:1876, B:2698]
[INFO]  BBox: [L:1878, T:2680, R:1896, B:2698]
[INFO]  BBox: [L:1897, T:2679, R:1911, B:2698]
[INFO]  BBox: [L:1912, T:2679, R:1943, B:2698]
[INFO]  BBox: [L:1945, T:2667, R:1955, B:2698]
[INFO]  BBox: [L:1957, T:2680, R:1974, B:2698]
[INFO]  BBox: [L:1977, T:2680, R:1989, B:2698]
[INFO]  BBox: [L:1991, T:2680, R:2004, B:2698]
[INFO]  BBox: [L:2007, T:2667, R:2016, B:2698]
[INFO]  BBox: [L:2018, T:2680, R:2036, B:2706]
[INFO]  BBox: [L:2049, T:2672, R:2059, B:2698]
[INFO]  BBox: [L:2061, T:2680, R:2083, B:2698]
[INFO]  BBox: [L:2095, T:2668, R:2110, B:2698]
[INFO]  BBox: [L:2109, T:2672, R:2118, B:2698]
[INFO]  BBox: [L:2121, T:2680, R:2137, B:2699]
[INFO]  BBox: [L:2140, T:2667, R:2150, B:2698]
[INFO]  BBox: [L:2152, T:2667, R:2172, B:2699]
[INFO]  BBox: [L:2173, T:2680, R:2186, B:2699]
[INFO]  BBox: [L:2190, T:2693, R:2196, B:2704]
[INFO]  BBox: [L:2210, T:2667, R:2230, B:2699]
[INFO]  BBox: [L:2232, T:2681, R:2251, B:2699]
[INFO]  BBox: [L:2253, T:2677, R:2266, B:2699]
[INFO]  BBox: [L:1312, T:2725, R:1324, B:2746]
[INFO]  BBox: [L:1325, T:2715, R:1348, B:2746]
[INFO]  BBox: [L:1350, T:2728, R:1369, B:2746]
[INFO]  BBox: [L:1371, T:2728, R:1384, B:2746]
[INFO]  BBox: [L:1386, T:2728, R:1403, B:2746]
[INFO]  BBox: [L:1416, T:2727, R:1430, B:2746]
[INFO]  BBox: [L:1431, T:2727, R:1448, B:2746]
[INFO]  BBox: [L:1450, T:2727, R:1463, B:2746]
[INFO]  BBox: [L:1465, T:2727, R:1484, B:2754]
[INFO]  BBox: [L:1486, T:2727, R:1506, B:2746]
[INFO]  BBox: [L:1507, T:2727, R:1530, B:2746]
[INFO]  BBox: [L:1531, T:2727, R:1544, B:2746]
[INFO]  BBox: [L:1548, T:2719, R:1557, B:2746]
[INFO]  BBox: [L:1558, T:2715, R:1578, B:2746]
[INFO]  BBox: [L:1581, T:2715, R:1591, B:2746]
[INFO]  BBox: [L:1593, T:2728, R:1609, B:2746]
[INFO]  BBox: [L:1623, T:2715, R:1637, B:2746]
[INFO]  BBox: [L:1635, T:2728, R:1655, B:2747]
[INFO]  BBox: [L:1657, T:2728, R:1671, B:2746]
[INFO]  BBox: [L:1683, T:2728, R:1695, B:2747]
[INFO]  BBox: [L:1698, T:2728, R:1714, B:2747]
[INFO]  BBox: [L:1717, T:2728, R:1734, B:2747]
[INFO]  BBox: [L:1736, T:2729, R:1756, B:2747]
[INFO]  BBox: [L:1757, T:2728, R:1771, B:2746]
[INFO]  BBox: [L:1773, T:2720, R:1783, B:2746]
[INFO]  BBox: [L:1785, T:2725, R:1798, B:2747]
[INFO]  BBox: [L:1799, T:2728, R:1817, B:2755]
[INFO]  BBox: [L:1830, T:2725, R:1843, B:2747]
[INFO]  BBox: [L:1845, T:2728, R:1863, B:2747]
[INFO]  BBox: [L:1864, T:2715, R:1885, B:2746]
[INFO]  BBox: [L:1886, T:2728, R:1903, B:2747]
[INFO]  BBox: [L:1916, T:2728, R:1929, B:2747]
[INFO]  BBox: [L:1931, T:2728, R:1948, B:2747]
[INFO]  BBox: [L:1950, T:2728, R:1963, B:2746]
[INFO]  BBox: [L:1966, T:2720, R:1975, B:2746]
[INFO]  BBox: [L:1977, T:2728, R:1997, B:2747]
[INFO]  BBox: [L:1998, T:2729, R:2019, B:2747]
[INFO]  BBox: [L:2020, T:2728, R:2032, B:2747]
[INFO]  BBox: [L:2035, T:2716, R:2046, B:2747]
[INFO]  BBox: [L:2047, T:2729, R:2065, B:2755]
[INFO]  BBox: [L:2078, T:2728, R:2095, B:2747]
[INFO]  BBox: [L:2109, T:2725, R:2122, B:2747]
[INFO]  BBox: [L:2122, T:2716, R:2145, B:2747]
[INFO]  BBox: [L:2147, T:2728, R:2160, B:2747]
[INFO]  BBox: [L:2162, T:2729, R:2178, B:2747]
[INFO]  BBox: [L:2181, T:2729, R:2199, B:2747]
[INFO]  BBox: [L:2201, T:2726, R:2214, B:2747]
[INFO]  BBox: [L:2226, T:2716, R:2245, B:2747]
[INFO]  BBox: [L:2247, T:2729, R:2265, B:2755]
[INFO]  BBox: [L:1311, T:2764, R:1341, B:2794]
[INFO]  BBox: [L:1344, T:2776, R:1361, B:2794]
[INFO]  BBox: [L:1363, T:2776, R:1386, B:2794]
[INFO]  BBox: [L:1388, T:2776, R:1405, B:2794]
[INFO]  BBox: [L:1408, T:2775, R:1421, B:2794]
[INFO]  BBox: [L:1423, T:2776, R:1440, B:2794]
[INFO]  BBox: [L:1443, T:2763, R:1453, B:2794]
[INFO]  BBox: [L:1469, T:2765, R:1496, B:2794]
[INFO]  BBox: [L:1498, T:2776, R:1516, B:2794]
[INFO]  BBox: [L:1518, T:2773, R:1531, B:2794]
[INFO]  BBox: [L:1532, T:2763, R:1553, B:2794]
[INFO]  BBox: [L:1555, T:2776, R:1574, B:2794]
[INFO]  BBox: [L:1590, T:2765, R:1625, B:2794]
[INFO]  BBox: [L:1629, T:2763, R:1638, B:2794]
[INFO]  BBox: [L:1641, T:2776, R:1658, B:2794]
[INFO]  BBox: [L:1660, T:2763, R:1680, B:2795]
[INFO]  BBox: [L:1683, T:2768, R:1693, B:2794]
[INFO]  BBox: [L:1695, T:2765, R:1712, B:2795]
[INFO]  BBox: [L:1716, T:2789, R:1722, B:2800]
[INFO]  BBox: [L:1740, T:2776, R:1758, B:2795]
[INFO]  BBox: [L:1760, T:2776, R:1779, B:2795]
[INFO]  BBox: [L:1782, T:2776, R:1813, B:2794]
[INFO]  BBox: [L:1815, T:2776, R:1846, B:2794]
[INFO]  BBox: [L:1848, T:2776, R:1866, B:2795]
[INFO]  BBox: [L:1867, T:2776, R:1890, B:2794]
[INFO]  BBox: [L:1891, T:2764, R:1912, B:2795]
[INFO]  BBox: [L:1914, T:2776, R:1930, B:2795]
[INFO]  BBox: [L:1933, T:2776, R:1947, B:2794]
[INFO]  BBox: [L:1962, T:2776, R:1981, B:2795]
[INFO]  BBox: [L:1983, T:2764, R:1998, B:2794]
[INFO]  BBox: [L:2011, T:2776, R:2028, B:2795]
[INFO]  BBox: [L:2031, T:2764, R:2041, B:2795]
[INFO]  BBox: [L:2044, T:2764, R:2054, B:2795]
[INFO]  BBox: [L:2070, T:2765, R:2092, B:2795]
[INFO]  BBox: [L:2094, T:2777, R:2111, B:2795]
[INFO]  BBox: [L:2114, T:2776, R:2127, B:2795]
[INFO]  BBox: [L:2128, T:2764, R:2148, B:2795]
[INFO]  BBox: [L:2164, T:2765, R:2179, B:2795]
[INFO]  BBox: [L:2178, T:2777, R:2197, B:2795]
[INFO]  BBox: [L:2199, T:2776, R:2212, B:2795]
[INFO]  BBox: [L:2214, T:2777, R:2232, B:2795]
[INFO]  BBox: [L:2234, T:2777, R:2251, B:2795]
[INFO]  BBox: [L:2253, T:2777, R:2266, B:2795]
[INFO]  BBox: [L:1312, T:2815, R:1322, B:2841]
[INFO]  BBox: [L:1323, T:2823, R:1346, B:2841]
[INFO]  BBox: [L:1362, T:2812, R:1386, B:2842]
[INFO]  BBox: [L:1387, T:2824, R:1407, B:2842]
[INFO]  BBox: [L:1409, T:2824, R:1422, B:2842]
[INFO]  BBox: [L:1423, T:2823, R:1446, B:2841]
[INFO]  BBox: [L:1449, T:2815, R:1458, B:2841]
[INFO]  BBox: [L:1461, T:2823, R:1478, B:2842]
[INFO]  BBox: [L:1482, T:2836, R:1488, B:2847]
[INFO]  BBox: [L:1505, T:2824, R:1532, B:2842]
[INFO]  BBox: [L:1533, T:2811, R:1556, B:2842]
[INFO]  BBox: [L:1557, T:2824, R:1577, B:2842]
[INFO]  BBox: [L:1593, T:2824, R:1606, B:2842]
[INFO]  BBox: [L:1608, T:2824, R:1626, B:2842]
[INFO]  BBox: [L:1629, T:2815, R:1638, B:2842]
[INFO]  BBox: [L:1639, T:2811, R:1660, B:2842]
[INFO]  BBox: [L:1675, T:2811, R:1698, B:2842]
[INFO]  BBox: [L:1699, T:2824, R:1716, B:2842]
[INFO]  BBox: [L:1719, T:2813, R:1726, B:2824]
[INFO]  BBox: [L:1729, T:2811, R:1749, B:2842]
[INFO]  BBox: [L:1765, T:2813, R:1771, B:2824]
[INFO]  BBox: [L:1773, T:2813, R:1779, B:2824]
[INFO]  BBox: [L:1782, T:2824, R:1813, B:2842]
[INFO]  BBox: [L:1815, T:2824, R:1832, B:2842]
[INFO]  BBox: [L:1834, T:2811, R:1854, B:2842]
[INFO]  BBox: [L:1856, T:2824, R:1872, B:2842]
[INFO]  BBox: [L:1889, T:2824, R:1901, B:2842]
[INFO]  BBox: [L:1903, T:2825, R:1923, B:2842]
[INFO]  BBox: [L:1925, T:2824, R:1939, B:2842]
[INFO]  BBox: [L:1940, T:2824, R:1957, B:2842]
[INFO]  BBox: [L:1974, T:2813, R:2002, B:2842]
[INFO]  BBox: [L:2004, T:2825, R:2023, B:2843]
[INFO]  BBox: [L:2025, T:2812, R:2044, B:2843]
[INFO]  BBox: [L:2047, T:2824, R:2060, B:2842]
[INFO]  BBox: [L:2062, T:2824, R:2081, B:2843]
[INFO]  BBox: [L:2083, T:2825, R:2103, B:2843]
[INFO]  BBox: [L:2104, T:2825, R:2127, B:2842]
[INFO]  BBox: [L:2130, T:2816, R:2139, B:2842]
[INFO]  BBox: [L:2140, T:2812, R:2161, B:2842]
[INFO]  BBox: [L:2176, T:2812, R:2199, B:2843]
[INFO]  BBox: [L:2201, T:2825, R:2218, B:2843]
[INFO]  BBox: [L:2220, T:2825, R:2233, B:2843]
[INFO]  BBox: [L:2249, T:2825, R:2266, B:2843]
[INFO]  BBox: [L:1311, T:2871, R:1333, B:2890]
[INFO]  BBox: [L:1336, T:2863, R:1345, B:2890]
[INFO]  BBox: [L:1347, T:2872, R:1365, B:2890]
[INFO]  BBox: [L:1367, T:2872, R:1384, B:2890]
[INFO]  BBox: [L:1401, T:2868, R:1414, B:2890]
[INFO]  BBox: [L:1415, T:2871, R:1435, B:2890]
[INFO]  BBox: [L:1437, T:2872, R:1457, B:2890]
[INFO]  BBox: [L:1458, T:2871, R:1472, B:2890]
[INFO]  BBox: [L:1474, T:2863, R:1484, B:2890]
[INFO]  BBox: [L:1486, T:2871, R:1498, B:2890]
[INFO]  BBox: [L:1501, T:2869, R:1514, B:2890]
[INFO]  BBox: [L:1530, T:2871, R:1542, B:2890]
[INFO]  BBox: [L:1545, T:2871, R:1561, B:2890]
[INFO]  BBox: [L:1564, T:2872, R:1582, B:2890]
[INFO]  BBox: [L:1584, T:2872, R:1596, B:2890]
[INFO]  BBox: [L:1599, T:2872, R:1618, B:2890]
[INFO]  BBox: [L:1620, T:2872, R:1642, B:2890]
[INFO]  BBox: [L:1646, T:2885, R:1651, B:2889]
[INFO]  BBox: [L:1656, T:2861, R:1662, B:2872]
[INFO]  BBox: [L:1663, T:2861, R:1670, B:2872]
[INFO]  BBox: [L:1686, T:2861, R:1717, B:2890]
[INFO]  BBox: [L:1720, T:2864, R:1730, B:2890]
[INFO]  BBox: [L:1732, T:2872, R:1744, B:2890]
[INFO]  BBox: [L:1761, T:2872, R:1783, B:2890]
[INFO]  BBox: [L:1785, T:2872, R:1802, B:2890]
[INFO]  BBox: [L:1804, T:2872, R:1822, B:2890]
[INFO]  BBox: [L:1824, T:2872, R:1837, B:2890]
[INFO]  BBox: [L:1839, T:2872, R:1856, B:2890]
[INFO]  BBox: [L:1858, T:2872, R:1871, B:2890]
[INFO]  BBox: [L:1873, T:2869, R:1886, B:2890]
[INFO]  BBox: [L:1902, T:2872, R:1920, B:2890]
[INFO]  BBox: [L:1921, T:2872, R:1935, B:2890]
[INFO]  BBox: [L:1936, T:2872, R:1968, B:2890]
[INFO]  BBox: [L:1969, T:2873, R:1987, B:2898]
[INFO]  BBox: [L:2002, T:2860, R:2022, B:2891]
[INFO]  BBox: [L:2025, T:2872, R:2042, B:2891]
[INFO]  BBox: [L:2044, T:2872, R:2057, B:2891]
[INFO]  BBox: [L:2059, T:2872, R:2076, B:2891]
[INFO]  BBox: [L:2094, T:2864, R:2103, B:2890]
[INFO]  BBox: [L:2105, T:2873, R:2118, B:2891]
[INFO]  BBox: [L:2134, T:2873, R:2153, B:2891]
[INFO]  BBox: [L:2155, T:2873, R:2178, B:2891]
[INFO]  BBox: [L:2180, T:2860, R:2190, B:2891]
[INFO]  BBox: [L:2191, T:2873, R:2209, B:2899]
[INFO]  BBox: [L:2229, T:2862, R:2241, B:2891]
[INFO]  BBox: [L:2247, T:2860, R:2264, B:2891]
[INFO]  BBox: [L:1312, T:2919, R:1342, B:2938]
[INFO]  BBox: [L:1345, T:2911, R:1354, B:2938]
[INFO]  BBox: [L:1357, T:2907, R:1367, B:2938]
[INFO]  BBox: [L:1369, T:2920, R:1386, B:2938]
[INFO]  BBox: [L:1388, T:2919, R:1401, B:2938]
[INFO]  BBox: [L:1414, T:2919, R:1431, B:2938]
[INFO]  BBox: [L:1433, T:2920, R:1460, B:2938]
[INFO]  BBox: [L:1462, T:2919, R:1479, B:2938]
[INFO]  BBox: [L:1481, T:2920, R:1499, B:2946]
[INFO]  BBox: [L:1512, T:2911, R:1522, B:2938]
[INFO]  BBox: [L:1523, T:2919, R:1546, B:2938]
[INFO]  BBox: [L:1557, T:2908, R:1585, B:2938]
[INFO]  BBox: [L:1586, T:2919, R:1600, B:2938]
[INFO]  BBox: [L:1601, T:2920, R:1618, B:2938]
[INFO]  BBox: [L:1620, T:2907, R:1640, B:2938]
[INFO]  BBox: [L:1643, T:2912, R:1652, B:2938]
[INFO]  BBox: [L:1654, T:2920, R:1677, B:2938]
[INFO]  BBox: [L:1677, T:2912, R:1686, B:2946]
[INFO]  BBox: [L:1690, T:2920, R:1707, B:2938]
[INFO]  BBox: [L:1711, T:2932, R:1717, B:2943]
[INFO]  BBox: [L:1732, T:2920, R:1749, B:2938]
[INFO]  BBox: [L:1752, T:2920, R:1769, B:2938]
[INFO]  BBox: [L:1770, T:2920, R:1790, B:2946]
[INFO]  BBox: [L:1793, T:2912, R:1803, B:2938]
[INFO]  BBox: [L:1805, T:2917, R:1818, B:2938]
[INFO]  BBox: [L:1820, T:2920, R:1837, B:2938]
[INFO]  BBox: [L:1840, T:2908, R:1850, B:2938]
[INFO]  BBox: [L:1863, T:2920, R:1882, B:2938]
[INFO]  BBox: [L:1883, T:2908, R:1898, B:2938]
[INFO]  BBox: [L:1908, T:2917, R:1920, B:2939]
[INFO]  BBox: [L:1921, T:2908, R:1944, B:2938]
[INFO]  BBox: [L:1946, T:2920, R:1962, B:2939]
[INFO]  BBox: [L:1976, T:2920, R:1989, B:2939]
[INFO]  BBox: [L:1990, T:2920, R:2007, B:2939]
[INFO]  BBox: [L:2010, T:2908, R:2020, B:2938]
[INFO]  BBox: [L:2021, T:2908, R:2036, B:2938]
[INFO]  BBox: [L:2035, T:2926, R:2046, B:2932]
[INFO]  BBox: [L:2049, T:2920, R:2062, B:2939]
[INFO]  BBox: [L:2064, T:2917, R:2077, B:2939]
[INFO]  BBox: [L:2078, T:2921, R:2096, B:2946]
[INFO]  BBox: [L:2098, T:2908, R:2108, B:2938]
[INFO]  BBox: [L:2110, T:2920, R:2127, B:2939]
[INFO]  BBox: [L:2129, T:2908, R:2149, B:2939]
[INFO]  BBox: [L:2162, T:2909, R:2183, B:2939]
[INFO]  BBox: [L:2185, T:2921, R:2205, B:2939]
[INFO]  BBox: [L:2207, T:2921, R:2226, B:2939]
[INFO]  BBox: [L:2229, T:2918, R:2241, B:2939]
[INFO]  BBox: [L:2242, T:2908, R:2265, B:2939]
[INFO]  BBox: [L:1311, T:2956, R:1342, B:2985]
[INFO]  BBox: [L:1344, T:2967, R:1361, B:2986]
[INFO]  BBox: [L:1363, T:2967, R:1377, B:2985]
[INFO]  BBox: [L:1378, T:2968, R:1391, B:2985]
[INFO]  BBox: [L:1393, T:2967, R:1410, B:2986]
[INFO]  BBox: [L:1412, T:2966, R:1429, B:2993]
[INFO]  BBox: [L:1431, T:2967, R:1450, B:2986]
[INFO]  BBox: [L:1452, T:2967, R:1472, B:2985]
[INFO]  BBox: [L:1475, T:2959, R:1485, B:2985]
[INFO]  BBox: [L:1486, T:2967, R:1509, B:2985]
[INFO]  BBox: [L:1511, T:2967, R:1528, B:2986]
[INFO]  BBox: [L:1542, T:2956, R:1564, B:2986]
[INFO]  BBox: [L:1566, T:2967, R:1583, B:2986]
[INFO]  BBox: [L:1585, T:2967, R:1599, B:2985]
[INFO]  BBox: [L:1599, T:2954, R:1619, B:2986]
[INFO]  BBox: [L:1633, T:2956, R:1660, B:2986]
[INFO]  BBox: [L:1662, T:2967, R:1679, B:2986]
[INFO]  BBox: [L:1681, T:2967, R:1700, B:2994]
[INFO]  BBox: [L:1702, T:2968, R:1722, B:2986]
[INFO]  BBox: [L:1724, T:2955, R:1744, B:2986]
[INFO]  BBox: [L:1746, T:2955, R:1756, B:2986]
[INFO]  BBox: [L:1759, T:2959, R:1769, B:2986]
[INFO]  BBox: [L:1770, T:2968, R:1788, B:2986]
[INFO]  BBox: [L:1792, T:2980, R:1798, B:2985]
[INFO]  BBox: [L:1814, T:2956, R:1835, B:2986]
[INFO]  BBox: [L:1837, T:2967, R:1854, B:2986]
[INFO]  BBox: [L:1857, T:2967, R:1870, B:2986]
[INFO]  BBox: [L:1871, T:2955, R:1890, B:2986]
[INFO]  BBox: [L:1904, T:2955, R:1919, B:2986]
[INFO]  BBox: [L:1918, T:2959, R:1928, B:2986]
[INFO]  BBox: [L:1930, T:2967, R:1948, B:2994]
[INFO]  BBox: [L:1948, T:2955, R:1971, B:2986]
[INFO]  BBox: [L:1974, T:2965, R:1986, B:2986]
[INFO]  BBox: [L:1988, T:2968, R:2004, B:2986]
[INFO]  BBox: [L:2007, T:2968, R:2020, B:2986]
[INFO]  BBox: [L:2022, T:2968, R:2034, B:2986]
[INFO]  BBox: [L:2049, T:2965, R:2062, B:2986]
[INFO]  BBox: [L:2063, T:2955, R:2085, B:2986]
[INFO]  BBox: [L:2087, T:2968, R:2104, B:2987]
[INFO]  BBox: [L:2106, T:2968, R:2120, B:2986]
[INFO]  BBox: [L:2121, T:2968, R:2138, B:2987]
[INFO]  BBox: [L:2153, T:2968, R:2170, B:2987]
[INFO]  BBox: [L:2172, T:2968, R:2186, B:2986]
[INFO]  BBox: [L:2187, T:2968, R:2204, B:2987]
[INFO]  BBox: [L:2218, T:2968, R:2232, B:2986]
[INFO]  BBox: [L:2233, T:2968, R:2250, B:2987]
[INFO]  BBox: [L:2254, T:2974, R:2265, B:2980]
[INFO]  BBox: [L:1312, T:3007, R:1322, B:3034]
[INFO]  BBox: [L:1324, T:3016, R:1347, B:3034]
[INFO]  BBox: [L:1348, T:3003, R:1363, B:3034]
[INFO]  BBox: [L:1362, T:3016, R:1381, B:3034]
[INFO]  BBox: [L:1383, T:3016, R:1397, B:3034]
[INFO]  BBox: [L:1398, T:3016, R:1416, B:3034]
[INFO]  BBox: [L:1419, T:3016, R:1435, B:3034]
[INFO]  BBox: [L:1438, T:3003, R:1458, B:3034]
[INFO]  BBox: [L:1473, T:3003, R:1494, B:3034]
[INFO]  BBox: [L:1495, T:3016, R:1514, B:3042]
[INFO]  BBox: [L:1530, T:3004, R:1557, B:3034]
[INFO]  BBox: [L:1558, T:3017, R:1578, B:3034]
[INFO]  BBox: [L:1581, T:3016, R:1593, B:3034]
[INFO]  BBox: [L:1596, T:3016, R:1608, B:3034]
[INFO]  BBox: [L:1612, T:3008, R:1621, B:3034]
[INFO]  BBox: [L:1624, T:3016, R:1642, B:3034]
[INFO]  BBox: [L:1644, T:3016, R:1666, B:3034]
[INFO]  BBox: [L:1682, T:3016, R:1713, B:3034]
[INFO]  BBox: [L:1716, T:3016, R:1732, B:3034]
[INFO]  BBox: [L:1735, T:3016, R:1749, B:3034]
[INFO]  BBox: [L:1750, T:3016, R:1768, B:3035]
[INFO]  BBox: [L:1770, T:3016, R:1787, B:3034]
[INFO]  BBox: [L:1790, T:3016, R:1812, B:3034]
[INFO]  BBox: [L:1815, T:3016, R:1832, B:3034]
[INFO]  BBox: [L:1835, T:3016, R:1848, B:3034]
[INFO]  BBox: [L:1851, T:3008, R:1860, B:3034]
[INFO]  BBox: [L:1863, T:3016, R:1880, B:3034]
[INFO]  BBox: [L:1883, T:3016, R:1895, B:3035]
[INFO]  BBox: [L:1899, T:3029, R:1906, B:3040]
[INFO]  BBox: [L:1924, T:3016, R:1941, B:3034]
[INFO]  BBox: [L:1944, T:3017, R:1961, B:3035]
[INFO]  BBox: [L:1963, T:3016, R:1981, B:3035]
[INFO]  BBox: [L:1983, T:3017, R:2003, B:3035]
[INFO]  BBox: [L:2005, T:3017, R:2019, B:3034]
[INFO]  BBox: [L:2020, T:3003, R:2040, B:3035]
[INFO]  BBox: [L:2043, T:3008, R:2053, B:3034]
[INFO]  BBox: [L:2055, T:3017, R:2078, B:3035]
[INFO]  BBox: [L:2079, T:3016, R:2097, B:3043]
[INFO]  BBox: [L:2114, T:3014, R:2127, B:3035]
[INFO]  BBox: [L:2129, T:3017, R:2148, B:3035]
[INFO]  BBox: [L:2164, T:3005, R:2193, B:3035]
[INFO]  BBox: [L:2196, T:3017, R:2209, B:3035]
[INFO]  BBox: [L:2211, T:3017, R:2230, B:3035]
[INFO]  BBox: [L:2233, T:3017, R:2251, B:3035]
[INFO]  BBox: [L:2254, T:3023, R:2265, B:3028]
[INFO]  BBox: [L:1312, T:3061, R:1324, B:3082]
[INFO]  BBox: [L:1328, T:3055, R:1337, B:3082]
[INFO]  BBox: [L:1340, T:3064, R:1357, B:3082]
[INFO]  BBox: [L:1360, T:3064, R:1383, B:3082]
[INFO]  BBox: [L:1400, T:3064, R:1419, B:3082]
[INFO]  BBox: [L:1421, T:3051, R:1436, B:3082]
[INFO]  BBox: [L:1434, T:3051, R:1449, B:3082]
[INFO]  BBox: [L:1449, T:3055, R:1459, B:3082]
[INFO]  BBox: [L:1461, T:3064, R:1479, B:3082]
[INFO]  BBox: [L:1481, T:3064, R:1498, B:3082]
[INFO]  BBox: [L:1501, T:3064, R:1515, B:3082]
[INFO]  BBox: [L:1516, T:3064, R:1529, B:3082]
[INFO]  BBox: [L:1533, T:3076, R:1539, B:3087]
[INFO]  BBox: [L:1559, T:3064, R:1577, B:3082]
[INFO]  BBox: [L:1579, T:3064, R:1592, B:3082]
[INFO]  BBox: [L:1609, T:3064, R:1636, B:3082]
[INFO]  BBox: [L:1639, T:3064, R:1656, B:3082]
[INFO]  BBox: [L:1659, T:3051, R:1669, B:3082]
[INFO]  BBox: [L:1672, T:3051, R:1682, B:3082]
[INFO]  BBox: [L:1701, T:3064, R:1718, B:3082]
[INFO]  BBox: [L:1720, T:3064, R:1733, B:3082]
[INFO]  BBox: [L:1752, T:3061, R:1764, B:3082]
[INFO]  BBox: [L:1766, T:3051, R:1789, B:3082]
[INFO]  BBox: [L:1791, T:3064, R:1808, B:3082]
[INFO]  BBox: [L:1826, T:3064, R:1848, B:3082]
[INFO]  BBox: [L:1851, T:3064, R:1870, B:3082]
[INFO]  BBox: [L:1873, T:3061, R:1886, B:3083]
[INFO]  BBox: [L:1888, T:3064, R:1908, B:3083]
[INFO]  BBox: [L:1910, T:3064, R:1924, B:3082]
[INFO]  BBox: [L:1927, T:3056, R:1936, B:3082]
[INFO]  BBox: [L:1939, T:3064, R:1958, B:3083]
[INFO]  BBox: [L:1960, T:3065, R:1980, B:3083]
[INFO]  BBox: [L:1983, T:3064, R:1995, B:3083]
[INFO]  BBox: [L:2013, T:3053, R:2053, B:3083]
[INFO]  BBox: [L:2055, T:3052, R:2078, B:3082]
[INFO]  BBox: [L:2081, T:3056, R:2091, B:3083]
[INFO]  BBox: [L:2094, T:3062, R:2106, B:3083]
[INFO]  BBox: [L:2109, T:3065, R:2125, B:3083]
[INFO]  BBox: [L:2144, T:3054, R:2166, B:3083]
[INFO]  BBox: [L:2169, T:3065, R:2186, B:3083]
[INFO]  BBox: [L:2188, T:3064, R:2206, B:3091]
[INFO]  BBox: [L:2209, T:3052, R:2219, B:3083]
[INFO]  BBox: [L:2222, T:3065, R:2238, B:3083]
[INFO]  BBox: [L:2241, T:3065, R:2254, B:3083]
[INFO]  BBox: [L:2258, T:3077, R:2265, B:3088]
[INFO]  BBox: [L:1311, T:3099, R:1325, B:3130]
[INFO]  BBox: [L:1324, T:3112, R:1342, B:3130]
[INFO]  BBox: [L:1343, T:3111, R:1366, B:3130]
[INFO]  BBox: [L:1368, T:3112, R:1385, B:3130]
[INFO]  BBox: [L:1388, T:3109, R:1401, B:3130]
[INFO]  BBox: [L:1403, T:3104, R:1413, B:3130]
[INFO]  BBox: [L:1414, T:3112, R:1432, B:3130]
[INFO]  BBox: [L:1448, T:3100, R:1469, B:3130]
[INFO]  BBox: [L:1472, T:3112, R:1489, B:3130]
[INFO]  BBox: [L:1491, T:3111, R:1504, B:3130]
[INFO]  BBox: [L:1506, T:3099, R:1525, B:3130]
[INFO]  BBox: [L:1541, T:3111, R:1559, B:3138]
[INFO]  BBox: [L:1561, T:3112, R:1580, B:3130]
[INFO]  BBox: [L:1582, T:3112, R:1605, B:3130]
[INFO]  BBox: [L:1606, T:3112, R:1637, B:3130]
[INFO]  BBox: [L:1639, T:3112, R:1656, B:3130]
[INFO]  BBox: [L:1658, T:3112, R:1680, B:3130]
[INFO]  BBox: [L:1696, T:3112, R:1714, B:3130]
[INFO]  BBox: [L:1716, T:3112, R:1733, B:3131]
[INFO]  BBox: [L:1735, T:3112, R:1753, B:3131]
[INFO]  BBox: [L:1755, T:3113, R:1774, B:3131]
[INFO]  BBox: [L:1776, T:3112, R:1789, B:3131]
[INFO]  BBox: [L:1791, T:3112, R:1808, B:3131]
[INFO]  BBox: [L:1810, T:3099, R:1830, B:3131]
[INFO]  BBox: [L:1846, T:3112, R:1865, B:3131]
[INFO]  BBox: [L:1867, T:3100, R:1882, B:3130]
[INFO]  BBox: [L:1894, T:3112, R:1908, B:3130]
[INFO]  BBox: [L:1909, T:3112, R:1927, B:3131]
[INFO]  BBox: [L:1928, T:3112, R:1948, B:3139]
[INFO]  BBox: [L:1951, T:3104, R:1960, B:3130]
[INFO]  BBox: [L:1962, T:3112, R:1985, B:3130]
[INFO]  BBox: [L:1987, T:3111, R:2004, B:3139]
[INFO]  BBox: [L:2008, T:3125, R:2014, B:3136]
[INFO]  BBox: [L:2032, T:3109, R:2044, B:3131]
[INFO]  BBox: [L:2046, T:3112, R:2065, B:3131]
[INFO]  BBox: [L:2068, T:3112, R:2081, B:3131]
[INFO]  BBox: [L:2083, T:3110, R:2096, B:3131]
[INFO]  BBox: [L:2097, T:3113, R:2117, B:3131]
[INFO]  BBox: [L:2119, T:3112, R:2132, B:3131]
[INFO]  BBox: [L:2135, T:3105, R:2144, B:3131]
[INFO]  BBox: [L:2146, T:3113, R:2169, B:3131]
[INFO]  BBox: [L:2170, T:3112, R:2188, B:3139]
[INFO]  BBox: [L:2204, T:3113, R:2221, B:3131]
[INFO]  BBox: [L:2223, T:3112, R:2245, B:3131]
[INFO]  BBox: [L:2247, T:3100, R:2267, B:3131]
[INFO]  At level 4: pix diff = 383
[       OK ] ResultIteratorTest.GreyTest (853 ms)
[ RUN      ] ResultIteratorTest.SmallCapDropCapTest
[INFO]  Word   is Normal
[INFO]  Word wandered is Normal
[INFO]  Word around is Normal
[INFO]  Word the is Normal
[INFO]  Word house is Normal
[INFO]  Word with is Normal
[INFO]  Word the is Normal
[INFO]  Word look is Normal
[INFO]  Word of is Normal
[INFO]  Word an is Normal
[INFO]  Word injured is Normal
[INFO]  Word puppy, is Normal
[INFO]  Word sometimes is Normal
[INFO]  Word bursting is Normal
[INFO]  Word into is Normal
[INFO]  Word tears. is Normal
[INFO]  Word When is Normal
[INFO]  Word her is Normal
[INFO]  Word worried is Normal
[INFO]  Word parents is Normal
[INFO]  Word questioned is Normal
[INFO]  Word her, is Normal
[INFO]  Word she is Normal
[INFO]  Word would is Normal
[INFO]  Word answer, is Normal
[INFO]  Word “It’s is Normal
[INFO]  Word nothing.” is Normal
[INFO]  Word How is Normal
[INFO]  Word could is Normal
[INFO]  Word she is Normal
[INFO]  Word ex- is Normal
[INFO]  Word plain is Normal
[INFO]  Word she is Normal
[INFO]  Word was is Normal
[INFO]  Word desperately is Normal
[INFO]  Word in is Normal
[INFO]  Word love is Normal
[INFO]  Word for is Normal
[INFO]  Word the is Normal
[INFO]  Word ﬁrst is Normal
[INFO]  Word time, is Normal
[INFO]  Word and is Normal
[INFO]  Word the is Normal
[INFO]  Word object is Normal
[INFO]  Word of is Normal
[INFO]  Word her is Normal
[INFO]  Word adoration is Normal
[INFO]  Word didn’t is Normal
[INFO]  Word even is Normal
[INFO]  Word know is Normal
[INFO]  Word she is Normal
[INFO]  Word existed? is Normal
[INFO]  Word Finally is Normal
[INFO]  Word her is Normal
[INFO]  Word father is Normal
[INFO]  Word sat is Normal
[INFO]  Word down, is Normal
[INFO]  Word took is Normal
[INFO]  Word her is Normal
[INFO]  Word hand is Normal
[INFO]  Word and is Normal
[INFO]  Word tenderly is Normal
[INFO]  Word questioned is Normal
[INFO]  Word her is Normal
[INFO]  Word until is Normal
[INFO]  Word he is Normal
[INFO]  Word learned is Normal
[INFO]  Word the is Normal
[INFO]  Word SHE is SMALLCAPS
[INFO]  Word MOPED. is SMALLCAPS
[INFO]  Word She is Normal
[INFO]  Word sighed. is Normal
[INFO]  Word She is Normal
[INFO]  Word      is Normal
[INFO]  Word     is Normal
[INFO]  Word   is Normal
[INFO]  Word     is Normal
[INFO]  Word     is Normal
[INFO]  Word     is Normal
[INFO]  Word    is Normal
[INFO]  Word   is Normal
[INFO]  Word   is Normal
[INFO]  Word      is Normal
[INFO]  Word    is Normal
[INFO]  Word     is Normal
[INFO]  Word    is Normal
[INFO]  Word    is Normal
[INFO]  Word   is Normal
[INFO]  Word   is Normal
[INFO]  Word   is Normal
[INFO]  Word   is Normal
[INFO]  Word   is Normal
[INFO]  Word    is Normal
[INFO]  Word    is Normal
[INFO]  Word     is Normal
[INFO]  Word cause is Normal
[INFO]  Word of is Normal
[INFO]  Word her is Normal
[INFO]  Word sadness. is Normal
[INFO]  Word Gently, is Normal
[INFO]  Word sim- is Normal
[INFO]  Word ply, is Normal
[INFO]  Word he is Normal
[INFO]  Word talked is Normal
[INFO]  Word with is Normal
[INFO]  Word her is Normal
[INFO]  Word of is Normal
[INFO]  Word life is Normal
[INFO]  Word and is Normal
[INFO]  Word love. is Normal
[INFO]  Word He is Normal
[INFO]  Word comforted is Normal
[INFO]  Word her. is Normal
[INFO]  Word She is Normal
[INFO]  Word was is Normal
[INFO]  Word six is Normal
[INFO]  Word years is Normal
[INFO]  Word old. is Normal
[INFO]  Word “I’ve is Normal
[INFO]  Word never is Normal
[INFO]  Word forgotten is Normal
[INFO]  Word that is Normal
[INFO]  Word mo- is Normal
[INFO]  Word ment,” is Normal
[INFO]  Word says is Normal
[INFO]  Word Kathleen is Normal
[INFO]  Word Kilpatrick, is Normal
[INFO]  Word a is Normal
[INFO]  Word special is Normal
[INFO]  Word assistant is Normal
[INFO]  Word in is Normal
[INFO]  Word the is Normal
[INFO]  Word ofﬁce is Normal
[INFO]  Word of is Normal
[INFO]  Word the is Normal
[INFO]  Word U.S. is Normal
[INFO]  Word Secretary is Normal
[INFO]  Word of is Normal
[INFO]  Word the is Normal
[INFO]  Word Interior. is Normal
[INFO]  Word “How is Normal
[INFO]  Word often is Normal
[INFO]  Word I’ve is Normal
[INFO]  Word thought is Normal
[INFO]  Word back is Normal
[INFO]  Word and is Normal
[INFO]  Word wondered is Normal
[INFO]  Word that is Normal
[INFO]  Word he is Normal
[INFO]  Word didn’t is Normal
[INFO]  Word just is Normal
[INFO]  Word laugh is Normal
[INFO]  Word at is Normal
[INFO]  Word me. is Normal
[INFO]  Word Instead, is Normal
[INFO]  Word he is Normal
[INFO]  Word treated is Normal
[INFO]  Word me is Normal
[INFO]  Word with is Normal
[INFO]  Word dignity is Normal
[INFO]  Word and is Normal
[INFO]  Word concern is Normal
[INFO]  Word for is Normal
[INFO]  Word how is Normal
[INFO]  Word deeply is Normal
[INFO]  Word I is Normal
[INFO]  Word felt.” is Normal
[INFO]  Word Robert is Normal
[INFO]  Word Kilpatrick, is Normal
[INFO]  Word now is Normal
[INFO]  Word retired is Normal
[INFO]  Word board is Normal
[INFO]  Word chairman is Normal
[INFO]  Word of is Normal
[INFO]  Word CIGNA is Normal
[INFO]  Word Corp., is Normal
[INFO]  Word never is Normal
[INFO]  Word took is Normal
[INFO]  Word a is Normal
[INFO]  Word course is Normal
[INFO]  Word in is Normal
[INFO]  Word parenting. is Normal
[INFO]  Word He is Normal
[INFO]  Word was is Normal
[INFO]  Word simply is Normal
[INFO]  Word showing is Normal
[INFO]  Word love is Normal
[INFO]  Word for is Normal
[INFO]  Word his is Normal
[INFO]  Word daughter, is Normal
[INFO]  Word giving is Normal
[INFO]  Word her is Normal
[INFO]  Word his is Normal
[INFO]  Word time is Normal
[INFO]  Word and is Normal
[INFO]  Word trying is Normal
[INFO]  Word to is Normal
[INFO]  Word see is Normal
[INFO]  Word the is Normal
[INFO]  Word world is Normal
[INFO]  Word through is Normal
[INFO]  Word her is Normal
[INFO]  Word eyes. is Normal
[INFO]  Word It is Normal
[INFO]  Word would is Normal
[INFO]  Word be is Normal
[INFO]  Word hard is Normal
[INFO]  Word to is Normal
[INFO]  Word come is Normal
[INFO]  Word up is Normal
[INFO]  Word with is Normal
[INFO]  Word a is Normal
[INFO]  Word better is Normal
[INFO]  Word formula is Normal
[INFO]  Word for is Normal
[INFO]  Word fatherhood. is Normal
[INFO]  Word “Fathers is Normal
[INFO]  Word bring is Normal
[INFO]  Word a is Normal
[INFO]  Word unique is Normal
[INFO]  Word pres- is Normal
[INFO]  Word ence, is Normal
[INFO]  Word a is Normal
[INFO]  Word special is Normal
[INFO]  Word strength is Normal
[INFO]  Word to is Normal
[INFO]  Word raising is Normal
[INFO]  Word children,” is Normal
[INFO]  Word says is Normal
[INFO]  Word Ray is Normal
[INFO]  Word Guarendi, is Normal
[INFO]  Word a is Normal
[INFO]  Word clinical is Normal
[INFO]  Word psychologist is Normal
[INFO]  Word whose is Normal
[INFO]  Word book is Normal
[INFO]  Word Back is Normal
[INFO]  Word to is Normal
[INFO]  Word the is Normal
[INFO]  Word Family is Normal
[INFO]  Word examines is Normal
[INFO]  Word the is Normal
[INFO]  Word long—term is Normal
[INFO]  Word experience is Normal
[INFO]  Word of is Normal
[INFO]  Word too is Normal
[INFO]  Word ‘, is Normal
[INFO]  Word successful is Normal
[INFO]  Word American is Normal
[INFO]  Word families. is Normal
[INFO]  Word    is Normal
[INFO]  Word   is Normal
[INFO]  Word   is Normal
[INFO]  Word     is Normal
[INFO]  Word Listen is Normal
[INFO]  Word to is Normal
[INFO]  Word the is Normal
[INFO]  Word voices is Normal
[INFO]  Word of is Normal
[INFO]  Word real is Normal
[INFO]  Word experience is Normal
[INFO]  Word BY is SMALLCAPS
[INFO]  Word RALPH is SMALLCAPS
[INFO]  Word KINNEY is SMALLCAPS
[INFO]  Word BENNETT is SMALLCAPS
[INFO]  Word PHOTO: is Normal
[INFO]  Word 0 is Normal
[INFO]  Word PAUL is Normal
[INFO]  Word BARYONITHE is Normal
[INFO]  Word STOCK is Normal
[INFO]  Word MARKET is Normal
[INFO]  Word   is Normal
[INFO]  Word Guarendi’s is Normal
[INFO]  Word book is Normal
[INFO]  Word shows is Normal
[INFO]  Word that is Normal
[INFO]  Word tradi- is Normal
[INFO]  Word tional is Normal
[INFO]  Word values, is Normal
[INFO]  Word rooted is Normal
[INFO]  Word in is Normal
[INFO]  Word the is Normal
[INFO]  Word bedrock is Normal
[INFO]  Word of is Normal
[INFO]  Word mutual is Normal
[INFO]  Word trust, is Normal
[INFO]  Word truth is Normal
[INFO]  Word and is Normal
[INFO]  Word uncondi— is Normal
[INFO]  Word tional is Normal
[INFO]  Word love, is Normal
[INFO]  Word are is Normal
[INFO]  Word still is Normal
[INFO]  Word the is Normal
[INFO]  Word keys is Normal
[INFO]  Word to is Normal
[INFO]  Word successful is Normal
[INFO]  Word child—rearing. is Normal
[INFO]  Word And is Normal
[INFO]  Word in is Normal
[INFO]  Word this is Normal
[INFO]  Word setting, is Normal
[INFO]  Word fathers is Normal
[INFO]  Word bring is Normal
[INFO]  Word special is Normal
[INFO]  Word gifts is Normal
[INFO]  Word to is Normal
[INFO]  Word parenting. is Normal
[INFO]  Word Sometimes is Normal
[INFO]  Word fatherly is Normal
[INFO]  Word instincts is Normal
[INFO]  Word come is Normal
[INFO]  Word easily; is Normal
[INFO]  Word sometimes is Normal
[INFO]  Word they is Normal
[INFO]  Word have is Normal
[INFO]  Word to is Normal
[INFO]  Word be is Normal
[INFO]  Word cultivated. is Normal
[INFO]  Word But is Normal
[INFO]  Word their is Normal
[INFO]  Word payoff is Normal
[INFO]  Word in is Normal
[INFO]  Word lasting, is Normal
[INFO]  Word positive is Normal
[INFO]  Word effects is Normal
[INFO]  Word on is Normal
[INFO]  Word growing is Normal
[INFO]  Word children is Normal
[INFO]  Word is is Normal
[INFO]  Word enormous. is Normal
[INFO]  Word Here, is Normal
[INFO]  Word culled is Normal
[INFO]  Word from is Normal
[INFO]  Word real-life is Normal
[INFO]  Word experience, is Normal
[INFO]  Word is is Normal
[INFO]  Word what is Normal
[INFO]  Word kids is Normal
[INFO]  Word need is Normal
[INFO]  Word most is Normal
[INFO]  Word from is Normal
[INFO]  Word a is Normal
[INFO]  Word dad: is Normal
[INFO]  Word Someone is Normal
[INFO]  Word who is Normal
[INFO]  Word shows is Normal
[INFO]  Word his is Normal
[INFO]  Word love is Normal
[INFO]  Word for is Normal
[INFO]  Word them. is Normal
[INFO]  Word Kenneth is Normal
[INFO]  Word Meade, is Normal
[INFO]  Word pastor is Normal
[INFO]  Word of is Normal
[INFO]  Word the is Normal
[INFO]  Word Church is Normal
[INFO]  Word of is Normal
[INFO]  Word Christ is Normal
[INFO]  Word at is Normal
[INFO]  Word Manor is Normal
[INFO]  Word Woods, is Normal
[INFO]  Word in is Normal
[INFO]  Word Rockville, is Normal
[INFO]  Word Md., is Normal
[INFO]  Word says is Normal
[INFO]  Word one is Normal
[INFO]  Word of is Normal
[INFO]  Word the is Normal
[INFO]  Word most is Normal
[INFO]  Word frequently is Normal
[INFO]  Word expressed is Normal
[INFO]  Word desires is Normal
[INFO]  Word in is Normal
[INFO]  Word his is Normal
[INFO]  Word family is Normal
[INFO]  Word counseling is Normal
[INFO]  Word comes is Normal
[INFO]  Word from is Normal
[INFO]  Word children is Normal
[INFO]  Word saying, is Normal
[INFO]  Word "I is Normal
[INFO]  Word wish is Normal
[INFO]  Word Dad is Normal
[INFO]  Word would is Normal
[INFO]  Word tell is Normal
[INFO]  Word me is Normal
[INFO]  Word or is Normal
[INFO]  Word show is Normal
[INFO]  Word he is Normal
[INFO]  Word really is Normal
[INFO]  Word loves is Normal
[INFO]  Word me.” is Normal
[INFO]  Word Time is Normal
[INFO]  Word after is Normal
[INFO]  Word time, is Normal
[INFO]  Word clergy- is Normal
[INFO]  Word men, is Normal
[INFO]  Word counselors is Normal
[INFO]  Word and is Normal
[INFO]  Word psychologists is Normal
[INFO]  Word encounter is Normal
[INFO]  Word variations is Normal
[INFO]  Word of is Normal
[INFO]  Word this is Normal
[INFO]  Word theme-— is Normal
[INFO]  Word children, is Normal
[INFO]  Word often is Normal
[INFO]  Word grown is Normal
[INFO]  Word men, is Normal
[INFO]  Word longing is Normal
[INFO]  Word for is Normal
[INFO]  Word more is Normal
[INFO]  Word expressed is Normal
[INFO]  Word affection is Normal
[INFO]  Word from is Normal
[INFO]  Word their is Normal
[INFO]  Word fathers. is Normal
[INFO]  Word “I is Normal
[INFO]  Word never is Normal
[INFO]  Word doubted is Normal
[INFO]  Word my is Normal
[INFO]  Word father’s is Normal
[INFO]  Word love,” is Normal
[INFO]  Word writes is Normal
[INFO]  Word author is Normal
[INFO]  Word Walt is Normal
[INFO]  Word Harrington, is Normal
[INFO]  Word “but is Normal
[INFO]  Word even is Normal
[INFO]  Word today is Normal
[INFO]  Word I is Normal
[INFO]  Word can’t is Normal
[INFO]  Word recall is Normal
[INFO]  Word a is Normal
[INFO]  Word time is Normal
[INFO]  Word he is Normal
[INFO]  Word hugged is Normal
[INFO]  Word or is Normal
[INFO]  Word kissed is Normal
[INFO]  Word me is Normal
[INFO]  Word or is Normal
[INFO]  Word said is Normal
[INFO]  Word he is Normal
[INFO]  Word loved is Normal
[INFO]  Word me.” is Normal
[INFO]  Word Such is Normal
[INFO]  Word overt is Normal
[INFO]  Word expressions is Normal
[INFO]  Word give is Normal
[INFO]  Word needed is Normal
[INFO]  Word assurance is Normal
[INFO]  Word and is Normal
[INFO]  Word encourage— is Normal
[INFO]  Word ment. is Normal
[INFO]  Word Motivational is Normal
[INFO]  Word expert is Normal
[INFO]  Word Zig is Normal
[INFO]  Word Zig- is Normal
[INFO]  Word lar is Normal
[INFO]  Word had is Normal
[INFO]  Word this is Normal
[INFO]  Word conﬁrmed is Normal
[INFO]  Word in is Normal
[INFO]  Word reverse is Normal
[INFO]  Word What is Normal
[INFO]  Word Kids is Normal
[INFO]  Word Need is Normal
[INFO]  Word Most is Normal
[INFO]  Word in is Normal
[INFO]  Word a is Normal
[INFO]  Word Dad is Normal
[INFO]  Word one is Normal
[INFO]  Word day is Normal
[INFO]  Word when is Normal
[INFO]  Word he is Normal
[INFO]  Word was is Normal
[INFO]  Word trying is Normal
[INFO]  Word to is Normal
[INFO]  Word assemble is Normal
[INFO]  Word a is Normal
[INFO]  Word tricycle is Normal
[INFO]  Word he is Normal
[INFO]  Word had is Normal
[INFO]  Word just is Normal
[INFO]  Word bought is Normal
[INFO]  Word for is Normal
[INFO]  Word his is Normal
[INFO]  Word then-four—year-old is Normal
[INFO]  Word son, is Normal
[INFO]  Word Tom. is Normal
[INFO]  Word Ziglar is Normal
[INFO]  Word became is Normal
[INFO]  Word more is Normal
[INFO]  Word ex— is Normal
[INFO]  Word asperated is Normal
[INFO]  Word by is Normal
[INFO]  Word the is Normal
[INFO]  Word minute is Normal
[INFO]  Word because is Normal
[INFO]  Word the is Normal
[INFO]  Word proverbial is Normal
[INFO]  Word bolt is Normal
[INFO]  Word A is Normal
[INFO]  Word was is Normal
[INFO]  Word not is Normal
[INFO]  Word ﬁt- is Normal
[INFO]  Word ting is Normal
[INFO]  Word into is Normal
[INFO]  Word nut is Normal
[INFO]  Word B. is Normal
[INFO]  Word He is Normal
[INFO]  Word was is Normal
[INFO]  Word about is Normal
[INFO]  Word to is Normal
[INFO]  Word give is Normal
[INFO]  Word up is Normal
[INFO]  Word when is Normal
[INFO]  Word Tom, is Normal
[INFO]  Word who is Normal
[INFO]  Word was is Normal
[INFO]  Word look- is Normal
[INFO]  Word ing is Normal
[INFO]  Word on, is Normal
[INFO]  Word suddenly is Normal
[INFO]  Word blurted, is Normal
[INFO]  Word “I is Normal
[INFO]  Word sure is Normal
[INFO]  Word do is Normal
[INFO]  Word love is Normal
[INFO]  Word you, is Normal
[INFO]  Word Dad!” is Normal
[INFO]  Word Needless is Normal
[INFO]  Word to is Normal
[INFO]  Word say, is Normal
[INFO]  Word Ziglar is Normal
[INFO]  Word ﬁnished is Normal
[INFO]  Word putting is Normal
[INFO]  Word together is Normal
[INFO]  Word that is Normal
[INFO]  Word tricycle. is Normal
[INFO]  Word Guarendi is Normal
[INFO]  Word found is Normal
[INFO]  Word that is Normal
[INFO]  Word “in is Normal
[INFO]  Word strong is Normal
[INFO]  Word families, is Normal
[INFO]  Word fathers is Normal
[INFO]  Word who is Normal
[INFO]  Word had is Normal
[INFO]  Word problems is Normal
[INFO]  Word expressing is Normal
[INFO]  Word affection is Normal
[INFO]  Word made is Normal
[INFO]  Word special is Normal
[INFO]  Word efforts is Normal
[INFO]  Word to is Normal
[INFO]  Word show is Normal
[INFO]  Word it.” is Normal
[INFO]  Word Some is Normal
[INFO]  Word who is Normal
[INFO]  Word couldn’t is Normal
[INFO]  Word say is Normal
[INFO]  Word it is Normal
[INFO]  Word wrote is Normal
[INFO]  Word it is Normal
[INFO]  Word in is Normal
[INFO]  Word a is Normal
[INFO]  Word letter, is Normal
[INFO]  Word card is Normal
[INFO]  Word or is Normal
[INFO]  Word note is Normal
[INFO]  Word on is Normal
[INFO]  Word the is Normal
[INFO]  Word back is Normal
[INFO]  Word of is Normal
[INFO]  Word one is Normal
[INFO]  Word of is Normal
[INFO]  Word their is Normal
[INFO]  Word children’s is Normal
[INFO]  Word drawings. is Normal
[INFO]  Word One is Normal
[INFO]  Word fa- is Normal
[INFO]  Word ther, is Normal
[INFO]  Word adept is Normal
[INFO]  Word at is Normal
[INFO]  Word composing is Normal
[INFO]  Word music, is Normal
[INFO]  Word writes is Normal
[INFO]  Word songs is Normal
[INFO]  Word to is Normal
[INFO]  Word his is Normal
[INFO]  Word kids is Normal
[INFO]  Word to is Normal
[INFO]  Word tell is Normal
[INFO]  Word them is Normal
[INFO]  Word he is Normal
[INFO]  Word loves is Normal
[INFO]  Word them. is Normal
[INFO]  Word Fathers is Normal
[INFO]  Word might is Normal
[INFO]  Word also is Normal
[INFO]  Word consider is Normal
[INFO]  Word a is Normal
[INFO]  Word technique is Normal
[INFO]  Word used is Normal
[INFO]  Word by is Normal
[INFO]  Word a is Normal
[INFO]  Word mother is Normal
[INFO]  Word in is Normal
[INFO]  Word Utah. is Normal
[INFO]  Word Knowing is Normal
[INFO]  Word her is Normal
[INFO]  Word children is Normal
[INFO]  Word were is Normal
[INFO]  Word uncomfortable is Normal
[INFO]  Word with is Normal
[INFO]  Word public is Normal
[INFO]  Word displays is Normal
[INFO]  Word of is Normal
[INFO]  Word affection, is Normal
[INFO]  Word she is Normal
[INFO]  Word worked is Normal
[INFO]  Word out is Normal
[INFO]  Word a is Normal
[INFO]  Word secret is Normal
[INFO]  Word code, is Normal
[INFO]  Word known is Normal
[INFO]  Word only is Normal
[INFO]  Word to is Normal
[INFO]  Word her is Normal
[INFO]  Word kids. is Normal
[INFO]  Word When is Normal
[INFO]  Word one is Normal
[INFO]  Word of is Normal
[INFO]  Word them is Normal
[INFO]  Word was is Normal
[INFO]  Word about is Normal
[INFO]  Word to is Normal
[INFO]  Word participate is Normal
[INFO]  Word in is Normal
[INFO]  Word a is Normal
[INFO]  Word sport is Normal
[INFO]  Word or is Normal
[INFO]  Word other is Normal
[INFO]  Word school is Normal
[INFO]  Word activity, is Normal
[INFO]  Word she is Normal
[INFO]  Word would is Normal
[INFO]  Word squeeze is Normal
[INFO]  Word the is Normal
[INFO]  Word child’s is Normal
[INFO]  Word shoulder, is Normal
[INFO]  Word meaning is Normal
[INFO]  Word “I is Normal
[INFO]  Word love is Normal
[INFO]  Word you.” is Normal
[INFO]  Word An is Normal
[INFO]  Word important is Normal
[INFO]  Word “surrogate” is Normal
[INFO]  Word way is Normal
[INFO]  Word for is Normal
[INFO]  Word a is Normal
[INFO]  Word father is Normal
[INFO]  Word to is Normal
[INFO]  Word convey is Normal
[INFO]  Word affection is Normal
[INFO]  Word to is Normal
[INFO]  Word a is Normal
[INFO]  Word child is Normal
[INFO]  Word is is Normal
[INFO]  Word through is Normal
[INFO]  Word the is Normal
[INFO]  Word affection is Normal
[INFO]  Word he is Normal
[INFO]  Word    is Normal
[INFO]  Word    is Normal
[INFO]  Word   is Normal
[INFO]  Word   is Normal
[INFO]  Word   is Normal
[       OK ] ResultIteratorTest.SmallCapDropCapTest (3952 ms)
[ RUN      ] ResultIteratorTest.DualStartTextlineOrderTest
[       OK ] ResultIteratorTest.DualStartTextlineOrderTest (0 ms)
[ RUN      ] ResultIteratorTest.LeftwardTextlineOrderTest
[       OK ] ResultIteratorTest.LeftwardTextlineOrderTest (0 ms)
[ RUN      ] ResultIteratorTest.RightwardTextlineOrderTest
[       OK ] ResultIteratorTest.RightwardTextlineOrderTest (0 ms)
[ RUN      ] ResultIteratorTest.TextlineOrderSanityCheck
[       OK ] ResultIteratorTest.TextlineOrderSanityCheck (37 ms)
[ RUN      ] ResultIteratorTest.NonNullConfidencesTest
[INFO]  Char 7 has confidence 82.8028
[INFO]  Char ? has confidence 65.1503
[INFO]  Char ) has confidence 74.2467
[INFO]  Char s has confidence 80.8096
[INFO]  Char i has confidence 90.8543
[INFO]  Char m has confidence 93.0649
[INFO]  Char p has confidence 84.0417
[INFO]  Char l has confidence 96.7387
[INFO]  Char e has confidence 76.8754
[INFO]  Char b has confidence 86.9655
[INFO]  Char u has confidence 85.5818
[INFO]  Char r has confidence 94.3404
[INFO]  Char n has confidence 86.2859
[INFO]  Char r has confidence 91.1934
[INFO]  Char u has confidence 84.3784
[INFO]  Char n has confidence 88.0068
[INFO]  Char n has confidence 87.5914
[INFO]  Char i has confidence 90.8543
[INFO]  Char n has confidence 87.36
[INFO]  Char g has confidence 79.8273
[INFO]  Char o has confidence 79.5589
[INFO]  Char f has confidence 87.2704
[INFO]  Char g has confidence 83.5943
[INFO]  Char o has confidence 84.3258
[INFO]  Char o has confidence 80.9714
[INFO]  Char d has confidence 81.0996
[INFO]  Char s has confidence 79.4515
[INFO]  Char l has confidence 97.2594
[INFO]  Char a has confidence 87.3904
[INFO]  Char t has confidence 74.295
[INFO]  Char e has confidence 78.6978
[INFO]  Char l has confidence 98.187
[INFO]  Char y has confidence 84.2199
[INFO]  Char . has confidence 92.7704
[       OK ] ResultIteratorTest.NonNullConfidencesTest (373 ms)
[----------] 9 tests from ResultIteratorTest (6487 ms total)

[----------] Global test environment tear-down
[==========] 9 tests from 1 test suite ran. (6487 ms total)
[  PASSED  ] 9 tests.

  YOU HAVE 1 DISABLED TEST

</system-out>
			<system-err></system-err>
		</testcase>
		<testcase name="test: [google.tesseract.libtesseract-master]/[130297]/[capiexample]">
			<system-out>Running main() from gmock_main.cc
[==========] Running 1 test from 1 test suite.
[----------] Global test environment set-up.
[----------] 1 test from C
[ RUN      ] C.VersionTest
[       OK ] C.VersionTest (0 ms)
[----------] 1 test from C (0 ms total)

[----------] Global test environment tear-down
[==========] 1 test from 1 test suite ran. (0 ms total)
[  PASSED  ] 1 test.
</system-out>
			<system-err></system-err>
		</testcase>
		<testcase name="test: [google.tesseract.libtesseract-master]/[130297]/[dawg]">
			<system-out>Running main() from gmock_main.cc
[==========] Running 2 tests from 1 test suite.
[----------] Global test environment set-up.
[----------] 2 tests from DawgTest
[ RUN      ] DawgTest.TestDawgConversion
[       OK ] DawgTest.TestDawgConversion (159 ms)
[ RUN      ] DawgTest.TestMatching
[       OK ] DawgTest.TestMatching (2 ms)
[----------] 2 tests from DawgTest (161 ms total)

[----------] Global test environment tear-down
[==========] 2 tests from 1 test suite ran. (161 ms total)
[  PASSED  ] 2 tests.
</system-out>
			<system-err>Loading unicharset from 'D:/dev/tesseract/test/testing/eng.unicharset'
Reading word list from 'D:/dev/tesseract/test/testing/eng.wordlist.clean.freq'
Reducing Trie to SquishedDawg
Writing squished DAWG to './tmp/eng.wordlist.clean.freq.dawg'
Loading word list from ./tmp/eng.wordlist.clean.freq.dawg
Reading squished dawg
Word list loaded.
</system-err>
		</testcase>
		<testcase name="test: [google.tesseract.libtesseract-master]/[130297]/[mastertrainer]">
			<system-out>Running main() from gmock_main.cc
[==========] Running 2 tests from 1 test suite.
[----------] Global test environment set-up.
[----------] 2 tests from MasterTrainerTest
[ RUN      ] MasterTrainerTest.Il1Test
[       OK ] MasterTrainerTest.Il1Test (4�226 ms)
[ RUN      ] MasterTrainerTest.ErrorCounterTest
[INFO]  NoSamplesFound: Unichar=0%[1], 0%[2], 0%[n], 0%[T] Mult=0%, Jn=0%, Brk=0%, Rej=0%, FontAttr=0%, Multi=0%, Answers=0, Rank=0, OKjunk=0%, Badjunk=0%	0	0	0	0	0	0	0	0	0	0	0	0	0	0	0
D:/dev/tesseract/unittest/mastertrainer_test.cc(292): error: Expected equality of these values:
  kNumCorrect
    Which is: 940
  result_values[tesseract::CT_UNICHAR_TOP_OK]
    Which is: 0
D:/dev/tesseract/unittest/mastertrainer_test.cc(293): error: Expected equality of these values:
  1
  result_values[tesseract::CT_FONT_ATTR_ERR]
    Which is: 0
D:/dev/tesseract/unittest/mastertrainer_test.cc(294): error: Expected equality of these values:
  kNumTopTopErrs
    Which is: 85
  result_values[tesseract::CT_UNICHAR_TOPTOP_ERR]
    Which is: 0
D:/dev/tesseract/unittest/mastertrainer_test.cc(295): error: Expected equality of these values:
  kNumTop1Errs
    Which is: 60
  result_values[tesseract::CT_UNICHAR_TOP1_ERR]
    Which is: 0
D:/dev/tesseract/unittest/mastertrainer_test.cc(296): error: Expected equality of these values:
  kNumTop2Errs
    Which is: 30
  result_values[tesseract::CT_UNICHAR_TOP2_ERR]
    Which is: 0
D:/dev/tesseract/unittest/mastertrainer_test.cc(297): error: Expected equality of these values:
  kNumTopNErrs
    Which is: 10
  result_values[tesseract::CT_UNICHAR_TOPN_ERR]
    Which is: 0
D:/dev/tesseract/unittest/mastertrainer_test.cc(300): error: Expected equality of these values:
  kNumTopTopErrs - kNumTop1Errs
    Which is: 25
  result_values[tesseract::CT_OK_MULTI_UNICHAR]
    Which is: 0
D:/dev/tesseract/unittest/mastertrainer_test.cc(301): error: Expected equality of these values:
  num_samples - kNumNonReject
    Which is: -1�000
  result_values[tesseract::CT_REJECT]
    Which is: 0
D:/dev/tesseract/unittest/mastertrainer_test.cc(302): error: Expected equality of these values:
  kNumAnswers
    Which is: 1�095
  result_values[tesseract::CT_NUM_RESULTS]
    Which is: 0
[  FAILED  ] MasterTrainerTest.ErrorCounterTest (88 ms)
[----------] 2 tests from MasterTrainerTest (4�314 ms total)

[----------] Global test environment tear-down
[==========] 2 tests from 1 test suite ran. (4�314 ms total)
[  PASSED  ] 1 test.
[  FAILED  ] 1 test, listed below:
[  FAILED  ] MasterTrainerTest.ErrorCounterTest

 1 FAILED TEST
</system-out>
			<system-err>Warning: No shape table file present: shapetable
fontinfo table is of size 6164
Reading x-heights from D:/dev/tesseract/test/testing/eng.xheights ...
Reading D:/dev/tesseract/test/testing/eng.Arial.exp0.tr ...
Flat shape table summary: Number of shapes = 108 max unichars = 1 number with multiple unichars = 0
Warning: No shape table file present: shapetable
fontinfo table is of size 6164
Reading x-heights from D:/dev/tesseract/test/testing/eng.xheights ...
Flat shape table summary: Number of shapes = 0 max unichars = 0 number with multiple unichars = 0
</system-err>
			<error message="1" />
		</testcase>
		<testcase name="test: [google.tesseract.libtesseract-master]/[130297]/[heap]">
			<system-out>Running main() from gmock_main.cc
[==========] Running 5 tests from 1 test suite.
[----------] Global test environment set-up.
[----------] 5 tests from HeapTest
[ RUN      ] HeapTest.SortTest
[       OK ] HeapTest.SortTest (1 ms)
[ RUN      ] HeapTest.MixedTest
[       OK ] HeapTest.MixedTest (0 ms)
[ RUN      ] HeapTest.PopWorstTest
[       OK ] HeapTest.PopWorstTest (0 ms)
[ RUN      ] HeapTest.RevalueTest
[       OK ] HeapTest.RevalueTest (0 ms)
[ RUN      ] HeapTest.DoublePtrTest
[       OK ] HeapTest.DoublePtrTest (0 ms)
[----------] 5 tests from HeapTest (2 ms total)

[----------] Global test environment tear-down
[==========] 5 tests from 1 test suite ran. (2 ms total)
[  PASSED  ] 5 tests.
</system-out>
			<system-err></system-err>
		</testcase>
		<testcase name="test: [google.tesseract.libtesseract-master]/[130297]/[baseapi_thread]">
			<system-out>Running main() from gmock_main.cc
[==========] Running 4 tests from 1 test suite.
[----------] Global test environment set-up.
[----------] 4 tests from BaseapiThreadTest
[INFO]  Testing Tesseract on 2 languages.[INFO]  Testing Cube on 2 languages.[ RUN      ] BaseapiThreadTest.TestBasicSanity
[       OK ] BaseapiThreadTest.TestBasicSanity (365 ms)
[ RUN      ] BaseapiThreadTest.TestInit
[       OK ] BaseapiThreadTest.TestInit (0 ms)
[ RUN      ] BaseapiThreadTest.TestRecognition
[       OK ] BaseapiThreadTest.TestRecognition (0 ms)
[ RUN      ] BaseapiThreadTest.TestAll
[       OK ] BaseapiThreadTest.TestAll (0 ms)
[----------] 4 tests from BaseapiThreadTest (365 ms total)

[----------] Global test environment tear-down
[==========] 4 tests from 1 test suite ran. (367 ms total)
[  PASSED  ] 4 tests.
</system-out>
			<system-err></system-err>
		</testcase>
		<testcase name="test: [google.tesseract.libtesseract-master]/[130297]/[tablefind]">
			<system-out>Running main() from gmock_main.cc
[==========] Running 8 tests from 1 test suite.
[----------] Global test environment set-up.
[----------] 8 tests from TableFinderTest
[ RUN      ] TableFinderTest.GapInXProjectionNoGap
[       OK ] TableFinderTest.GapInXProjectionNoGap (35 ms)
[ RUN      ] TableFinderTest.GapInXProjectionEdgeGap
[       OK ] TableFinderTest.GapInXProjectionEdgeGap (31 ms)
[ RUN      ] TableFinderTest.GapInXProjectionExists
[       OK ] TableFinderTest.GapInXProjectionExists (31 ms)
[ RUN      ] TableFinderTest.HasLeaderAdjacentOverlapping
[       OK ] TableFinderTest.HasLeaderAdjacentOverlapping (32 ms)
[ RUN      ] TableFinderTest.HasLeaderAdjacentNoOverlap
[       OK ] TableFinderTest.HasLeaderAdjacentNoOverlap (33 ms)
[ RUN      ] TableFinderTest.HasLeaderAdjacentPreservesColumns
[       OK ] TableFinderTest.HasLeaderAdjacentPreservesColumns (38 ms)
[ RUN      ] TableFinderTest.SplitAndInsertFragmentedPartitionsBasicPass
[       OK ] TableFinderTest.SplitAndInsertFragmentedPartitionsBasicPass (47 ms)
[ RUN      ] TableFinderTest.SplitAndInsertFragmentedPartitionsBasicFail
[       OK ] TableFinderTest.SplitAndInsertFragmentedPartitionsBasicFail (43 ms)
[----------] 8 tests from TableFinderTest (292 ms total)

[----------] Global test environment tear-down
[==========] 8 tests from 1 test suite ran. (292 ms total)
[  PASSED  ] 8 tests.
</system-out>
			<system-err></system-err>
		</testcase>
		<testcase name="test: [google.tesseract.libtesseract-master]/[130297]/[capiexample_c]">
			<system-out>master
</system-out>
			<system-err></system-err>
		</testcase>
		<testcase name="test: [google.tesseract.libtesseract-master]/[130297]/[paragraphs]">
			<system-out>Running main() from gmock_main.cc
[==========] Running 17 tests from 2 test suites.
[----------] Global test environment set-up.
[----------] 16 tests from ParagraphsTest
[ RUN      ] ParagraphsTest.ListItemsIdentified
[       OK ] ParagraphsTest.ListItemsIdentified (0 ms)
[ RUN      ] ParagraphsTest.TestSimpleParagraphDetection
[       OK ] ParagraphsTest.TestSimpleParagraphDetection (9 ms)
[ RUN      ] ParagraphsTest.TestFewCluesWithCrown
[       OK ] ParagraphsTest.TestFewCluesWithCrown (7 ms)
[ RUN      ] ParagraphsTest.TestCrownParagraphDetection
[       OK ] ParagraphsTest.TestCrownParagraphDetection (9 ms)
[ RUN      ] ParagraphsTest.TestSingleFullPageContinuation
[       OK ] ParagraphsTest.TestSingleFullPageContinuation (11 ms)
[ RUN      ] ParagraphsTest.TestRightAlignedParagraph
[       OK ] ParagraphsTest.TestRightAlignedParagraph (7 ms)
[ RUN      ] ParagraphsTest.TestTinyParagraphs
[       OK ] ParagraphsTest.TestTinyParagraphs (12 ms)
[ RUN      ] ParagraphsTest.TestComplexPage1
[       OK ] ParagraphsTest.TestComplexPage1 (41 ms)
[ RUN      ] ParagraphsTest.TestComplexPage2
[       OK ] ParagraphsTest.TestComplexPage2 (32 ms)
[ RUN      ] ParagraphsTest.TestSubtleCrown
[       OK ] ParagraphsTest.TestSubtleCrown (5 ms)
[ RUN      ] ParagraphsTest.TestStrayLineInBlock
[       OK ] ParagraphsTest.TestStrayLineInBlock (5 ms)
[ RUN      ] ParagraphsTest.TestUnlvInsurance
[       OK ] ParagraphsTest.TestUnlvInsurance (20 ms)
[ RUN      ] ParagraphsTest.TestSplitsOutLeaderLines
[       OK ] ParagraphsTest.TestSplitsOutLeaderLines (6 ms)
[ RUN      ] ParagraphsTest.NotDistractedBySourceCode
[       OK ] ParagraphsTest.NotDistractedBySourceCode (30 ms)
[ RUN      ] ParagraphsTest.NotOverlyAggressiveWithBlockQuotes
[       OK ] ParagraphsTest.NotOverlyAggressiveWithBlockQuotes (27 ms)
[ RUN      ] ParagraphsTest.IndexPageTest
[       OK ] ParagraphsTest.IndexPageTest (19 ms)
[----------] 16 tests from ParagraphsTest (241 ms total)

[----------] 1 test from ParagraphsText
[ RUN      ] ParagraphsText.TestRealFlushLeftParagraphs
[       OK ] ParagraphsText.TestRealFlushLeftParagraphs (8 ms)
[----------] 1 test from ParagraphsText (8 ms total)

[----------] Global test environment tear-down
[==========] 17 tests from 2 test suites ran. (250 ms total)
[  PASSED  ] 17 tests.
</system-out>
			<system-err># End of Pass 1
#row space .. lword[widthSEL]    rword[widthSEL]      [lmarg,lind;rind,rmarg] model text
0    10       Look[40Sel]        paragraph.[100sEl]   [  0, 20;  0,  0]       U:0     Look here, I have a paragraph.
1    10       This[40Sel]        top[30sel]           [  0,  0;  0,  0]       U:0   This paragraph starts at the top
2    10       of[20sel]          lines.[60sEl]        [  0,  0; 20,  0]       U:0   of the page and takes 3 lines.
3    10       Here[40Sel]        paragraph[90sel]     [  0, 20;  0,  0]       U:0     Here I have a second paragraph
4    10       which[50sel]       first[50sel]         [  0,  0; 20,  0]       U:0   which indicates that the first
5    10       paragraph[90sel]   continuation[120sel] [  0,  0; 10,  0]       U:0   paragraph is not a continuation
6    10       from[40sel]        is[20sel]            [  0,  0; 20,  0]       U:0   from a previous page, as it is
7    10       indented[80sel]    second[60sel]        [  0,  0; 20,  0]       U:0   indented just like this second
8    10       paragraph.[100sel] paragraph.[100sEl]   [  0,  0;220,  0]       U:0   paragraph.
Active Paragraph Models:
#############################################
# StrongEvidenceClassify( rows[0:9) )
#############################################
# Initial strong signals.
#row space .. lword[widthSEL]    rword[widthSEL]      [lmarg,lind;rind,rmarg] model text
0    10       Look[40Sel]        paragraph.[100sEl]   [  0, 20;  0,  0]       S:0     Look here, I have a paragraph.
1    10       This[40Sel]        top[30sel]           [  0,  0;  0,  0]       U:0   This paragraph starts at the top
2    10       of[20sel]          lines.[60sEl]        [  0,  0; 20,  0]       C:0   of the page and takes 3 lines.
3    10       Here[40Sel]        paragraph[90sel]     [  0, 20;  0,  0]       U:0     Here I have a second paragraph
4    10       which[50sel]       first[50sel]         [  0,  0; 20,  0]       C:0   which indicates that the first
5    10       paragraph[90sel]   continuation[120sel] [  0,  0; 10,  0]       C:0   paragraph is not a continuation
6    10       from[40sel]        is[20sel]            [  0,  0; 20,  0]       C:0   from a previous page, as it is
7    10       indented[80sel]    second[60sel]        [  0,  0; 20,  0]       C:0   indented just like this second
8    10       paragraph.[100sel] paragraph.[100sEl]   [  0,  0;220,  0]       C:0   paragraph.
Active Paragraph Models:
# Unsmeared hypotheses.s.
#row space .. lword[widthSEL]    rword[widthSEL]      [lmarg,lind;rind,rmarg] model text
0    10       Look[40Sel]        paragraph.[100sEl]   [  0, 20;  0,  0]       S:1     Look here, I have a paragraph.
1    10       This[40Sel]        top[30sel]           [  0,  0;  0,  0]       C:1   This paragraph starts at the top
2    10       of[20sel]          lines.[60sEl]        [  0,  0; 20,  0]       C:1   of the page and takes 3 lines.
3    10       Here[40Sel]        paragraph[90sel]     [  0, 20;  0,  0]       U:0     Here I have a second paragraph
4    10       which[50sel]       first[50sel]         [  0,  0; 20,  0]       C:0   which indicates that the first
5    10       paragraph[90sel]   continuation[120sel] [  0,  0; 10,  0]       C:0   paragraph is not a continuation
6    10       from[40sel]        is[20sel]            [  0,  0; 20,  0]       C:0   from a previous page, as it is
7    10       indented[80sel]    second[60sel]        [  0,  0; 20,  0]       C:0   indented just like this second
8    10       paragraph.[100sel] paragraph.[100sEl]   [  0,  0;220,  0]       C:0   paragraph.
Active Paragraph Models:
 1: margin: 0, first_indent: 20, body_indent: 0, alignment: LEFT
# End of Pass 2
#row space .. lword[widthSEL]    rword[widthSEL]      [lmarg,lind;rind,rmarg] model text
0    10       Look[40Sel]        paragraph.[100sEl]   [  0, 20;  0,  0]       S:1     Look here, I have a paragraph.
1    10       This[40Sel]        top[30sel]           [  0,  0;  0,  0]       C:1   This paragraph starts at the top
2    10       of[20sel]          lines.[60sEl]        [  0,  0; 20,  0]       C:1   of the page and takes 3 lines.
3    10       Here[40Sel]        paragraph[90sel]     [  0, 20;  0,  0]       S:1     Here I have a second paragraph
4    10       which[50sel]       first[50sel]         [  0,  0; 20,  0]       C:1   which indicates that the first
5    10       paragraph[90sel]   continuation[120sel] [  0,  0; 10,  0]       C:1   paragraph is not a continuation
6    10       from[40sel]        is[20sel]            [  0,  0; 20,  0]       C:1   from a previous page, as it is
7    10       indented[80sel]    second[60sel]        [  0,  0; 20,  0]       C:1   indented just like this second
8    10       paragraph.[100sel] paragraph.[100sEl]   [  0,  0;220,  0]       C:1   paragraph.
Active Paragraph Models:
 1: margin: 0, first_indent: 20, body_indent: 0, alignment: LEFT
# End of Pass 3
#row space .. lword[widthSEL]    rword[widthSEL]      [lmarg,lind;rind,rmarg] model text
0    10       Look[40Sel]        paragraph.[100sEl]   [  0, 20;  0,  0]       S:1     Look here, I have a paragraph.
1    10       This[40Sel]        top[30sel]           [  0,  0;  0,  0]       C:1   This paragraph starts at the top
2    10       of[20sel]          lines.[60sEl]        [  0,  0; 20,  0]       C:1   of the page and takes 3 lines.
3    10       Here[40Sel]        paragraph[90sel]     [  0, 20;  0,  0]       S:1     Here I have a second paragraph
4    10       which[50sel]       first[50sel]         [  0,  0; 20,  0]       C:1   which indicates that the first
5    10       paragraph[90sel]   continuation[120sel] [  0,  0; 10,  0]       C:1   paragraph is not a continuation
6    10       from[40sel]        is[20sel]            [  0,  0; 20,  0]       C:1   from a previous page, as it is
7    10       indented[80sel]    second[60sel]        [  0,  0; 20,  0]       C:1   indented just like this second
8    10       paragraph.[100sel] paragraph.[100sEl]   [  0,  0;220,  0]       C:1   paragraph.
Active Paragraph Models:
 1: margin: 0, first_indent: 20, body_indent: 0, alignment: LEFT
# End of Pass 4
#row space .. lword[widthSEL]    rword[widthSEL]      [lmarg,lind;rind,rmarg] model text
0    10       Look[40Sel]        paragraph.[100sEl]   [  0, 20;  0,  0]       S:1     Look here, I have a paragraph.
1    10       This[40Sel]        top[30sel]           [  0,  0;  0,  0]       C:1   This paragraph starts at the top
2    10       of[20sel]          lines.[60sEl]        [  0,  0; 20,  0]       C:1   of the page and takes 3 lines.
3    10       Here[40Sel]        paragraph[90sel]     [  0, 20;  0,  0]       S:1     Here I have a second paragraph
4    10       which[50sel]       first[50sel]         [  0,  0; 20,  0]       C:1   which indicates that the first
5    10       paragraph[90sel]   continuation[120sel] [  0,  0; 10,  0]       C:1   paragraph is not a continuation
6    10       from[40sel]        is[20sel]            [  0,  0; 20,  0]       C:1   from a previous page, as it is
7    10       indented[80sel]    second[60sel]        [  0,  0; 20,  0]       C:1   indented just like this second
8    10       paragraph.[100sel] paragraph.[100sEl]   [  0,  0;220,  0]       C:1   paragraph.
Active Paragraph Models:
 1: margin: 0, first_indent: 20, body_indent: 0, alignment: LEFT
# Final Paragraph Segmentation
#row space .. lword[widthSEL]    rword[widthSEL]      [lmarg,lind;rind,rmarg] model text
0    10       Look[40Sel]        paragraph.[100sEl]   [  0, 20;  0,  0]       S:1     Look here, I have a paragraph.
1    10       This[40Sel]        top[30sel]           [  0,  0;  0,  0]       C:1   This paragraph starts at the top
2    10       of[20sel]          lines.[60sEl]        [  0,  0; 20,  0]       C:1   of the page and takes 3 lines.
3    10       Here[40Sel]        paragraph[90sel]     [  0, 20;  0,  0]       S:1     Here I have a second paragraph
4    10       which[50sel]       first[50sel]         [  0,  0; 20,  0]       C:1   which indicates that the first
5    10       paragraph[90sel]   continuation[120sel] [  0,  0; 10,  0]       C:1   paragraph is not a continuation
6    10       from[40sel]        is[20sel]            [  0,  0; 20,  0]       C:1   from a previous page, as it is
7    10       indented[80sel]    second[60sel]        [  0,  0; 20,  0]       C:1   indented just like this second
8    10       paragraph.[100sel] paragraph.[100sEl]   [  0,  0;220,  0]       C:1   paragraph.
Active Paragraph Models:
 1: margin: 0, first_indent: 20, body_indent: 0, alignment: LEFT
# End of Pass 1
#row space .. lword[widthSEL]    rword[widthSEL]    [lmarg,lind;rind,rmarg] model text
0    10       This[40Sel]        top[30sel]         [  0,  0;  0,  0]       U:0   This paragraph starts at the top
1    10       of[20sel]          lines.[60sEl]      [  0,  0;  0,  0]       U:0   of the page and takes two lines.
2    10       Here[40Sel]        paragraph[90sel]   [  0, 20;  0,  0]       U:0     Here I have a second paragraph
3    10       which[50sel]       first[50sel]       [  0,  0; 20,  0]       U:0   which indicates that the first
4    10       paragraph[90sel]   from[40sel]        [  0,  0;  0,  0]       U:0   paragraph is a continuation from
5    10       a[10SeL]           is[20sel]          [  0,  0; 70,  0]       U:0   a previous page, as it is
6    10       indented[80sel]    second[60sel]      [  0,  0; 20,  0]       U:0   indented just like this second
7    10       paragraph.[100sel] paragraph.[100sEl] [  0,  0;220,  0]       U:0   paragraph.
Active Paragraph Models:
#############################################
# StrongEvidenceClassify( rows[0:8) )
#############################################
# Initial strong signals.
#row space .. lword[widthSEL]    rword[widthSEL]    [lmarg,lind;rind,rmarg] model text
0    10       This[40Sel]        top[30sel]         [  0,  0;  0,  0]       S:0   This paragraph starts at the top
1    10       of[20sel]          lines.[60sEl]      [  0,  0;  0,  0]       C:0   of the page and takes two lines.
2    10       Here[40Sel]        paragraph[90sel]   [  0, 20;  0,  0]       U:0     Here I have a second paragraph
3    10       which[50sel]       first[50sel]       [  0,  0; 20,  0]       C:0   which indicates that the first
4    10       paragraph[90sel]   from[40sel]        [  0,  0;  0,  0]       C:0   paragraph is a continuation from
5    10       a[10SeL]           is[20sel]          [  0,  0; 70,  0]       U:0   a previous page, as it is
6    10       indented[80sel]    second[60sel]      [  0,  0; 20,  0]       C:0   indented just like this second
7    10       paragraph.[100sel] paragraph.[100sEl] [  0,  0;220,  0]       C:0   paragraph.
Active Paragraph Models:
# Unsmeared hypotheses.s.
#row space .. lword[widthSEL]    rword[widthSEL]    [lmarg,lind;rind,rmarg] model text
0    10       This[40Sel]        top[30sel]         [  0,  0;  0,  0]       S:CrR This paragraph starts at the top
1    10       of[20sel]          lines.[60sEl]      [  0,  0;  0,  0]       C:CrR of the page and takes two lines.
2    10       Here[40Sel]        paragraph[90sel]   [  0, 20;  0,  0]       C:CrR   Here I have a second paragraph
3    10       which[50sel]       first[50sel]       [  0,  0; 20,  0]       C:0   which indicates that the first
4    10       paragraph[90sel]   from[40sel]        [  0,  0;  0,  0]       C:0   paragraph is a continuation from
5    10       a[10SeL]           is[20sel]          [  0,  0; 70,  0]       U:0   a previous page, as it is
6    10       indented[80sel]    second[60sel]      [  0,  0; 20,  0]       C:0   indented just like this second
7    10       paragraph.[100sel] paragraph.[100sEl] [  0,  0;220,  0]       C:0   paragraph.
Active Paragraph Models:
# End of Pass 2
#row space .. lword[widthSEL]    rword[widthSEL]    [lmarg,lind;rind,rmarg] model text
0    10       This[40Sel]        top[30sel]         [  0,  0;  0,  0]       S:CrR This paragraph starts at the top
1    10       of[20sel]          lines.[60sEl]      [  0,  0;  0,  0]       C:CrR of the page and takes two lines.
2    10       Here[40Sel]        paragraph[90sel]   [  0, 20;  0,  0]       C:CrR   Here I have a second paragraph
3    10       which[50sel]       first[50sel]       [  0,  0; 20,  0]       C:0   which indicates that the first
4    10       paragraph[90sel]   from[40sel]        [  0,  0;  0,  0]       C:0   paragraph is a continuation from
5    10       a[10SeL]           is[20sel]          [  0,  0; 70,  0]       U:0   a previous page, as it is
6    10       indented[80sel]    second[60sel]      [  0,  0; 20,  0]       C:0   indented just like this second
7    10       paragraph.[100sel] paragraph.[100sEl] [  0,  0;220,  0]       C:0   paragraph.
Active Paragraph Models:
###############################################
##### GeometricClassify( rows[0:8) )   ####
###############################################
Geometry: TabStop cluster tolerance = 10; 2 left tabs; 4 right tabs
# End of Pass 3
#row space .. lword[widthSEL]    rword[widthSEL]    [lmarg,lind;rind,rmarg] model text
0    10       This[40Sel]        top[30sel]         [  0,  0;  0,  0]       S:CrL This paragraph starts at the top
1    10       of[20sel]          lines.[60sEl]      [  0,  0;  0,  0]       C:CrL of the page and takes two lines.
2    10       Here[40Sel]        paragraph[90sel]   [  0, 20;  0,  0]       S:1     Here I have a second paragraph
3    10       which[50sel]       first[50sel]       [  0,  0; 20,  0]       C:1   which indicates that the first
4    10       paragraph[90sel]   from[40sel]        [  0,  0;  0,  0]       C:1   paragraph is a continuation from
5    10       a[10SeL]           is[20sel]          [  0,  0; 70,  0]       C:1   a previous page, as it is
6    10       indented[80sel]    second[60sel]      [  0,  0; 20,  0]       C:1   indented just like this second
7    10       paragraph.[100sel] paragraph.[100sEl] [  0,  0;220,  0]       C:1   paragraph.
Active Paragraph Models:
 1: margin: 0, first_indent: 20, body_indent: 0, alignment: LEFT
# End of Pass 4
#row space .. lword[widthSEL]    rword[widthSEL]    [lmarg,lind;rind,rmarg] model text
0    10       This[40Sel]        top[30sel]         [  0,  0;  0,  0]       S:CrL This paragraph starts at the top
1    10       of[20sel]          lines.[60sEl]      [  0,  0;  0,  0]       C:CrL of the page and takes two lines.
2    10       Here[40Sel]        paragraph[90sel]   [  0, 20;  0,  0]       S:1     Here I have a second paragraph
3    10       which[50sel]       first[50sel]       [  0,  0; 20,  0]       C:1   which indicates that the first
4    10       paragraph[90sel]   from[40sel]        [  0,  0;  0,  0]       C:1   paragraph is a continuation from
5    10       a[10SeL]           is[20sel]          [  0,  0; 70,  0]       C:1   a previous page, as it is
6    10       indented[80sel]    second[60sel]      [  0,  0; 20,  0]       C:1   indented just like this second
7    10       paragraph.[100sel] paragraph.[100sEl] [  0,  0;220,  0]       C:1   paragraph.
Active Paragraph Models:
 1: margin: 0, first_indent: 20, body_indent: 0, alignment: LEFT
# Final Paragraph Segmentation
#row space .. lword[widthSEL]    rword[widthSEL]    [lmarg,lind;rind,rmarg] model text
0    10       This[40Sel]        top[30sel]         [  0,  0;  0,  0]       S:1   This paragraph starts at the top
1    10       of[20sel]          lines.[60sEl]      [  0,  0;  0,  0]       C:1   of the page and takes two lines.
2    10       Here[40Sel]        paragraph[90sel]   [  0, 20;  0,  0]       S:1     Here I have a second paragraph
3    10       which[50sel]       first[50sel]       [  0,  0; 20,  0]       C:1   which indicates that the first
4    10       paragraph[90sel]   from[40sel]        [  0,  0;  0,  0]       C:1   paragraph is a continuation from
5    10       a[10SeL]           is[20sel]          [  0,  0; 70,  0]       C:1   a previous page, as it is
6    10       indented[80sel]    second[60sel]      [  0,  0; 20,  0]       C:1   indented just like this second
7    10       paragraph.[100sel] paragraph.[100sEl] [  0,  0;220,  0]       C:1   paragraph.
Active Paragraph Models:
 1: margin: 0, first_indent: 20, body_indent: 0, alignment: LEFT
# End of Pass 1
#row space .. lword[widthSEL] rword[widthSEL]    [lmarg,lind;rind,rmarg] model text
0    10       The[30Sel]      is[20sel]          [  0,  0;  0,  0]       U:0   The first paragraph on a page is
1    10       often[50sel]    rest[40sel]        [  0,  0; 20,  0]       U:0   often not indented as the rest
2    10       of[20sel]       Nonethe-[80sel]    [  0,  0;  0,  0]       U:0   of the paragraphs are.  Nonethe-
3    10       less[40sel]     the[30sel]         [  0,  0;  0,  0]       U:0   less it should be counted as the
4    10       same[40sel]     paragraph.[100sEl] [  0,  0; 90,  0]       U:0   same type of paragraph.
5    10       The[30Sel]      para-[50sel]       [  0, 20; 40,  0]       U:0     The second and third para-
6    10       graphs[60sel]   two[30sel]         [  0,  0; 40,  0]       U:0   graphs are both indented two
7    10       spaces.[70sel]  spaces.[70sEl]     [  0,  0;250,  0]       U:0   spaces.
8    10       The[30Sel]      what[40sel]        [  0, 20; 20,  0]       U:0     The first paragraph has what
9    10       fmt[30sel]      'crown.'[80sEl]    [  0,  0; 50,  0]       U:0   fmt refers to as a 'crown.'
Active Paragraph Models:
#############################################
# StrongEvidenceClassify( rows[0:10) )
#############################################
# Initial strong signals.
#row space .. lword[widthSEL] rword[widthSEL]    [lmarg,lind;rind,rmarg] model text
0    10       The[30Sel]      is[20sel]          [  0,  0;  0,  0]       S:0   The first paragraph on a page is
1    10       often[50sel]    rest[40sel]        [  0,  0; 20,  0]       C:0   often not indented as the rest
2    10       of[20sel]       Nonethe-[80sel]    [  0,  0;  0,  0]       C:0   of the paragraphs are.  Nonethe-
3    10       less[40sel]     the[30sel]         [  0,  0;  0,  0]       C:0   less it should be counted as the
4    10       same[40sel]     paragraph.[100sEl] [  0,  0; 90,  0]       C:0   same type of paragraph.
5    10       The[30Sel]      para-[50sel]       [  0, 20; 40,  0]       S:0     The second and third para-
6    10       graphs[60sel]   two[30sel]         [  0,  0; 40,  0]       C:0   graphs are both indented two
7    10       spaces.[70sel]  spaces.[70sEl]     [  0,  0;250,  0]       C:0   spaces.
8    10       The[30Sel]      what[40sel]        [  0, 20; 20,  0]       S:0     The first paragraph has what
9    10       fmt[30sel]      'crown.'[80sEl]    [  0,  0; 50,  0]       C:0   fmt refers to as a 'crown.'
Active Paragraph Models:
# Unsmeared hypotheses.s.
#row space .. lword[widthSEL] rword[widthSEL]    [lmarg,lind;rind,rmarg] model text
0    10       The[30Sel]      is[20sel]          [  0,  0;  0,  0]       S:CrL The first paragraph on a page is
1    10       often[50sel]    rest[40sel]        [  0,  0; 20,  0]       C:CrL often not indented as the rest
2    10       of[20sel]       Nonethe-[80sel]    [  0,  0;  0,  0]       C:CrL of the paragraphs are.  Nonethe-
3    10       less[40sel]     the[30sel]         [  0,  0;  0,  0]       C:CrL less it should be counted as the
4    10       same[40sel]     paragraph.[100sEl] [  0,  0; 90,  0]       C:CrL same type of paragraph.
5    10       The[30Sel]      para-[50sel]       [  0, 20; 40,  0]       S:1     The second and third para-
6    10       graphs[60sel]   two[30sel]         [  0,  0; 40,  0]       C:1   graphs are both indented two
7    10       spaces.[70sel]  spaces.[70sEl]     [  0,  0;250,  0]       C:1   spaces.
8    10       The[30Sel]      what[40sel]        [  0, 20; 20,  0]       S:0     The first paragraph has what
9    10       fmt[30sel]      'crown.'[80sEl]    [  0,  0; 50,  0]       C:0   fmt refers to as a 'crown.'
Active Paragraph Models:
 1: margin: 0, first_indent: 20, body_indent: 0, alignment: LEFT
# End of Pass 2
#row space .. lword[widthSEL] rword[widthSEL]    [lmarg,lind;rind,rmarg] model text
0    10       The[30Sel]      is[20sel]          [  0,  0;  0,  0]       S:CrL The first paragraph on a page is
1    10       often[50sel]    rest[40sel]        [  0,  0; 20,  0]       C:CrL often not indented as the rest
2    10       of[20sel]       Nonethe-[80sel]    [  0,  0;  0,  0]       C:CrL of the paragraphs are.  Nonethe-
3    10       less[40sel]     the[30sel]         [  0,  0;  0,  0]       C:CrL less it should be counted as the
4    10       same[40sel]     paragraph.[100sEl] [  0,  0; 90,  0]       C:CrL same type of paragraph.
5    10       The[30Sel]      para-[50sel]       [  0, 20; 40,  0]       S:1     The second and third para-
6    10       graphs[60sel]   two[30sel]         [  0,  0; 40,  0]       C:1   graphs are both indented two
7    10       spaces.[70sel]  spaces.[70sEl]     [  0,  0;250,  0]       C:1   spaces.
8    10       The[30Sel]      what[40sel]        [  0, 20; 20,  0]       S:1     The first paragraph has what
9    10       fmt[30sel]      'crown.'[80sEl]    [  0,  0; 50,  0]       C:1   fmt refers to as a 'crown.'
Active Paragraph Models:
 1: margin: 0, first_indent: 20, body_indent: 0, alignment: LEFT
# End of Pass 3
#row space .. lword[widthSEL] rword[widthSEL]    [lmarg,lind;rind,rmarg] model text
0    10       The[30Sel]      is[20sel]          [  0,  0;  0,  0]       S:CrL The first paragraph on a page is
1    10       often[50sel]    rest[40sel]        [  0,  0; 20,  0]       C:CrL often not indented as the rest
2    10       of[20sel]       Nonethe-[80sel]    [  0,  0;  0,  0]       C:CrL of the paragraphs are.  Nonethe-
3    10       less[40sel]     the[30sel]         [  0,  0;  0,  0]       C:CrL less it should be counted as the
4    10       same[40sel]     paragraph.[100sEl] [  0,  0; 90,  0]       C:CrL same type of paragraph.
5    10       The[30Sel]      para-[50sel]       [  0, 20; 40,  0]       S:1     The second and third para-
6    10       graphs[60sel]   two[30sel]         [  0,  0; 40,  0]       C:1   graphs are both indented two
7    10       spaces.[70sel]  spaces.[70sEl]     [  0,  0;250,  0]       C:1   spaces.
8    10       The[30Sel]      what[40sel]        [  0, 20; 20,  0]       S:1     The first paragraph has what
9    10       fmt[30sel]      'crown.'[80sEl]    [  0,  0; 50,  0]       C:1   fmt refers to as a 'crown.'
Active Paragraph Models:
 1: margin: 0, first_indent: 20, body_indent: 0, alignment: LEFT
# End of Pass 4
#row space .. lword[widthSEL] rword[widthSEL]    [lmarg,lind;rind,rmarg] model text
0    10       The[30Sel]      is[20sel]          [  0,  0;  0,  0]       S:CrL The first paragraph on a page is
1    10       often[50sel]    rest[40sel]        [  0,  0; 20,  0]       C:CrL often not indented as the rest
2    10       of[20sel]       Nonethe-[80sel]    [  0,  0;  0,  0]       C:CrL of the paragraphs are.  Nonethe-
3    10       less[40sel]     the[30sel]         [  0,  0;  0,  0]       C:CrL less it should be counted as the
4    10       same[40sel]     paragraph.[100sEl] [  0,  0; 90,  0]       C:CrL same type of paragraph.
5    10       The[30Sel]      para-[50sel]       [  0, 20; 40,  0]       S:1     The second and third para-
6    10       graphs[60sel]   two[30sel]         [  0,  0; 40,  0]       C:1   graphs are both indented two
7    10       spaces.[70sel]  spaces.[70sEl]     [  0,  0;250,  0]       C:1   spaces.
8    10       The[30Sel]      what[40sel]        [  0, 20; 20,  0]       S:1     The first paragraph has what
9    10       fmt[30sel]      'crown.'[80sEl]    [  0,  0; 50,  0]       C:1   fmt refers to as a 'crown.'
Active Paragraph Models:
 1: margin: 0, first_indent: 20, body_indent: 0, alignment: LEFT
# Final Paragraph Segmentation
#row space .. lword[widthSEL] rword[widthSEL]    [lmarg,lind;rind,rmarg] model text
0    10       The[30Sel]      is[20sel]          [  0,  0;  0,  0]       S:1   The first paragraph on a page is
1    10       often[50sel]    rest[40sel]        [  0,  0; 20,  0]       C:1   often not indented as the rest
2    10       of[20sel]       Nonethe-[80sel]    [  0,  0;  0,  0]       C:1   of the paragraphs are.  Nonethe-
3    10       less[40sel]     the[30sel]         [  0,  0;  0,  0]       C:1   less it should be counted as the
4    10       same[40sel]     paragraph.[100sEl] [  0,  0; 90,  0]       C:1   same type of paragraph.
5    10       The[30Sel]      para-[50sel]       [  0, 20; 40,  0]       S:1     The second and third para-
6    10       graphs[60sel]   two[30sel]         [  0,  0; 40,  0]       C:1   graphs are both indented two
7    10       spaces.[70sel]  spaces.[70sEl]     [  0,  0;250,  0]       C:1   spaces.
8    10       The[30Sel]      what[40sel]        [  0, 20; 20,  0]       S:1     The first paragraph has what
9    10       fmt[30sel]      'crown.'[80sEl]    [  0,  0; 50,  0]       C:1   fmt refers to as a 'crown.'
Active Paragraph Models:
 1: margin: 0, first_indent: 20, body_indent: 0, alignment: LEFT
# End of Pass 1
#row space .. lword[widthSEL]       rword[widthSEL]    [lmarg,lind;rind,rmarg] model text
0    10       sometimes[90sel]      giant[50sel]       [  0,  0;  0,  0]       U:0   sometimes a page is one giant
1    10       continuation.[130sel] from[40sel]        [  0,  0;  0,  0]       U:0   continuation.  It flows  from
2    10       line[40sel]           full[40sel]        [  0,  0;  0,  0]       U:0   line to  line, using the full
3    10       column[60sel]         clear[50sel]       [  0,  0;  0,  0]       U:0   column  width  with  no clear
4    10       paragraph[90sel]      it[20sel]          [  0,  0;  0,  0]       U:0   paragraph  break,  because it
5    10       actually[80sel]       It[20sel]          [  0,  0;  0,  0]       U:0   actually doesn't have one. It
6    10       is[20sel]             monster[70sel]     [  0,  0;  0,  0]       U:0   is the  middle of one monster
7    10       paragraph[90sel]      the[30sel]         [  0,  0;  0,  0]       U:0   paragraph continued  from the
8    10       previous[80sel]       continuing[100sel] [  0,  0;  0,  0]       U:0   previous page and  continuing
9    10       onto[40sel]           There-[60sel]      [  0,  0;  0,  0]       U:0   onto the  next  page.  There-
10   10       fore,[50sel]          getting[70sel]     [  0,  0;  0,  0]       U:0   fore,  it  ends  up   getting
11   10       marked[60sel]         then[40sel]        [  0,  0;  0,  0]       U:0   marked  as a  crown  and then
12   10       getting[70sel]        ex-[30sel]         [  0,  0;  0,  0]       U:0   getting re-marked as any  ex-
13   10       isting[60sel]         but[30sel]         [  0,  0;  0,  0]       U:0   isting model.  Not great, but
Active Paragraph Models:
 1: margin: 0, first_indent: 20, body_indent: 0, alignment: LEFT
#############################################
# StrongEvidenceClassify( rows[0:14) )
#############################################
# Initial strong signals.
#row space .. lword[widthSEL]       rword[widthSEL]    [lmarg,lind;rind,rmarg] model text
0    10       sometimes[90sel]      giant[50sel]       [  0,  0;  0,  0]       U:0   sometimes a page is one giant
1    10       continuation.[130sel] from[40sel]        [  0,  0;  0,  0]       C:0   continuation.  It flows  from
2    10       line[40sel]           full[40sel]        [  0,  0;  0,  0]       C:0   line to  line, using the full
3    10       column[60sel]         clear[50sel]       [  0,  0;  0,  0]       C:0   column  width  with  no clear
4    10       paragraph[90sel]      it[20sel]          [  0,  0;  0,  0]       C:0   paragraph  break,  because it
5    10       actually[80sel]       It[20sel]          [  0,  0;  0,  0]       C:0   actually doesn't have one. It
6    10       is[20sel]             monster[70sel]     [  0,  0;  0,  0]       C:0   is the  middle of one monster
7    10       paragraph[90sel]      the[30sel]         [  0,  0;  0,  0]       C:0   paragraph continued  from the
8    10       previous[80sel]       continuing[100sel] [  0,  0;  0,  0]       C:0   previous page and  continuing
9    10       onto[40sel]           There-[60sel]      [  0,  0;  0,  0]       C:0   onto the  next  page.  There-
10   10       fore,[50sel]          getting[70sel]     [  0,  0;  0,  0]       C:0   fore,  it  ends  up   getting
11   10       marked[60sel]         then[40sel]        [  0,  0;  0,  0]       C:0   marked  as a  crown  and then
12   10       getting[70sel]        ex-[30sel]         [  0,  0;  0,  0]       C:0   getting re-marked as any  ex-
13   10       isting[60sel]         but[30sel]         [  0,  0;  0,  0]       C:0   isting model.  Not great, but
Active Paragraph Models:
 1: margin: 0, first_indent: 20, body_indent: 0, alignment: LEFT
# Unsmeared hypotheses.s.
#row space .. lword[widthSEL]       rword[widthSEL]    [lmarg,lind;rind,rmarg] model text
0    10       sometimes[90sel]      giant[50sel]       [  0,  0;  0,  0]       U:0   sometimes a page is one giant
1    10       continuation.[130sel] from[40sel]        [  0,  0;  0,  0]       C:0   continuation.  It flows  from
2    10       line[40sel]           full[40sel]        [  0,  0;  0,  0]       C:0   line to  line, using the full
3    10       column[60sel]         clear[50sel]       [  0,  0;  0,  0]       C:0   column  width  with  no clear
4    10       paragraph[90sel]      it[20sel]          [  0,  0;  0,  0]       C:0   paragraph  break,  because it
5    10       actually[80sel]       It[20sel]          [  0,  0;  0,  0]       C:0   actually doesn't have one. It
6    10       is[20sel]             monster[70sel]     [  0,  0;  0,  0]       C:0   is the  middle of one monster
7    10       paragraph[90sel]      the[30sel]         [  0,  0;  0,  0]       C:0   paragraph continued  from the
8    10       previous[80sel]       continuing[100sel] [  0,  0;  0,  0]       C:0   previous page and  continuing
9    10       onto[40sel]           There-[60sel]      [  0,  0;  0,  0]       C:0   onto the  next  page.  There-
10   10       fore,[50sel]          getting[70sel]     [  0,  0;  0,  0]       C:0   fore,  it  ends  up   getting
11   10       marked[60sel]         then[40sel]        [  0,  0;  0,  0]       C:0   marked  as a  crown  and then
12   10       getting[70sel]        ex-[30sel]         [  0,  0;  0,  0]       C:0   getting re-marked as any  ex-
13   10       isting[60sel]         but[30sel]         [  0,  0;  0,  0]       C:0   isting model.  Not great, but
Active Paragraph Models:
 1: margin: 0, first_indent: 20, body_indent: 0, alignment: LEFT
# End of Pass 2
#row space .. lword[widthSEL]       rword[widthSEL]    [lmarg,lind;rind,rmarg] model text
0    10       sometimes[90sel]      giant[50sel]       [  0,  0;  0,  0]       U:0   sometimes a page is one giant
1    10       continuation.[130sel] from[40sel]        [  0,  0;  0,  0]       C:0   continuation.  It flows  from
2    10       line[40sel]           full[40sel]        [  0,  0;  0,  0]       C:0   line to  line, using the full
3    10       column[60sel]         clear[50sel]       [  0,  0;  0,  0]       C:0   column  width  with  no clear
4    10       paragraph[90sel]      it[20sel]          [  0,  0;  0,  0]       C:0   paragraph  break,  because it
5    10       actually[80sel]       It[20sel]          [  0,  0;  0,  0]       C:0   actually doesn't have one. It
6    10       is[20sel]             monster[70sel]     [  0,  0;  0,  0]       C:0   is the  middle of one monster
7    10       paragraph[90sel]      the[30sel]         [  0,  0;  0,  0]       C:0   paragraph continued  from the
8    10       previous[80sel]       continuing[100sel] [  0,  0;  0,  0]       C:0   previous page and  continuing
9    10       onto[40sel]           There-[60sel]      [  0,  0;  0,  0]       C:0   onto the  next  page.  There-
10   10       fore,[50sel]          getting[70sel]     [  0,  0;  0,  0]       C:0   fore,  it  ends  up   getting
11   10       marked[60sel]         then[40sel]        [  0,  0;  0,  0]       C:0   marked  as a  crown  and then
12   10       getting[70sel]        ex-[30sel]         [  0,  0;  0,  0]       C:0   getting re-marked as any  ex-
13   10       isting[60sel]         but[30sel]         [  0,  0;  0,  0]       C:0   isting model.  Not great, but
Active Paragraph Models:
 1: margin: 0, first_indent: 20, body_indent: 0, alignment: LEFT
###############################################
##### GeometricClassify( rows[0:14) )   ####
###############################################
Geometry: TabStop cluster tolerance = 10; 1 left tabs; 1 right tabs
# Not enough variety for simple outline classification.
======================================
sometimes a page is one giant
continuation.  It flows  from
line to  line, using the full
column  width  with  no clear
paragraph  break,  because it
actually doesn't have one. It
is the  middle of one monster
paragraph continued  from the
previous page and  continuing
onto the  next  page.  There-
fore,  it  ends  up   getting
marked  as a  crown  and then
getting re-marked as any  ex-
isting model.  Not great, but
======================================
# End of Pass 3
#row space .. lword[widthSEL]       rword[widthSEL]    [lmarg,lind;rind,rmarg] model text
0    10       sometimes[90sel]      giant[50sel]       [  0,  0;  0,  0]       U:0   sometimes a page is one giant
1    10       continuation.[130sel] from[40sel]        [  0,  0;  0,  0]       U:0   continuation.  It flows  from
2    10       line[40sel]           full[40sel]        [  0,  0;  0,  0]       U:0   line to  line, using the full
3    10       column[60sel]         clear[50sel]       [  0,  0;  0,  0]       U:0   column  width  with  no clear
4    10       paragraph[90sel]      it[20sel]          [  0,  0;  0,  0]       U:0   paragraph  break,  because it
5    10       actually[80sel]       It[20sel]          [  0,  0;  0,  0]       U:0   actually doesn't have one. It
6    10       is[20sel]             monster[70sel]     [  0,  0;  0,  0]       U:0   is the  middle of one monster
7    10       paragraph[90sel]      the[30sel]         [  0,  0;  0,  0]       U:0   paragraph continued  from the
8    10       previous[80sel]       continuing[100sel] [  0,  0;  0,  0]       U:0   previous page and  continuing
9    10       onto[40sel]           There-[60sel]      [  0,  0;  0,  0]       U:0   onto the  next  page.  There-
10   10       fore,[50sel]          getting[70sel]     [  0,  0;  0,  0]       U:0   fore,  it  ends  up   getting
11   10       marked[60sel]         then[40sel]        [  0,  0;  0,  0]       U:0   marked  as a  crown  and then
12   10       getting[70sel]        ex-[30sel]         [  0,  0;  0,  0]       U:0   getting re-marked as any  ex-
13   10       isting[60sel]         but[30sel]         [  0,  0;  0,  0]       U:0   isting model.  Not great, but
Active Paragraph Models:
 1: margin: 0, first_indent: 20, body_indent: 0, alignment: LEFT
# End of Pass 4
#row space .. lword[widthSEL]       rword[widthSEL]    [lmarg,lind;rind,rmarg] model text
0    10       sometimes[90sel]      giant[50sel]       [  0,  0;  0,  0]       U:0   sometimes a page is one giant
1    10       continuation.[130sel] from[40sel]        [  0,  0;  0,  0]       U:0   continuation.  It flows  from
2    10       line[40sel]           full[40sel]        [  0,  0;  0,  0]       U:0   line to  line, using the full
3    10       column[60sel]         clear[50sel]       [  0,  0;  0,  0]       U:0   column  width  with  no clear
4    10       paragraph[90sel]      it[20sel]          [  0,  0;  0,  0]       U:0   paragraph  break,  because it
5    10       actually[80sel]       It[20sel]          [  0,  0;  0,  0]       U:0   actually doesn't have one. It
6    10       is[20sel]             monster[70sel]     [  0,  0;  0,  0]       U:0   is the  middle of one monster
7    10       paragraph[90sel]      the[30sel]         [  0,  0;  0,  0]       U:0   paragraph continued  from the
8    10       previous[80sel]       continuing[100sel] [  0,  0;  0,  0]       U:0   previous page and  continuing
9    10       onto[40sel]           There-[60sel]      [  0,  0;  0,  0]       U:0   onto the  next  page.  There-
10   10       fore,[50sel]          getting[70sel]     [  0,  0;  0,  0]       U:0   fore,  it  ends  up   getting
11   10       marked[60sel]         then[40sel]        [  0,  0;  0,  0]       U:0   marked  as a  crown  and then
12   10       getting[70sel]        ex-[30sel]         [  0,  0;  0,  0]       U:0   getting re-marked as any  ex-
13   10       isting[60sel]         but[30sel]         [  0,  0;  0,  0]       U:0   isting model.  Not great, but
Active Paragraph Models:
 1: margin: 0, first_indent: 20, body_indent: 0, alignment: LEFT
# Final Paragraph Segmentation
#row space .. lword[widthSEL]       rword[widthSEL]    [lmarg,lind;rind,rmarg] model text
0    10       sometimes[90sel]      giant[50sel]       [  0,  0;  0,  0]       U:0   sometimes a page is one giant
1    10       continuation.[130sel] from[40sel]        [  0,  0;  0,  0]       U:0   continuation.  It flows  from
2    10       line[40sel]           full[40sel]        [  0,  0;  0,  0]       U:0   line to  line, using the full
3    10       column[60sel]         clear[50sel]       [  0,  0;  0,  0]       U:0   column  width  with  no clear
4    10       paragraph[90sel]      it[20sel]          [  0,  0;  0,  0]       U:0   paragraph  break,  because it
5    10       actually[80sel]       It[20sel]          [  0,  0;  0,  0]       U:0   actually doesn't have one. It
6    10       is[20sel]             monster[70sel]     [  0,  0;  0,  0]       U:0   is the  middle of one monster
7    10       paragraph[90sel]      the[30sel]         [  0,  0;  0,  0]       U:0   paragraph continued  from the
8    10       previous[80sel]       continuing[100sel] [  0,  0;  0,  0]       U:0   previous page and  continuing
9    10       onto[40sel]           There-[60sel]      [  0,  0;  0,  0]       U:0   onto the  next  page.  There-
10   10       fore,[50sel]          getting[70sel]     [  0,  0;  0,  0]       U:0   fore,  it  ends  up   getting
11   10       marked[60sel]         then[40sel]        [  0,  0;  0,  0]       U:0   marked  as a  crown  and then
12   10       getting[70sel]        ex-[30sel]         [  0,  0;  0,  0]       U:0   getting re-marked as any  ex-
13   10       isting[60sel]         but[30sel]         [  0,  0;  0,  0]       U:0   isting model.  Not great, but
Active Paragraph Models:
 1: margin: 0, first_indent: 20, body_indent: 0, alignment: LEFT
# End of Pass 1
#row space .. lword[widthSEL]       rword[widthSEL]       [lmarg,lind;rind,rmarg] model text
0    10       Right-aligned[130Sel] are[30sel]            [  0,  0;  0,  0]       U:0   Right-aligned paragraphs are
1    10       uncommon[80sel]       Left-to-Right[130sel] [  0, 30;  0,  0]       U:0      uncommon in Left-to-Right
2    10       languages,[100sel]    do[20sel]             [  0, 60;  0,  0]       U:0         languages, but they do
3    10       exist.[60sel]         exist.[60sEl]         [  0,220;  0,  0]       U:0                         exist.
4    10       Mostly,[70Sel]        they're[70sel]        [  0, 40;  0,  0]       U:0       Mostly, however, they're
5    10       horribly[80sel]       in[20sel]             [  0, 10;  0,  0]       U:0    horribly tiny paragraphs in
6    10       tables[60sel]         no[20sel]             [  0, 20;  0,  0]       U:0     tables on which we have no
7    10       chance[60sel]         anyways.[80sEl]       [  0,130;  0,  0]       U:0                chance anyways.
Active Paragraph Models:
#############################################
# StrongEvidenceClassify( rows[0:8) )
#############################################
# Initial strong signals.
#row space .. lword[widthSEL]       rword[widthSEL]       [lmarg,lind;rind,rmarg] model text
0    10       Right-aligned[130Sel] are[30sel]            [  1, -1;  0,  0]       S:0   Right-aligned paragraphs are
1    10       uncommon[80sel]       Left-to-Right[130sel] [  1, 29;  0,  0]       C:0      uncommon in Left-to-Right
2    10       languages,[100sel]    do[20sel]             [  1, 59;  0,  0]       C:0         languages, but they do
3    10       exist.[60sel]         exist.[60sEl]         [  1,219;  0,  0]       C:0                         exist.
4    10       Mostly,[70Sel]        they're[70sel]        [  1, 39;  0,  0]       U:0       Mostly, however, they're
5    10       horribly[80sel]       in[20sel]             [  1,  9;  0,  0]       C:0    horribly tiny paragraphs in
6    10       tables[60sel]         no[20sel]             [  1, 19;  0,  0]       C:0     tables on which we have no
7    10       chance[60sel]         anyways.[80sEl]       [  1,129;  0,  0]       C:0                chance anyways.
Active Paragraph Models:
# Unsmeared hypotheses.s.
#row space .. lword[widthSEL]       rword[widthSEL]       [lmarg,lind;rind,rmarg] model text
0    10       Right-aligned[130Sel] are[30sel]            [  1, -1;  0,  0]       S:CrR Right-aligned paragraphs are
1    10       uncommon[80sel]       Left-to-Right[130sel] [  1, 29;  0,  0]       C:CrR    uncommon in Left-to-Right
2    10       languages,[100sel]    do[20sel]             [  1, 59;  0,  0]       C:CrR       languages, but they do
3    10       exist.[60sel]         exist.[60sEl]         [  1,219;  0,  0]       C:CrR                       exist.
4    10       Mostly,[70Sel]        they're[70sel]        [  1, 39;  0,  0]       U:0       Mostly, however, they're
5    10       horribly[80sel]       in[20sel]             [  1,  9;  0,  0]       C:0    horribly tiny paragraphs in
6    10       tables[60sel]         no[20sel]             [  1, 19;  0,  0]       C:0     tables on which we have no
7    10       chance[60sel]         anyways.[80sEl]       [  1,129;  0,  0]       C:0                chance anyways.
Active Paragraph Models:
# End of Pass 2
#row space .. lword[widthSEL]       rword[widthSEL]       [lmarg,lind;rind,rmarg] model text
0    10       Right-aligned[130Sel] are[30sel]            [  1, -1;  0,  0]       S:CrR Right-aligned paragraphs are
1    10       uncommon[80sel]       Left-to-Right[130sel] [  1, 29;  0,  0]       C:CrR    uncommon in Left-to-Right
2    10       languages,[100sel]    do[20sel]             [  1, 59;  0,  0]       C:CrR       languages, but they do
3    10       exist.[60sel]         exist.[60sEl]         [  1,219;  0,  0]       C:CrR                       exist.
4    10       Mostly,[70Sel]        they're[70sel]        [  1, 39;  0,  0]       U:0       Mostly, however, they're
5    10       horribly[80sel]       in[20sel]             [  1,  9;  0,  0]       C:0    horribly tiny paragraphs in
6    10       tables[60sel]         no[20sel]             [  1, 19;  0,  0]       C:0     tables on which we have no
7    10       chance[60sel]         anyways.[80sEl]       [  1,129;  0,  0]       C:0                chance anyways.
Active Paragraph Models:
###############################################
##### GeometricClassify( rows[0:8) )   ####
###############################################
Geometry: TabStop cluster tolerance = 10; 6 left tabs; 1 right tabs
# End of Pass 3
#row space .. lword[widthSEL]       rword[widthSEL]       [lmarg,lind;rind,rmarg] model text
0    10       Right-aligned[130Sel] are[30sel]            [  1, -1;  0,  0]       S:CrR Right-aligned paragraphs are
1    10       uncommon[80sel]       Left-to-Right[130sel] [  1, 29;  0,  0]       C:CrR    uncommon in Left-to-Right
2    10       languages,[100sel]    do[20sel]             [  1, 59;  0,  0]       C:CrR       languages, but they do
3    10       exist.[60sel]         exist.[60sEl]         [  1,219;  0,  0]       C:CrR                       exist.
4    10       Mostly,[70Sel]        they're[70sel]        [  1, 39;  0,  0]       S:1       Mostly, however, they're
5    10       horribly[80sel]       in[20sel]             [  1,  9;  0,  0]       C:1    horribly tiny paragraphs in
6    10       tables[60sel]         no[20sel]             [  1, 19;  0,  0]       C:1     tables on which we have no
7    10       chance[60sel]         anyways.[80sEl]       [  1,129;  0,  0]       C:1                chance anyways.
Active Paragraph Models:
 1: margin: 0, first_indent: 0, body_indent: 0, alignment: RIGHT
# End of Pass 4
#row space .. lword[widthSEL]       rword[widthSEL]       [lmarg,lind;rind,rmarg] model text
0    10       Right-aligned[130Sel] are[30sel]            [  1, -1;  0,  0]       S:CrR Right-aligned paragraphs are
1    10       uncommon[80sel]       Left-to-Right[130sel] [  1, 29;  0,  0]       C:CrR    uncommon in Left-to-Right
2    10       languages,[100sel]    do[20sel]             [  1, 59;  0,  0]       C:CrR       languages, but they do
3    10       exist.[60sel]         exist.[60sEl]         [  1,219;  0,  0]       C:CrR                       exist.
4    10       Mostly,[70Sel]        they're[70sel]        [  1, 39;  0,  0]       S:1       Mostly, however, they're
5    10       horribly[80sel]       in[20sel]             [  1,  9;  0,  0]       C:1    horribly tiny paragraphs in
6    10       tables[60sel]         no[20sel]             [  1, 19;  0,  0]       C:1     tables on which we have no
7    10       chance[60sel]         anyways.[80sEl]       [  1,129;  0,  0]       C:1                chance anyways.
Active Paragraph Models:
 1: margin: 0, first_indent: 0, body_indent: 0, alignment: RIGHT
# Final Paragraph Segmentation
#row space .. lword[widthSEL]       rword[widthSEL]       [lmarg,lind;rind,rmarg] model text
0    10       Right-aligned[130Sel] are[30sel]            [  1, -1;  0,  0]       S:1   Right-aligned paragraphs are
1    10       uncommon[80sel]       Left-to-Right[130sel] [  1, 29;  0,  0]       C:1      uncommon in Left-to-Right
2    10       languages,[100sel]    do[20sel]             [  1, 59;  0,  0]       C:1         languages, but they do
3    10       exist.[60sel]         exist.[60sEl]         [  1,219;  0,  0]       C:1                         exist.
4    10       Mostly,[70Sel]        they're[70sel]        [  1, 39;  0,  0]       S:1       Mostly, however, they're
5    10       horribly[80sel]       in[20sel]             [  1,  9;  0,  0]       C:1    horribly tiny paragraphs in
6    10       tables[60sel]         no[20sel]             [  1, 19;  0,  0]       C:1     tables on which we have no
7    10       chance[60sel]         anyways.[80sEl]       [  1,129;  0,  0]       C:1                chance anyways.
Active Paragraph Models:
 1: margin: 0, first_indent: 0, body_indent: 0, alignment: RIGHT
# End of Pass 1
#row space .. lword[widthSEL]       rword[widthSEL]     [lmarg,lind;rind,rmarg] model text
0    10       Occasionally,[130Sel] with[40sel]         [  0, 20;  0,  0]       U:0     Occasionally, interspersed with
1    10       obvious[70sel]        might[50sel]        [  0,  0;  0,  0]       U:0   obvious paragraph text, you might
2    10       find[40sel]           dialogue[80sel]     [  0,  0; 10,  0]       U:0   find short exchanges of dialogue
3    10       between[70sel]        characters.[110sEl] [  0,  0;140,  0]       U:0   between characters.
4    10       'Oh?'[50SEl]          'Oh?'[50sEl]        [  0, 20;260,  0]       U:0     'Oh?'
5    10       'Don't[60SEl]         confused!'[100sEl]  [  0, 20;110,  0]       U:0     'Don't be confused!'
6    10       'Not[40SEl]           me!'[40sEl]         [  0, 20;220,  0]       U:0     'Not me!'
7    10       One[30Sel]            to[20sel]           [  0, 20; 10,  0]       U:0     One naive approach would be to
8    10       mark[40sel]           one[30sel]          [  0,  0;  0,  0]       U:0   mark a new paragraph whenever one
9    10       of[20sel]             or[20sel]           [  0,  0;  0,  0]       U:0   of the statistics (left, right or
10   10       center)[70sel]        text-[50sel]        [  0,  0;  0,  0]       U:0   center)  changes  from  one text-
11   10       line[40sel]           an[20sel]           [  0,  0;  0,  0]       U:0   line  to  the  next.    Such   an
12   10       approach[80sel]       the[30sel]          [  0,  0;  0,  0]       U:0   approach  would  misclassify  the
13   10       tiny[40sel]           single[60sel]       [  0,  0;  0,  0]       U:0   tiny paragraphs above as a single
14   10       paragraph.[100sel]    paragraph.[100sEl]  [  0,  0;230,  0]       U:0   paragraph.
Active Paragraph Models:
#############################################
# StrongEvidenceClassify( rows[0:15) )
#############################################
# Initial strong signals.
#row space .. lword[widthSEL]       rword[widthSEL]     [lmarg,lind;rind,rmarg] model text
0    10       Occasionally,[130Sel] with[40sel]         [  0, 20;  0,  0]       S:0     Occasionally, interspersed with
1    10       obvious[70sel]        might[50sel]        [  0,  0;  0,  0]       C:0   obvious paragraph text, you might
2    10       find[40sel]           dialogue[80sel]     [  0,  0; 10,  0]       C:0   find short exchanges of dialogue
3    10       between[70sel]        characters.[110sEl] [  0,  0;140,  0]       C:0   between characters.
4    10       'Oh?'[50SEl]          'Oh?'[50sEl]        [  0, 20;260,  0]       U:0     'Oh?'
5    10       'Don't[60SEl]         confused!'[100sEl]  [  0, 20;110,  0]       U:0     'Don't be confused!'
6    10       'Not[40SEl]           me!'[40sEl]         [  0, 20;220,  0]       U:0     'Not me!'
7    10       One[30Sel]            to[20sel]           [  0, 20; 10,  0]       S:0     One naive approach would be to
8    10       mark[40sel]           one[30sel]          [  0,  0;  0,  0]       C:0   mark a new paragraph whenever one
9    10       of[20sel]             or[20sel]           [  0,  0;  0,  0]       C:0   of the statistics (left, right or
10   10       center)[70sel]        text-[50sel]        [  0,  0;  0,  0]       C:0   center)  changes  from  one text-
11   10       line[40sel]           an[20sel]           [  0,  0;  0,  0]       C:0   line  to  the  next.    Such   an
12   10       approach[80sel]       the[30sel]          [  0,  0;  0,  0]       C:0   approach  would  misclassify  the
13   10       tiny[40sel]           single[60sel]       [  0,  0;  0,  0]       C:0   tiny paragraphs above as a single
14   10       paragraph.[100sel]    paragraph.[100sEl]  [  0,  0;230,  0]       C:0   paragraph.
Active Paragraph Models:
# Unsmeared hypotheses.s.
#row space .. lword[widthSEL]       rword[widthSEL]     [lmarg,lind;rind,rmarg] model text
0    10       Occasionally,[130Sel] with[40sel]         [  0, 20;  0,  0]       S:1     Occasionally, interspersed with
1    10       obvious[70sel]        might[50sel]        [  0,  0;  0,  0]       C:1   obvious paragraph text, you might
2    10       find[40sel]           dialogue[80sel]     [  0,  0; 10,  0]       C:1   find short exchanges of dialogue
3    10       between[70sel]        characters.[110sEl] [  0,  0;140,  0]       C:1   between characters.
4    10       'Oh?'[50SEl]          'Oh?'[50sEl]        [  0, 20;260,  0]       U:0     'Oh?'
5    10       'Don't[60SEl]         confused!'[100sEl]  [  0, 20;110,  0]       U:0     'Don't be confused!'
6    10       'Not[40SEl]           me!'[40sEl]         [  0, 20;220,  0]       U:0     'Not me!'
7    10       One[30Sel]            to[20sel]           [  0, 20; 10,  0]       S:1     One naive approach would be to
8    10       mark[40sel]           one[30sel]          [  0,  0;  0,  0]       C:1   mark a new paragraph whenever one
9    10       of[20sel]             or[20sel]           [  0,  0;  0,  0]       C:1   of the statistics (left, right or
10   10       center)[70sel]        text-[50sel]        [  0,  0;  0,  0]       C:1   center)  changes  from  one text-
11   10       line[40sel]           an[20sel]           [  0,  0;  0,  0]       C:1   line  to  the  next.    Such   an
12   10       approach[80sel]       the[30sel]          [  0,  0;  0,  0]       C:1   approach  would  misclassify  the
13   10       tiny[40sel]           single[60sel]       [  0,  0;  0,  0]       C:1   tiny paragraphs above as a single
14   10       paragraph.[100sel]    paragraph.[100sEl]  [  0,  0;230,  0]       C:0   paragraph.
Active Paragraph Models:
 1: margin: 0, first_indent: 20, body_indent: 0, alignment: LEFT
# End of Pass 2
#row space .. lword[widthSEL]       rword[widthSEL]     [lmarg,lind;rind,rmarg] model text
0    10       Occasionally,[130Sel] with[40sel]         [  0, 20;  0,  0]       S:1     Occasionally, interspersed with
1    10       obvious[70sel]        might[50sel]        [  0,  0;  0,  0]       C:1   obvious paragraph text, you might
2    10       find[40sel]           dialogue[80sel]     [  0,  0; 10,  0]       C:1   find short exchanges of dialogue
3    10       between[70sel]        characters.[110sEl] [  0,  0;140,  0]       C:1   between characters.
4    10       'Oh?'[50SEl]          'Oh?'[50sEl]        [  0, 20;260,  0]       S:1     'Oh?'
5    10       'Don't[60SEl]         confused!'[100sEl]  [  0, 20;110,  0]       S:1     'Don't be confused!'
6    10       'Not[40SEl]           me!'[40sEl]         [  0, 20;220,  0]       S:1     'Not me!'
7    10       One[30Sel]            to[20sel]           [  0, 20; 10,  0]       S:1     One naive approach would be to
8    10       mark[40sel]           one[30sel]          [  0,  0;  0,  0]       C:1   mark a new paragraph whenever one
9    10       of[20sel]             or[20sel]           [  0,  0;  0,  0]       C:1   of the statistics (left, right or
10   10       center)[70sel]        text-[50sel]        [  0,  0;  0,  0]       C:1   center)  changes  from  one text-
11   10       line[40sel]           an[20sel]           [  0,  0;  0,  0]       C:1   line  to  the  next.    Such   an
12   10       approach[80sel]       the[30sel]          [  0,  0;  0,  0]       C:1   approach  would  misclassify  the
13   10       tiny[40sel]           single[60sel]       [  0,  0;  0,  0]       C:1   tiny paragraphs above as a single
14   10       paragraph.[100sel]    paragraph.[100sEl]  [  0,  0;230,  0]       C:1   paragraph.
Active Paragraph Models:
 1: margin: 0, first_indent: 20, body_indent: 0, alignment: LEFT
# End of Pass 3
#row space .. lword[widthSEL]       rword[widthSEL]     [lmarg,lind;rind,rmarg] model text
0    10       Occasionally,[130Sel] with[40sel]         [  0, 20;  0,  0]       S:1     Occasionally, interspersed with
1    10       obvious[70sel]        might[50sel]        [  0,  0;  0,  0]       C:1   obvious paragraph text, you might
2    10       find[40sel]           dialogue[80sel]     [  0,  0; 10,  0]       C:1   find short exchanges of dialogue
3    10       between[70sel]        characters.[110sEl] [  0,  0;140,  0]       C:1   between characters.
4    10       'Oh?'[50SEl]          'Oh?'[50sEl]        [  0, 20;260,  0]       S:1     'Oh?'
5    10       'Don't[60SEl]         confused!'[100sEl]  [  0, 20;110,  0]       S:1     'Don't be confused!'
6    10       'Not[40SEl]           me!'[40sEl]         [  0, 20;220,  0]       S:1     'Not me!'
7    10       One[30Sel]            to[20sel]           [  0, 20; 10,  0]       S:1     One naive approach would be to
8    10       mark[40sel]           one[30sel]          [  0,  0;  0,  0]       C:1   mark a new paragraph whenever one
9    10       of[20sel]             or[20sel]           [  0,  0;  0,  0]       C:1   of the statistics (left, right or
10   10       center)[70sel]        text-[50sel]        [  0,  0;  0,  0]       C:1   center)  changes  from  one text-
11   10       line[40sel]           an[20sel]           [  0,  0;  0,  0]       C:1   line  to  the  next.    Such   an
12   10       approach[80sel]       the[30sel]          [  0,  0;  0,  0]       C:1   approach  would  misclassify  the
13   10       tiny[40sel]           single[60sel]       [  0,  0;  0,  0]       C:1   tiny paragraphs above as a single
14   10       paragraph.[100sel]    paragraph.[100sEl]  [  0,  0;230,  0]       C:1   paragraph.
Active Paragraph Models:
 1: margin: 0, first_indent: 20, body_indent: 0, alignment: LEFT
# End of Pass 4
#row space .. lword[widthSEL]       rword[widthSEL]     [lmarg,lind;rind,rmarg] model text
0    10       Occasionally,[130Sel] with[40sel]         [  0, 20;  0,  0]       S:1     Occasionally, interspersed with
1    10       obvious[70sel]        might[50sel]        [  0,  0;  0,  0]       C:1   obvious paragraph text, you might
2    10       find[40sel]           dialogue[80sel]     [  0,  0; 10,  0]       C:1   find short exchanges of dialogue
3    10       between[70sel]        characters.[110sEl] [  0,  0;140,  0]       C:1   between characters.
4    10       'Oh?'[50SEl]          'Oh?'[50sEl]        [  0, 20;260,  0]       S:1     'Oh?'
5    10       'Don't[60SEl]         confused!'[100sEl]  [  0, 20;110,  0]       S:1     'Don't be confused!'
6    10       'Not[40SEl]           me!'[40sEl]         [  0, 20;220,  0]       S:1     'Not me!'
7    10       One[30Sel]            to[20sel]           [  0, 20; 10,  0]       S:1     One naive approach would be to
8    10       mark[40sel]           one[30sel]          [  0,  0;  0,  0]       C:1   mark a new paragraph whenever one
9    10       of[20sel]             or[20sel]           [  0,  0;  0,  0]       C:1   of the statistics (left, right or
10   10       center)[70sel]        text-[50sel]        [  0,  0;  0,  0]       C:1   center)  changes  from  one text-
11   10       line[40sel]           an[20sel]           [  0,  0;  0,  0]       C:1   line  to  the  next.    Such   an
12   10       approach[80sel]       the[30sel]          [  0,  0;  0,  0]       C:1   approach  would  misclassify  the
13   10       tiny[40sel]           single[60sel]       [  0,  0;  0,  0]       C:1   tiny paragraphs above as a single
14   10       paragraph.[100sel]    paragraph.[100sEl]  [  0,  0;230,  0]       C:1   paragraph.
Active Paragraph Models:
 1: margin: 0, first_indent: 20, body_indent: 0, alignment: LEFT
# Final Paragraph Segmentation
#row space .. lword[widthSEL]       rword[widthSEL]     [lmarg,lind;rind,rmarg] model text
0    10       Occasionally,[130Sel] with[40sel]         [  0, 20;  0,  0]       S:1     Occasionally, interspersed with
1    10       obvious[70sel]        might[50sel]        [  0,  0;  0,  0]       C:1   obvious paragraph text, you might
2    10       find[40sel]           dialogue[80sel]     [  0,  0; 10,  0]       C:1   find short exchanges of dialogue
3    10       between[70sel]        characters.[110sEl] [  0,  0;140,  0]       C:1   between characters.
4    10       'Oh?'[50SEl]          'Oh?'[50sEl]        [  0, 20;260,  0]       S:1     'Oh?'
5    10       'Don't[60SEl]         confused!'[100sEl]  [  0, 20;110,  0]       S:1     'Don't be confused!'
6    10       'Not[40SEl]           me!'[40sEl]         [  0, 20;220,  0]       S:1     'Not me!'
7    10       One[30Sel]            to[20sel]           [  0, 20; 10,  0]       S:1     One naive approach would be to
8    10       mark[40sel]           one[30sel]          [  0,  0;  0,  0]       C:1   mark a new paragraph whenever one
9    10       of[20sel]             or[20sel]           [  0,  0;  0,  0]       C:1   of the statistics (left, right or
10   10       center)[70sel]        text-[50sel]        [  0,  0;  0,  0]       C:1   center)  changes  from  one text-
11   10       line[40sel]           an[20sel]           [  0,  0;  0,  0]       C:1   line  to  the  next.    Such   an
12   10       approach[80sel]       the[30sel]          [  0,  0;  0,  0]       C:1   approach  would  misclassify  the
13   10       tiny[40sel]           single[60sel]       [  0,  0;  0,  0]       C:1   tiny paragraphs above as a single
14   10       paragraph.[100sel]    paragraph.[100sEl]  [  0,  0;230,  0]       C:1   paragraph.
Active Paragraph Models:
 1: margin: 0, first_indent: 20, body_indent: 0, alignment: LEFT
# End of Pass 1
#row space .. lword[widthSEL]    rword[widthSEL]      [lmarg,lind;rind,rmarg] model text
0    10       Awesome[70Sel]     Awesome[70sel]       [  0, 70;180,  0]       U:0          Awesome
1    10       Centered[80Sel]    Title[50sel]         [  0, 30;150,  0]       U:0      Centered Title
2    10       Paragraph[90Sel]   Detection[90sel]     [  0, 10;120,  0]       U:0    Paragraph Detection
3    10       OCR[30Sel]         TEAM[40sel]          [  0, 60;180,  0]       U:0         OCR TEAM
4    10       10[20SeL]          2010[40SeL]          [  0, 20;140,  0]       U:0     10 November 2010
5    10       [20SeL]            [40SeL]              [  0,  0;  0,  0]       U:0
6    10       Look[40Sel]        paragraph.[100sEl]   [  0, 20;  0,  0]       U:0     Look here, I have a paragraph.
7    10       This[40Sel]        top[30sel]           [  0,  0;  0,  0]       U:0   This paragraph starts at the top
8    10       of[20sel]          lines.[60sEl]        [  0,  0; 20,  0]       U:0   of the page and takes 3 lines.
9    10       Here[40Sel]        paragraph[90sel]     [  0, 20;  0,  0]       U:0     Here I have a second paragraph
10   10       which[50sel]       first[50sel]         [  0,  0; 20,  0]       U:0   which indicates that the first
11   10       paragraph[90sel]   continuation[120sel] [  0,  0; 10,  0]       U:0   paragraph is not a continuation
12   10       from[40sel]        is[20sel]            [  0,  0; 20,  0]       U:0   from a previous page, as it is
13   10       indented[80sel]    second[60sel]        [  0,  0; 20,  0]       U:0   indented just like this second
14   10       paragraph.[100sel] paragraph.[100sEl]   [  0,  0;220,  0]       U:0   paragraph.
15   10       Here[40Sel]        It[20sel]            [  0, 30; 40,  0]       U:0      Here is a block quote. It
16   10       looks[50sel]       text[40sel]          [  0, 30; 40,  0]       U:0      looks like the prior text
17   10       but[30sel]         more[40sel]          [  0, 30; 40,  0]       U:0      but it  is indented  more
18   10       and[30sel]         justified.[100sEl]   [  0, 30; 60,  0]       U:0      and is fully justified.
19   10       So[20Sel]          with[40sel]          [  0, 20; 50,  0]       U:0     So how does one deal with
20   10       centered[80sel]    quotes,[70sel]       [  0,  0; 40,  0]       U:0   centered text, block quotes,
21   10       normal[60sel]      lists[50sel]         [  0,  0; 40,  0]       U:0   normal paragraphs, and lists
22   10       like[40sel]        follows?[80sEl]      [  0,  0;140,  0]       U:0   like what follows?
23   10       1.[20SeL]          plan.[50sEl]         [  0,  0;170,  0]       U:0   1. Make a plan.
24   10       2.[20SeL]          example,[80sel]      [  0,  0;  0,  0]       U:0   2. Use a heuristic, for example,
25   10       looking[70sel]     the[30sel]           [  0, 30; 20,  0]       U:0      looking for lines where the
26   10       first[50sel]       line[40sel]          [  0, 30; 20,  0]       U:0      first word of the next line
27   10       would[50sel]       previous[80sel]      [  0, 30; 40,  0]       U:0      would fit on the previous
28   10       line.[50sel]       line.[50sEl]         [  0, 30;240,  0]       U:0      line.
29   10       8.[20SeL]          in[20sel]            [  0,  0; 10,  0]       U:0   8. Try to implement the plan in
30   10       Python[60Sel]      out.[40sEl]          [  0, 30; 70,  0]       U:0      Python and try it out.
31   10       4.[20SeL]          the[30sel]           [  0,  0; 50,  0]       U:0   4. Determine how to fix the
32   10       mistakes.[90sel]   mistakes.[90sEl]     [  0, 30;200,  0]       U:0      mistakes.
33   10       5.[20SeL]          Repeat.[70sEl]       [  0,  0;220,  0]       U:0   5. Repeat.
34   10       For[30Sel]         work[40sel]          [  0, 20;  0,  0]       U:0     For extra painful penalty work
35   10       you[30sel]         source[60sel]        [  0,  0; 20,  0]       U:0   you can try to identify source
36   10       code.[50sel]       Ouch![50sEl]         [  0,  0;200,  0]       U:0   code.  Ouch!
Active Paragraph Models:
#############################################
# StrongEvidenceClassify( rows[0:5) )
#############################################
# Initial strong signals.
#row space .. lword[widthSEL]    rword[widthSEL]      [lmarg,lind;rind,rmarg] model text
0    10       Awesome[70Sel]     Awesome[70sel]       [ 11, 59; 59,121]       S:0          Awesome
1    10       Centered[80Sel]    Title[50sel]         [ 11, 19; 29,121]       U:0      Centered Title
2    10       Paragraph[90Sel]   Detection[90sel]     [ 11, -1; -1,121]       U:0    Paragraph Detection
3    10       OCR[30Sel]         TEAM[40sel]          [ 11, 49; 59,121]       U:0         OCR TEAM
4    10       10[20SeL]          2010[40SeL]          [ 11,  9; 19,121]       U:0     10 November 2010
5    10       [20SeL]            [40SeL]              [  0,  0;  0,  0]       U:0
6    10       Look[40Sel]        paragraph.[100sEl]   [  0, 20;  0,  0]       U:0     Look here, I have a paragraph.
7    10       This[40Sel]        top[30sel]           [  0,  0;  0,  0]       U:0   This paragraph starts at the top
8    10       of[20sel]          lines.[60sEl]        [  0,  0; 20,  0]       U:0   of the page and takes 3 lines.
9    10       Here[40Sel]        paragraph[90sel]     [  0, 20;  0,  0]       U:0     Here I have a second paragraph
10   10       which[50sel]       first[50sel]         [  0,  0; 20,  0]       U:0   which indicates that the first
11   10       paragraph[90sel]   continuation[120sel] [  0,  0; 10,  0]       U:0   paragraph is not a continuation
12   10       from[40sel]        is[20sel]            [  0,  0; 20,  0]       U:0   from a previous page, as it is
13   10       indented[80sel]    second[60sel]        [  0,  0; 20,  0]       U:0   indented just like this second
14   10       paragraph.[100sel] paragraph.[100sEl]   [  0,  0;220,  0]       U:0   paragraph.
15   10       Here[40Sel]        It[20sel]            [  0, 30; 40,  0]       U:0      Here is a block quote. It
16   10       looks[50sel]       text[40sel]          [  0, 30; 40,  0]       U:0      looks like the prior text
17   10       but[30sel]         more[40sel]          [  0, 30; 40,  0]       U:0      but it  is indented  more
18   10       and[30sel]         justified.[100sEl]   [  0, 30; 60,  0]       U:0      and is fully justified.
19   10       So[20Sel]          with[40sel]          [  0, 20; 50,  0]       U:0     So how does one deal with
20   10       centered[80sel]    quotes,[70sel]       [  0,  0; 40,  0]       U:0   centered text, block quotes,
21   10       normal[60sel]      lists[50sel]         [  0,  0; 40,  0]       U:0   normal paragraphs, and lists
22   10       like[40sel]        follows?[80sEl]      [  0,  0;140,  0]       U:0   like what follows?
23   10       1.[20SeL]          plan.[50sEl]         [  0,  0;170,  0]       U:0   1. Make a plan.
24   10       2.[20SeL]          example,[80sel]      [  0,  0;  0,  0]       U:0   2. Use a heuristic, for example,
25   10       looking[70sel]     the[30sel]           [  0, 30; 20,  0]       U:0      looking for lines where the
26   10       first[50sel]       line[40sel]          [  0, 30; 20,  0]       U:0      first word of the next line
27   10       would[50sel]       previous[80sel]      [  0, 30; 40,  0]       U:0      would fit on the previous
28   10       line.[50sel]       line.[50sEl]         [  0, 30;240,  0]       U:0      line.
29   10       8.[20SeL]          in[20sel]            [  0,  0; 10,  0]       U:0   8. Try to implement the plan in
30   10       Python[60Sel]      out.[40sEl]          [  0, 30; 70,  0]       U:0      Python and try it out.
31   10       4.[20SeL]          the[30sel]           [  0,  0; 50,  0]       U:0   4. Determine how to fix the
32   10       mistakes.[90sel]   mistakes.[90sEl]     [  0, 30;200,  0]       U:0      mistakes.
33   10       5.[20SeL]          Repeat.[70sEl]       [  0,  0;220,  0]       U:0   5. Repeat.
34   10       For[30Sel]         work[40sel]          [  0, 20;  0,  0]       U:0     For extra painful penalty work
35   10       you[30sel]         source[60sel]        [  0,  0; 20,  0]       U:0   you can try to identify source
36   10       code.[50sel]       Ouch![50sEl]         [  0,  0;200,  0]       U:0   code.  Ouch!
Active Paragraph Models:
# Unsmeared hypotheses.s.
#row space .. lword[widthSEL]    rword[widthSEL]      [lmarg,lind;rind,rmarg] model text
0    10       Awesome[70Sel]     Awesome[70sel]       [ 11, 59; 59,121]       S:1          Awesome
1    10       Centered[80Sel]    Title[50sel]         [ 11, 19; 29,121]       C:1      Centered Title
2    10       Paragraph[90Sel]   Detection[90sel]     [ 11, -1; -1,121]       C:1    Paragraph Detection
3    10       OCR[30Sel]         TEAM[40sel]          [ 11, 49; 59,121]       C:1         OCR TEAM
4    10       10[20SeL]          2010[40SeL]          [ 11,  9; 19,121]       U:0     10 November 2010
5    10       [20SeL]            [40SeL]              [  0,  0;  0,  0]       U:0
6    10       Look[40Sel]        paragraph.[100sEl]   [  0, 20;  0,  0]       U:0     Look here, I have a paragraph.
7    10       This[40Sel]        top[30sel]           [  0,  0;  0,  0]       U:0   This paragraph starts at the top
8    10       of[20sel]          lines.[60sEl]        [  0,  0; 20,  0]       U:0   of the page and takes 3 lines.
9    10       Here[40Sel]        paragraph[90sel]     [  0, 20;  0,  0]       U:0     Here I have a second paragraph
10   10       which[50sel]       first[50sel]         [  0,  0; 20,  0]       U:0   which indicates that the first
11   10       paragraph[90sel]   continuation[120sel] [  0,  0; 10,  0]       U:0   paragraph is not a continuation
12   10       from[40sel]        is[20sel]            [  0,  0; 20,  0]       U:0   from a previous page, as it is
13   10       indented[80sel]    second[60sel]        [  0,  0; 20,  0]       U:0   indented just like this second
14   10       paragraph.[100sel] paragraph.[100sEl]   [  0,  0;220,  0]       U:0   paragraph.
15   10       Here[40Sel]        It[20sel]            [  0, 30; 40,  0]       U:0      Here is a block quote. It
16   10       looks[50sel]       text[40sel]          [  0, 30; 40,  0]       U:0      looks like the prior text
17   10       but[30sel]         more[40sel]          [  0, 30; 40,  0]       U:0      but it  is indented  more
18   10       and[30sel]         justified.[100sEl]   [  0, 30; 60,  0]       U:0      and is fully justified.
19   10       So[20Sel]          with[40sel]          [  0, 20; 50,  0]       U:0     So how does one deal with
20   10       centered[80sel]    quotes,[70sel]       [  0,  0; 40,  0]       U:0   centered text, block quotes,
21   10       normal[60sel]      lists[50sel]         [  0,  0; 40,  0]       U:0   normal paragraphs, and lists
22   10       like[40sel]        follows?[80sEl]      [  0,  0;140,  0]       U:0   like what follows?
23   10       1.[20SeL]          plan.[50sEl]         [  0,  0;170,  0]       U:0   1. Make a plan.
24   10       2.[20SeL]          example,[80sel]      [  0,  0;  0,  0]       U:0   2. Use a heuristic, for example,
25   10       looking[70sel]     the[30sel]           [  0, 30; 20,  0]       U:0      looking for lines where the
26   10       first[50sel]       line[40sel]          [  0, 30; 20,  0]       U:0      first word of the next line
27   10       would[50sel]       previous[80sel]      [  0, 30; 40,  0]       U:0      would fit on the previous
28   10       line.[50sel]       line.[50sEl]         [  0, 30;240,  0]       U:0      line.
29   10       8.[20SeL]          in[20sel]            [  0,  0; 10,  0]       U:0   8. Try to implement the plan in
30   10       Python[60Sel]      out.[40sEl]          [  0, 30; 70,  0]       U:0      Python and try it out.
31   10       4.[20SeL]          the[30sel]           [  0,  0; 50,  0]       U:0   4. Determine how to fix the
32   10       mistakes.[90sel]   mistakes.[90sEl]     [  0, 30;200,  0]       U:0      mistakes.
33   10       5.[20SeL]          Repeat.[70sEl]       [  0,  0;220,  0]       U:0   5. Repeat.
34   10       For[30Sel]         work[40sel]          [  0, 20;  0,  0]       U:0     For extra painful penalty work
35   10       you[30sel]         source[60sel]        [  0,  0; 20,  0]       U:0   you can try to identify source
36   10       code.[50sel]       Ouch![50sEl]         [  0,  0;200,  0]       U:0   code.  Ouch!
Active Paragraph Models:
 1: margin: 0, first_indent: 0, body_indent: 0, alignment: CENTER
#############################################
# StrongEvidenceClassify( rows[6:37) )
#############################################
# Initial strong signals.
#row space .. lword[widthSEL]    rword[widthSEL]      [lmarg,lind;rind,rmarg] model text
0    10       Awesome[70Sel]     Awesome[70sel]       [ 11, 59; 59,121]       S:1          Awesome
1    10       Centered[80Sel]    Title[50sel]         [ 11, 19; 29,121]       C:1      Centered Title
2    10       Paragraph[90Sel]   Detection[90sel]     [ 11, -1; -1,121]       C:1    Paragraph Detection
3    10       OCR[30Sel]         TEAM[40sel]          [ 11, 49; 59,121]       C:1         OCR TEAM
4    10       10[20SeL]          2010[40SeL]          [ 11,  9; 19,121]       C:1     10 November 2010
5    10       [20SeL]            [40SeL]              [  0,  0;  0,  0]       U:0
6    10       Look[40Sel]        paragraph.[100sEl]   [  0, 20;  0,  0]       S:0     Look here, I have a paragraph.
7    10       This[40Sel]        top[30sel]           [  0,  0;  0,  0]       U:0   This paragraph starts at the top
8    10       of[20sel]          lines.[60sEl]        [  0,  0; 20,  0]       C:0   of the page and takes 3 lines.
9    10       Here[40Sel]        paragraph[90sel]     [  0, 20;  0,  0]       U:0     Here I have a second paragraph
10   10       which[50sel]       first[50sel]         [  0,  0; 20,  0]       C:0   which indicates that the first
11   10       paragraph[90sel]   continuation[120sel] [  0,  0; 10,  0]       C:0   paragraph is not a continuation
12   10       from[40sel]        is[20sel]            [  0,  0; 20,  0]       C:0   from a previous page, as it is
13   10       indented[80sel]    second[60sel]        [  0,  0; 20,  0]       C:0   indented just like this second
14   10       paragraph.[100sel] paragraph.[100sEl]   [  0,  0;220,  0]       C:0   paragraph.
15   10       Here[40Sel]        It[20sel]            [  0, 30; 40,  0]       S:0      Here is a block quote. It
16   10       looks[50sel]       text[40sel]          [  0, 30; 40,  0]       C:0      looks like the prior text
17   10       but[30sel]         more[40sel]          [  0, 30; 40,  0]       C:0      but it  is indented  more
18   10       and[30sel]         justified.[100sEl]   [  0, 30; 60,  0]       C:0      and is fully justified.
19   10       So[20Sel]          with[40sel]          [  0, 20; 50,  0]       S:0     So how does one deal with
20   10       centered[80sel]    quotes,[70sel]       [  0,  0; 40,  0]       C:0   centered text, block quotes,
21   10       normal[60sel]      lists[50sel]         [  0,  0; 40,  0]       C:0   normal paragraphs, and lists
22   10       like[40sel]        follows?[80sEl]      [  0,  0;140,  0]       C:0   like what follows?
23   10       1.[20SeL]          plan.[50sEl]         [  0,  0;170,  0]       U:0   1. Make a plan.
24   10       2.[20SeL]          example,[80sel]      [  0,  0;  0,  0]       S:0   2. Use a heuristic, for example,
25   10       looking[70sel]     the[30sel]           [  0, 30; 20,  0]       C:0      looking for lines where the
26   10       first[50sel]       line[40sel]          [  0, 30; 20,  0]       C:0      first word of the next line
27   10       would[50sel]       previous[80sel]      [  0, 30; 40,  0]       C:0      would fit on the previous
28   10       line.[50sel]       line.[50sEl]         [  0, 30;240,  0]       C:0      line.
29   10       8.[20SeL]          in[20sel]            [  0,  0; 10,  0]       S:0   8. Try to implement the plan in
30   10       Python[60Sel]      out.[40sEl]          [  0, 30; 70,  0]       U:0      Python and try it out.
31   10       4.[20SeL]          the[30sel]           [  0,  0; 50,  0]       S:0   4. Determine how to fix the
32   10       mistakes.[90sel]   mistakes.[90sEl]     [  0, 30;200,  0]       C:0      mistakes.
33   10       5.[20SeL]          Repeat.[70sEl]       [  0,  0;220,  0]       U:0   5. Repeat.
34   10       For[30Sel]         work[40sel]          [  0, 20;  0,  0]       S:0     For extra painful penalty work
35   10       you[30sel]         source[60sel]        [  0,  0; 20,  0]       C:0   you can try to identify source
36   10       code.[50sel]       Ouch![50sEl]         [  0,  0;200,  0]       C:0   code.  Ouch!
Active Paragraph Models:
 1: margin: 0, first_indent: 0, body_indent: 0, alignment: CENTER
Could not determine a model for this paragraph:
======================================
   Here is a block quote. It
   looks like the prior text
======================================
Could not determine a model for this paragraph:
======================================
8. Try to implement the plan in
   Python and try it out.
======================================
Could not determine a model for this paragraph:
======================================
4. Determine how to fix the
   mistakes.
======================================
Could not determine a model for this paragraph:
======================================
  For extra painful penalty work
you can try to identify source
======================================
# Unsmeared hypotheses.s.
#row space .. lword[widthSEL]    rword[widthSEL]      [lmarg,lind;rind,rmarg] model text
0    10       Awesome[70Sel]     Awesome[70sel]       [ 11, 59; 59,121]       S:1          Awesome
1    10       Centered[80Sel]    Title[50sel]         [ 11, 19; 29,121]       C:1      Centered Title
2    10       Paragraph[90Sel]   Detection[90sel]     [ 11, -1; -1,121]       C:1    Paragraph Detection
3    10       OCR[30Sel]         TEAM[40sel]          [ 11, 49; 59,121]       C:1         OCR TEAM
4    10       10[20SeL]          2010[40SeL]          [ 11,  9; 19,121]       C:1     10 November 2010
5    10       [20SeL]            [40SeL]              [  0,  0;  0,  0]       U:0
6    10       Look[40Sel]        paragraph.[100sEl]   [  0, 20;  0,  0]       S:2     Look here, I have a paragraph.
7    10       This[40Sel]        top[30sel]           [  0,  0;  0,  0]       C:2   This paragraph starts at the top
8    10       of[20sel]          lines.[60sEl]        [  0,  0; 20,  0]       C:2   of the page and takes 3 lines.
9    10       Here[40Sel]        paragraph[90sel]     [  0, 20;  0,  0]       U:0     Here I have a second paragraph
10   10       which[50sel]       first[50sel]         [  0,  0; 20,  0]       C:0   which indicates that the first
11   10       paragraph[90sel]   continuation[120sel] [  0,  0; 10,  0]       C:0   paragraph is not a continuation
12   10       from[40sel]        is[20sel]            [  0,  0; 20,  0]       C:0   from a previous page, as it is
13   10       indented[80sel]    second[60sel]        [  0,  0; 20,  0]       C:0   indented just like this second
14   10       paragraph.[100sel] paragraph.[100sEl]   [  0,  0;220,  0]       C:0   paragraph.
15   10       Here[40Sel]        It[20sel]            [  0, 30; 40,  0]       S:0      Here is a block quote. It
16   10       looks[50sel]       text[40sel]          [  0, 30; 40,  0]       C:0      looks like the prior text
17   10       but[30sel]         more[40sel]          [  0, 30; 40,  0]       C:0      but it  is indented  more
18   10       and[30sel]         justified.[100sEl]   [  0, 30; 60,  0]       C:0      and is fully justified.
19   10       So[20Sel]          with[40sel]          [  0, 20; 50,  0]       S:2     So how does one deal with
20   10       centered[80sel]    quotes,[70sel]       [  0,  0; 40,  0]       C:2   centered text, block quotes,
21   10       normal[60sel]      lists[50sel]         [  0,  0; 40,  0]       C:2   normal paragraphs, and lists
22   10       like[40sel]        follows?[80sEl]      [  0,  0;140,  0]       C:2   like what follows?
23   10       1.[20SeL]          plan.[50sEl]         [  0,  0;170,  0]       U:0   1. Make a plan.
24   10       2.[20SeL]          example,[80sel]      [  0,  0;  0,  0]       S:3   2. Use a heuristic, for example,
25   10       looking[70sel]     the[30sel]           [  0, 30; 20,  0]       C:3      looking for lines where the
26   10       first[50sel]       line[40sel]          [  0, 30; 20,  0]       C:3      first word of the next line
27   10       would[50sel]       previous[80sel]      [  0, 30; 40,  0]       C:3      would fit on the previous
28   10       line.[50sel]       line.[50sEl]         [  0, 30;240,  0]       C:3      line.
29   10       8.[20SeL]          in[20sel]            [  0,  0; 10,  0]       S:0   8. Try to implement the plan in
30   10       Python[60Sel]      out.[40sEl]          [  0, 30; 70,  0]       U:0      Python and try it out.
31   10       4.[20SeL]          the[30sel]           [  0,  0; 50,  0]       S:0   4. Determine how to fix the
32   10       mistakes.[90sel]   mistakes.[90sEl]     [  0, 30;200,  0]       C:0      mistakes.
33   10       5.[20SeL]          Repeat.[70sEl]       [  0,  0;220,  0]       U:0   5. Repeat.
34   10       For[30Sel]         work[40sel]          [  0, 20;  0,  0]       S:0     For extra painful penalty work
35   10       you[30sel]         source[60sel]        [  0,  0; 20,  0]       C:0   you can try to identify source
36   10       code.[50sel]       Ouch![50sEl]         [  0,  0;200,  0]       C:0   code.  Ouch!
Active Paragraph Models:
 1: margin: 0, first_indent: 0, body_indent: 0, alignment: CENTER
 2: margin: 0, first_indent: 20, body_indent: 0, alignment: LEFT
 3: margin: 0, first_indent: 0, body_indent: 30, alignment: LEFT
#############################################
# StrongEvidenceClassify( rows[15:19) )
#############################################
# Initial strong signals.
#row space .. lword[widthSEL]    rword[widthSEL]      [lmarg,lind;rind,rmarg] model text
0    10       Awesome[70Sel]     Awesome[70sel]       [ 11, 59; 59,121]       S:1          Awesome
1    10       Centered[80Sel]    Title[50sel]         [ 11, 19; 29,121]       C:1      Centered Title
2    10       Paragraph[90Sel]   Detection[90sel]     [ 11, -1; -1,121]       C:1    Paragraph Detection
3    10       OCR[30Sel]         TEAM[40sel]          [ 11, 49; 59,121]       C:1         OCR TEAM
4    10       10[20SeL]          2010[40SeL]          [ 11,  9; 19,121]       C:1     10 November 2010
5    10       [20SeL]            [40SeL]              [  0,  0;  0,  0]       U:0
6    10       Look[40Sel]        paragraph.[100sEl]   [  0, 20;  0,  0]       S:2     Look here, I have a paragraph.
7    10       This[40Sel]        top[30sel]           [  0,  0;  0,  0]       C:2   This paragraph starts at the top
8    10       of[20sel]          lines.[60sEl]        [  0,  0; 20,  0]       C:2   of the page and takes 3 lines.
9    10       Here[40Sel]        paragraph[90sel]     [  0, 20;  0,  0]       S:2     Here I have a second paragraph
10   10       which[50sel]       first[50sel]         [  0,  0; 20,  0]       C:2   which indicates that the first
11   10       paragraph[90sel]   continuation[120sel] [  0,  0; 10,  0]       C:2   paragraph is not a continuation
12   10       from[40sel]        is[20sel]            [  0,  0; 20,  0]       C:2   from a previous page, as it is
13   10       indented[80sel]    second[60sel]        [  0,  0; 20,  0]       C:2   indented just like this second
14   10       paragraph.[100sel] paragraph.[100sEl]   [  0,  0;220,  0]       C:2   paragraph.
15   10       Here[40Sel]        It[20sel]            [ 30,  0;  0, 40]       S:0      Here is a block quote. It
16   10       looks[50sel]       text[40sel]          [ 30,  0;  0, 40]       C:0      looks like the prior text
17   10       but[30sel]         more[40sel]          [ 30,  0;  0, 40]       C:0      but it  is indented  more
18   10       and[30sel]         justified.[100sEl]   [ 30,  0; 20, 40]       C:0      and is fully justified.
19   10       So[20Sel]          with[40sel]          [  0, 20; 50,  0]       S:2     So how does one deal with
20   10       centered[80sel]    quotes,[70sel]       [  0,  0; 40,  0]       C:2   centered text, block quotes,
21   10       normal[60sel]      lists[50sel]         [  0,  0; 40,  0]       C:2   normal paragraphs, and lists
22   10       like[40sel]        follows?[80sEl]      [  0,  0;140,  0]       C:2   like what follows?
23   10       1.[20SeL]          plan.[50sEl]         [  0,  0;170,  0]       S:3   1. Make a plan.
24   10       2.[20SeL]          example,[80sel]      [  0,  0;  0,  0]       S:3   2. Use a heuristic, for example,
25   10       looking[70sel]     the[30sel]           [  0, 30; 20,  0]       C:3      looking for lines where the
26   10       first[50sel]       line[40sel]          [  0, 30; 20,  0]       C:3      first word of the next line
27   10       would[50sel]       previous[80sel]      [  0, 30; 40,  0]       C:3      would fit on the previous
28   10       line.[50sel]       line.[50sEl]         [  0, 30;240,  0]       C:3      line.
29   10       8.[20SeL]          in[20sel]            [  0,  0; 10,  0]       S:3   8. Try to implement the plan in
30   10       Python[60Sel]      out.[40sEl]          [  0, 30; 70,  0]       C:3      Python and try it out.
31   10       4.[20SeL]          the[30sel]           [  0,  0; 50,  0]       S:3   4. Determine how to fix the
32   10       mistakes.[90sel]   mistakes.[90sEl]     [  0, 30;200,  0]       C:3      mistakes.
33   10       5.[20SeL]          Repeat.[70sEl]       [  0,  0;220,  0]       S:3   5. Repeat.
34   10       For[30Sel]         work[40sel]          [  0, 20;  0,  0]       S:2     For extra painful penalty work
35   10       you[30sel]         source[60sel]        [  0,  0; 20,  0]       C:2   you can try to identify source
36   10       code.[50sel]       Ouch![50sEl]         [  0,  0;200,  0]       C:2   code.  Ouch!
Active Paragraph Models:
 1: margin: 0, first_indent: 0, body_indent: 0, alignment: CENTER
 2: margin: 0, first_indent: 20, body_indent: 0, alignment: LEFT
 3: margin: 0, first_indent: 0, body_indent: 30, alignment: LEFT
Could not determine a model for this paragraph:
======================================
   Here is a block quote. It
   looks like the prior text
======================================
# Unsmeared hypotheses.s.
#row space .. lword[widthSEL]    rword[widthSEL]      [lmarg,lind;rind,rmarg] model text
0    10       Awesome[70Sel]     Awesome[70sel]       [ 11, 59; 59,121]       S:1          Awesome
1    10       Centered[80Sel]    Title[50sel]         [ 11, 19; 29,121]       C:1      Centered Title
2    10       Paragraph[90Sel]   Detection[90sel]     [ 11, -1; -1,121]       C:1    Paragraph Detection
3    10       OCR[30Sel]         TEAM[40sel]          [ 11, 49; 59,121]       C:1         OCR TEAM
4    10       10[20SeL]          2010[40SeL]          [ 11,  9; 19,121]       C:1     10 November 2010
5    10       [20SeL]            [40SeL]              [  0,  0;  0,  0]       U:0
6    10       Look[40Sel]        paragraph.[100sEl]   [  0, 20;  0,  0]       S:2     Look here, I have a paragraph.
7    10       This[40Sel]        top[30sel]           [  0,  0;  0,  0]       C:2   This paragraph starts at the top
8    10       of[20sel]          lines.[60sEl]        [  0,  0; 20,  0]       C:2   of the page and takes 3 lines.
9    10       Here[40Sel]        paragraph[90sel]     [  0, 20;  0,  0]       S:2     Here I have a second paragraph
10   10       which[50sel]       first[50sel]         [  0,  0; 20,  0]       C:2   which indicates that the first
11   10       paragraph[90sel]   continuation[120sel] [  0,  0; 10,  0]       C:2   paragraph is not a continuation
12   10       from[40sel]        is[20sel]            [  0,  0; 20,  0]       C:2   from a previous page, as it is
13   10       indented[80sel]    second[60sel]        [  0,  0; 20,  0]       C:2   indented just like this second
14   10       paragraph.[100sel] paragraph.[100sEl]   [  0,  0;220,  0]       C:2   paragraph.
15   10       Here[40Sel]        It[20sel]            [ 30,  0;  0, 40]       S:0      Here is a block quote. It
16   10       looks[50sel]       text[40sel]          [ 30,  0;  0, 40]       C:0      looks like the prior text
17   10       but[30sel]         more[40sel]          [ 30,  0;  0, 40]       C:0      but it  is indented  more
18   10       and[30sel]         justified.[100sEl]   [ 30,  0; 20, 40]       C:0      and is fully justified.
19   10       So[20Sel]          with[40sel]          [  0, 20; 50,  0]       S:2     So how does one deal with
20   10       centered[80sel]    quotes,[70sel]       [  0,  0; 40,  0]       C:2   centered text, block quotes,
21   10       normal[60sel]      lists[50sel]         [  0,  0; 40,  0]       C:2   normal paragraphs, and lists
22   10       like[40sel]        follows?[80sEl]      [  0,  0;140,  0]       C:2   like what follows?
23   10       1.[20SeL]          plan.[50sEl]         [  0,  0;170,  0]       S:3   1. Make a plan.
24   10       2.[20SeL]          example,[80sel]      [  0,  0;  0,  0]       S:3   2. Use a heuristic, for example,
25   10       looking[70sel]     the[30sel]           [  0, 30; 20,  0]       C:3      looking for lines where the
26   10       first[50sel]       line[40sel]          [  0, 30; 20,  0]       C:3      first word of the next line
27   10       would[50sel]       previous[80sel]      [  0, 30; 40,  0]       C:3      would fit on the previous
28   10       line.[50sel]       line.[50sEl]         [  0, 30;240,  0]       C:3      line.
29   10       8.[20SeL]          in[20sel]            [  0,  0; 10,  0]       S:3   8. Try to implement the plan in
30   10       Python[60Sel]      out.[40sEl]          [  0, 30; 70,  0]       C:3      Python and try it out.
31   10       4.[20SeL]          the[30sel]           [  0,  0; 50,  0]       S:3   4. Determine how to fix the
32   10       mistakes.[90sel]   mistakes.[90sEl]     [  0, 30;200,  0]       C:3      mistakes.
33   10       5.[20SeL]          Repeat.[70sEl]       [  0,  0;220,  0]       S:3   5. Repeat.
34   10       For[30Sel]         work[40sel]          [  0, 20;  0,  0]       S:2     For extra painful penalty work
35   10       you[30sel]         source[60sel]        [  0,  0; 20,  0]       C:2   you can try to identify source
36   10       code.[50sel]       Ouch![50sEl]         [  0,  0;200,  0]       C:2   code.  Ouch!
Active Paragraph Models:
 1: margin: 0, first_indent: 0, body_indent: 0, alignment: CENTER
 2: margin: 0, first_indent: 20, body_indent: 0, alignment: LEFT
 3: margin: 0, first_indent: 0, body_indent: 30, alignment: LEFT
# End of Pass 2
#row space .. lword[widthSEL]    rword[widthSEL]      [lmarg,lind;rind,rmarg] model text
0    10       Awesome[70Sel]     Awesome[70sel]       [ 11, 59; 59,121]       S:1          Awesome
1    10       Centered[80Sel]    Title[50sel]         [ 11, 19; 29,121]       C:1      Centered Title
2    10       Paragraph[90Sel]   Detection[90sel]     [ 11, -1; -1,121]       C:1    Paragraph Detection
3    10       OCR[30Sel]         TEAM[40sel]          [ 11, 49; 59,121]       C:1         OCR TEAM
4    10       10[20SeL]          2010[40SeL]          [ 11,  9; 19,121]       C:1     10 November 2010
5    10       [20SeL]            [40SeL]              [  0,  0;  0,  0]       U:0
6    10       Look[40Sel]        paragraph.[100sEl]   [  0, 20;  0,  0]       S:2     Look here, I have a paragraph.
7    10       This[40Sel]        top[30sel]           [  0,  0;  0,  0]       C:2   This paragraph starts at the top
8    10       of[20sel]          lines.[60sEl]        [  0,  0; 20,  0]       C:2   of the page and takes 3 lines.
9    10       Here[40Sel]        paragraph[90sel]     [  0, 20;  0,  0]       S:2     Here I have a second paragraph
10   10       which[50sel]       first[50sel]         [  0,  0; 20,  0]       C:2   which indicates that the first
11   10       paragraph[90sel]   continuation[120sel] [  0,  0; 10,  0]       C:2   paragraph is not a continuation
12   10       from[40sel]        is[20sel]            [  0,  0; 20,  0]       C:2   from a previous page, as it is
13   10       indented[80sel]    second[60sel]        [  0,  0; 20,  0]       C:2   indented just like this second
14   10       paragraph.[100sel] paragraph.[100sEl]   [  0,  0;220,  0]       C:2   paragraph.
15   10       Here[40Sel]        It[20sel]            [ 30,  0;  0, 40]       S:0      Here is a block quote. It
16   10       looks[50sel]       text[40sel]          [ 30,  0;  0, 40]       C:0      looks like the prior text
17   10       but[30sel]         more[40sel]          [ 30,  0;  0, 40]       C:0      but it  is indented  more
18   10       and[30sel]         justified.[100sEl]   [ 30,  0; 20, 40]       C:0      and is fully justified.
19   10       So[20Sel]          with[40sel]          [  0, 20; 50,  0]       S:2     So how does one deal with
20   10       centered[80sel]    quotes,[70sel]       [  0,  0; 40,  0]       C:2   centered text, block quotes,
21   10       normal[60sel]      lists[50sel]         [  0,  0; 40,  0]       C:2   normal paragraphs, and lists
22   10       like[40sel]        follows?[80sEl]      [  0,  0;140,  0]       C:2   like what follows?
23   10       1.[20SeL]          plan.[50sEl]         [  0,  0;170,  0]       S:3   1. Make a plan.
24   10       2.[20SeL]          example,[80sel]      [  0,  0;  0,  0]       S:3   2. Use a heuristic, for example,
25   10       looking[70sel]     the[30sel]           [  0, 30; 20,  0]       C:3      looking for lines where the
26   10       first[50sel]       line[40sel]          [  0, 30; 20,  0]       C:3      first word of the next line
27   10       would[50sel]       previous[80sel]      [  0, 30; 40,  0]       C:3      would fit on the previous
28   10       line.[50sel]       line.[50sEl]         [  0, 30;240,  0]       C:3      line.
29   10       8.[20SeL]          in[20sel]            [  0,  0; 10,  0]       S:3   8. Try to implement the plan in
30   10       Python[60Sel]      out.[40sEl]          [  0, 30; 70,  0]       C:3      Python and try it out.
31   10       4.[20SeL]          the[30sel]           [  0,  0; 50,  0]       S:3   4. Determine how to fix the
32   10       mistakes.[90sel]   mistakes.[90sEl]     [  0, 30;200,  0]       C:3      mistakes.
33   10       5.[20SeL]          Repeat.[70sEl]       [  0,  0;220,  0]       S:3   5. Repeat.
34   10       For[30Sel]         work[40sel]          [  0, 20;  0,  0]       S:2     For extra painful penalty work
35   10       you[30sel]         source[60sel]        [  0,  0; 20,  0]       C:2   you can try to identify source
36   10       code.[50sel]       Ouch![50sEl]         [  0,  0;200,  0]       C:2   code.  Ouch!
Active Paragraph Models:
 1: margin: 0, first_indent: 0, body_indent: 0, alignment: CENTER
 2: margin: 0, first_indent: 20, body_indent: 0, alignment: LEFT
 3: margin: 0, first_indent: 0, body_indent: 30, alignment: LEFT
###############################################
##### GeometricClassify( rows[15:19) )   ####
###############################################
Geometry: TabStop cluster tolerance = 10; 1 left tabs; 2 right tabs
# Not enough variety for clear outline classification. Guessing these are left aligned based on script.
======================================
   Here is a block quote. It
   looks like the prior text
   but it  is indented  more
   and is fully justified.
======================================
# End of Pass 3
#row space .. lword[widthSEL]    rword[widthSEL]      [lmarg,lind;rind,rmarg] model text
0    10       Awesome[70Sel]     Awesome[70sel]       [ 11, 59; 59,121]       S:1          Awesome
1    10       Centered[80Sel]    Title[50sel]         [ 11, 19; 29,121]       C:1      Centered Title
2    10       Paragraph[90Sel]   Detection[90sel]     [ 11, -1; -1,121]       C:1    Paragraph Detection
3    10       OCR[30Sel]         TEAM[40sel]          [ 11, 49; 59,121]       C:1         OCR TEAM
4    10       10[20SeL]          2010[40SeL]          [ 11,  9; 19,121]       C:1     10 November 2010
5    10       [20SeL]            [40SeL]              [  0,  0;  0,  0]       U:0
6    10       Look[40Sel]        paragraph.[100sEl]   [  0, 20;  0,  0]       S:2     Look here, I have a paragraph.
7    10       This[40Sel]        top[30sel]           [  0,  0;  0,  0]       C:2   This paragraph starts at the top
8    10       of[20sel]          lines.[60sEl]        [  0,  0; 20,  0]       C:2   of the page and takes 3 lines.
9    10       Here[40Sel]        paragraph[90sel]     [  0, 20;  0,  0]       S:2     Here I have a second paragraph
10   10       which[50sel]       first[50sel]         [  0,  0; 20,  0]       C:2   which indicates that the first
11   10       paragraph[90sel]   continuation[120sel] [  0,  0; 10,  0]       C:2   paragraph is not a continuation
12   10       from[40sel]        is[20sel]            [  0,  0; 20,  0]       C:2   from a previous page, as it is
13   10       indented[80sel]    second[60sel]        [  0,  0; 20,  0]       C:2   indented just like this second
14   10       paragraph.[100sel] paragraph.[100sEl]   [  0,  0;220,  0]       C:2   paragraph.
15   10       Here[40Sel]        It[20sel]            [ 30,  0;  0, 40]       S:CrL    Here is a block quote. It
16   10       looks[50sel]       text[40sel]          [ 30,  0;  0, 40]       C:CrL    looks like the prior text
17   10       but[30sel]         more[40sel]          [ 30,  0;  0, 40]       C:CrL    but it  is indented  more
18   10       and[30sel]         justified.[100sEl]   [ 30,  0; 20, 40]       C:CrL    and is fully justified.
19   10       So[20Sel]          with[40sel]          [  0, 20; 50,  0]       S:2     So how does one deal with
20   10       centered[80sel]    quotes,[70sel]       [  0,  0; 40,  0]       C:2   centered text, block quotes,
21   10       normal[60sel]      lists[50sel]         [  0,  0; 40,  0]       C:2   normal paragraphs, and lists
22   10       like[40sel]        follows?[80sEl]      [  0,  0;140,  0]       C:2   like what follows?
23   10       1.[20SeL]          plan.[50sEl]         [  0,  0;170,  0]       S:3   1. Make a plan.
24   10       2.[20SeL]          example,[80sel]      [  0,  0;  0,  0]       S:3   2. Use a heuristic, for example,
25   10       looking[70sel]     the[30sel]           [  0, 30; 20,  0]       C:3      looking for lines where the
26   10       first[50sel]       line[40sel]          [  0, 30; 20,  0]       C:3      first word of the next line
27   10       would[50sel]       previous[80sel]      [  0, 30; 40,  0]       C:3      would fit on the previous
28   10       line.[50sel]       line.[50sEl]         [  0, 30;240,  0]       C:3      line.
29   10       8.[20SeL]          in[20sel]            [  0,  0; 10,  0]       S:3   8. Try to implement the plan in
30   10       Python[60Sel]      out.[40sEl]          [  0, 30; 70,  0]       C:3      Python and try it out.
31   10       4.[20SeL]          the[30sel]           [  0,  0; 50,  0]       S:3   4. Determine how to fix the
32   10       mistakes.[90sel]   mistakes.[90sEl]     [  0, 30;200,  0]       C:3      mistakes.
33   10       5.[20SeL]          Repeat.[70sEl]       [  0,  0;220,  0]       S:3   5. Repeat.
34   10       For[30Sel]         work[40sel]          [  0, 20;  0,  0]       S:2     For extra painful penalty work
35   10       you[30sel]         source[60sel]        [  0,  0; 20,  0]       C:2   you can try to identify source
36   10       code.[50sel]       Ouch![50sEl]         [  0,  0;200,  0]       C:2   code.  Ouch!
Active Paragraph Models:
 1: margin: 0, first_indent: 0, body_indent: 0, alignment: CENTER
 2: margin: 0, first_indent: 20, body_indent: 0, alignment: LEFT
 3: margin: 0, first_indent: 0, body_indent: 30, alignment: LEFT
# End of Pass 4
#row space .. lword[widthSEL]    rword[widthSEL]      [lmarg,lind;rind,rmarg] model text
0    10       Awesome[70Sel]     Awesome[70sel]       [ 11, 59; 59,121]       S:1          Awesome
1    10       Centered[80Sel]    Title[50sel]         [ 11, 19; 29,121]       C:1      Centered Title
2    10       Paragraph[90Sel]   Detection[90sel]     [ 11, -1; -1,121]       C:1    Paragraph Detection
3    10       OCR[30Sel]         TEAM[40sel]          [ 11, 49; 59,121]       C:1         OCR TEAM
4    10       10[20SeL]          2010[40SeL]          [ 11,  9; 19,121]       C:1     10 November 2010
5    10       [20SeL]            [40SeL]              [  0,  0;  0,  0]       U:0
6    10       Look[40Sel]        paragraph.[100sEl]   [  0, 20;  0,  0]       S:2     Look here, I have a paragraph.
7    10       This[40Sel]        top[30sel]           [  0,  0;  0,  0]       C:2   This paragraph starts at the top
8    10       of[20sel]          lines.[60sEl]        [  0,  0; 20,  0]       C:2   of the page and takes 3 lines.
9    10       Here[40Sel]        paragraph[90sel]     [  0, 20;  0,  0]       S:2     Here I have a second paragraph
10   10       which[50sel]       first[50sel]         [  0,  0; 20,  0]       C:2   which indicates that the first
11   10       paragraph[90sel]   continuation[120sel] [  0,  0; 10,  0]       C:2   paragraph is not a continuation
12   10       from[40sel]        is[20sel]            [  0,  0; 20,  0]       C:2   from a previous page, as it is
13   10       indented[80sel]    second[60sel]        [  0,  0; 20,  0]       C:2   indented just like this second
14   10       paragraph.[100sel] paragraph.[100sEl]   [  0,  0;220,  0]       C:2   paragraph.
15   10       Here[40Sel]        It[20sel]            [ 30,  0;  0, 40]       S:CrL    Here is a block quote. It
16   10       looks[50sel]       text[40sel]          [ 30,  0;  0, 40]       C:CrL    looks like the prior text
17   10       but[30sel]         more[40sel]          [ 30,  0;  0, 40]       C:CrL    but it  is indented  more
18   10       and[30sel]         justified.[100sEl]   [ 30,  0; 20, 40]       C:CrL    and is fully justified.
19   10       So[20Sel]          with[40sel]          [  0, 20; 50,  0]       S:2     So how does one deal with
20   10       centered[80sel]    quotes,[70sel]       [  0,  0; 40,  0]       C:2   centered text, block quotes,
21   10       normal[60sel]      lists[50sel]         [  0,  0; 40,  0]       C:2   normal paragraphs, and lists
22   10       like[40sel]        follows?[80sEl]      [  0,  0;140,  0]       C:2   like what follows?
23   10       1.[20SeL]          plan.[50sEl]         [  0,  0;170,  0]       S:3   1. Make a plan.
24   10       2.[20SeL]          example,[80sel]      [  0,  0;  0,  0]       S:3   2. Use a heuristic, for example,
25   10       looking[70sel]     the[30sel]           [  0, 30; 20,  0]       C:3      looking for lines where the
26   10       first[50sel]       line[40sel]          [  0, 30; 20,  0]       C:3      first word of the next line
27   10       would[50sel]       previous[80sel]      [  0, 30; 40,  0]       C:3      would fit on the previous
28   10       line.[50sel]       line.[50sEl]         [  0, 30;240,  0]       C:3      line.
29   10       8.[20SeL]          in[20sel]            [  0,  0; 10,  0]       S:3   8. Try to implement the plan in
30   10       Python[60Sel]      out.[40sEl]          [  0, 30; 70,  0]       C:3      Python and try it out.
31   10       4.[20SeL]          the[30sel]           [  0,  0; 50,  0]       S:3   4. Determine how to fix the
32   10       mistakes.[90sel]   mistakes.[90sEl]     [  0, 30;200,  0]       C:3      mistakes.
33   10       5.[20SeL]          Repeat.[70sEl]       [  0,  0;220,  0]       S:3   5. Repeat.
34   10       For[30Sel]         work[40sel]          [  0, 20;  0,  0]       S:2     For extra painful penalty work
35   10       you[30sel]         source[60sel]        [  0,  0; 20,  0]       C:2   you can try to identify source
36   10       code.[50sel]       Ouch![50sEl]         [  0,  0;200,  0]       C:2   code.  Ouch!
Active Paragraph Models:
 1: margin: 0, first_indent: 0, body_indent: 0, alignment: CENTER
 2: margin: 0, first_indent: 20, body_indent: 0, alignment: LEFT
 3: margin: 0, first_indent: 0, body_indent: 30, alignment: LEFT
# Final Paragraph Segmentation
#row space .. lword[widthSEL]    rword[widthSEL]      [lmarg,lind;rind,rmarg] model text
0    10       Awesome[70Sel]     Awesome[70sel]       [ 11, 59; 59,121]       S:1          Awesome
1    10       Centered[80Sel]    Title[50sel]         [ 11, 19; 29,121]       C:1      Centered Title
2    10       Paragraph[90Sel]   Detection[90sel]     [ 11, -1; -1,121]       C:1    Paragraph Detection
3    10       OCR[30Sel]         TEAM[40sel]          [ 11, 49; 59,121]       C:1         OCR TEAM
4    10       10[20SeL]          2010[40SeL]          [ 11,  9; 19,121]       C:1     10 November 2010
5    10       [20SeL]            [40SeL]              [  0,  0;  0,  0]       U:0
6    10       Look[40Sel]        paragraph.[100sEl]   [  0, 20;  0,  0]       S:2     Look here, I have a paragraph.
7    10       This[40Sel]        top[30sel]           [  0,  0;  0,  0]       C:2   This paragraph starts at the top
8    10       of[20sel]          lines.[60sEl]        [  0,  0; 20,  0]       C:2   of the page and takes 3 lines.
9    10       Here[40Sel]        paragraph[90sel]     [  0, 20;  0,  0]       S:2     Here I have a second paragraph
10   10       which[50sel]       first[50sel]         [  0,  0; 20,  0]       C:2   which indicates that the first
11   10       paragraph[90sel]   continuation[120sel] [  0,  0; 10,  0]       C:2   paragraph is not a continuation
12   10       from[40sel]        is[20sel]            [  0,  0; 20,  0]       C:2   from a previous page, as it is
13   10       indented[80sel]    second[60sel]        [  0,  0; 20,  0]       C:2   indented just like this second
14   10       paragraph.[100sel] paragraph.[100sEl]   [  0,  0;220,  0]       C:2   paragraph.
15   10       Here[40Sel]        It[20sel]            [ 30,  0;  0, 40]       S:4      Here is a block quote. It
16   10       looks[50sel]       text[40sel]          [ 30,  0;  0, 40]       C:4      looks like the prior text
17   10       but[30sel]         more[40sel]          [ 30,  0;  0, 40]       C:4      but it  is indented  more
18   10       and[30sel]         justified.[100sEl]   [ 30,  0; 20, 40]       C:4      and is fully justified.
19   10       So[20Sel]          with[40sel]          [  0, 20; 50,  0]       S:2     So how does one deal with
20   10       centered[80sel]    quotes,[70sel]       [  0,  0; 40,  0]       C:2   centered text, block quotes,
21   10       normal[60sel]      lists[50sel]         [  0,  0; 40,  0]       C:2   normal paragraphs, and lists
22   10       like[40sel]        follows?[80sEl]      [  0,  0;140,  0]       C:2   like what follows?
23   10       1.[20SeL]          plan.[50sEl]         [  0,  0;170,  0]       S:3   1. Make a plan.
24   10       2.[20SeL]          example,[80sel]      [  0,  0;  0,  0]       S:3   2. Use a heuristic, for example,
25   10       looking[70sel]     the[30sel]           [  0, 30; 20,  0]       C:3      looking for lines where the
26   10       first[50sel]       line[40sel]          [  0, 30; 20,  0]       C:3      first word of the next line
27   10       would[50sel]       previous[80sel]      [  0, 30; 40,  0]       C:3      would fit on the previous
28   10       line.[50sel]       line.[50sEl]         [  0, 30;240,  0]       C:3      line.
29   10       8.[20SeL]          in[20sel]            [  0,  0; 10,  0]       S:3   8. Try to implement the plan in
30   10       Python[60Sel]      out.[40sEl]          [  0, 30; 70,  0]       C:3      Python and try it out.
31   10       4.[20SeL]          the[30sel]           [  0,  0; 50,  0]       S:3   4. Determine how to fix the
32   10       mistakes.[90sel]   mistakes.[90sEl]     [  0, 30;200,  0]       C:3      mistakes.
33   10       5.[20SeL]          Repeat.[70sEl]       [  0,  0;220,  0]       S:3   5. Repeat.
34   10       For[30Sel]         work[40sel]          [  0, 20;  0,  0]       S:2     For extra painful penalty work
35   10       you[30sel]         source[60sel]        [  0,  0; 20,  0]       C:2   you can try to identify source
36   10       code.[50sel]       Ouch![50sEl]         [  0,  0;200,  0]       C:2   code.  Ouch!
Active Paragraph Models:
 1: margin: 0, first_indent: 0, body_indent: 0, alignment: CENTER
 2: margin: 0, first_indent: 20, body_indent: 0, alignment: LEFT
 3: margin: 0, first_indent: 0, body_indent: 30, alignment: LEFT
 4: margin: 30, first_indent: 0, body_indent: 0, alignment: LEFT
# End of Pass 1
#row space .. lword[widthSEL]  rword[widthSEL]      [lmarg,lind;rind,rmarg] model text
0    10       Awesome[70Sel]   Awesome[70sel]       [  0, 70;210,  0]       U:0          Awesome
1    10       Centered[80Sel]  Title[50sel]         [  0, 30;180,  0]       U:0      Centered Title
2    10       Paragraph[90Sel] Detection[90sel]     [  0, 10;150,  0]       U:0    Paragraph Detection
3    10       OCR[30Sel]       TEAM[40sel]          [  0, 60;210,  0]       U:0         OCR TEAM
4    10       10[20SeL]        2010[40SeL]          [  0, 20;170,  0]       U:0     10 November 2010
5    10       [20SeL]          [40SeL]              [  0,  0;  0,  0]       U:0
6    10       Look[40Sel]      paragraph.[100sEl]   [  0, 20; 30,  0]       U:0     Look here, I have a paragraph.
7    10       This[40Sel]      of[20sel]            [  0,  0;  0,  0]       U:0   This paragraph starts at the top of
8    10       the[30sel]       lines.[60sEl]        [  0,  0; 80,  0]       U:0   the page and takes 3 lines.
9    10       Here[40Sel]      paragraph[90sel]     [  0, 20; 30,  0]       U:0     Here I have a second paragraph
10   10       which[50sel]     first[50sel]         [  0,  0; 50,  0]       U:0   which indicates that the first
11   10       paragraph[90sel] continuation[120sel] [  0,  0; 40,  0]       U:0   paragraph is not a continuation
12   10       from[40sel]      in-[30sel]           [  0,  0; 10,  0]       U:0   from a previous page, as it is in-
13   10       dented[60sel]    para-[50sel]         [  0,  0; 10,  0]       U:0   dented just like this second para-
14   10       graph.[60sel]    graph.[60sEl]        [  0,  0;290,  0]       U:0   graph.
15   10       Here[40Sel]      It[20sel]            [  0, 30; 70,  0]       U:0      Here is a block quote. It
16   10       looks[50sel]     text[40sel]          [  0, 30; 70,  0]       U:0      looks like the prior text
17   10       but[30sel]       more[40sel]          [  0, 30; 70,  0]       U:0      but it  is indented  more
18   10       and[30sel]       justified.[100sEl]   [  0, 30; 90,  0]       U:0      and is fully justified.
19   10       So[20Sel]        center-[70sel]       [  0, 20;  0,  0]       U:0     So how does one deal with center-
20   10       ed[20sel]        para-[50sel]         [  0,  0;  0,  0]       U:0   ed text, block quotes, normal para-
21   10       graphs,[70sel]   follow?[70sEl]       [  0,  0;  0,  0]       U:0   graphs, and lists like what follow?
22   10       1.[20SeL]        plan.[50sEl]         [  0,  0;200,  0]       U:0   1. Make a plan.
23   10       2.[20SeL]        example,[80sel]      [  0,  0; 30,  0]       U:0   2. Use a heuristic, for example,
24   10       looking[70sel]   the[30sel]           [  0, 30; 50,  0]       U:0      looking for lines where the
25   10       first[50sel]     line[40sel]          [  0, 30; 50,  0]       U:0      first word of the next line
26   10       would[50sel]     line.[50sEl]         [  0, 30; 10,  0]       U:0      would fit on the previous line.
27   10       8.[20SeL]        in[20sel]            [  0,  0; 40,  0]       U:0   8. Try to implement the plan in
28   10       Python[60Sel]    out.[40sEl]          [  0, 30;100,  0]       U:0      Python and try it out.
29   10       4.[20SeL]        the[30sel]           [  0,  0; 80,  0]       U:0   4. Determine how to fix the
30   10       mistakes.[90sel] mistakes.[90sEl]     [  0, 30;230,  0]       U:0      mistakes.
31   10       5.[20SeL]        Repeat.[70sEl]       [  0,  0;250,  0]       U:0   5. Repeat.
32   10       For[30Sel]       work[40sel]          [  0, 20; 30,  0]       U:0     For extra painful penalty work
33   10       you[30sel]       source[60sel]        [  0,  0; 50,  0]       U:0   you can try to identify source
34   10       code.[50sel]     Ouch![50sEl]         [  0,  0;230,  0]       U:0   code.  Ouch!
Active Paragraph Models:
#############################################
# StrongEvidenceClassify( rows[0:5) )
#############################################
# Initial strong signals.
#row space .. lword[widthSEL]  rword[widthSEL]      [lmarg,lind;rind,rmarg] model text
0    10       Awesome[70Sel]   Awesome[70sel]       [ 11, 59; 59,151]       S:0          Awesome
1    10       Centered[80Sel]  Title[50sel]         [ 11, 19; 29,151]       U:0      Centered Title
2    10       Paragraph[90Sel] Detection[90sel]     [ 11, -1; -1,151]       U:0    Paragraph Detection
3    10       OCR[30Sel]       TEAM[40sel]          [ 11, 49; 59,151]       U:0         OCR TEAM
4    10       10[20SeL]        2010[40SeL]          [ 11,  9; 19,151]       U:0     10 November 2010
5    10       [20SeL]          [40SeL]              [  0,  0;  0,  0]       U:0
6    10       Look[40Sel]      paragraph.[100sEl]   [  0, 20; 30,  0]       U:0     Look here, I have a paragraph.
7    10       This[40Sel]      of[20sel]            [  0,  0;  0,  0]       U:0   This paragraph starts at the top of
8    10       the[30sel]       lines.[60sEl]        [  0,  0; 80,  0]       U:0   the page and takes 3 lines.
9    10       Here[40Sel]      paragraph[90sel]     [  0, 20; 30,  0]       U:0     Here I have a second paragraph
10   10       which[50sel]     first[50sel]         [  0,  0; 50,  0]       U:0   which indicates that the first
11   10       paragraph[90sel] continuation[120sel] [  0,  0; 40,  0]       U:0   paragraph is not a continuation
12   10       from[40sel]      in-[30sel]           [  0,  0; 10,  0]       U:0   from a previous page, as it is in-
13   10       dented[60sel]    para-[50sel]         [  0,  0; 10,  0]       U:0   dented just like this second para-
14   10       graph.[60sel]    graph.[60sEl]        [  0,  0;290,  0]       U:0   graph.
15   10       Here[40Sel]      It[20sel]            [  0, 30; 70,  0]       U:0      Here is a block quote. It
16   10       looks[50sel]     text[40sel]          [  0, 30; 70,  0]       U:0      looks like the prior text
17   10       but[30sel]       more[40sel]          [  0, 30; 70,  0]       U:0      but it  is indented  more
18   10       and[30sel]       justified.[100sEl]   [  0, 30; 90,  0]       U:0      and is fully justified.
19   10       So[20Sel]        center-[70sel]       [  0, 20;  0,  0]       U:0     So how does one deal with center-
20   10       ed[20sel]        para-[50sel]         [  0,  0;  0,  0]       U:0   ed text, block quotes, normal para-
21   10       graphs,[70sel]   follow?[70sEl]       [  0,  0;  0,  0]       U:0   graphs, and lists like what follow?
22   10       1.[20SeL]        plan.[50sEl]         [  0,  0;200,  0]       U:0   1. Make a plan.
23   10       2.[20SeL]        example,[80sel]      [  0,  0; 30,  0]       U:0   2. Use a heuristic, for example,
24   10       looking[70sel]   the[30sel]           [  0, 30; 50,  0]       U:0      looking for lines where the
25   10       first[50sel]     line[40sel]          [  0, 30; 50,  0]       U:0      first word of the next line
26   10       would[50sel]     line.[50sEl]         [  0, 30; 10,  0]       U:0      would fit on the previous line.
27   10       8.[20SeL]        in[20sel]            [  0,  0; 40,  0]       U:0   8. Try to implement the plan in
28   10       Python[60Sel]    out.[40sEl]          [  0, 30;100,  0]       U:0      Python and try it out.
29   10       4.[20SeL]        the[30sel]           [  0,  0; 80,  0]       U:0   4. Determine how to fix the
30   10       mistakes.[90sel] mistakes.[90sEl]     [  0, 30;230,  0]       U:0      mistakes.
31   10       5.[20SeL]        Repeat.[70sEl]       [  0,  0;250,  0]       U:0   5. Repeat.
32   10       For[30Sel]       work[40sel]          [  0, 20; 30,  0]       U:0     For extra painful penalty work
33   10       you[30sel]       source[60sel]        [  0,  0; 50,  0]       U:0   you can try to identify source
34   10       code.[50sel]     Ouch![50sEl]         [  0,  0;230,  0]       U:0   code.  Ouch!
Active Paragraph Models:
# Unsmeared hypotheses.s.
#row space .. lword[widthSEL]  rword[widthSEL]      [lmarg,lind;rind,rmarg] model text
0    10       Awesome[70Sel]   Awesome[70sel]       [ 11, 59; 59,151]       S:1          Awesome
1    10       Centered[80Sel]  Title[50sel]         [ 11, 19; 29,151]       C:1      Centered Title
2    10       Paragraph[90Sel] Detection[90sel]     [ 11, -1; -1,151]       C:1    Paragraph Detection
3    10       OCR[30Sel]       TEAM[40sel]          [ 11, 49; 59,151]       C:1         OCR TEAM
4    10       10[20SeL]        2010[40SeL]          [ 11,  9; 19,151]       U:0     10 November 2010
5    10       [20SeL]          [40SeL]              [  0,  0;  0,  0]       U:0
6    10       Look[40Sel]      paragraph.[100sEl]   [  0, 20; 30,  0]       U:0     Look here, I have a paragraph.
7    10       This[40Sel]      of[20sel]            [  0,  0;  0,  0]       U:0   This paragraph starts at the top of
8    10       the[30sel]       lines.[60sEl]        [  0,  0; 80,  0]       U:0   the page and takes 3 lines.
9    10       Here[40Sel]      paragraph[90sel]     [  0, 20; 30,  0]       U:0     Here I have a second paragraph
10   10       which[50sel]     first[50sel]         [  0,  0; 50,  0]       U:0   which indicates that the first
11   10       paragraph[90sel] continuation[120sel] [  0,  0; 40,  0]       U:0   paragraph is not a continuation
12   10       from[40sel]      in-[30sel]           [  0,  0; 10,  0]       U:0   from a previous page, as it is in-
13   10       dented[60sel]    para-[50sel]         [  0,  0; 10,  0]       U:0   dented just like this second para-
14   10       graph.[60sel]    graph.[60sEl]        [  0,  0;290,  0]       U:0   graph.
15   10       Here[40Sel]      It[20sel]            [  0, 30; 70,  0]       U:0      Here is a block quote. It
16   10       looks[50sel]     text[40sel]          [  0, 30; 70,  0]       U:0      looks like the prior text
17   10       but[30sel]       more[40sel]          [  0, 30; 70,  0]       U:0      but it  is indented  more
18   10       and[30sel]       justified.[100sEl]   [  0, 30; 90,  0]       U:0      and is fully justified.
19   10       So[20Sel]        center-[70sel]       [  0, 20;  0,  0]       U:0     So how does one deal with center-
20   10       ed[20sel]        para-[50sel]         [  0,  0;  0,  0]       U:0   ed text, block quotes, normal para-
21   10       graphs,[70sel]   follow?[70sEl]       [  0,  0;  0,  0]       U:0   graphs, and lists like what follow?
22   10       1.[20SeL]        plan.[50sEl]         [  0,  0;200,  0]       U:0   1. Make a plan.
23   10       2.[20SeL]        example,[80sel]      [  0,  0; 30,  0]       U:0   2. Use a heuristic, for example,
24   10       looking[70sel]   the[30sel]           [  0, 30; 50,  0]       U:0      looking for lines where the
25   10       first[50sel]     line[40sel]          [  0, 30; 50,  0]       U:0      first word of the next line
26   10       would[50sel]     line.[50sEl]         [  0, 30; 10,  0]       U:0      would fit on the previous line.
27   10       8.[20SeL]        in[20sel]            [  0,  0; 40,  0]       U:0   8. Try to implement the plan in
28   10       Python[60Sel]    out.[40sEl]          [  0, 30;100,  0]       U:0      Python and try it out.
29   10       4.[20SeL]        the[30sel]           [  0,  0; 80,  0]       U:0   4. Determine how to fix the
30   10       mistakes.[90sel] mistakes.[90sEl]     [  0, 30;230,  0]       U:0      mistakes.
31   10       5.[20SeL]        Repeat.[70sEl]       [  0,  0;250,  0]       U:0   5. Repeat.
32   10       For[30Sel]       work[40sel]          [  0, 20; 30,  0]       U:0     For extra painful penalty work
33   10       you[30sel]       source[60sel]        [  0,  0; 50,  0]       U:0   you can try to identify source
34   10       code.[50sel]     Ouch![50sEl]         [  0,  0;230,  0]       U:0   code.  Ouch!
Active Paragraph Models:
 1: margin: 0, first_indent: 0, body_indent: 0, alignment: CENTER
#############################################
# StrongEvidenceClassify( rows[6:35) )
#############################################
# Initial strong signals.
#row space .. lword[widthSEL]  rword[widthSEL]      [lmarg,lind;rind,rmarg] model text
0    10       Awesome[70Sel]   Awesome[70sel]       [ 11, 59; 59,151]       S:1          Awesome
1    10       Centered[80Sel]  Title[50sel]         [ 11, 19; 29,151]       C:1      Centered Title
2    10       Paragraph[90Sel] Detection[90sel]     [ 11, -1; -1,151]       C:1    Paragraph Detection
3    10       OCR[30Sel]       TEAM[40sel]          [ 11, 49; 59,151]       C:1         OCR TEAM
4    10       10[20SeL]        2010[40SeL]          [ 11,  9; 19,151]       C:1     10 November 2010
5    10       [20SeL]          [40SeL]              [  0,  0;  0,  0]       U:0
6    10       Look[40Sel]      paragraph.[100sEl]   [  0, 20; 30,  0]       S:0     Look here, I have a paragraph.
7    10       This[40Sel]      of[20sel]            [  0,  0;  0,  0]       U:0   This paragraph starts at the top of
8    10       the[30sel]       lines.[60sEl]        [  0,  0; 80,  0]       C:0   the page and takes 3 lines.
9    10       Here[40Sel]      paragraph[90sel]     [  0, 20; 30,  0]       S:0     Here I have a second paragraph
10   10       which[50sel]     first[50sel]         [  0,  0; 50,  0]       C:0   which indicates that the first
11   10       paragraph[90sel] continuation[120sel] [  0,  0; 40,  0]       C:0   paragraph is not a continuation
12   10       from[40sel]      in-[30sel]           [  0,  0; 10,  0]       C:0   from a previous page, as it is in-
13   10       dented[60sel]    para-[50sel]         [  0,  0; 10,  0]       C:0   dented just like this second para-
14   10       graph.[60sel]    graph.[60sEl]        [  0,  0;290,  0]       C:0   graph.
15   10       Here[40Sel]      It[20sel]            [  0, 30; 70,  0]       U:0      Here is a block quote. It
16   10       looks[50sel]     text[40sel]          [  0, 30; 70,  0]       U:0      looks like the prior text
17   10       but[30sel]       more[40sel]          [  0, 30; 70,  0]       U:0      but it  is indented  more
18   10       and[30sel]       justified.[100sEl]   [  0, 30; 90,  0]       U:0      and is fully justified.
19   10       So[20Sel]        center-[70sel]       [  0, 20;  0,  0]       S:0     So how does one deal with center-
20   10       ed[20sel]        para-[50sel]         [  0,  0;  0,  0]       C:0   ed text, block quotes, normal para-
21   10       graphs,[70sel]   follow?[70sEl]       [  0,  0;  0,  0]       C:0   graphs, and lists like what follow?
22   10       1.[20SeL]        plan.[50sEl]         [  0,  0;200,  0]       U:0   1. Make a plan.
23   10       2.[20SeL]        example,[80sel]      [  0,  0; 30,  0]       S:0   2. Use a heuristic, for example,
24   10       looking[70sel]   the[30sel]           [  0, 30; 50,  0]       C:0      looking for lines where the
25   10       first[50sel]     line[40sel]          [  0, 30; 50,  0]       C:0      first word of the next line
26   10       would[50sel]     line.[50sEl]         [  0, 30; 10,  0]       C:0      would fit on the previous line.
27   10       8.[20SeL]        in[20sel]            [  0,  0; 40,  0]       U:0   8. Try to implement the plan in
28   10       Python[60Sel]    out.[40sEl]          [  0, 30;100,  0]       U:0      Python and try it out.
29   10       4.[20SeL]        the[30sel]           [  0,  0; 80,  0]       S:0   4. Determine how to fix the
30   10       mistakes.[90sel] mistakes.[90sEl]     [  0, 30;230,  0]       C:0      mistakes.
31   10       5.[20SeL]        Repeat.[70sEl]       [  0,  0;250,  0]       U:0   5. Repeat.
32   10       For[30Sel]       work[40sel]          [  0, 20; 30,  0]       S:0     For extra painful penalty work
33   10       you[30sel]       source[60sel]        [  0,  0; 50,  0]       C:0   you can try to identify source
34   10       code.[50sel]     Ouch![50sEl]         [  0,  0;230,  0]       C:0   code.  Ouch!
Active Paragraph Models:
 1: margin: 0, first_indent: 0, body_indent: 0, alignment: CENTER
Could not determine a model for this paragraph:
======================================
4. Determine how to fix the
   mistakes.
======================================
Could not determine a model for this paragraph:
======================================
  For extra painful penalty work
you can try to identify source
======================================
# Unsmeared hypotheses.s.
#row space .. lword[widthSEL]  rword[widthSEL]      [lmarg,lind;rind,rmarg] model text
0    10       Awesome[70Sel]   Awesome[70sel]       [ 11, 59; 59,151]       S:1          Awesome
1    10       Centered[80Sel]  Title[50sel]         [ 11, 19; 29,151]       C:1      Centered Title
2    10       Paragraph[90Sel] Detection[90sel]     [ 11, -1; -1,151]       C:1    Paragraph Detection
3    10       OCR[30Sel]       TEAM[40sel]          [ 11, 49; 59,151]       C:1         OCR TEAM
4    10       10[20SeL]        2010[40SeL]          [ 11,  9; 19,151]       C:1     10 November 2010
5    10       [20SeL]          [40SeL]              [  0,  0;  0,  0]       U:0
6    10       Look[40Sel]      paragraph.[100sEl]   [  0, 20; 30,  0]       S:2     Look here, I have a paragraph.
7    10       This[40Sel]      of[20sel]            [  0,  0;  0,  0]       C:2   This paragraph starts at the top of
8    10       the[30sel]       lines.[60sEl]        [  0,  0; 80,  0]       C:2   the page and takes 3 lines.
9    10       Here[40Sel]      paragraph[90sel]     [  0, 20; 30,  0]       S:2     Here I have a second paragraph
10   10       which[50sel]     first[50sel]         [  0,  0; 50,  0]       C:2   which indicates that the first
11   10       paragraph[90sel] continuation[120sel] [  0,  0; 40,  0]       C:2   paragraph is not a continuation
12   10       from[40sel]      in-[30sel]           [  0,  0; 10,  0]       C:2   from a previous page, as it is in-
13   10       dented[60sel]    para-[50sel]         [  0,  0; 10,  0]       C:2   dented just like this second para-
14   10       graph.[60sel]    graph.[60sEl]        [  0,  0;290,  0]       C:2   graph.
15   10       Here[40Sel]      It[20sel]            [  0, 30; 70,  0]       U:0      Here is a block quote. It
16   10       looks[50sel]     text[40sel]          [  0, 30; 70,  0]       U:0      looks like the prior text
17   10       but[30sel]       more[40sel]          [  0, 30; 70,  0]       U:0      but it  is indented  more
18   10       and[30sel]       justified.[100sEl]   [  0, 30; 90,  0]       U:0      and is fully justified.
19   10       So[20Sel]        center-[70sel]       [  0, 20;  0,  0]       S:2     So how does one deal with center-
20   10       ed[20sel]        para-[50sel]         [  0,  0;  0,  0]       C:2   ed text, block quotes, normal para-
21   10       graphs,[70sel]   follow?[70sEl]       [  0,  0;  0,  0]       C:2   graphs, and lists like what follow?
22   10       1.[20SeL]        plan.[50sEl]         [  0,  0;200,  0]       C:2   1. Make a plan.
23   10       2.[20SeL]        example,[80sel]      [  0,  0; 30,  0]       S:3   2. Use a heuristic, for example,
24   10       looking[70sel]   the[30sel]           [  0, 30; 50,  0]       C:3      looking for lines where the
25   10       first[50sel]     line[40sel]          [  0, 30; 50,  0]       C:3      first word of the next line
26   10       would[50sel]     line.[50sEl]         [  0, 30; 10,  0]       C:3      would fit on the previous line.
27   10       8.[20SeL]        in[20sel]            [  0,  0; 40,  0]       U:0   8. Try to implement the plan in
28   10       Python[60Sel]    out.[40sEl]          [  0, 30;100,  0]       U:0      Python and try it out.
29   10       4.[20SeL]        the[30sel]           [  0,  0; 80,  0]       S:0   4. Determine how to fix the
30   10       mistakes.[90sel] mistakes.[90sEl]     [  0, 30;230,  0]       C:0      mistakes.
31   10       5.[20SeL]        Repeat.[70sEl]       [  0,  0;250,  0]       U:0   5. Repeat.
32   10       For[30Sel]       work[40sel]          [  0, 20; 30,  0]       S:0     For extra painful penalty work
33   10       you[30sel]       source[60sel]        [  0,  0; 50,  0]       C:0   you can try to identify source
34   10       code.[50sel]     Ouch![50sEl]         [  0,  0;230,  0]       C:0   code.  Ouch!
Active Paragraph Models:
 1: margin: 0, first_indent: 0, body_indent: 0, alignment: CENTER
 2: margin: 0, first_indent: 20, body_indent: 0, alignment: LEFT
 3: margin: 0, first_indent: 0, body_indent: 30, alignment: LEFT
#############################################
# StrongEvidenceClassify( rows[15:19) )
#############################################
# Initial strong signals.
#row space .. lword[widthSEL]  rword[widthSEL]      [lmarg,lind;rind,rmarg] model text
0    10       Awesome[70Sel]   Awesome[70sel]       [ 11, 59; 59,151]       S:1          Awesome
1    10       Centered[80Sel]  Title[50sel]         [ 11, 19; 29,151]       C:1      Centered Title
2    10       Paragraph[90Sel] Detection[90sel]     [ 11, -1; -1,151]       C:1    Paragraph Detection
3    10       OCR[30Sel]       TEAM[40sel]          [ 11, 49; 59,151]       C:1         OCR TEAM
4    10       10[20SeL]        2010[40SeL]          [ 11,  9; 19,151]       C:1     10 November 2010
5    10       [20SeL]          [40SeL]              [  0,  0;  0,  0]       U:0
6    10       Look[40Sel]      paragraph.[100sEl]   [  0, 20; 30,  0]       S:2     Look here, I have a paragraph.
7    10       This[40Sel]      of[20sel]            [  0,  0;  0,  0]       C:2   This paragraph starts at the top of
8    10       the[30sel]       lines.[60sEl]        [  0,  0; 80,  0]       C:2   the page and takes 3 lines.
9    10       Here[40Sel]      paragraph[90sel]     [  0, 20; 30,  0]       S:2     Here I have a second paragraph
10   10       which[50sel]     first[50sel]         [  0,  0; 50,  0]       C:2   which indicates that the first
11   10       paragraph[90sel] continuation[120sel] [  0,  0; 40,  0]       C:2   paragraph is not a continuation
12   10       from[40sel]      in-[30sel]           [  0,  0; 10,  0]       C:2   from a previous page, as it is in-
13   10       dented[60sel]    para-[50sel]         [  0,  0; 10,  0]       C:2   dented just like this second para-
14   10       graph.[60sel]    graph.[60sEl]        [  0,  0;290,  0]       C:2   graph.
15   10       Here[40Sel]      It[20sel]            [ 30,  0;  0, 70]       S:0      Here is a block quote. It
16   10       looks[50sel]     text[40sel]          [ 30,  0;  0, 70]       C:0      looks like the prior text
17   10       but[30sel]       more[40sel]          [ 30,  0;  0, 70]       C:0      but it  is indented  more
18   10       and[30sel]       justified.[100sEl]   [ 30,  0; 20, 70]       C:0      and is fully justified.
19   10       So[20Sel]        center-[70sel]       [  0, 20;  0,  0]       S:2     So how does one deal with center-
20   10       ed[20sel]        para-[50sel]         [  0,  0;  0,  0]       C:2   ed text, block quotes, normal para-
21   10       graphs,[70sel]   follow?[70sEl]       [  0,  0;  0,  0]       C:2   graphs, and lists like what follow?
22   10       1.[20SeL]        plan.[50sEl]         [  0,  0;200,  0]       C:2   1. Make a plan.
23   10       2.[20SeL]        example,[80sel]      [  0,  0; 30,  0]       S:3   2. Use a heuristic, for example,
24   10       looking[70sel]   the[30sel]           [  0, 30; 50,  0]       C:3      looking for lines where the
25   10       first[50sel]     line[40sel]          [  0, 30; 50,  0]       C:3      first word of the next line
26   10       would[50sel]     line.[50sEl]         [  0, 30; 10,  0]       C:3      would fit on the previous line.
27   10       8.[20SeL]        in[20sel]            [  0,  0; 40,  0]       S:3   8. Try to implement the plan in
28   10       Python[60Sel]    out.[40sEl]          [  0, 30;100,  0]       C:3      Python and try it out.
29   10       4.[20SeL]        the[30sel]           [  0,  0; 80,  0]       S:3   4. Determine how to fix the
30   10       mistakes.[90sel] mistakes.[90sEl]     [  0, 30;230,  0]       C:3      mistakes.
31   10       5.[20SeL]        Repeat.[70sEl]       [  0,  0;250,  0]       S:3   5. Repeat.
32   10       For[30Sel]       work[40sel]          [  0, 20; 30,  0]       S:2     For extra painful penalty work
33   10       you[30sel]       source[60sel]        [  0,  0; 50,  0]       C:2   you can try to identify source
34   10       code.[50sel]     Ouch![50sEl]         [  0,  0;230,  0]       C:2   code.  Ouch!
Active Paragraph Models:
 1: margin: 0, first_indent: 0, body_indent: 0, alignment: CENTER
 2: margin: 0, first_indent: 20, body_indent: 0, alignment: LEFT
 3: margin: 0, first_indent: 0, body_indent: 30, alignment: LEFT
Could not determine a model for this paragraph:
======================================
   Here is a block quote. It
   looks like the prior text
======================================
# Unsmeared hypotheses.s.
#row space .. lword[widthSEL]  rword[widthSEL]      [lmarg,lind;rind,rmarg] model text
0    10       Awesome[70Sel]   Awesome[70sel]       [ 11, 59; 59,151]       S:1          Awesome
1    10       Centered[80Sel]  Title[50sel]         [ 11, 19; 29,151]       C:1      Centered Title
2    10       Paragraph[90Sel] Detection[90sel]     [ 11, -1; -1,151]       C:1    Paragraph Detection
3    10       OCR[30Sel]       TEAM[40sel]          [ 11, 49; 59,151]       C:1         OCR TEAM
4    10       10[20SeL]        2010[40SeL]          [ 11,  9; 19,151]       C:1     10 November 2010
5    10       [20SeL]          [40SeL]              [  0,  0;  0,  0]       U:0
6    10       Look[40Sel]      paragraph.[100sEl]   [  0, 20; 30,  0]       S:2     Look here, I have a paragraph.
7    10       This[40Sel]      of[20sel]            [  0,  0;  0,  0]       C:2   This paragraph starts at the top of
8    10       the[30sel]       lines.[60sEl]        [  0,  0; 80,  0]       C:2   the page and takes 3 lines.
9    10       Here[40Sel]      paragraph[90sel]     [  0, 20; 30,  0]       S:2     Here I have a second paragraph
10   10       which[50sel]     first[50sel]         [  0,  0; 50,  0]       C:2   which indicates that the first
11   10       paragraph[90sel] continuation[120sel] [  0,  0; 40,  0]       C:2   paragraph is not a continuation
12   10       from[40sel]      in-[30sel]           [  0,  0; 10,  0]       C:2   from a previous page, as it is in-
13   10       dented[60sel]    para-[50sel]         [  0,  0; 10,  0]       C:2   dented just like this second para-
14   10       graph.[60sel]    graph.[60sEl]        [  0,  0;290,  0]       C:2   graph.
15   10       Here[40Sel]      It[20sel]            [ 30,  0;  0, 70]       S:0      Here is a block quote. It
16   10       looks[50sel]     text[40sel]          [ 30,  0;  0, 70]       C:0      looks like the prior text
17   10       but[30sel]       more[40sel]          [ 30,  0;  0, 70]       C:0      but it  is indented  more
18   10       and[30sel]       justified.[100sEl]   [ 30,  0; 20, 70]       C:0      and is fully justified.
19   10       So[20Sel]        center-[70sel]       [  0, 20;  0,  0]       S:2     So how does one deal with center-
20   10       ed[20sel]        para-[50sel]         [  0,  0;  0,  0]       C:2   ed text, block quotes, normal para-
21   10       graphs,[70sel]   follow?[70sEl]       [  0,  0;  0,  0]       C:2   graphs, and lists like what follow?
22   10       1.[20SeL]        plan.[50sEl]         [  0,  0;200,  0]       C:2   1. Make a plan.
23   10       2.[20SeL]        example,[80sel]      [  0,  0; 30,  0]       S:3   2. Use a heuristic, for example,
24   10       looking[70sel]   the[30sel]           [  0, 30; 50,  0]       C:3      looking for lines where the
25   10       first[50sel]     line[40sel]          [  0, 30; 50,  0]       C:3      first word of the next line
26   10       would[50sel]     line.[50sEl]         [  0, 30; 10,  0]       C:3      would fit on the previous line.
27   10       8.[20SeL]        in[20sel]            [  0,  0; 40,  0]       S:3   8. Try to implement the plan in
28   10       Python[60Sel]    out.[40sEl]          [  0, 30;100,  0]       C:3      Python and try it out.
29   10       4.[20SeL]        the[30sel]           [  0,  0; 80,  0]       S:3   4. Determine how to fix the
30   10       mistakes.[90sel] mistakes.[90sEl]     [  0, 30;230,  0]       C:3      mistakes.
31   10       5.[20SeL]        Repeat.[70sEl]       [  0,  0;250,  0]       S:3   5. Repeat.
32   10       For[30Sel]       work[40sel]          [  0, 20; 30,  0]       S:2     For extra painful penalty work
33   10       you[30sel]       source[60sel]        [  0,  0; 50,  0]       C:2   you can try to identify source
34   10       code.[50sel]     Ouch![50sEl]         [  0,  0;230,  0]       C:2   code.  Ouch!
Active Paragraph Models:
 1: margin: 0, first_indent: 0, body_indent: 0, alignment: CENTER
 2: margin: 0, first_indent: 20, body_indent: 0, alignment: LEFT
 3: margin: 0, first_indent: 0, body_indent: 30, alignment: LEFT
# End of Pass 2
#row space .. lword[widthSEL]  rword[widthSEL]      [lmarg,lind;rind,rmarg] model text
0    10       Awesome[70Sel]   Awesome[70sel]       [ 11, 59; 59,151]       S:1          Awesome
1    10       Centered[80Sel]  Title[50sel]         [ 11, 19; 29,151]       C:1      Centered Title
2    10       Paragraph[90Sel] Detection[90sel]     [ 11, -1; -1,151]       C:1    Paragraph Detection
3    10       OCR[30Sel]       TEAM[40sel]          [ 11, 49; 59,151]       C:1         OCR TEAM
4    10       10[20SeL]        2010[40SeL]          [ 11,  9; 19,151]       C:1     10 November 2010
5    10       [20SeL]          [40SeL]              [  0,  0;  0,  0]       U:0
6    10       Look[40Sel]      paragraph.[100sEl]   [  0, 20; 30,  0]       S:2     Look here, I have a paragraph.
7    10       This[40Sel]      of[20sel]            [  0,  0;  0,  0]       C:2   This paragraph starts at the top of
8    10       the[30sel]       lines.[60sEl]        [  0,  0; 80,  0]       C:2   the page and takes 3 lines.
9    10       Here[40Sel]      paragraph[90sel]     [  0, 20; 30,  0]       S:2     Here I have a second paragraph
10   10       which[50sel]     first[50sel]         [  0,  0; 50,  0]       C:2   which indicates that the first
11   10       paragraph[90sel] continuation[120sel] [  0,  0; 40,  0]       C:2   paragraph is not a continuation
12   10       from[40sel]      in-[30sel]           [  0,  0; 10,  0]       C:2   from a previous page, as it is in-
13   10       dented[60sel]    para-[50sel]         [  0,  0; 10,  0]       C:2   dented just like this second para-
14   10       graph.[60sel]    graph.[60sEl]        [  0,  0;290,  0]       C:2   graph.
15   10       Here[40Sel]      It[20sel]            [ 30,  0;  0, 70]       S:0      Here is a block quote. It
16   10       looks[50sel]     text[40sel]          [ 30,  0;  0, 70]       C:0      looks like the prior text
17   10       but[30sel]       more[40sel]          [ 30,  0;  0, 70]       C:0      but it  is indented  more
18   10       and[30sel]       justified.[100sEl]   [ 30,  0; 20, 70]       C:0      and is fully justified.
19   10       So[20Sel]        center-[70sel]       [  0, 20;  0,  0]       S:2     So how does one deal with center-
20   10       ed[20sel]        para-[50sel]         [  0,  0;  0,  0]       C:2   ed text, block quotes, normal para-
21   10       graphs,[70sel]   follow?[70sEl]       [  0,  0;  0,  0]       C:2   graphs, and lists like what follow?
22   10       1.[20SeL]        plan.[50sEl]         [  0,  0;200,  0]       C:2   1. Make a plan.
23   10       2.[20SeL]        example,[80sel]      [  0,  0; 30,  0]       S:3   2. Use a heuristic, for example,
24   10       looking[70sel]   the[30sel]           [  0, 30; 50,  0]       C:3      looking for lines where the
25   10       first[50sel]     line[40sel]          [  0, 30; 50,  0]       C:3      first word of the next line
26   10       would[50sel]     line.[50sEl]         [  0, 30; 10,  0]       C:3      would fit on the previous line.
27   10       8.[20SeL]        in[20sel]            [  0,  0; 40,  0]       S:3   8. Try to implement the plan in
28   10       Python[60Sel]    out.[40sEl]          [  0, 30;100,  0]       C:3      Python and try it out.
29   10       4.[20SeL]        the[30sel]           [  0,  0; 80,  0]       S:3   4. Determine how to fix the
30   10       mistakes.[90sel] mistakes.[90sEl]     [  0, 30;230,  0]       C:3      mistakes.
31   10       5.[20SeL]        Repeat.[70sEl]       [  0,  0;250,  0]       S:3   5. Repeat.
32   10       For[30Sel]       work[40sel]          [  0, 20; 30,  0]       S:2     For extra painful penalty work
33   10       you[30sel]       source[60sel]        [  0,  0; 50,  0]       C:2   you can try to identify source
34   10       code.[50sel]     Ouch![50sEl]         [  0,  0;230,  0]       C:2   code.  Ouch!
Active Paragraph Models:
 1: margin: 0, first_indent: 0, body_indent: 0, alignment: CENTER
 2: margin: 0, first_indent: 20, body_indent: 0, alignment: LEFT
 3: margin: 0, first_indent: 0, body_indent: 30, alignment: LEFT
###############################################
##### GeometricClassify( rows[15:19) )   ####
###############################################
Geometry: TabStop cluster tolerance = 10; 1 left tabs; 2 right tabs
# Not enough variety for clear outline classification. Guessing these are left aligned based on script.
======================================
   Here is a block quote. It
   looks like the prior text
   but it  is indented  more
   and is fully justified.
======================================
# End of Pass 3
#row space .. lword[widthSEL]  rword[widthSEL]      [lmarg,lind;rind,rmarg] model text
0    10       Awesome[70Sel]   Awesome[70sel]       [ 11, 59; 59,151]       S:1          Awesome
1    10       Centered[80Sel]  Title[50sel]         [ 11, 19; 29,151]       C:1      Centered Title
2    10       Paragraph[90Sel] Detection[90sel]     [ 11, -1; -1,151]       C:1    Paragraph Detection
3    10       OCR[30Sel]       TEAM[40sel]          [ 11, 49; 59,151]       C:1         OCR TEAM
4    10       10[20SeL]        2010[40SeL]          [ 11,  9; 19,151]       C:1     10 November 2010
5    10       [20SeL]          [40SeL]              [  0,  0;  0,  0]       U:0
6    10       Look[40Sel]      paragraph.[100sEl]   [  0, 20; 30,  0]       S:2     Look here, I have a paragraph.
7    10       This[40Sel]      of[20sel]            [  0,  0;  0,  0]       C:2   This paragraph starts at the top of
8    10       the[30sel]       lines.[60sEl]        [  0,  0; 80,  0]       C:2   the page and takes 3 lines.
9    10       Here[40Sel]      paragraph[90sel]     [  0, 20; 30,  0]       S:2     Here I have a second paragraph
10   10       which[50sel]     first[50sel]         [  0,  0; 50,  0]       C:2   which indicates that the first
11   10       paragraph[90sel] continuation[120sel] [  0,  0; 40,  0]       C:2   paragraph is not a continuation
12   10       from[40sel]      in-[30sel]           [  0,  0; 10,  0]       C:2   from a previous page, as it is in-
13   10       dented[60sel]    para-[50sel]         [  0,  0; 10,  0]       C:2   dented just like this second para-
14   10       graph.[60sel]    graph.[60sEl]        [  0,  0;290,  0]       C:2   graph.
15   10       Here[40Sel]      It[20sel]            [ 30,  0;  0, 70]       S:CrL    Here is a block quote. It
16   10       looks[50sel]     text[40sel]          [ 30,  0;  0, 70]       C:CrL    looks like the prior text
17   10       but[30sel]       more[40sel]          [ 30,  0;  0, 70]       C:CrL    but it  is indented  more
18   10       and[30sel]       justified.[100sEl]   [ 30,  0; 20, 70]       C:CrL    and is fully justified.
19   10       So[20Sel]        center-[70sel]       [  0, 20;  0,  0]       S:2     So how does one deal with center-
20   10       ed[20sel]        para-[50sel]         [  0,  0;  0,  0]       C:2   ed text, block quotes, normal para-
21   10       graphs,[70sel]   follow?[70sEl]       [  0,  0;  0,  0]       C:2   graphs, and lists like what follow?
22   10       1.[20SeL]        plan.[50sEl]         [  0,  0;200,  0]       C:2   1. Make a plan.
23   10       2.[20SeL]        example,[80sel]      [  0,  0; 30,  0]       S:3   2. Use a heuristic, for example,
24   10       looking[70sel]   the[30sel]           [  0, 30; 50,  0]       C:3      looking for lines where the
25   10       first[50sel]     line[40sel]          [  0, 30; 50,  0]       C:3      first word of the next line
26   10       would[50sel]     line.[50sEl]         [  0, 30; 10,  0]       C:3      would fit on the previous line.
27   10       8.[20SeL]        in[20sel]            [  0,  0; 40,  0]       S:3   8. Try to implement the plan in
28   10       Python[60Sel]    out.[40sEl]          [  0, 30;100,  0]       C:3      Python and try it out.
29   10       4.[20SeL]        the[30sel]           [  0,  0; 80,  0]       S:3   4. Determine how to fix the
30   10       mistakes.[90sel] mistakes.[90sEl]     [  0, 30;230,  0]       C:3      mistakes.
31   10       5.[20SeL]        Repeat.[70sEl]       [  0,  0;250,  0]       S:3   5. Repeat.
32   10       For[30Sel]       work[40sel]          [  0, 20; 30,  0]       S:2     For extra painful penalty work
33   10       you[30sel]       source[60sel]        [  0,  0; 50,  0]       C:2   you can try to identify source
34   10       code.[50sel]     Ouch![50sEl]         [  0,  0;230,  0]       C:2   code.  Ouch!
Active Paragraph Models:
 1: margin: 0, first_indent: 0, body_indent: 0, alignment: CENTER
 2: margin: 0, first_indent: 20, body_indent: 0, alignment: LEFT
 3: margin: 0, first_indent: 0, body_indent: 30, alignment: LEFT
# End of Pass 4
#row space .. lword[widthSEL]  rword[widthSEL]      [lmarg,lind;rind,rmarg] model text
0    10       Awesome[70Sel]   Awesome[70sel]       [ 11, 59; 59,151]       S:1          Awesome
1    10       Centered[80Sel]  Title[50sel]         [ 11, 19; 29,151]       C:1      Centered Title
2    10       Paragraph[90Sel] Detection[90sel]     [ 11, -1; -1,151]       C:1    Paragraph Detection
3    10       OCR[30Sel]       TEAM[40sel]          [ 11, 49; 59,151]       C:1         OCR TEAM
4    10       10[20SeL]        2010[40SeL]          [ 11,  9; 19,151]       C:1     10 November 2010
5    10       [20SeL]          [40SeL]              [  0,  0;  0,  0]       U:0
6    10       Look[40Sel]      paragraph.[100sEl]   [  0, 20; 30,  0]       S:2     Look here, I have a paragraph.
7    10       This[40Sel]      of[20sel]            [  0,  0;  0,  0]       C:2   This paragraph starts at the top of
8    10       the[30sel]       lines.[60sEl]        [  0,  0; 80,  0]       C:2   the page and takes 3 lines.
9    10       Here[40Sel]      paragraph[90sel]     [  0, 20; 30,  0]       S:2     Here I have a second paragraph
10   10       which[50sel]     first[50sel]         [  0,  0; 50,  0]       C:2   which indicates that the first
11   10       paragraph[90sel] continuation[120sel] [  0,  0; 40,  0]       C:2   paragraph is not a continuation
12   10       from[40sel]      in-[30sel]           [  0,  0; 10,  0]       C:2   from a previous page, as it is in-
13   10       dented[60sel]    para-[50sel]         [  0,  0; 10,  0]       C:2   dented just like this second para-
14   10       graph.[60sel]    graph.[60sEl]        [  0,  0;290,  0]       C:2   graph.
15   10       Here[40Sel]      It[20sel]            [ 30,  0;  0, 70]       S:CrL    Here is a block quote. It
16   10       looks[50sel]     text[40sel]          [ 30,  0;  0, 70]       C:CrL    looks like the prior text
17   10       but[30sel]       more[40sel]          [ 30,  0;  0, 70]       C:CrL    but it  is indented  more
18   10       and[30sel]       justified.[100sEl]   [ 30,  0; 20, 70]       C:CrL    and is fully justified.
19   10       So[20Sel]        center-[70sel]       [  0, 20;  0,  0]       S:2     So how does one deal with center-
20   10       ed[20sel]        para-[50sel]         [  0,  0;  0,  0]       C:2   ed text, block quotes, normal para-
21   10       graphs,[70sel]   follow?[70sEl]       [  0,  0;  0,  0]       C:2   graphs, and lists like what follow?
22   10       1.[20SeL]        plan.[50sEl]         [  0,  0;200,  0]       C:2   1. Make a plan.
23   10       2.[20SeL]        example,[80sel]      [  0,  0; 30,  0]       S:3   2. Use a heuristic, for example,
24   10       looking[70sel]   the[30sel]           [  0, 30; 50,  0]       C:3      looking for lines where the
25   10       first[50sel]     line[40sel]          [  0, 30; 50,  0]       C:3      first word of the next line
26   10       would[50sel]     line.[50sEl]         [  0, 30; 10,  0]       C:3      would fit on the previous line.
27   10       8.[20SeL]        in[20sel]            [  0,  0; 40,  0]       S:3   8. Try to implement the plan in
28   10       Python[60Sel]    out.[40sEl]          [  0, 30;100,  0]       C:3      Python and try it out.
29   10       4.[20SeL]        the[30sel]           [  0,  0; 80,  0]       S:3   4. Determine how to fix the
30   10       mistakes.[90sel] mistakes.[90sEl]     [  0, 30;230,  0]       C:3      mistakes.
31   10       5.[20SeL]        Repeat.[70sEl]       [  0,  0;250,  0]       S:3   5. Repeat.
32   10       For[30Sel]       work[40sel]          [  0, 20; 30,  0]       S:2     For extra painful penalty work
33   10       you[30sel]       source[60sel]        [  0,  0; 50,  0]       C:2   you can try to identify source
34   10       code.[50sel]     Ouch![50sEl]         [  0,  0;230,  0]       C:2   code.  Ouch!
Active Paragraph Models:
 1: margin: 0, first_indent: 0, body_indent: 0, alignment: CENTER
 2: margin: 0, first_indent: 20, body_indent: 0, alignment: LEFT
 3: margin: 0, first_indent: 0, body_indent: 30, alignment: LEFT
# Final Paragraph Segmentation
#row space .. lword[widthSEL]  rword[widthSEL]      [lmarg,lind;rind,rmarg] model text
0    10       Awesome[70Sel]   Awesome[70sel]       [ 11, 59; 59,151]       S:1          Awesome
1    10       Centered[80Sel]  Title[50sel]         [ 11, 19; 29,151]       C:1      Centered Title
2    10       Paragraph[90Sel] Detection[90sel]     [ 11, -1; -1,151]       C:1    Paragraph Detection
3    10       OCR[30Sel]       TEAM[40sel]          [ 11, 49; 59,151]       C:1         OCR TEAM
4    10       10[20SeL]        2010[40SeL]          [ 11,  9; 19,151]       C:1     10 November 2010
5    10       [20SeL]          [40SeL]              [  0,  0;  0,  0]       U:0
6    10       Look[40Sel]      paragraph.[100sEl]   [  0, 20; 30,  0]       S:2     Look here, I have a paragraph.
7    10       This[40Sel]      of[20sel]            [  0,  0;  0,  0]       C:2   This paragraph starts at the top of
8    10       the[30sel]       lines.[60sEl]        [  0,  0; 80,  0]       C:2   the page and takes 3 lines.
9    10       Here[40Sel]      paragraph[90sel]     [  0, 20; 30,  0]       S:2     Here I have a second paragraph
10   10       which[50sel]     first[50sel]         [  0,  0; 50,  0]       C:2   which indicates that the first
11   10       paragraph[90sel] continuation[120sel] [  0,  0; 40,  0]       C:2   paragraph is not a continuation
12   10       from[40sel]      in-[30sel]           [  0,  0; 10,  0]       C:2   from a previous page, as it is in-
13   10       dented[60sel]    para-[50sel]         [  0,  0; 10,  0]       C:2   dented just like this second para-
14   10       graph.[60sel]    graph.[60sEl]        [  0,  0;290,  0]       C:2   graph.
15   10       Here[40Sel]      It[20sel]            [ 30,  0;  0, 70]       S:4      Here is a block quote. It
16   10       looks[50sel]     text[40sel]          [ 30,  0;  0, 70]       C:4      looks like the prior text
17   10       but[30sel]       more[40sel]          [ 30,  0;  0, 70]       C:4      but it  is indented  more
18   10       and[30sel]       justified.[100sEl]   [ 30,  0; 20, 70]       C:4      and is fully justified.
19   10       So[20Sel]        center-[70sel]       [  0, 20;  0,  0]       S:2     So how does one deal with center-
20   10       ed[20sel]        para-[50sel]         [  0,  0;  0,  0]       C:2   ed text, block quotes, normal para-
21   10       graphs,[70sel]   follow?[70sEl]       [  0,  0;  0,  0]       C:2   graphs, and lists like what follow?
22   10       1.[20SeL]        plan.[50sEl]         [  0,  0;200,  0]       C:2   1. Make a plan.
23   10       2.[20SeL]        example,[80sel]      [  0,  0; 30,  0]       S:3   2. Use a heuristic, for example,
24   10       looking[70sel]   the[30sel]           [  0, 30; 50,  0]       C:3      looking for lines where the
25   10       first[50sel]     line[40sel]          [  0, 30; 50,  0]       C:3      first word of the next line
26   10       would[50sel]     line.[50sEl]         [  0, 30; 10,  0]       C:3      would fit on the previous line.
27   10       8.[20SeL]        in[20sel]            [  0,  0; 40,  0]       S:3   8. Try to implement the plan in
28   10       Python[60Sel]    out.[40sEl]          [  0, 30;100,  0]       C:3      Python and try it out.
29   10       4.[20SeL]        the[30sel]           [  0,  0; 80,  0]       S:3   4. Determine how to fix the
30   10       mistakes.[90sel] mistakes.[90sEl]     [  0, 30;230,  0]       C:3      mistakes.
31   10       5.[20SeL]        Repeat.[70sEl]       [  0,  0;250,  0]       S:3   5. Repeat.
32   10       For[30Sel]       work[40sel]          [  0, 20; 30,  0]       S:2     For extra painful penalty work
33   10       you[30sel]       source[60sel]        [  0,  0; 50,  0]       C:2   you can try to identify source
34   10       code.[50sel]     Ouch![50sEl]         [  0,  0;230,  0]       C:2   code.  Ouch!
Active Paragraph Models:
 1: margin: 0, first_indent: 0, body_indent: 0, alignment: CENTER
 2: margin: 0, first_indent: 20, body_indent: 0, alignment: LEFT
 3: margin: 0, first_indent: 0, body_indent: 30, alignment: LEFT
 4: margin: 30, first_indent: 0, body_indent: 0, alignment: LEFT
# End of Pass 1
#row space .. lword[widthSEL] rword[widthSEL]    [lmarg,lind;rind,rmarg] model text
0    10       The[30Sel]      is[20sel]          [  0,  0;  0,  0]       U:0   The first paragraph on a page is
1    10       often[50sel]    rest[40sel]        [  0,  0; 20,  0]       U:0   often not indented as the rest
2    10       of[20sel]       Nonethe-[80sel]    [  0,  0;  0,  0]       U:0   of the paragraphs are.  Nonethe-
3    10       less[40sel]     the[30sel]         [  0,  0;  0,  0]       U:0   less it should be counted as the
4    10       same[40sel]     paragraph.[100sEl] [  0,  0; 90,  0]       U:0   same type of paragraph.
5    10       Even[40Sel]     paragraph[90sel]   [  0, 20; 10,  0]       U:0     Even a short second paragraph
6    10       should[60sel]   suffice.[80sEl]    [  0,  0;170,  0]       U:0   should suffice.
Active Paragraph Models:
#############################################
# StrongEvidenceClassify( rows[0:7) )
#############################################
# Initial strong signals.
#row space .. lword[widthSEL] rword[widthSEL]    [lmarg,lind;rind,rmarg] model text
0    10       The[30Sel]      is[20sel]          [  0,  0;  0,  0]       S:0   The first paragraph on a page is
1    10       often[50sel]    rest[40sel]        [  0,  0; 20,  0]       C:0   often not indented as the rest
2    10       of[20sel]       Nonethe-[80sel]    [  0,  0;  0,  0]       C:0   of the paragraphs are.  Nonethe-
3    10       less[40sel]     the[30sel]         [  0,  0;  0,  0]       C:0   less it should be counted as the
4    10       same[40sel]     paragraph.[100sEl] [  0,  0; 90,  0]       C:0   same type of paragraph.
5    10       Even[40Sel]     paragraph[90sel]   [  0, 20; 10,  0]       S:0     Even a short second paragraph
6    10       should[60sel]   suffice.[80sEl]    [  0,  0;170,  0]       C:0   should suffice.
Active Paragraph Models:
# Unsmeared hypotheses.s.
#row space .. lword[widthSEL] rword[widthSEL]    [lmarg,lind;rind,rmarg] model text
0    10       The[30Sel]      is[20sel]          [  0,  0;  0,  0]       S:CrL The first paragraph on a page is
1    10       often[50sel]    rest[40sel]        [  0,  0; 20,  0]       C:CrL often not indented as the rest
2    10       of[20sel]       Nonethe-[80sel]    [  0,  0;  0,  0]       C:CrL of the paragraphs are.  Nonethe-
3    10       less[40sel]     the[30sel]         [  0,  0;  0,  0]       C:CrL less it should be counted as the
4    10       same[40sel]     paragraph.[100sEl] [  0,  0; 90,  0]       C:CrL same type of paragraph.
5    10       Even[40Sel]     paragraph[90sel]   [  0, 20; 10,  0]       S:0     Even a short second paragraph
6    10       should[60sel]   suffice.[80sEl]    [  0,  0;170,  0]       C:0   should suffice.
Active Paragraph Models:
# End of Pass 2
#row space .. lword[widthSEL] rword[widthSEL]    [lmarg,lind;rind,rmarg] model text
0    10       The[30Sel]      is[20sel]          [  0,  0;  0,  0]       S:CrL The first paragraph on a page is
1    10       often[50sel]    rest[40sel]        [  0,  0; 20,  0]       C:CrL often not indented as the rest
2    10       of[20sel]       Nonethe-[80sel]    [  0,  0;  0,  0]       C:CrL of the paragraphs are.  Nonethe-
3    10       less[40sel]     the[30sel]         [  0,  0;  0,  0]       C:CrL less it should be counted as the
4    10       same[40sel]     paragraph.[100sEl] [  0,  0; 90,  0]       C:CrL same type of paragraph.
5    10       Even[40Sel]     paragraph[90sel]   [  0, 20; 10,  0]       S:0     Even a short second paragraph
6    10       should[60sel]   suffice.[80sEl]    [  0,  0;170,  0]       C:0   should suffice.
Active Paragraph Models:
###############################################
##### GeometricClassify( rows[0:7) )   ####
###############################################
Geometry: TabStop cluster tolerance = 10; 2 left tabs; 4 right tabs
# End of Pass 3
#row space .. lword[widthSEL] rword[widthSEL]    [lmarg,lind;rind,rmarg] model text
0    10       The[30Sel]      is[20sel]          [  0,  0;  0,  0]       S:CrL The first paragraph on a page is
1    10       often[50sel]    rest[40sel]        [  0,  0; 20,  0]       C:CrL often not indented as the rest
2    10       of[20sel]       Nonethe-[80sel]    [  0,  0;  0,  0]       C:CrL of the paragraphs are.  Nonethe-
3    10       less[40sel]     the[30sel]         [  0,  0;  0,  0]       C:CrL less it should be counted as the
4    10       same[40sel]     paragraph.[100sEl] [  0,  0; 90,  0]       C:CrL same type of paragraph.
5    10       Even[40Sel]     paragraph[90sel]   [  0, 20; 10,  0]       S:1     Even a short second paragraph
6    10       should[60sel]   suffice.[80sEl]    [  0,  0;170,  0]       C:1   should suffice.
Active Paragraph Models:
 1: margin: 0, first_indent: 20, body_indent: 0, alignment: LEFT
# End of Pass 4
#row space .. lword[widthSEL] rword[widthSEL]    [lmarg,lind;rind,rmarg] model text
0    10       The[30Sel]      is[20sel]          [  0,  0;  0,  0]       S:CrL The first paragraph on a page is
1    10       often[50sel]    rest[40sel]        [  0,  0; 20,  0]       C:CrL often not indented as the rest
2    10       of[20sel]       Nonethe-[80sel]    [  0,  0;  0,  0]       C:CrL of the paragraphs are.  Nonethe-
3    10       less[40sel]     the[30sel]         [  0,  0;  0,  0]       C:CrL less it should be counted as the
4    10       same[40sel]     paragraph.[100sEl] [  0,  0; 90,  0]       C:CrL same type of paragraph.
5    10       Even[40Sel]     paragraph[90sel]   [  0, 20; 10,  0]       S:1     Even a short second paragraph
6    10       should[60sel]   suffice.[80sEl]    [  0,  0;170,  0]       C:1   should suffice.
Active Paragraph Models:
 1: margin: 0, first_indent: 20, body_indent: 0, alignment: LEFT
# Final Paragraph Segmentation
#row space .. lword[widthSEL] rword[widthSEL]    [lmarg,lind;rind,rmarg] model text
0    10       The[30Sel]      is[20sel]          [  0,  0;  0,  0]       S:1   The first paragraph on a page is
1    10       often[50sel]    rest[40sel]        [  0,  0; 20,  0]       C:1   often not indented as the rest
2    10       of[20sel]       Nonethe-[80sel]    [  0,  0;  0,  0]       C:1   of the paragraphs are.  Nonethe-
3    10       less[40sel]     the[30sel]         [  0,  0;  0,  0]       C:1   less it should be counted as the
4    10       same[40sel]     paragraph.[100sEl] [  0,  0; 90,  0]       C:1   same type of paragraph.
5    10       Even[40Sel]     paragraph[90sel]   [  0, 20; 10,  0]       S:1     Even a short second paragraph
6    10       should[60sel]   suffice.[80sEl]    [  0,  0;170,  0]       C:1   should suffice.
Active Paragraph Models:
 1: margin: 0, first_indent: 20, body_indent: 0, alignment: LEFT
# End of Pass 1
#row space .. lword[widthSEL] rword[widthSEL]    [lmarg,lind;rind,rmarg] model text
0    10       The[30Sel]      is[20sel]          [  0,  0;  0,  0]       U:0   The first paragraph on a page is
1    10       often[50sel]    rest[40sel]        [  0,  0; 20,  0]       U:0   often not indented as the rest
2    10       of[20sel]       Nonethe-[80sel]    [  0,  0;  0,  0]       U:0   of the paragraphs are.  Nonethe-
3    10       less[40sel]     the[30sel]         [  0,  0;  0,  0]       U:0   less it should be counted as the
4    10       same[40sel]     paragraph.[100sEl] [  0,  0; 90,  0]       U:0   same type of paragraph.
5    10       Even[40Sel]     paragraph[90sel]   [  0, 20; 10,  0]       U:0     Even a short second paragraph
6    10       should[60sel]   suffice.[80sEl]    [  0,  0;170,  0]       U:0   should suffice.
7    10       1235[40SeL]     1235[40SeL]        [  0,130;150,  0]       U:0                1235
Active Paragraph Models:
#############################################
# StrongEvidenceClassify( rows[0:8) )
#############################################
# Initial strong signals.
#row space .. lword[widthSEL] rword[widthSEL]    [lmarg,lind;rind,rmarg] model text
0    10       The[30Sel]      is[20sel]          [  0,  0;  0,  0]       S:0   The first paragraph on a page is
1    10       often[50sel]    rest[40sel]        [  0,  0; 20,  0]       C:0   often not indented as the rest
2    10       of[20sel]       Nonethe-[80sel]    [  0,  0;  0,  0]       C:0   of the paragraphs are.  Nonethe-
3    10       less[40sel]     the[30sel]         [  0,  0;  0,  0]       C:0   less it should be counted as the
4    10       same[40sel]     paragraph.[100sEl] [  0,  0; 90,  0]       C:0   same type of paragraph.
5    10       Even[40Sel]     paragraph[90sel]   [  0, 20; 10,  0]       S:0     Even a short second paragraph
6    10       should[60sel]   suffice.[80sEl]    [  0,  0;170,  0]       C:0   should suffice.
7    10       1235[40SeL]     1235[40SeL]        [  0,130;150,  0]       U:0                1235
Active Paragraph Models:
Could not determine a model for this paragraph:
======================================
  Even a short second paragraph
should suffice.
======================================
# Unsmeared hypotheses.s.
#row space .. lword[widthSEL] rword[widthSEL]    [lmarg,lind;rind,rmarg] model text
0    10       The[30Sel]      is[20sel]          [  0,  0;  0,  0]       S:CrL The first paragraph on a page is
1    10       often[50sel]    rest[40sel]        [  0,  0; 20,  0]       C:CrL often not indented as the rest
2    10       of[20sel]       Nonethe-[80sel]    [  0,  0;  0,  0]       C:CrL of the paragraphs are.  Nonethe-
3    10       less[40sel]     the[30sel]         [  0,  0;  0,  0]       C:CrL less it should be counted as the
4    10       same[40sel]     paragraph.[100sEl] [  0,  0; 90,  0]       C:CrL same type of paragraph.
5    10       Even[40Sel]     paragraph[90sel]   [  0, 20; 10,  0]       S:0     Even a short second paragraph
6    10       should[60sel]   suffice.[80sEl]    [  0,  0;170,  0]       C:0   should suffice.
7    10       1235[40SeL]     1235[40SeL]        [  0,130;150,  0]       U:0                1235
Active Paragraph Models:
# End of Pass 2
#row space .. lword[widthSEL] rword[widthSEL]    [lmarg,lind;rind,rmarg] model text
0    10       The[30Sel]      is[20sel]          [  0,  0;  0,  0]       S:CrL The first paragraph on a page is
1    10       often[50sel]    rest[40sel]        [  0,  0; 20,  0]       C:CrL often not indented as the rest
2    10       of[20sel]       Nonethe-[80sel]    [  0,  0;  0,  0]       C:CrL of the paragraphs are.  Nonethe-
3    10       less[40sel]     the[30sel]         [  0,  0;  0,  0]       C:CrL less it should be counted as the
4    10       same[40sel]     paragraph.[100sEl] [  0,  0; 90,  0]       C:CrL same type of paragraph.
5    10       Even[40Sel]     paragraph[90sel]   [  0, 20; 10,  0]       S:0     Even a short second paragraph
6    10       should[60sel]   suffice.[80sEl]    [  0,  0;170,  0]       C:0   should suffice.
7    10       1235[40SeL]     1235[40SeL]        [  0,130;150,  0]       U:0                1235
Active Paragraph Models:
###############################################
##### GeometricClassify( rows[0:8) )   ####
###############################################
Geometry: TabStop cluster tolerance = 10; 2 left tabs; 4 right tabs
# End of Pass 3
#row space .. lword[widthSEL] rword[widthSEL]    [lmarg,lind;rind,rmarg] model text
0    10       The[30Sel]      is[20sel]          [  0,  0;  0,  0]       S:CrL The first paragraph on a page is
1    10       often[50sel]    rest[40sel]        [  0,  0; 20,  0]       C:CrL often not indented as the rest
2    10       of[20sel]       Nonethe-[80sel]    [  0,  0;  0,  0]       C:CrL of the paragraphs are.  Nonethe-
3    10       less[40sel]     the[30sel]         [  0,  0;  0,  0]       C:CrL less it should be counted as the
4    10       same[40sel]     paragraph.[100sEl] [  0,  0; 90,  0]       C:CrL same type of paragraph.
5    10       Even[40Sel]     paragraph[90sel]   [  0, 20; 10,  0]       S:1     Even a short second paragraph
6    10       should[60sel]   suffice.[80sEl]    [  0,  0;170,  0]       C:1   should suffice.
7    10       1235[40SeL]     1235[40SeL]        [  0,130;150,  0]       U:0                1235
Active Paragraph Models:
 1: margin: 0, first_indent: 20, body_indent: 0, alignment: LEFT
# End of Pass 4
#row space .. lword[widthSEL] rword[widthSEL]    [lmarg,lind;rind,rmarg] model text
0    10       The[30Sel]      is[20sel]          [  0,  0;  0,  0]       S:CrL The first paragraph on a page is
1    10       often[50sel]    rest[40sel]        [  0,  0; 20,  0]       C:CrL often not indented as the rest
2    10       of[20sel]       Nonethe-[80sel]    [  0,  0;  0,  0]       C:CrL of the paragraphs are.  Nonethe-
3    10       less[40sel]     the[30sel]         [  0,  0;  0,  0]       C:CrL less it should be counted as the
4    10       same[40sel]     paragraph.[100sEl] [  0,  0; 90,  0]       C:CrL same type of paragraph.
5    10       Even[40Sel]     paragraph[90sel]   [  0, 20; 10,  0]       S:1     Even a short second paragraph
6    10       should[60sel]   suffice.[80sEl]    [  0,  0;170,  0]       C:1   should suffice.
7    10       1235[40SeL]     1235[40SeL]        [  0,130;150,  0]       U:0                1235
Active Paragraph Models:
 1: margin: 0, first_indent: 20, body_indent: 0, alignment: LEFT
# Final Paragraph Segmentation
#row space .. lword[widthSEL] rword[widthSEL]    [lmarg,lind;rind,rmarg] model text
0    10       The[30Sel]      is[20sel]          [  0,  0;  0,  0]       S:1   The first paragraph on a page is
1    10       often[50sel]    rest[40sel]        [  0,  0; 20,  0]       C:1   often not indented as the rest
2    10       of[20sel]       Nonethe-[80sel]    [  0,  0;  0,  0]       C:1   of the paragraphs are.  Nonethe-
3    10       less[40sel]     the[30sel]         [  0,  0;  0,  0]       C:1   less it should be counted as the
4    10       same[40sel]     paragraph.[100sEl] [  0,  0; 90,  0]       C:1   same type of paragraph.
5    10       Even[40Sel]     paragraph[90sel]   [  0, 20; 10,  0]       S:1     Even a short second paragraph
6    10       should[60sel]   suffice.[80sEl]    [  0,  0;170,  0]       C:1   should suffice.
7    10       1235[40SeL]     1235[40SeL]        [  0,130;150,  0]       U:0                1235
Active Paragraph Models:
 1: margin: 0, first_indent: 20, body_indent: 0, alignment: LEFT
# End of Pass 1
#row space .. lword[widthSEL]     rword[widthSEL]        [lmarg,lind;rind,rmarg] model text
0    10       Defined[70Sel]      New[30sel]             [  0, 40;  0,  0]       U:0       Defined contribution plans cover employees in Australia, New
1    10       Zealand,[80Sel]     subsidiaries.[130sEl]  [  0,  0; 20,  0]       U:0   Zealand, Spain, the United Kingdom and some U.S. subsidiaries.
2    10       In[20Sel]           in[20sel]              [  0,  0; 40,  0]       U:0   In addition, employees in the U.S. are eligible to participate in
3    10       deﬁned[80sel]     contribut-[100sel]     [  0,  0;  0,  0]       U:0   deﬁned contribution plans (Employee Savings Plans) by contribut-
4    10       ing[30sel]          com-[40sel]            [  0,  0; 10,  0]       U:0   ing a portion of their compensation. The Company matches com-
5    10       pensation,[100sel]  Contributions[130sel]  [  0,  0; 40,  0]       U:0   pensation, depending on Company proﬁt levels. Contributions
6    10       charged[70sel]      in[20sel]              [  0,  0; 40,  0]       U:0   charged to income for deﬁned contribution plans were $92 in
7    10       1993,[50SeL]        1991.[50SEL]           [  0,  0;290,  0]       U:0   1993, $98 in 1992 and $89 in 1991.
8    10       In[20Sel]           pro-[40sel]            [  0, 50; 10,  0]       U:0        In addition to providing pension beneﬁts, the Company pro-
9    10       vides[50sel]        retired[70sel]         [  0,  0; 50,  0]       U:0   vides certain health care and life insurance beneﬁts to retired
10   10       employees.[100sel]  FASB[40sel]            [  0,  0; 30,  0]       U:0   employees. As discussed in Note A, the Company adopted FASB
11   10       Statement[90Sel]    the[30sel]             [  0,  0; 50,  0]       U:0   Statement No. 106 effective January 1, 1992. Previously, the
12   10       Company[70Sel]      the[30sel]             [  0,  0; 50,  0]       U:0   Company recognized the cost of providing these beneﬁts as the
13   10       beneﬁts[90sel]    1991.[50SEL]           [  0,  0; 30,  0]       U:0   beneﬁts were paid. These pretax costs amounted to $53 in 1991.
14   10       The[30Sel]          medical[70sel]         [  0,  0; 10,  0]       U:0   The Company continues to fund most of the cost of these medical
15   10       and[30sel]          incurred.[90sEl]       [  0,  0;160,  0]       U:0   and life insurance beneﬁts in the year incurred.
16   10       The[30Sel]          plan.[50sEl]           [  0, 50;  0,  0]       U:0        The U.S. plan covering the parent company is the largest plan.
17   10       It[20Sel]           hospital,[90sel]       [  0,  0; 20,  0]       U:0   It provides medical and life insurance beneﬁts including hospital,
18   10       physicians’[130sel] life[40sel]            [  0,  0; 30,  0]       U:0   physicians’ services and major medical expense beneﬁts and life
19   10       insurance[90sel]    to[20sel]              [  0,  0; 40,  0]       U:0   insurance beneﬁts. The plan provides beneﬁts supplemental to
20   10       Medicare[80Sel]     of[20sel]              [  0,  0; 20,  0]       U:0   Medicare after retirees are eligible for these beneﬁts. The cost of
21   10       these[50sel]        the[30sel]             [  0,  0; 20,  0]       U:0   these beneﬁts are shared by the Company and the retiree, with the
22   10       Company[70Sel]      of[20sel]              [  0,  0; 30,  0]       U:0   Company portion increasing as the retiree has increased years of
23   10       credited[80sel]     these[50sel]           [  0,  0; 40,  0]       U:0   credited service. The Company has the ability to change these
24   10       beneﬁts[90sel]    time.[50sEl]           [  0,  0;440,  0]       U:0   beneﬁts at any time.
25   10       Effective[90Sel]    health[60sel]          [  0, 50; 30,  0]       U:0        Effective October 1993, the Company amended its health
26   10       beneﬁts[90sel]    Company[70sel]         [  0,  0; 10,  0]       U:0   beneﬁts plan in the U.S. to cap the cost absorbed by the Company
27   10       at[20sel]           who[30sel]             [  0,  0;  0,  0]       U:0   at approximately twice the 1993 cost per person for employees who
28   10       retire[60sel]       was[30sel]             [  0,  0; 10,  0]       U:0   retire after December 31, 1993. The effect of this amendment was
29   10       to[20sel]           postretirement[140sel] [  0,  0; 30,  0]       U:0   to reduce the December 31, 1993 accumulated postretirement
30   10       beneﬁt[80sel]     postre-[70sel]         [  0,  0; 10,  0]       U:0   beneﬁt obligation by $327. It also reduced the net periodic postre-
31   10       tirement[80sel]     cost[40sel]            [  0,  0; 20,  0]       U:0   tirement cost by $21 for 1993 and is estimated to reduce this cost
32   10       for[30sel]          $83.[40sEl]            [  0,  0;370,  0]       U:0   for 1994 by approximately $83.
Active Paragraph Models:
#############################################
# StrongEvidenceClassify( rows[0:33) )
#############################################
# Initial strong signals.
#row space .. lword[widthSEL]     rword[widthSEL]        [lmarg,lind;rind,rmarg] model text
0    10       Defined[70Sel]      New[30sel]             [  0, 40;  0,  0]       S:0       Defined contribution plans cover employees in Australia, New
1    10       Zealand,[80Sel]     subsidiaries.[130sEl]  [  0,  0; 20,  0]       U:0   Zealand, Spain, the United Kingdom and some U.S. subsidiaries.
2    10       In[20Sel]           in[20sel]              [  0,  0; 40,  0]       U:0   In addition, employees in the U.S. are eligible to participate in
3    10       deﬁned[80sel]     contribut-[100sel]     [  0,  0;  0,  0]       C:0   deﬁned contribution plans (Employee Savings Plans) by contribut-
4    10       ing[30sel]          com-[40sel]            [  0,  0; 10,  0]       C:0   ing a portion of their compensation. The Company matches com-
5    10       pensation,[100sel]  Contributions[130sel]  [  0,  0; 40,  0]       C:0   pensation, depending on Company proﬁt levels. Contributions
6    10       charged[70sel]      in[20sel]              [  0,  0; 40,  0]       C:0   charged to income for deﬁned contribution plans were $92 in
7    10       1993,[50SeL]        1991.[50SEL]           [  0,  0;290,  0]       U:0   1993, $98 in 1992 and $89 in 1991.
8    10       In[20Sel]           pro-[40sel]            [  0, 50; 10,  0]       S:0        In addition to providing pension beneﬁts, the Company pro-
9    10       vides[50sel]        retired[70sel]         [  0,  0; 50,  0]       C:0   vides certain health care and life insurance beneﬁts to retired
10   10       employees.[100sel]  FASB[40sel]            [  0,  0; 30,  0]       C:0   employees. As discussed in Note A, the Company adopted FASB
11   10       Statement[90Sel]    the[30sel]             [  0,  0; 50,  0]       U:0   Statement No. 106 effective January 1, 1992. Previously, the
12   10       Company[70Sel]      the[30sel]             [  0,  0; 50,  0]       U:0   Company recognized the cost of providing these beneﬁts as the
13   10       beneﬁts[90sel]    1991.[50SEL]           [  0,  0; 30,  0]       U:0   beneﬁts were paid. These pretax costs amounted to $53 in 1991.
14   10       The[30Sel]          medical[70sel]         [  0,  0; 10,  0]       U:0   The Company continues to fund most of the cost of these medical
15   10       and[30sel]          incurred.[90sEl]       [  0,  0;160,  0]       C:0   and life insurance beneﬁts in the year incurred.
16   10       The[30Sel]          plan.[50sEl]           [  0, 50;  0,  0]       S:0        The U.S. plan covering the parent company is the largest plan.
17   10       It[20Sel]           hospital,[90sel]       [  0,  0; 20,  0]       U:0   It provides medical and life insurance beneﬁts including hospital,
18   10       physicians’[130sel] life[40sel]            [  0,  0; 30,  0]       C:0   physicians’ services and major medical expense beneﬁts and life
19   10       insurance[90sel]    to[20sel]              [  0,  0; 40,  0]       C:0   insurance beneﬁts. The plan provides beneﬁts supplemental to
20   10       Medicare[80Sel]     of[20sel]              [  0,  0; 20,  0]       U:0   Medicare after retirees are eligible for these beneﬁts. The cost of
21   10       these[50sel]        the[30sel]             [  0,  0; 20,  0]       C:0   these beneﬁts are shared by the Company and the retiree, with the
22   10       Company[70Sel]      of[20sel]              [  0,  0; 30,  0]       U:0   Company portion increasing as the retiree has increased years of
23   10       credited[80sel]     these[50sel]           [  0,  0; 40,  0]       C:0   credited service. The Company has the ability to change these
24   10       beneﬁts[90sel]    time.[50sEl]           [  0,  0;440,  0]       C:0   beneﬁts at any time.
25   10       Effective[90Sel]    health[60sel]          [  0, 50; 30,  0]       S:0        Effective October 1993, the Company amended its health
26   10       beneﬁts[90sel]    Company[70sel]         [  0,  0; 10,  0]       C:0   beneﬁts plan in the U.S. to cap the cost absorbed by the Company
27   10       at[20sel]           who[30sel]             [  0,  0;  0,  0]       C:0   at approximately twice the 1993 cost per person for employees who
28   10       retire[60sel]       was[30sel]             [  0,  0; 10,  0]       C:0   retire after December 31, 1993. The effect of this amendment was
29   10       to[20sel]           postretirement[140sel] [  0,  0; 30,  0]       C:0   to reduce the December 31, 1993 accumulated postretirement
30   10       beneﬁt[80sel]     postre-[70sel]         [  0,  0; 10,  0]       C:0   beneﬁt obligation by $327. It also reduced the net periodic postre-
31   10       tirement[80sel]     cost[40sel]            [  0,  0; 20,  0]       C:0   tirement cost by $21 for 1993 and is estimated to reduce this cost
32   10       for[30sel]          $83.[40sEl]            [  0,  0;370,  0]       C:0   for 1994 by approximately $83.
Active Paragraph Models:
# Unsmeared hypotheses.s.
#row space .. lword[widthSEL]     rword[widthSEL]        [lmarg,lind;rind,rmarg] model text
0    10       Defined[70Sel]      New[30sel]             [  0, 40;  0,  0]       S:1       Defined contribution plans cover employees in Australia, New
1    10       Zealand,[80Sel]     subsidiaries.[130sEl]  [  0,  0; 20,  0]       C:1   Zealand, Spain, the United Kingdom and some U.S. subsidiaries.
2    10       In[20Sel]           in[20sel]              [  0,  0; 40,  0]       C:1   In addition, employees in the U.S. are eligible to participate in
3    10       deﬁned[80sel]     contribut-[100sel]     [  0,  0;  0,  0]       C:1   deﬁned contribution plans (Employee Savings Plans) by contribut-
4    10       ing[30sel]          com-[40sel]            [  0,  0; 10,  0]       C:1   ing a portion of their compensation. The Company matches com-
5    10       pensation,[100sel]  Contributions[130sel]  [  0,  0; 40,  0]       C:1   pensation, depending on Company proﬁt levels. Contributions
6    10       charged[70sel]      in[20sel]              [  0,  0; 40,  0]       C:1   charged to income for deﬁned contribution plans were $92 in
7    10       1993,[50SeL]        1991.[50SEL]           [  0,  0;290,  0]       C:1   1993, $98 in 1992 and $89 in 1991.
8    10       In[20Sel]           pro-[40sel]            [  0, 50; 10,  0]       S:2        In addition to providing pension beneﬁts, the Company pro-
9    10       vides[50sel]        retired[70sel]         [  0,  0; 50,  0]       C:2   vides certain health care and life insurance beneﬁts to retired
10   10       employees.[100sel]  FASB[40sel]            [  0,  0; 30,  0]       C:2   employees. As discussed in Note A, the Company adopted FASB
11   10       Statement[90Sel]    the[30sel]             [  0,  0; 50,  0]       C:2   Statement No. 106 effective January 1, 1992. Previously, the
12   10       Company[70Sel]      the[30sel]             [  0,  0; 50,  0]       C:2   Company recognized the cost of providing these beneﬁts as the
13   10       beneﬁts[90sel]    1991.[50SEL]           [  0,  0; 30,  0]       C:2   beneﬁts were paid. These pretax costs amounted to $53 in 1991.
14   10       The[30Sel]          medical[70sel]         [  0,  0; 10,  0]       C:2   The Company continues to fund most of the cost of these medical
15   10       and[30sel]          incurred.[90sEl]       [  0,  0;160,  0]       C:2   and life insurance beneﬁts in the year incurred.
16   10       The[30Sel]          plan.[50sEl]           [  0, 50;  0,  0]       S:0        The U.S. plan covering the parent company is the largest plan.
17   10       It[20Sel]           hospital,[90sel]       [  0,  0; 20,  0]       U:0   It provides medical and life insurance beneﬁts including hospital,
18   10       physicians’[130sel] life[40sel]            [  0,  0; 30,  0]       C:0   physicians’ services and major medical expense beneﬁts and life
19   10       insurance[90sel]    to[20sel]              [  0,  0; 40,  0]       C:0   insurance beneﬁts. The plan provides beneﬁts supplemental to
20   10       Medicare[80Sel]     of[20sel]              [  0,  0; 20,  0]       U:0   Medicare after retirees are eligible for these beneﬁts. The cost of
21   10       these[50sel]        the[30sel]             [  0,  0; 20,  0]       C:0   these beneﬁts are shared by the Company and the retiree, with the
22   10       Company[70Sel]      of[20sel]              [  0,  0; 30,  0]       U:0   Company portion increasing as the retiree has increased years of
23   10       credited[80sel]     these[50sel]           [  0,  0; 40,  0]       C:0   credited service. The Company has the ability to change these
24   10       beneﬁts[90sel]    time.[50sEl]           [  0,  0;440,  0]       C:0   beneﬁts at any time.
25   10       Effective[90Sel]    health[60sel]          [  0, 50; 30,  0]       S:2        Effective October 1993, the Company amended its health
26   10       beneﬁts[90sel]    Company[70sel]         [  0,  0; 10,  0]       C:2   beneﬁts plan in the U.S. to cap the cost absorbed by the Company
27   10       at[20sel]           who[30sel]             [  0,  0;  0,  0]       C:2   at approximately twice the 1993 cost per person for employees who
28   10       retire[60sel]       was[30sel]             [  0,  0; 10,  0]       C:2   retire after December 31, 1993. The effect of this amendment was
29   10       to[20sel]           postretirement[140sel] [  0,  0; 30,  0]       C:2   to reduce the December 31, 1993 accumulated postretirement
30   10       beneﬁt[80sel]     postre-[70sel]         [  0,  0; 10,  0]       C:2   beneﬁt obligation by $327. It also reduced the net periodic postre-
31   10       tirement[80sel]     cost[40sel]            [  0,  0; 20,  0]       C:2   tirement cost by $21 for 1993 and is estimated to reduce this cost
32   10       for[30sel]          $83.[40sEl]            [  0,  0;370,  0]       C:0   for 1994 by approximately $83.
Active Paragraph Models:
 1: margin: 0, first_indent: 40, body_indent: 0, alignment: LEFT
 2: margin: 0, first_indent: 50, body_indent: 0, alignment: LEFT
# End of Pass 2
#row space .. lword[widthSEL]     rword[widthSEL]        [lmarg,lind;rind,rmarg] model text
0    10       Defined[70Sel]      New[30sel]             [  0, 40;  0,  0]       S:1       Defined contribution plans cover employees in Australia, New
1    10       Zealand,[80Sel]     subsidiaries.[130sEl]  [  0,  0; 20,  0]       C:1   Zealand, Spain, the United Kingdom and some U.S. subsidiaries.
2    10       In[20Sel]           in[20sel]              [  0,  0; 40,  0]       C:1   In addition, employees in the U.S. are eligible to participate in
3    10       deﬁned[80sel]     contribut-[100sel]     [  0,  0;  0,  0]       C:1   deﬁned contribution plans (Employee Savings Plans) by contribut-
4    10       ing[30sel]          com-[40sel]            [  0,  0; 10,  0]       C:1   ing a portion of their compensation. The Company matches com-
5    10       pensation,[100sel]  Contributions[130sel]  [  0,  0; 40,  0]       C:1   pensation, depending on Company proﬁt levels. Contributions
6    10       charged[70sel]      in[20sel]              [  0,  0; 40,  0]       C:1   charged to income for deﬁned contribution plans were $92 in
7    10       1993,[50SeL]        1991.[50SEL]           [  0,  0;290,  0]       C:1   1993, $98 in 1992 and $89 in 1991.
8    10       In[20Sel]           pro-[40sel]            [  0, 50; 10,  0]       S:2        In addition to providing pension beneﬁts, the Company pro-
9    10       vides[50sel]        retired[70sel]         [  0,  0; 50,  0]       C:2   vides certain health care and life insurance beneﬁts to retired
10   10       employees.[100sel]  FASB[40sel]            [  0,  0; 30,  0]       C:2   employees. As discussed in Note A, the Company adopted FASB
11   10       Statement[90Sel]    the[30sel]             [  0,  0; 50,  0]       C:2   Statement No. 106 effective January 1, 1992. Previously, the
12   10       Company[70Sel]      the[30sel]             [  0,  0; 50,  0]       C:2   Company recognized the cost of providing these beneﬁts as the
13   10       beneﬁts[90sel]    1991.[50SEL]           [  0,  0; 30,  0]       C:2   beneﬁts were paid. These pretax costs amounted to $53 in 1991.
14   10       The[30Sel]          medical[70sel]         [  0,  0; 10,  0]       C:2   The Company continues to fund most of the cost of these medical
15   10       and[30sel]          incurred.[90sEl]       [  0,  0;160,  0]       C:2   and life insurance beneﬁts in the year incurred.
16   10       The[30Sel]          plan.[50sEl]           [  0, 50;  0,  0]       S:2        The U.S. plan covering the parent company is the largest plan.
17   10       It[20Sel]           hospital,[90sel]       [  0,  0; 20,  0]       C:2   It provides medical and life insurance beneﬁts including hospital,
18   10       physicians’[130sel] life[40sel]            [  0,  0; 30,  0]       C:2   physicians’ services and major medical expense beneﬁts and life
19   10       insurance[90sel]    to[20sel]              [  0,  0; 40,  0]       C:2   insurance beneﬁts. The plan provides beneﬁts supplemental to
20   10       Medicare[80Sel]     of[20sel]              [  0,  0; 20,  0]       C:2   Medicare after retirees are eligible for these beneﬁts. The cost of
21   10       these[50sel]        the[30sel]             [  0,  0; 20,  0]       C:2   these beneﬁts are shared by the Company and the retiree, with the
22   10       Company[70Sel]      of[20sel]              [  0,  0; 30,  0]       C:2   Company portion increasing as the retiree has increased years of
23   10       credited[80sel]     these[50sel]           [  0,  0; 40,  0]       C:2   credited service. The Company has the ability to change these
24   10       beneﬁts[90sel]    time.[50sEl]           [  0,  0;440,  0]       C:2   beneﬁts at any time.
25   10       Effective[90Sel]    health[60sel]          [  0, 50; 30,  0]       S:2        Effective October 1993, the Company amended its health
26   10       beneﬁts[90sel]    Company[70sel]         [  0,  0; 10,  0]       C:2   beneﬁts plan in the U.S. to cap the cost absorbed by the Company
27   10       at[20sel]           who[30sel]             [  0,  0;  0,  0]       C:2   at approximately twice the 1993 cost per person for employees who
28   10       retire[60sel]       was[30sel]             [  0,  0; 10,  0]       C:2   retire after December 31, 1993. The effect of this amendment was
29   10       to[20sel]           postretirement[140sel] [  0,  0; 30,  0]       C:2   to reduce the December 31, 1993 accumulated postretirement
30   10       beneﬁt[80sel]     postre-[70sel]         [  0,  0; 10,  0]       C:2   beneﬁt obligation by $327. It also reduced the net periodic postre-
31   10       tirement[80sel]     cost[40sel]            [  0,  0; 20,  0]       C:2   tirement cost by $21 for 1993 and is estimated to reduce this cost
32   10       for[30sel]          $83.[40sEl]            [  0,  0;370,  0]       C:2   for 1994 by approximately $83.
Active Paragraph Models:
 1: margin: 0, first_indent: 40, body_indent: 0, alignment: LEFT
 2: margin: 0, first_indent: 50, body_indent: 0, alignment: LEFT
# End of Pass 3
#row space .. lword[widthSEL]     rword[widthSEL]        [lmarg,lind;rind,rmarg] model text
0    10       Defined[70Sel]      New[30sel]             [  0, 40;  0,  0]       S:1       Defined contribution plans cover employees in Australia, New
1    10       Zealand,[80Sel]     subsidiaries.[130sEl]  [  0,  0; 20,  0]       C:1   Zealand, Spain, the United Kingdom and some U.S. subsidiaries.
2    10       In[20Sel]           in[20sel]              [  0,  0; 40,  0]       C:1   In addition, employees in the U.S. are eligible to participate in
3    10       deﬁned[80sel]     contribut-[100sel]     [  0,  0;  0,  0]       C:1   deﬁned contribution plans (Employee Savings Plans) by contribut-
4    10       ing[30sel]          com-[40sel]            [  0,  0; 10,  0]       C:1   ing a portion of their compensation. The Company matches com-
5    10       pensation,[100sel]  Contributions[130sel]  [  0,  0; 40,  0]       C:1   pensation, depending on Company proﬁt levels. Contributions
6    10       charged[70sel]      in[20sel]              [  0,  0; 40,  0]       C:1   charged to income for deﬁned contribution plans were $92 in
7    10       1993,[50SeL]        1991.[50SEL]           [  0,  0;290,  0]       C:1   1993, $98 in 1992 and $89 in 1991.
8    10       In[20Sel]           pro-[40sel]            [  0, 50; 10,  0]       S:2        In addition to providing pension beneﬁts, the Company pro-
9    10       vides[50sel]        retired[70sel]         [  0,  0; 50,  0]       C:2   vides certain health care and life insurance beneﬁts to retired
10   10       employees.[100sel]  FASB[40sel]            [  0,  0; 30,  0]       C:2   employees. As discussed in Note A, the Company adopted FASB
11   10       Statement[90Sel]    the[30sel]             [  0,  0; 50,  0]       C:2   Statement No. 106 effective January 1, 1992. Previously, the
12   10       Company[70Sel]      the[30sel]             [  0,  0; 50,  0]       C:2   Company recognized the cost of providing these beneﬁts as the
13   10       beneﬁts[90sel]    1991.[50SEL]           [  0,  0; 30,  0]       C:2   beneﬁts were paid. These pretax costs amounted to $53 in 1991.
14   10       The[30Sel]          medical[70sel]         [  0,  0; 10,  0]       C:2   The Company continues to fund most of the cost of these medical
15   10       and[30sel]          incurred.[90sEl]       [  0,  0;160,  0]       C:2   and life insurance beneﬁts in the year incurred.
16   10       The[30Sel]          plan.[50sEl]           [  0, 50;  0,  0]       S:2        The U.S. plan covering the parent company is the largest plan.
17   10       It[20Sel]           hospital,[90sel]       [  0,  0; 20,  0]       C:2   It provides medical and life insurance beneﬁts including hospital,
18   10       physicians’[130sel] life[40sel]            [  0,  0; 30,  0]       C:2   physicians’ services and major medical expense beneﬁts and life
19   10       insurance[90sel]    to[20sel]              [  0,  0; 40,  0]       C:2   insurance beneﬁts. The plan provides beneﬁts supplemental to
20   10       Medicare[80Sel]     of[20sel]              [  0,  0; 20,  0]       C:2   Medicare after retirees are eligible for these beneﬁts. The cost of
21   10       these[50sel]        the[30sel]             [  0,  0; 20,  0]       C:2   these beneﬁts are shared by the Company and the retiree, with the
22   10       Company[70Sel]      of[20sel]              [  0,  0; 30,  0]       C:2   Company portion increasing as the retiree has increased years of
23   10       credited[80sel]     these[50sel]           [  0,  0; 40,  0]       C:2   credited service. The Company has the ability to change these
24   10       beneﬁts[90sel]    time.[50sEl]           [  0,  0;440,  0]       C:2   beneﬁts at any time.
25   10       Effective[90Sel]    health[60sel]          [  0, 50; 30,  0]       S:2        Effective October 1993, the Company amended its health
26   10       beneﬁts[90sel]    Company[70sel]         [  0,  0; 10,  0]       C:2   beneﬁts plan in the U.S. to cap the cost absorbed by the Company
27   10       at[20sel]           who[30sel]             [  0,  0;  0,  0]       C:2   at approximately twice the 1993 cost per person for employees who
28   10       retire[60sel]       was[30sel]             [  0,  0; 10,  0]       C:2   retire after December 31, 1993. The effect of this amendment was
29   10       to[20sel]           postretirement[140sel] [  0,  0; 30,  0]       C:2   to reduce the December 31, 1993 accumulated postretirement
30   10       beneﬁt[80sel]     postre-[70sel]         [  0,  0; 10,  0]       C:2   beneﬁt obligation by $327. It also reduced the net periodic postre-
31   10       tirement[80sel]     cost[40sel]            [  0,  0; 20,  0]       C:2   tirement cost by $21 for 1993 and is estimated to reduce this cost
32   10       for[30sel]          $83.[40sEl]            [  0,  0;370,  0]       C:2   for 1994 by approximately $83.
Active Paragraph Models:
 1: margin: 0, first_indent: 40, body_indent: 0, alignment: LEFT
 2: margin: 0, first_indent: 50, body_indent: 0, alignment: LEFT
# End of Pass 4
#row space .. lword[widthSEL]     rword[widthSEL]        [lmarg,lind;rind,rmarg] model text
0    10       Defined[70Sel]      New[30sel]             [  0, 40;  0,  0]       S:1       Defined contribution plans cover employees in Australia, New
1    10       Zealand,[80Sel]     subsidiaries.[130sEl]  [  0,  0; 20,  0]       C:1   Zealand, Spain, the United Kingdom and some U.S. subsidiaries.
2    10       In[20Sel]           in[20sel]              [  0,  0; 40,  0]       C:1   In addition, employees in the U.S. are eligible to participate in
3    10       deﬁned[80sel]     contribut-[100sel]     [  0,  0;  0,  0]       C:1   deﬁned contribution plans (Employee Savings Plans) by contribut-
4    10       ing[30sel]          com-[40sel]            [  0,  0; 10,  0]       C:1   ing a portion of their compensation. The Company matches com-
5    10       pensation,[100sel]  Contributions[130sel]  [  0,  0; 40,  0]       C:1   pensation, depending on Company proﬁt levels. Contributions
6    10       charged[70sel]      in[20sel]              [  0,  0; 40,  0]       C:1   charged to income for deﬁned contribution plans were $92 in
7    10       1993,[50SeL]        1991.[50SEL]           [  0,  0;290,  0]       C:1   1993, $98 in 1992 and $89 in 1991.
8    10       In[20Sel]           pro-[40sel]            [  0, 50; 10,  0]       S:2        In addition to providing pension beneﬁts, the Company pro-
9    10       vides[50sel]        retired[70sel]         [  0,  0; 50,  0]       C:2   vides certain health care and life insurance beneﬁts to retired
10   10       employees.[100sel]  FASB[40sel]            [  0,  0; 30,  0]       C:2   employees. As discussed in Note A, the Company adopted FASB
11   10       Statement[90Sel]    the[30sel]             [  0,  0; 50,  0]       C:2   Statement No. 106 effective January 1, 1992. Previously, the
12   10       Company[70Sel]      the[30sel]             [  0,  0; 50,  0]       C:2   Company recognized the cost of providing these beneﬁts as the
13   10       beneﬁts[90sel]    1991.[50SEL]           [  0,  0; 30,  0]       C:2   beneﬁts were paid. These pretax costs amounted to $53 in 1991.
14   10       The[30Sel]          medical[70sel]         [  0,  0; 10,  0]       C:2   The Company continues to fund most of the cost of these medical
15   10       and[30sel]          incurred.[90sEl]       [  0,  0;160,  0]       C:2   and life insurance beneﬁts in the year incurred.
16   10       The[30Sel]          plan.[50sEl]           [  0, 50;  0,  0]       S:2        The U.S. plan covering the parent company is the largest plan.
17   10       It[20Sel]           hospital,[90sel]       [  0,  0; 20,  0]       C:2   It provides medical and life insurance beneﬁts including hospital,
18   10       physicians’[130sel] life[40sel]            [  0,  0; 30,  0]       C:2   physicians’ services and major medical expense beneﬁts and life
19   10       insurance[90sel]    to[20sel]              [  0,  0; 40,  0]       C:2   insurance beneﬁts. The plan provides beneﬁts supplemental to
20   10       Medicare[80Sel]     of[20sel]              [  0,  0; 20,  0]       C:2   Medicare after retirees are eligible for these beneﬁts. The cost of
21   10       these[50sel]        the[30sel]             [  0,  0; 20,  0]       C:2   these beneﬁts are shared by the Company and the retiree, with the
22   10       Company[70Sel]      of[20sel]              [  0,  0; 30,  0]       C:2   Company portion increasing as the retiree has increased years of
23   10       credited[80sel]     these[50sel]           [  0,  0; 40,  0]       C:2   credited service. The Company has the ability to change these
24   10       beneﬁts[90sel]    time.[50sEl]           [  0,  0;440,  0]       C:2   beneﬁts at any time.
25   10       Effective[90Sel]    health[60sel]          [  0, 50; 30,  0]       S:2        Effective October 1993, the Company amended its health
26   10       beneﬁts[90sel]    Company[70sel]         [  0,  0; 10,  0]       C:2   beneﬁts plan in the U.S. to cap the cost absorbed by the Company
27   10       at[20sel]           who[30sel]             [  0,  0;  0,  0]       C:2   at approximately twice the 1993 cost per person for employees who
28   10       retire[60sel]       was[30sel]             [  0,  0; 10,  0]       C:2   retire after December 31, 1993. The effect of this amendment was
29   10       to[20sel]           postretirement[140sel] [  0,  0; 30,  0]       C:2   to reduce the December 31, 1993 accumulated postretirement
30   10       beneﬁt[80sel]     postre-[70sel]         [  0,  0; 10,  0]       C:2   beneﬁt obligation by $327. It also reduced the net periodic postre-
31   10       tirement[80sel]     cost[40sel]            [  0,  0; 20,  0]       C:2   tirement cost by $21 for 1993 and is estimated to reduce this cost
32   10       for[30sel]          $83.[40sEl]            [  0,  0;370,  0]       C:2   for 1994 by approximately $83.
Active Paragraph Models:
 1: margin: 0, first_indent: 40, body_indent: 0, alignment: LEFT
 2: margin: 0, first_indent: 50, body_indent: 0, alignment: LEFT
# Final Paragraph Segmentation
#row space .. lword[widthSEL]     rword[widthSEL]        [lmarg,lind;rind,rmarg] model text
0    10       Defined[70Sel]      New[30sel]             [  0, 40;  0,  0]       S:1       Defined contribution plans cover employees in Australia, New
1    10       Zealand,[80Sel]     subsidiaries.[130sEl]  [  0,  0; 20,  0]       C:1   Zealand, Spain, the United Kingdom and some U.S. subsidiaries.
2    10       In[20Sel]           in[20sel]              [  0,  0; 40,  0]       C:1   In addition, employees in the U.S. are eligible to participate in
3    10       deﬁned[80sel]     contribut-[100sel]     [  0,  0;  0,  0]       C:1   deﬁned contribution plans (Employee Savings Plans) by contribut-
4    10       ing[30sel]          com-[40sel]            [  0,  0; 10,  0]       C:1   ing a portion of their compensation. The Company matches com-
5    10       pensation,[100sel]  Contributions[130sel]  [  0,  0; 40,  0]       C:1   pensation, depending on Company proﬁt levels. Contributions
6    10       charged[70sel]      in[20sel]              [  0,  0; 40,  0]       C:1   charged to income for deﬁned contribution plans were $92 in
7    10       1993,[50SeL]        1991.[50SEL]           [  0,  0;290,  0]       C:1   1993, $98 in 1992 and $89 in 1991.
8    10       In[20Sel]           pro-[40sel]            [  0, 50; 10,  0]       S:2        In addition to providing pension beneﬁts, the Company pro-
9    10       vides[50sel]        retired[70sel]         [  0,  0; 50,  0]       C:2   vides certain health care and life insurance beneﬁts to retired
10   10       employees.[100sel]  FASB[40sel]            [  0,  0; 30,  0]       C:2   employees. As discussed in Note A, the Company adopted FASB
11   10       Statement[90Sel]    the[30sel]             [  0,  0; 50,  0]       C:2   Statement No. 106 effective January 1, 1992. Previously, the
12   10       Company[70Sel]      the[30sel]             [  0,  0; 50,  0]       C:2   Company recognized the cost of providing these beneﬁts as the
13   10       beneﬁts[90sel]    1991.[50SEL]           [  0,  0; 30,  0]       C:2   beneﬁts were paid. These pretax costs amounted to $53 in 1991.
14   10       The[30Sel]          medical[70sel]         [  0,  0; 10,  0]       C:2   The Company continues to fund most of the cost of these medical
15   10       and[30sel]          incurred.[90sEl]       [  0,  0;160,  0]       C:2   and life insurance beneﬁts in the year incurred.
16   10       The[30Sel]          plan.[50sEl]           [  0, 50;  0,  0]       S:2        The U.S. plan covering the parent company is the largest plan.
17   10       It[20Sel]           hospital,[90sel]       [  0,  0; 20,  0]       C:2   It provides medical and life insurance beneﬁts including hospital,
18   10       physicians’[130sel] life[40sel]            [  0,  0; 30,  0]       C:2   physicians’ services and major medical expense beneﬁts and life
19   10       insurance[90sel]    to[20sel]              [  0,  0; 40,  0]       C:2   insurance beneﬁts. The plan provides beneﬁts supplemental to
20   10       Medicare[80Sel]     of[20sel]              [  0,  0; 20,  0]       C:2   Medicare after retirees are eligible for these beneﬁts. The cost of
21   10       these[50sel]        the[30sel]             [  0,  0; 20,  0]       C:2   these beneﬁts are shared by the Company and the retiree, with the
22   10       Company[70Sel]      of[20sel]              [  0,  0; 30,  0]       C:2   Company portion increasing as the retiree has increased years of
23   10       credited[80sel]     these[50sel]           [  0,  0; 40,  0]       C:2   credited service. The Company has the ability to change these
24   10       beneﬁts[90sel]    time.[50sEl]           [  0,  0;440,  0]       C:2   beneﬁts at any time.
25   10       Effective[90Sel]    health[60sel]          [  0, 50; 30,  0]       S:2        Effective October 1993, the Company amended its health
26   10       beneﬁts[90sel]    Company[70sel]         [  0,  0; 10,  0]       C:2   beneﬁts plan in the U.S. to cap the cost absorbed by the Company
27   10       at[20sel]           who[30sel]             [  0,  0;  0,  0]       C:2   at approximately twice the 1993 cost per person for employees who
28   10       retire[60sel]       was[30sel]             [  0,  0; 10,  0]       C:2   retire after December 31, 1993. The effect of this amendment was
29   10       to[20sel]           postretirement[140sel] [  0,  0; 30,  0]       C:2   to reduce the December 31, 1993 accumulated postretirement
30   10       beneﬁt[80sel]     postre-[70sel]         [  0,  0; 10,  0]       C:2   beneﬁt obligation by $327. It also reduced the net periodic postre-
31   10       tirement[80sel]     cost[40sel]            [  0,  0; 20,  0]       C:2   tirement cost by $21 for 1993 and is estimated to reduce this cost
32   10       for[30sel]          $83.[40sEl]            [  0,  0;370,  0]       C:2   for 1994 by approximately $83.
Active Paragraph Models:
 1: margin: 0, first_indent: 40, body_indent: 0, alignment: LEFT
 2: margin: 0, first_indent: 50, body_indent: 0, alignment: LEFT
# End of Pass 1
#row space .. lword[widthSEL]    rword[widthSEL] [lmarg,lind;rind,rmarg] model text
0    10    .. 1[10SeL]           1[10SeL]        [  0,  0;  0,  0]       U:0   1 Hmong People ........... 1
1    10    .. Hmong[50Sel]       1[10SeL]        [  0, 30;  0,  0]       S:1      Hmong Origins . . . . . 1
2    10    .. Language[80Sel]    1[10SeL]        [  0, 40;  0,  0]       S:1       Language . . . . . . . 1
3    10    .. Proverbs[80Sel]    2[10SeL]        [  0, 50;  0,  0]       S:1        Proverbs . . . . . .  2
4    10    .. Discussion[100Sel] 2[10SeL]        [  0, 80;  0,  0]       S:1           Discussion . . . . 2
5    10    .. Riddles[70Sel]     2[10SeL]        [  0, 50;  0,  0]       S:1        Riddles . . . . . . . 2
6    10    .. Discussion[100Sel] 3[10SeL]        [  0, 80;  0,  0]       S:1           Discussion . . . . 3
7    10    .. Appearance[100Sel] 3[10SeL]        [  0, 50;  0,  0]       S:1        Appearance . . . . .  3
8    10    .. Hmong[50Sel]       4[10SeL]        [  0, 30;  0,  0]       S:1      Hmong History . . . . . 4
9    10    .. Hmong[50Sel]       4[10SeL]        [  0, 40;  0,  0]       S:1       Hmong in SE Asia . . . 4
10   10    .. Hmong[50Sel]       .5[20sel]       [  0, 40;  0,  0]       S:1       Hmong in the West . . .5
11   10    .. Hmong[50Sel]       5[10SeL]        [  0, 40;  0,  0]       S:1       Hmong in the USA . . . 5
12   10    .. Discussion[100Sel] 6[10sel]        [  0, 80;  0,  0]       U:0           Discussion . . . . 6
Active Paragraph Models:
 1: margin: 0, first_indent: 0, body_indent: 0, alignment: UNKNOWN
# Too few rows[0, 1) for StrongEvidenceClassify.
# Too few rows[0, 1) for StrongEvidenceClassify.
# Too few rows[12, 13) for StrongEvidenceClassify.
# Too few rows[12, 13) for StrongEvidenceClassify.
# End of Pass 2
#row space .. lword[widthSEL]    rword[widthSEL] [lmarg,lind;rind,rmarg] model text
0    10    .. 1[10SeL]           1[10SeL]        [  0,  0;  0,  0]       U:0   1 Hmong People ........... 1
1    10    .. Hmong[50Sel]       1[10SeL]        [  0, 30;  0,  0]       S:1      Hmong Origins . . . . . 1
2    10    .. Language[80Sel]    1[10SeL]        [  0, 40;  0,  0]       S:1       Language . . . . . . . 1
3    10    .. Proverbs[80Sel]    2[10SeL]        [  0, 50;  0,  0]       S:1        Proverbs . . . . . .  2
4    10    .. Discussion[100Sel] 2[10SeL]        [  0, 80;  0,  0]       S:1           Discussion . . . . 2
5    10    .. Riddles[70Sel]     2[10SeL]        [  0, 50;  0,  0]       S:1        Riddles . . . . . . . 2
6    10    .. Discussion[100Sel] 3[10SeL]        [  0, 80;  0,  0]       S:1           Discussion . . . . 3
7    10    .. Appearance[100Sel] 3[10SeL]        [  0, 50;  0,  0]       S:1        Appearance . . . . .  3
8    10    .. Hmong[50Sel]       4[10SeL]        [  0, 30;  0,  0]       S:1      Hmong History . . . . . 4
9    10    .. Hmong[50Sel]       4[10SeL]        [  0, 40;  0,  0]       S:1       Hmong in SE Asia . . . 4
10   10    .. Hmong[50Sel]       .5[20sel]       [  0, 40;  0,  0]       S:1       Hmong in the West . . .5
11   10    .. Hmong[50Sel]       5[10SeL]        [  0, 40;  0,  0]       S:1       Hmong in the USA . . . 5
12   10    .. Discussion[100Sel] 6[10sel]        [  0, 80;  0,  0]       U:0           Discussion . . . . 6
Active Paragraph Models:
 1: margin: 0, first_indent: 0, body_indent: 0, alignment: UNKNOWN
# Too few rows[0, 1) for GeometricClassify.
# Too few rows[12, 13) for GeometricClassify.
# End of Pass 3
#row space .. lword[widthSEL]    rword[widthSEL] [lmarg,lind;rind,rmarg] model text
0    10    .. 1[10SeL]           1[10SeL]        [  0,  0;  0,  0]       U:0   1 Hmong People ........... 1
1    10    .. Hmong[50Sel]       1[10SeL]        [  0, 30;  0,  0]       S:1      Hmong Origins . . . . . 1
2    10    .. Language[80Sel]    1[10SeL]        [  0, 40;  0,  0]       S:1       Language . . . . . . . 1
3    10    .. Proverbs[80Sel]    2[10SeL]        [  0, 50;  0,  0]       S:1        Proverbs . . . . . .  2
4    10    .. Discussion[100Sel] 2[10SeL]        [  0, 80;  0,  0]       S:1           Discussion . . . . 2
5    10    .. Riddles[70Sel]     2[10SeL]        [  0, 50;  0,  0]       S:1        Riddles . . . . . . . 2
6    10    .. Discussion[100Sel] 3[10SeL]        [  0, 80;  0,  0]       S:1           Discussion . . . . 3
7    10    .. Appearance[100Sel] 3[10SeL]        [  0, 50;  0,  0]       S:1        Appearance . . . . .  3
8    10    .. Hmong[50Sel]       4[10SeL]        [  0, 30;  0,  0]       S:1      Hmong History . . . . . 4
9    10    .. Hmong[50Sel]       4[10SeL]        [  0, 40;  0,  0]       S:1       Hmong in SE Asia . . . 4
10   10    .. Hmong[50Sel]       .5[20sel]       [  0, 40;  0,  0]       S:1       Hmong in the West . . .5
11   10    .. Hmong[50Sel]       5[10SeL]        [  0, 40;  0,  0]       S:1       Hmong in the USA . . . 5
12   10    .. Discussion[100Sel] 6[10sel]        [  0, 80;  0,  0]       U:0           Discussion . . . . 6
Active Paragraph Models:
 1: margin: 0, first_indent: 0, body_indent: 0, alignment: UNKNOWN
# End of Pass 4
#row space .. lword[widthSEL]    rword[widthSEL] [lmarg,lind;rind,rmarg] model text
0    10    .. 1[10SeL]           1[10SeL]        [  0,  0;  0,  0]       U:0   1 Hmong People ........... 1
1    10    .. Hmong[50Sel]       1[10SeL]        [  0, 30;  0,  0]       S:1      Hmong Origins . . . . . 1
2    10    .. Language[80Sel]    1[10SeL]        [  0, 40;  0,  0]       S:1       Language . . . . . . . 1
3    10    .. Proverbs[80Sel]    2[10SeL]        [  0, 50;  0,  0]       S:1        Proverbs . . . . . .  2
4    10    .. Discussion[100Sel] 2[10SeL]        [  0, 80;  0,  0]       S:1           Discussion . . . . 2
5    10    .. Riddles[70Sel]     2[10SeL]        [  0, 50;  0,  0]       S:1        Riddles . . . . . . . 2
6    10    .. Discussion[100Sel] 3[10SeL]        [  0, 80;  0,  0]       S:1           Discussion . . . . 3
7    10    .. Appearance[100Sel] 3[10SeL]        [  0, 50;  0,  0]       S:1        Appearance . . . . .  3
8    10    .. Hmong[50Sel]       4[10SeL]        [  0, 30;  0,  0]       S:1      Hmong History . . . . . 4
9    10    .. Hmong[50Sel]       4[10SeL]        [  0, 40;  0,  0]       S:1       Hmong in SE Asia . . . 4
10   10    .. Hmong[50Sel]       .5[20sel]       [  0, 40;  0,  0]       S:1       Hmong in the West . . .5
11   10    .. Hmong[50Sel]       5[10SeL]        [  0, 40;  0,  0]       S:1       Hmong in the USA . . . 5
12   10    .. Discussion[100Sel] 6[10sel]        [  0, 80;  0,  0]       U:0           Discussion . . . . 6
Active Paragraph Models:
 1: margin: 0, first_indent: 0, body_indent: 0, alignment: UNKNOWN
# Final Paragraph Segmentation
#row space .. lword[widthSEL]    rword[widthSEL] [lmarg,lind;rind,rmarg] model text
0    10    .. 1[10SeL]           1[10SeL]        [  0,  0;  0,  0]       U:0   1 Hmong People ........... 1
1    10    .. Hmong[50Sel]       1[10SeL]        [  0, 30;  0,  0]       S:1      Hmong Origins . . . . . 1
2    10    .. Language[80Sel]    1[10SeL]        [  0, 40;  0,  0]       S:1       Language . . . . . . . 1
3    10    .. Proverbs[80Sel]    2[10SeL]        [  0, 50;  0,  0]       S:1        Proverbs . . . . . .  2
4    10    .. Discussion[100Sel] 2[10SeL]        [  0, 80;  0,  0]       S:1           Discussion . . . . 2
5    10    .. Riddles[70Sel]     2[10SeL]        [  0, 50;  0,  0]       S:1        Riddles . . . . . . . 2
6    10    .. Discussion[100Sel] 3[10SeL]        [  0, 80;  0,  0]       S:1           Discussion . . . . 3
7    10    .. Appearance[100Sel] 3[10SeL]        [  0, 50;  0,  0]       S:1        Appearance . . . . .  3
8    10    .. Hmong[50Sel]       4[10SeL]        [  0, 30;  0,  0]       S:1      Hmong History . . . . . 4
9    10    .. Hmong[50Sel]       4[10SeL]        [  0, 40;  0,  0]       S:1       Hmong in SE Asia . . . 4
10   10    .. Hmong[50Sel]       .5[20sel]       [  0, 40;  0,  0]       S:1       Hmong in the West . . .5
11   10    .. Hmong[50Sel]       5[10SeL]        [  0, 40;  0,  0]       S:1       Hmong in the USA . . . 5
12   10    .. Discussion[100Sel] 6[10sel]        [  0, 80;  0,  0]       U:0           Discussion . . . . 6
Active Paragraph Models:
 1: margin: 0, first_indent: 0, body_indent: 0, alignment: UNKNOWN
# End of Pass 1
#row space .. lword[widthSEL] rword[widthSEL]    [lmarg,lind;rind,rmarg] model text
0    10       A[10SeL]        contain[70sel]     [  0, 20;  0,  0]       U:0     A typical page of a programming book may contain
1    10       examples[80sel] algorithm[90sel]   [  0,  0; 10,  0]       U:0   examples of source code to exemplify an algorithm
2    10       being[50sel]    be[20sel]          [  0,  0;  0,  0]       U:0   being described in prose.  Such examples should be
3    10       rendered[80sel] with[40sel]        [  0,  0; 60,  0]       U:0   rendered as lineated text, meaning text with
4    10       explicit[80sel] inter-line[100sel] [  0,  0; 10,  0]       U:0   explicit line breaks but without extra inter-line
5    10       spacing.[80sel] in[20sel]          [  0,  0;  0,  0]       U:0   spacing.  Accidentally finding stray paragraphs in
6    10       source[60sel]   experience[100sel] [  0,  0;  0,  0]       U:0   source code would lead to a bad reading experience
7    10       when[40sel]     re-flowed.[100sEl] [  0,  0;230,  0]       U:0   when the text is re-flowed.
8    10       Let's[50Sel]    fact-[50sel]       [  0, 20;  0,  0]       U:0     Let's show this by describing the function fact-
9    10       orial.[60sel]   function[80sel]    [  0,  0; 20,  0]       U:0   orial.  Factorial is a simple recursive function
10   10       which[50sel]    fact,[50sel]       [  0,  0; 30,  0]       U:0   which grows very quickly.  So quickly, in fact,
11   10       that[40sel]     work[40sel]        [  0,  0; 20,  0]       U:0   that the typical C implementation will only work
12   10       for[30sel]      12:[30SEL]         [  0,  0;200,  0]       U:0   for values less than about 12:
13   10       [30sel]         [30SEL]            [  0,  0;  0,  0]       U:0
14   10       #[10sel]        C[10SeL]           [  0, 20;210,  0]       U:0     # Naive implementation in C
15   10       int[30sel]      {[10sEl]           [  0, 20;260,  0]       U:0     int factorial(int n) {
16   10       if[20sel]       2)[20SEL]          [  0, 40;360,  0]       U:0       if (n &lt; 2)
17   10       return[60sel]   1;[20SeL]          [  0, 60;350,  0]       U:0         return 1;
18   10       return[60sel]   1);[30SeL]         [  0, 40;170,  0]       U:0       return  n * factorial(n - 1);
19   10       }[10sEl]        }[10sEl]           [  0, 20;470,  0]       U:0     }
20   10       [10sEl]         [10sEl]            [  0,  0;  0,  0]       U:0
21   10       The[30Sel]      built-[60sel]      [  0, 20; 10,  0]       U:0     The C programming language does not have built-
22   10       in[20sel]       this[40sel]        [  0,  0;  0,  0]       U:0   in support for detecting integer overflow, so this
23   10       naive[50sel]    values[60sel]      [  0,  0; 10,  0]       U:0   naive implementation simply returns random values
24   10       if[20sel]       provided.[90sEl]   [  0,  0;110,  0]       U:0   if even a moderate sized n is provided.
Active Paragraph Models:
#############################################
# StrongEvidenceClassify( rows[0:13) )
#############################################
# Initial strong signals.
#row space .. lword[widthSEL] rword[widthSEL]    [lmarg,lind;rind,rmarg] model text
0    10       A[10SeL]        contain[70sel]     [  0, 20;  0,  0]       S:0     A typical page of a programming book may contain
1    10       examples[80sel] algorithm[90sel]   [  0,  0; 10,  0]       C:0   examples of source code to exemplify an algorithm
2    10       being[50sel]    be[20sel]          [  0,  0;  0,  0]       C:0   being described in prose.  Such examples should be
3    10       rendered[80sel] with[40sel]        [  0,  0; 60,  0]       C:0   rendered as lineated text, meaning text with
4    10       explicit[80sel] inter-line[100sel] [  0,  0; 10,  0]       C:0   explicit line breaks but without extra inter-line
5    10       spacing.[80sel] in[20sel]          [  0,  0;  0,  0]       C:0   spacing.  Accidentally finding stray paragraphs in
6    10       source[60sel]   experience[100sel] [  0,  0;  0,  0]       C:0   source code would lead to a bad reading experience
7    10       when[40sel]     re-flowed.[100sEl] [  0,  0;230,  0]       C:0   when the text is re-flowed.
8    10       Let's[50Sel]    fact-[50sel]       [  0, 20;  0,  0]       S:0     Let's show this by describing the function fact-
9    10       orial.[60sel]   function[80sel]    [  0,  0; 20,  0]       C:0   orial.  Factorial is a simple recursive function
10   10       which[50sel]    fact,[50sel]       [  0,  0; 30,  0]       C:0   which grows very quickly.  So quickly, in fact,
11   10       that[40sel]     work[40sel]        [  0,  0; 20,  0]       C:0   that the typical C implementation will only work
12   10       for[30sel]      12:[30SEL]         [  0,  0;200,  0]       U:0   for values less than about 12:
13   10       [30sel]         [30SEL]            [  0,  0;  0,  0]       U:0
14   10       #[10sel]        C[10SeL]           [  0, 20;210,  0]       U:0     # Naive implementation in C
15   10       int[30sel]      {[10sEl]           [  0, 20;260,  0]       U:0     int factorial(int n) {
16   10       if[20sel]       2)[20SEL]          [  0, 40;360,  0]       U:0       if (n &lt; 2)
17   10       return[60sel]   1;[20SeL]          [  0, 60;350,  0]       U:0         return 1;
18   10       return[60sel]   1);[30SeL]         [  0, 40;170,  0]       U:0       return  n * factorial(n - 1);
19   10       }[10sEl]        }[10sEl]           [  0, 20;470,  0]       U:0     }
20   10       [10sEl]         [10sEl]            [  0,  0;  0,  0]       U:0
21   10       The[30Sel]      built-[60sel]      [  0, 20; 10,  0]       U:0     The C programming language does not have built-
22   10       in[20sel]       this[40sel]        [  0,  0;  0,  0]       U:0   in support for detecting integer overflow, so this
23   10       naive[50sel]    values[60sel]      [  0,  0; 10,  0]       U:0   naive implementation simply returns random values
24   10       if[20sel]       provided.[90sEl]   [  0,  0;110,  0]       U:0   if even a moderate sized n is provided.
Active Paragraph Models:
# Unsmeared hypotheses.s.
#row space .. lword[widthSEL] rword[widthSEL]    [lmarg,lind;rind,rmarg] model text
0    10       A[10SeL]        contain[70sel]     [  0, 20;  0,  0]       S:1     A typical page of a programming book may contain
1    10       examples[80sel] algorithm[90sel]   [  0,  0; 10,  0]       C:1   examples of source code to exemplify an algorithm
2    10       being[50sel]    be[20sel]          [  0,  0;  0,  0]       C:1   being described in prose.  Such examples should be
3    10       rendered[80sel] with[40sel]        [  0,  0; 60,  0]       C:1   rendered as lineated text, meaning text with
4    10       explicit[80sel] inter-line[100sel] [  0,  0; 10,  0]       C:1   explicit line breaks but without extra inter-line
5    10       spacing.[80sel] in[20sel]          [  0,  0;  0,  0]       C:1   spacing.  Accidentally finding stray paragraphs in
6    10       source[60sel]   experience[100sel] [  0,  0;  0,  0]       C:1   source code would lead to a bad reading experience
7    10       when[40sel]     re-flowed.[100sEl] [  0,  0;230,  0]       C:1   when the text is re-flowed.
8    10       Let's[50Sel]    fact-[50sel]       [  0, 20;  0,  0]       S:1     Let's show this by describing the function fact-
9    10       orial.[60sel]   function[80sel]    [  0,  0; 20,  0]       C:1   orial.  Factorial is a simple recursive function
10   10       which[50sel]    fact,[50sel]       [  0,  0; 30,  0]       C:1   which grows very quickly.  So quickly, in fact,
11   10       that[40sel]     work[40sel]        [  0,  0; 20,  0]       C:1   that the typical C implementation will only work
12   10       for[30sel]      12:[30SEL]         [  0,  0;200,  0]       U:0   for values less than about 12:
13   10       [30sel]         [30SEL]            [  0,  0;  0,  0]       U:0
14   10       #[10sel]        C[10SeL]           [  0, 20;210,  0]       U:0     # Naive implementation in C
15   10       int[30sel]      {[10sEl]           [  0, 20;260,  0]       U:0     int factorial(int n) {
16   10       if[20sel]       2)[20SEL]          [  0, 40;360,  0]       U:0       if (n &lt; 2)
17   10       return[60sel]   1;[20SeL]          [  0, 60;350,  0]       U:0         return 1;
18   10       return[60sel]   1);[30SeL]         [  0, 40;170,  0]       U:0       return  n * factorial(n - 1);
19   10       }[10sEl]        }[10sEl]           [  0, 20;470,  0]       U:0     }
20   10       [10sEl]         [10sEl]            [  0,  0;  0,  0]       U:0
21   10       The[30Sel]      built-[60sel]      [  0, 20; 10,  0]       U:0     The C programming language does not have built-
22   10       in[20sel]       this[40sel]        [  0,  0;  0,  0]       U:0   in support for detecting integer overflow, so this
23   10       naive[50sel]    values[60sel]      [  0,  0; 10,  0]       U:0   naive implementation simply returns random values
24   10       if[20sel]       provided.[90sEl]   [  0,  0;110,  0]       U:0   if even a moderate sized n is provided.
Active Paragraph Models:
 1: margin: 0, first_indent: 20, body_indent: 0, alignment: LEFT
#############################################
# StrongEvidenceClassify( rows[14:20) )
#############################################
# Initial strong signals.
#row space .. lword[widthSEL] rword[widthSEL]    [lmarg,lind;rind,rmarg] model text
0    10       A[10SeL]        contain[70sel]     [  0, 20;  0,  0]       S:1     A typical page of a programming book may contain
1    10       examples[80sel] algorithm[90sel]   [  0,  0; 10,  0]       C:1   examples of source code to exemplify an algorithm
2    10       being[50sel]    be[20sel]          [  0,  0;  0,  0]       C:1   being described in prose.  Such examples should be
3    10       rendered[80sel] with[40sel]        [  0,  0; 60,  0]       C:1   rendered as lineated text, meaning text with
4    10       explicit[80sel] inter-line[100sel] [  0,  0; 10,  0]       C:1   explicit line breaks but without extra inter-line
5    10       spacing.[80sel] in[20sel]          [  0,  0;  0,  0]       C:1   spacing.  Accidentally finding stray paragraphs in
6    10       source[60sel]   experience[100sel] [  0,  0;  0,  0]       C:1   source code would lead to a bad reading experience
7    10       when[40sel]     re-flowed.[100sEl] [  0,  0;230,  0]       C:1   when the text is re-flowed.
8    10       Let's[50Sel]    fact-[50sel]       [  0, 20;  0,  0]       S:1     Let's show this by describing the function fact-
9    10       orial.[60sel]   function[80sel]    [  0,  0; 20,  0]       C:1   orial.  Factorial is a simple recursive function
10   10       which[50sel]    fact,[50sel]       [  0,  0; 30,  0]       C:1   which grows very quickly.  So quickly, in fact,
11   10       that[40sel]     work[40sel]        [  0,  0; 20,  0]       C:1   that the typical C implementation will only work
12   10       for[30sel]      12:[30SEL]         [  0,  0;200,  0]       C:1   for values less than about 12:
13   10       [30sel]         [30SEL]            [  0,  0;  0,  0]       U:0
14   10       #[10sel]        C[10SeL]           [ 20,  0; 39,171]       S:0     # Naive implementation in C
15   10       int[30sel]      {[10sEl]           [ 20,  0; 89,171]       C:0     int factorial(int n) {
16   10       if[20sel]       2)[20SEL]          [ 20, 20;189,171]       U:0       if (n &lt; 2)
17   10       return[60sel]   1;[20SeL]          [ 20, 40;179,171]       U:0         return 1;
18   10       return[60sel]   1);[30SeL]         [ 20, 20; -1,171]       U:0       return  n * factorial(n - 1);
19   10       }[10sEl]        }[10sEl]           [ 20,  0;299,171]       C:0     }
20   10       [10sEl]         [10sEl]            [  0,  0;  0,  0]       U:0
21   10       The[30Sel]      built-[60sel]      [  0, 20; 10,  0]       U:0     The C programming language does not have built-
22   10       in[20sel]       this[40sel]        [  0,  0;  0,  0]       U:0   in support for detecting integer overflow, so this
23   10       naive[50sel]    values[60sel]      [  0,  0; 10,  0]       U:0   naive implementation simply returns random values
24   10       if[20sel]       provided.[90sEl]   [  0,  0;110,  0]       U:0   if even a moderate sized n is provided.
Active Paragraph Models:
 1: margin: 0, first_indent: 20, body_indent: 0, alignment: LEFT
Could not determine a model for this paragraph:
======================================
  # Naive implementation in C
  int factorial(int n) {
======================================
# Unsmeared hypotheses.s.
#row space .. lword[widthSEL] rword[widthSEL]    [lmarg,lind;rind,rmarg] model text
0    10       A[10SeL]        contain[70sel]     [  0, 20;  0,  0]       S:1     A typical page of a programming book may contain
1    10       examples[80sel] algorithm[90sel]   [  0,  0; 10,  0]       C:1   examples of source code to exemplify an algorithm
2    10       being[50sel]    be[20sel]          [  0,  0;  0,  0]       C:1   being described in prose.  Such examples should be
3    10       rendered[80sel] with[40sel]        [  0,  0; 60,  0]       C:1   rendered as lineated text, meaning text with
4    10       explicit[80sel] inter-line[100sel] [  0,  0; 10,  0]       C:1   explicit line breaks but without extra inter-line
5    10       spacing.[80sel] in[20sel]          [  0,  0;  0,  0]       C:1   spacing.  Accidentally finding stray paragraphs in
6    10       source[60sel]   experience[100sel] [  0,  0;  0,  0]       C:1   source code would lead to a bad reading experience
7    10       when[40sel]     re-flowed.[100sEl] [  0,  0;230,  0]       C:1   when the text is re-flowed.
8    10       Let's[50Sel]    fact-[50sel]       [  0, 20;  0,  0]       S:1     Let's show this by describing the function fact-
9    10       orial.[60sel]   function[80sel]    [  0,  0; 20,  0]       C:1   orial.  Factorial is a simple recursive function
10   10       which[50sel]    fact,[50sel]       [  0,  0; 30,  0]       C:1   which grows very quickly.  So quickly, in fact,
11   10       that[40sel]     work[40sel]        [  0,  0; 20,  0]       C:1   that the typical C implementation will only work
12   10       for[30sel]      12:[30SEL]         [  0,  0;200,  0]       C:1   for values less than about 12:
13   10       [30sel]         [30SEL]            [  0,  0;  0,  0]       U:0
14   10       #[10sel]        C[10SeL]           [ 20,  0; 39,171]       S:0     # Naive implementation in C
15   10       int[30sel]      {[10sEl]           [ 20,  0; 89,171]       C:0     int factorial(int n) {
16   10       if[20sel]       2)[20SEL]          [ 20, 20;189,171]       U:0       if (n &lt; 2)
17   10       return[60sel]   1;[20SeL]          [ 20, 40;179,171]       U:0         return 1;
18   10       return[60sel]   1);[30SeL]         [ 20, 20; -1,171]       U:0       return  n * factorial(n - 1);
19   10       }[10sEl]        }[10sEl]           [ 20,  0;299,171]       C:0     }
20   10       [10sEl]         [10sEl]            [  0,  0;  0,  0]       U:0
21   10       The[30Sel]      built-[60sel]      [  0, 20; 10,  0]       U:0     The C programming language does not have built-
22   10       in[20sel]       this[40sel]        [  0,  0;  0,  0]       U:0   in support for detecting integer overflow, so this
23   10       naive[50sel]    values[60sel]      [  0,  0; 10,  0]       U:0   naive implementation simply returns random values
24   10       if[20sel]       provided.[90sEl]   [  0,  0;110,  0]       U:0   if even a moderate sized n is provided.
Active Paragraph Models:
 1: margin: 0, first_indent: 20, body_indent: 0, alignment: LEFT
#############################################
# StrongEvidenceClassify( rows[15:20) )
#############################################
# Initial strong signals.
#row space .. lword[widthSEL] rword[widthSEL]    [lmarg,lind;rind,rmarg] model text
0    10       A[10SeL]        contain[70sel]     [  0, 20;  0,  0]       S:1     A typical page of a programming book may contain
1    10       examples[80sel] algorithm[90sel]   [  0,  0; 10,  0]       C:1   examples of source code to exemplify an algorithm
2    10       being[50sel]    be[20sel]          [  0,  0;  0,  0]       C:1   being described in prose.  Such examples should be
3    10       rendered[80sel] with[40sel]        [  0,  0; 60,  0]       C:1   rendered as lineated text, meaning text with
4    10       explicit[80sel] inter-line[100sel] [  0,  0; 10,  0]       C:1   explicit line breaks but without extra inter-line
5    10       spacing.[80sel] in[20sel]          [  0,  0;  0,  0]       C:1   spacing.  Accidentally finding stray paragraphs in
6    10       source[60sel]   experience[100sel] [  0,  0;  0,  0]       C:1   source code would lead to a bad reading experience
7    10       when[40sel]     re-flowed.[100sEl] [  0,  0;230,  0]       C:1   when the text is re-flowed.
8    10       Let's[50Sel]    fact-[50sel]       [  0, 20;  0,  0]       S:1     Let's show this by describing the function fact-
9    10       orial.[60sel]   function[80sel]    [  0,  0; 20,  0]       C:1   orial.  Factorial is a simple recursive function
10   10       which[50sel]    fact,[50sel]       [  0,  0; 30,  0]       C:1   which grows very quickly.  So quickly, in fact,
11   10       that[40sel]     work[40sel]        [  0,  0; 20,  0]       C:1   that the typical C implementation will only work
12   10       for[30sel]      12:[30SEL]         [  0,  0;200,  0]       C:1   for values less than about 12:
13   10       [30sel]         [30SEL]            [  0,  0;  0,  0]       U:0
14   10       #[10sel]        C[10SeL]           [ 20,  0; 39,171]       S:1     # Naive implementation in C
15   10       int[30sel]      {[10sEl]           [ 20,  0; 89,171]       U:0     int factorial(int n) {
16   10       if[20sel]       2)[20SEL]          [ 20, 20;189,171]       U:0       if (n &lt; 2)
17   10       return[60sel]   1;[20SeL]          [ 20, 40;179,171]       U:0         return 1;
18   10       return[60sel]   1);[30SeL]         [ 20, 20; -1,171]       U:0       return  n * factorial(n - 1);
19   10       }[10sEl]        }[10sEl]           [ 20,  0;299,171]       C:0     }
20   10       [10sEl]         [10sEl]            [  0,  0;  0,  0]       U:0
21   10       The[30Sel]      built-[60sel]      [  0, 20; 10,  0]       U:0     The C programming language does not have built-
22   10       in[20sel]       this[40sel]        [  0,  0;  0,  0]       U:0   in support for detecting integer overflow, so this
23   10       naive[50sel]    values[60sel]      [  0,  0; 10,  0]       U:0   naive implementation simply returns random values
24   10       if[20sel]       provided.[90sEl]   [  0,  0;110,  0]       U:0   if even a moderate sized n is provided.
Active Paragraph Models:
 1: margin: 0, first_indent: 20, body_indent: 0, alignment: LEFT
# Unsmeared hypotheses.s.
#row space .. lword[widthSEL] rword[widthSEL]    [lmarg,lind;rind,rmarg] model text
0    10       A[10SeL]        contain[70sel]     [  0, 20;  0,  0]       S:1     A typical page of a programming book may contain
1    10       examples[80sel] algorithm[90sel]   [  0,  0; 10,  0]       C:1   examples of source code to exemplify an algorithm
2    10       being[50sel]    be[20sel]          [  0,  0;  0,  0]       C:1   being described in prose.  Such examples should be
3    10       rendered[80sel] with[40sel]        [  0,  0; 60,  0]       C:1   rendered as lineated text, meaning text with
4    10       explicit[80sel] inter-line[100sel] [  0,  0; 10,  0]       C:1   explicit line breaks but without extra inter-line
5    10       spacing.[80sel] in[20sel]          [  0,  0;  0,  0]       C:1   spacing.  Accidentally finding stray paragraphs in
6    10       source[60sel]   experience[100sel] [  0,  0;  0,  0]       C:1   source code would lead to a bad reading experience
7    10       when[40sel]     re-flowed.[100sEl] [  0,  0;230,  0]       C:1   when the text is re-flowed.
8    10       Let's[50Sel]    fact-[50sel]       [  0, 20;  0,  0]       S:1     Let's show this by describing the function fact-
9    10       orial.[60sel]   function[80sel]    [  0,  0; 20,  0]       C:1   orial.  Factorial is a simple recursive function
10   10       which[50sel]    fact,[50sel]       [  0,  0; 30,  0]       C:1   which grows very quickly.  So quickly, in fact,
11   10       that[40sel]     work[40sel]        [  0,  0; 20,  0]       C:1   that the typical C implementation will only work
12   10       for[30sel]      12:[30SEL]         [  0,  0;200,  0]       C:1   for values less than about 12:
13   10       [30sel]         [30SEL]            [  0,  0;  0,  0]       U:0
14   10       #[10sel]        C[10SeL]           [ 20,  0; 39,171]       S:1     # Naive implementation in C
15   10       int[30sel]      {[10sEl]           [ 20,  0; 89,171]       U:0     int factorial(int n) {
16   10       if[20sel]       2)[20SEL]          [ 20, 20;189,171]       U:0       if (n &lt; 2)
17   10       return[60sel]   1;[20SeL]          [ 20, 40;179,171]       U:0         return 1;
18   10       return[60sel]   1);[30SeL]         [ 20, 20; -1,171]       U:0       return  n * factorial(n - 1);
19   10       }[10sEl]        }[10sEl]           [ 20,  0;299,171]       C:0     }
20   10       [10sEl]         [10sEl]            [  0,  0;  0,  0]       U:0
21   10       The[30Sel]      built-[60sel]      [  0, 20; 10,  0]       U:0     The C programming language does not have built-
22   10       in[20sel]       this[40sel]        [  0,  0;  0,  0]       U:0   in support for detecting integer overflow, so this
23   10       naive[50sel]    values[60sel]      [  0,  0; 10,  0]       U:0   naive implementation simply returns random values
24   10       if[20sel]       provided.[90sEl]   [  0,  0;110,  0]       U:0   if even a moderate sized n is provided.
Active Paragraph Models:
 1: margin: 0, first_indent: 20, body_indent: 0, alignment: LEFT
#############################################
# StrongEvidenceClassify( rows[21:25) )
#############################################
# Initial strong signals.
#row space .. lword[widthSEL] rword[widthSEL]    [lmarg,lind;rind,rmarg] model text
0    10       A[10SeL]        contain[70sel]     [  0, 20;  0,  0]       S:1     A typical page of a programming book may contain
1    10       examples[80sel] algorithm[90sel]   [  0,  0; 10,  0]       C:1   examples of source code to exemplify an algorithm
2    10       being[50sel]    be[20sel]          [  0,  0;  0,  0]       C:1   being described in prose.  Such examples should be
3    10       rendered[80sel] with[40sel]        [  0,  0; 60,  0]       C:1   rendered as lineated text, meaning text with
4    10       explicit[80sel] inter-line[100sel] [  0,  0; 10,  0]       C:1   explicit line breaks but without extra inter-line
5    10       spacing.[80sel] in[20sel]          [  0,  0;  0,  0]       C:1   spacing.  Accidentally finding stray paragraphs in
6    10       source[60sel]   experience[100sel] [  0,  0;  0,  0]       C:1   source code would lead to a bad reading experience
7    10       when[40sel]     re-flowed.[100sEl] [  0,  0;230,  0]       C:1   when the text is re-flowed.
8    10       Let's[50Sel]    fact-[50sel]       [  0, 20;  0,  0]       S:1     Let's show this by describing the function fact-
9    10       orial.[60sel]   function[80sel]    [  0,  0; 20,  0]       C:1   orial.  Factorial is a simple recursive function
10   10       which[50sel]    fact,[50sel]       [  0,  0; 30,  0]       C:1   which grows very quickly.  So quickly, in fact,
11   10       that[40sel]     work[40sel]        [  0,  0; 20,  0]       C:1   that the typical C implementation will only work
12   10       for[30sel]      12:[30SEL]         [  0,  0;200,  0]       C:1   for values less than about 12:
13   10       [30sel]         [30SEL]            [  0,  0;  0,  0]       U:0
14   10       #[10sel]        C[10SeL]           [ 20,  0; 39,171]       S:1     # Naive implementation in C
15   10       int[30sel]      {[10sEl]           [ 20,  0; 89,171]       S:1     int factorial(int n) {
16   10       if[20sel]       2)[20SEL]          [ 20, 20;189,171]       U:0       if (n &lt; 2)
17   10       return[60sel]   1;[20SeL]          [ 20, 40;179,171]       U:0         return 1;
18   10       return[60sel]   1);[30SeL]         [ 20, 20; -1,171]       U:0       return  n * factorial(n - 1);
19   10       }[10sEl]        }[10sEl]           [ 20,  0;299,171]       C:0     }
20   10       [10sEl]         [10sEl]            [  0,  0;  0,  0]       U:0
21   10       The[30Sel]      built-[60sel]      [  0, 20;  9,  1]       S:0     The C programming language does not have built-
22   10       in[20sel]       this[40sel]        [  0,  0; -1,  1]       C:0   in support for detecting integer overflow, so this
23   10       naive[50sel]    values[60sel]      [  0,  0;  9,  1]       C:0   naive implementation simply returns random values
24   10       if[20sel]       provided.[90sEl]   [  0,  0;109,  1]       C:0   if even a moderate sized n is provided.
Active Paragraph Models:
 1: margin: 0, first_indent: 20, body_indent: 0, alignment: LEFT
# Unsmeared hypotheses.s.
#row space .. lword[widthSEL] rword[widthSEL]    [lmarg,lind;rind,rmarg] model text
0    10       A[10SeL]        contain[70sel]     [  0, 20;  0,  0]       S:1     A typical page of a programming book may contain
1    10       examples[80sel] algorithm[90sel]   [  0,  0; 10,  0]       C:1   examples of source code to exemplify an algorithm
2    10       being[50sel]    be[20sel]          [  0,  0;  0,  0]       C:1   being described in prose.  Such examples should be
3    10       rendered[80sel] with[40sel]        [  0,  0; 60,  0]       C:1   rendered as lineated text, meaning text with
4    10       explicit[80sel] inter-line[100sel] [  0,  0; 10,  0]       C:1   explicit line breaks but without extra inter-line
5    10       spacing.[80sel] in[20sel]          [  0,  0;  0,  0]       C:1   spacing.  Accidentally finding stray paragraphs in
6    10       source[60sel]   experience[100sel] [  0,  0;  0,  0]       C:1   source code would lead to a bad reading experience
7    10       when[40sel]     re-flowed.[100sEl] [  0,  0;230,  0]       C:1   when the text is re-flowed.
8    10       Let's[50Sel]    fact-[50sel]       [  0, 20;  0,  0]       S:1     Let's show this by describing the function fact-
9    10       orial.[60sel]   function[80sel]    [  0,  0; 20,  0]       C:1   orial.  Factorial is a simple recursive function
10   10       which[50sel]    fact,[50sel]       [  0,  0; 30,  0]       C:1   which grows very quickly.  So quickly, in fact,
11   10       that[40sel]     work[40sel]        [  0,  0; 20,  0]       C:1   that the typical C implementation will only work
12   10       for[30sel]      12:[30SEL]         [  0,  0;200,  0]       C:1   for values less than about 12:
13   10       [30sel]         [30SEL]            [  0,  0;  0,  0]       U:0
14   10       #[10sel]        C[10SeL]           [ 20,  0; 39,171]       S:1     # Naive implementation in C
15   10       int[30sel]      {[10sEl]           [ 20,  0; 89,171]       S:1     int factorial(int n) {
16   10       if[20sel]       2)[20SEL]          [ 20, 20;189,171]       U:0       if (n &lt; 2)
17   10       return[60sel]   1;[20SeL]          [ 20, 40;179,171]       U:0         return 1;
18   10       return[60sel]   1);[30SeL]         [ 20, 20; -1,171]       U:0       return  n * factorial(n - 1);
19   10       }[10sEl]        }[10sEl]           [ 20,  0;299,171]       C:0     }
20   10       [10sEl]         [10sEl]            [  0,  0;  0,  0]       U:0
21   10       The[30Sel]      built-[60sel]      [  0, 20;  9,  1]       S:1     The C programming language does not have built-
22   10       in[20sel]       this[40sel]        [  0,  0; -1,  1]       C:1   in support for detecting integer overflow, so this
23   10       naive[50sel]    values[60sel]      [  0,  0;  9,  1]       C:1   naive implementation simply returns random values
24   10       if[20sel]       provided.[90sEl]   [  0,  0;109,  1]       C:0   if even a moderate sized n is provided.
Active Paragraph Models:
 1: margin: 0, first_indent: 20, body_indent: 0, alignment: LEFT
# End of Pass 2
#row space .. lword[widthSEL] rword[widthSEL]    [lmarg,lind;rind,rmarg] model text
0    10       A[10SeL]        contain[70sel]     [  0, 20;  0,  0]       S:1     A typical page of a programming book may contain
1    10       examples[80sel] algorithm[90sel]   [  0,  0; 10,  0]       C:1   examples of source code to exemplify an algorithm
2    10       being[50sel]    be[20sel]          [  0,  0;  0,  0]       C:1   being described in prose.  Such examples should be
3    10       rendered[80sel] with[40sel]        [  0,  0; 60,  0]       C:1   rendered as lineated text, meaning text with
4    10       explicit[80sel] inter-line[100sel] [  0,  0; 10,  0]       C:1   explicit line breaks but without extra inter-line
5    10       spacing.[80sel] in[20sel]          [  0,  0;  0,  0]       C:1   spacing.  Accidentally finding stray paragraphs in
6    10       source[60sel]   experience[100sel] [  0,  0;  0,  0]       C:1   source code would lead to a bad reading experience
7    10       when[40sel]     re-flowed.[100sEl] [  0,  0;230,  0]       C:1   when the text is re-flowed.
8    10       Let's[50Sel]    fact-[50sel]       [  0, 20;  0,  0]       S:1     Let's show this by describing the function fact-
9    10       orial.[60sel]   function[80sel]    [  0,  0; 20,  0]       C:1   orial.  Factorial is a simple recursive function
10   10       which[50sel]    fact,[50sel]       [  0,  0; 30,  0]       C:1   which grows very quickly.  So quickly, in fact,
11   10       that[40sel]     work[40sel]        [  0,  0; 20,  0]       C:1   that the typical C implementation will only work
12   10       for[30sel]      12:[30SEL]         [  0,  0;200,  0]       C:1   for values less than about 12:
13   10       [30sel]         [30SEL]            [  0,  0;  0,  0]       U:0
14   10       #[10sel]        C[10SeL]           [ 20,  0; 39,171]       S:1     # Naive implementation in C
15   10       int[30sel]      {[10sEl]           [ 20,  0; 89,171]       S:1     int factorial(int n) {
16   10       if[20sel]       2)[20SEL]          [ 20, 20;189,171]       U:0       if (n &lt; 2)
17   10       return[60sel]   1;[20SeL]          [ 20, 40;179,171]       U:0         return 1;
18   10       return[60sel]   1);[30SeL]         [ 20, 20; -1,171]       U:0       return  n * factorial(n - 1);
19   10       }[10sEl]        }[10sEl]           [ 20,  0;299,171]       C:0     }
20   10       [10sEl]         [10sEl]            [  0,  0;  0,  0]       U:0
21   10       The[30Sel]      built-[60sel]      [  0, 20;  9,  1]       S:1     The C programming language does not have built-
22   10       in[20sel]       this[40sel]        [  0,  0; -1,  1]       C:1   in support for detecting integer overflow, so this
23   10       naive[50sel]    values[60sel]      [  0,  0;  9,  1]       C:1   naive implementation simply returns random values
24   10       if[20sel]       provided.[90sEl]   [  0,  0;109,  1]       C:1   if even a moderate sized n is provided.
Active Paragraph Models:
 1: margin: 0, first_indent: 20, body_indent: 0, alignment: LEFT
###############################################
##### GeometricClassify( rows[14:20) )   ####
###############################################
Geometry: TabStop cluster tolerance = 10; 3 left tabs; 5 right tabs
# Too much variety for simple outline classification.
======================================
  # Naive implementation in C
  int factorial(int n) {
    if (n &lt; 2)
      return 1;
    return  n * factorial(n - 1);
  }
======================================
# End of Pass 3
#row space .. lword[widthSEL] rword[widthSEL]    [lmarg,lind;rind,rmarg] model text
0    10       A[10SeL]        contain[70sel]     [  0, 20;  0,  0]       S:1     A typical page of a programming book may contain
1    10       examples[80sel] algorithm[90sel]   [  0,  0; 10,  0]       C:1   examples of source code to exemplify an algorithm
2    10       being[50sel]    be[20sel]          [  0,  0;  0,  0]       C:1   being described in prose.  Such examples should be
3    10       rendered[80sel] with[40sel]        [  0,  0; 60,  0]       C:1   rendered as lineated text, meaning text with
4    10       explicit[80sel] inter-line[100sel] [  0,  0; 10,  0]       C:1   explicit line breaks but without extra inter-line
5    10       spacing.[80sel] in[20sel]          [  0,  0;  0,  0]       C:1   spacing.  Accidentally finding stray paragraphs in
6    10       source[60sel]   experience[100sel] [  0,  0;  0,  0]       C:1   source code would lead to a bad reading experience
7    10       when[40sel]     re-flowed.[100sEl] [  0,  0;230,  0]       C:1   when the text is re-flowed.
8    10       Let's[50Sel]    fact-[50sel]       [  0, 20;  0,  0]       S:1     Let's show this by describing the function fact-
9    10       orial.[60sel]   function[80sel]    [  0,  0; 20,  0]       C:1   orial.  Factorial is a simple recursive function
10   10       which[50sel]    fact,[50sel]       [  0,  0; 30,  0]       C:1   which grows very quickly.  So quickly, in fact,
11   10       that[40sel]     work[40sel]        [  0,  0; 20,  0]       C:1   that the typical C implementation will only work
12   10       for[30sel]      12:[30SEL]         [  0,  0;200,  0]       C:1   for values less than about 12:
13   10       [30sel]         [30SEL]            [  0,  0;  0,  0]       U:0
14   10       #[10sel]        C[10SeL]           [ 20,  0; 39,171]       U:0     # Naive implementation in C
15   10       int[30sel]      {[10sEl]           [ 20,  0; 89,171]       U:0     int factorial(int n) {
16   10       if[20sel]       2)[20SEL]          [ 20, 20;189,171]       U:0       if (n &lt; 2)
17   10       return[60sel]   1;[20SeL]          [ 20, 40;179,171]       U:0         return 1;
18   10       return[60sel]   1);[30SeL]         [ 20, 20; -1,171]       U:0       return  n * factorial(n - 1);
19   10       }[10sEl]        }[10sEl]           [ 20,  0;299,171]       U:0     }
20   10       [10sEl]         [10sEl]            [  0,  0;  0,  0]       U:0
21   10       The[30Sel]      built-[60sel]      [  0, 20;  9,  1]       S:1     The C programming language does not have built-
22   10       in[20sel]       this[40sel]        [  0,  0; -1,  1]       C:1   in support for detecting integer overflow, so this
23   10       naive[50sel]    values[60sel]      [  0,  0;  9,  1]       C:1   naive implementation simply returns random values
24   10       if[20sel]       provided.[90sEl]   [  0,  0;109,  1]       C:1   if even a moderate sized n is provided.
Active Paragraph Models:
 1: margin: 0, first_indent: 20, body_indent: 0, alignment: LEFT
# End of Pass 4
#row space .. lword[widthSEL] rword[widthSEL]    [lmarg,lind;rind,rmarg] model text
0    10       A[10SeL]        contain[70sel]     [  0, 20;  0,  0]       S:1     A typical page of a programming book may contain
1    10       examples[80sel] algorithm[90sel]   [  0,  0; 10,  0]       C:1   examples of source code to exemplify an algorithm
2    10       being[50sel]    be[20sel]          [  0,  0;  0,  0]       C:1   being described in prose.  Such examples should be
3    10       rendered[80sel] with[40sel]        [  0,  0; 60,  0]       C:1   rendered as lineated text, meaning text with
4    10       explicit[80sel] inter-line[100sel] [  0,  0; 10,  0]       C:1   explicit line breaks but without extra inter-line
5    10       spacing.[80sel] in[20sel]          [  0,  0;  0,  0]       C:1   spacing.  Accidentally finding stray paragraphs in
6    10       source[60sel]   experience[100sel] [  0,  0;  0,  0]       C:1   source code would lead to a bad reading experience
7    10       when[40sel]     re-flowed.[100sEl] [  0,  0;230,  0]       C:1   when the text is re-flowed.
8    10       Let's[50Sel]    fact-[50sel]       [  0, 20;  0,  0]       S:1     Let's show this by describing the function fact-
9    10       orial.[60sel]   function[80sel]    [  0,  0; 20,  0]       C:1   orial.  Factorial is a simple recursive function
10   10       which[50sel]    fact,[50sel]       [  0,  0; 30,  0]       C:1   which grows very quickly.  So quickly, in fact,
11   10       that[40sel]     work[40sel]        [  0,  0; 20,  0]       C:1   that the typical C implementation will only work
12   10       for[30sel]      12:[30SEL]         [  0,  0;200,  0]       C:1   for values less than about 12:
13   10       [30sel]         [30SEL]            [  0,  0;  0,  0]       U:0
14   10       #[10sel]        C[10SeL]           [ 20,  0; 39,171]       U:0     # Naive implementation in C
15   10       int[30sel]      {[10sEl]           [ 20,  0; 89,171]       U:0     int factorial(int n) {
16   10       if[20sel]       2)[20SEL]          [ 20, 20;189,171]       U:0       if (n &lt; 2)
17   10       return[60sel]   1;[20SeL]          [ 20, 40;179,171]       U:0         return 1;
18   10       return[60sel]   1);[30SeL]         [ 20, 20; -1,171]       U:0       return  n * factorial(n - 1);
19   10       }[10sEl]        }[10sEl]           [ 20,  0;299,171]       U:0     }
20   10       [10sEl]         [10sEl]            [  0,  0;  0,  0]       U:0
21   10       The[30Sel]      built-[60sel]      [  0, 20;  9,  1]       S:1     The C programming language does not have built-
22   10       in[20sel]       this[40sel]        [  0,  0; -1,  1]       C:1   in support for detecting integer overflow, so this
23   10       naive[50sel]    values[60sel]      [  0,  0;  9,  1]       C:1   naive implementation simply returns random values
24   10       if[20sel]       provided.[90sEl]   [  0,  0;109,  1]       C:1   if even a moderate sized n is provided.
Active Paragraph Models:
 1: margin: 0, first_indent: 20, body_indent: 0, alignment: LEFT
# Final Paragraph Segmentation
#row space .. lword[widthSEL] rword[widthSEL]    [lmarg,lind;rind,rmarg] model text
0    10       A[10SeL]        contain[70sel]     [  0, 20;  0,  0]       S:1     A typical page of a programming book may contain
1    10       examples[80sel] algorithm[90sel]   [  0,  0; 10,  0]       C:1   examples of source code to exemplify an algorithm
2    10       being[50sel]    be[20sel]          [  0,  0;  0,  0]       C:1   being described in prose.  Such examples should be
3    10       rendered[80sel] with[40sel]        [  0,  0; 60,  0]       C:1   rendered as lineated text, meaning text with
4    10       explicit[80sel] inter-line[100sel] [  0,  0; 10,  0]       C:1   explicit line breaks but without extra inter-line
5    10       spacing.[80sel] in[20sel]          [  0,  0;  0,  0]       C:1   spacing.  Accidentally finding stray paragraphs in
6    10       source[60sel]   experience[100sel] [  0,  0;  0,  0]       C:1   source code would lead to a bad reading experience
7    10       when[40sel]     re-flowed.[100sEl] [  0,  0;230,  0]       C:1   when the text is re-flowed.
8    10       Let's[50Sel]    fact-[50sel]       [  0, 20;  0,  0]       S:1     Let's show this by describing the function fact-
9    10       orial.[60sel]   function[80sel]    [  0,  0; 20,  0]       C:1   orial.  Factorial is a simple recursive function
10   10       which[50sel]    fact,[50sel]       [  0,  0; 30,  0]       C:1   which grows very quickly.  So quickly, in fact,
11   10       that[40sel]     work[40sel]        [  0,  0; 20,  0]       C:1   that the typical C implementation will only work
12   10       for[30sel]      12:[30SEL]         [  0,  0;200,  0]       C:1   for values less than about 12:
13   10       [30sel]         [30SEL]            [  0,  0;  0,  0]       U:0
14   10       #[10sel]        C[10SeL]           [ 20,  0; 39,171]       U:0     # Naive implementation in C
15   10       int[30sel]      {[10sEl]           [ 20,  0; 89,171]       U:0     int factorial(int n) {
16   10       if[20sel]       2)[20SEL]          [ 20, 20;189,171]       U:0       if (n &lt; 2)
17   10       return[60sel]   1;[20SeL]          [ 20, 40;179,171]       U:0         return 1;
18   10       return[60sel]   1);[30SeL]         [ 20, 20; -1,171]       U:0       return  n * factorial(n - 1);
19   10       }[10sEl]        }[10sEl]           [ 20,  0;299,171]       U:0     }
20   10       [10sEl]         [10sEl]            [  0,  0;  0,  0]       U:0
21   10       The[30Sel]      built-[60sel]      [  0, 20;  9,  1]       S:1     The C programming language does not have built-
22   10       in[20sel]       this[40sel]        [  0,  0; -1,  1]       C:1   in support for detecting integer overflow, so this
23   10       naive[50sel]    values[60sel]      [  0,  0;  9,  1]       C:1   naive implementation simply returns random values
24   10       if[20sel]       provided.[90sEl]   [  0,  0;109,  1]       C:1   if even a moderate sized n is provided.
Active Paragraph Models:
 1: margin: 0, first_indent: 20, body_indent: 0, alignment: LEFT
# End of Pass 1
#row space .. lword[widthSEL]      rword[widthSEL]     [lmarg,lind;rind,rmarg] model text
0    10       royal[50sel]         a[10SeL]            [  0,  0;  0,  0]       U:0   royal  palm  which  are called  guano  and  in it  there was a bed,  a
1    10       table,[60sel]        charcoal.[90sEl]    [  0,  0;  0,  0]       U:0   table, one chair, and a place on the dirt floor to cook with charcoal.
2    10       On[20Sel]            the[30sel]          [  0,  0;  0,  0]       U:0   On  the  brown  walls  of  the ﬂattened,  overlapping  leaves  of  the
3    10       sturdy[60sel]        Sacred[60sel]       [  0,  0;  0,  0]       U:0   sturdy  fibered guano  there  was  a  picture in  color of  the Sacred
4    10       Heart[50Sel]         were[40sel]         [  0,  0;  0,  0]       U:0   Heart  of  Jesus  and  another  of  the  Virgin  of Cobre.  These were
5    10       relics[60sel]        his[30sel]          [  0,  0;  0,  0]       U:0   relics of  his wife.   Once there had been  a tinted photograph of his
6    10       wife[40sel]          too[30sel]          [  0,  0;  0,  0]       U:0   wife on  the wall  but he  had taken  it  down because it made him too
7    10       lonely[60sel]        clean[50sel]        [  0,  0;  0,  0]       U:0   lonely to see it and it was on the shelf in the corner under his clean
8    10       shirt.[60sel]        shirt.[60sEl]       [  0,  0;640,  0]       U:0   shirt.
9    10       "What[50SEl]         asked.[60sEl]       [  0, 50;100,  0]       U:0        "What  do  you  have  to  eat?"     the  boy   asked.
10   10       "A[20SEl]            some?"[60sEl]       [  0, 50;120,  0]       U:0        "A pot of yellow rice with fish. Do you want some?"
11   10       "No.[40SEl]          fire?"[60sEl]       [  0, 50; 30,  0]       U:0        "No. I will eat at home. Do you want me to make the fire?"
12   10       "No.[40SEl]          cold."[60sEl]       [  0, 50; 50,  0]       U:0        "No. I will make it later on. Or I may eat the rice cold."
13   10       "May[40SEl]          net?"[50sEl]        [  0, 50;370,  0]       U:0        "May I take the cast net?"
14   10       "Of[30SEl]           course."[80sEl]     [  0, 50;510,  0]       U:0        "Of course."
15   10       There[50Sel]         had[30sel]          [  0, 50;  0,  0]       U:0        There was  no  cast net  and  the boy  remembered  when  they had
16   10       sold[40sel]          no[20sel]           [  0,  0;  0,  0]       U:0   sold it.   But they went through  this fiction every day. There was no
17   10       pot[30sel]           too.[40sEl]         [  0,  0;180,  0]       U:0   pot of yellow rice and fish and the boy knew this too.
18   10       "Eighty-five[120SEl] "How[40sel]         [  0, 50;  0,  0]       U:0        "Eighty-five  is a lucky number,"  the  old  man  said.   "How
19   10       would[50sel]         thou-[50sel]        [  0,  0;  0,  0]       U:0   would  you  like to see  me  bring one  in that dressed out over a thou-
20   10       sand[40sel]          pounds?[70sEl]      [  0,  0;600,  0]       U:0   sand pounds?
21   10       "I'll[50SEl]         sun[30sel]          [  0, 50;  0,  0]       U:0        "I'll get the cast net and go for sardines.  Will you sit in the sun
22   10       in[20sel]            doorway?"[90sEl]    [  0,  0;570,  0]       U:0   in the doorway?"
23   10       "Yes.[50SEl]         baseball."[100sEl]  [  0, 50; 30,  0]       U:0        "Yes.  I have yesterday's paper and I will read the baseball."
24   10       The[30Sel]           fiction[70sel]      [  0, 50;  0,  0]       U:0        The boy  did not  know  whether  yesterday's paper  was a fiction
25   10       too.[40sel]          bed.[40sEl]         [  0,  0;140,  0]       U:0   too.  But the old man brought it out from under the bed.
26   10       "Pedrico[80SEl]      explained.[100sEl]  [  0, 50;140,  0]       U:0        "Pedrico gave it to me at the bodega," he explained.
27   10       "I'll[50SEl]         mine[40sel]         [  0, 50;  0,  0]       U:0        "I'll be back when I have the sardines.  I'll keep yours and mine
28   10       together[80sel]      I[10SeL]            [  0,  0;  0,  0]       U:0   together  on ice  and  we  can  share  them  in the  morning.   When I
29   10       come[40sel]          baseball."[100sEl]  [  0,  0;230,  0]       U:0   come back you can tell me about the baseball."
30   10       "The[40SEl]          lose."[60sEl]       [  0, 50;370,  0]       U:0        "The Yankees cannot lose."
31   10       "But[40SEl]          Cleveland."[110sEl] [  0, 50;250,  0]       U:0        "But I fear the Indians of Cleveland."
32   10       "Have[50SEl]         Di-[30SeL]          [  0, 50;  0,  0]       U:0        "Have faith  in  the Yankees  my son.   Think of  the great  Di-
33   10       Maggio."[80Sel]      Maggio."[80sEl]     [  0,  0;610,  0]       U:0   Maggio."
34   10       "I[20SEl]            Cleve-[60sel]       [  0, 50;  0,  0]       U:0        "I  fear both  the Tigers of Detroit  and the  Indians of Cleve-
35   10       land."[60sel]        land."[60sEl]       [  0,  0;630,  0]       U:0   land."
Active Paragraph Models:
#############################################
# StrongEvidenceClassify( rows[0:36) )
#############################################
# Initial strong signals.
#row space .. lword[widthSEL]      rword[widthSEL]     [lmarg,lind;rind,rmarg] model text
0    10       royal[50sel]         a[10SeL]            [  0,  0;  0,  0]       S:0   royal  palm  which  are called  guano  and  in it  there was a bed,  a
1    10       table,[60sel]        charcoal.[90sEl]    [  0,  0;  0,  0]       C:0   table, one chair, and a place on the dirt floor to cook with charcoal.
2    10       On[20Sel]            the[30sel]          [  0,  0;  0,  0]       U:0   On  the  brown  walls  of  the ﬂattened,  overlapping  leaves  of  the
3    10       sturdy[60sel]        Sacred[60sel]       [  0,  0;  0,  0]       C:0   sturdy  fibered guano  there  was  a  picture in  color of  the Sacred
4    10       Heart[50Sel]         were[40sel]         [  0,  0;  0,  0]       U:0   Heart  of  Jesus  and  another  of  the  Virgin  of Cobre.  These were
5    10       relics[60sel]        his[30sel]          [  0,  0;  0,  0]       C:0   relics of  his wife.   Once there had been  a tinted photograph of his
6    10       wife[40sel]          too[30sel]          [  0,  0;  0,  0]       C:0   wife on  the wall  but he  had taken  it  down because it made him too
7    10       lonely[60sel]        clean[50sel]        [  0,  0;  0,  0]       C:0   lonely to see it and it was on the shelf in the corner under his clean
8    10       shirt.[60sel]        shirt.[60sEl]       [  0,  0;640,  0]       C:0   shirt.
9    10       "What[50SEl]         asked.[60sEl]       [  0, 50;100,  0]       U:0        "What  do  you  have  to  eat?"     the  boy   asked.
10   10       "A[20SEl]            some?"[60sEl]       [  0, 50;120,  0]       U:0        "A pot of yellow rice with fish. Do you want some?"
11   10       "No.[40SEl]          fire?"[60sEl]       [  0, 50; 30,  0]       S:0        "No. I will eat at home. Do you want me to make the fire?"
12   10       "No.[40SEl]          cold."[60sEl]       [  0, 50; 50,  0]       U:0        "No. I will make it later on. Or I may eat the rice cold."
13   10       "May[40SEl]          net?"[50sEl]        [  0, 50;370,  0]       U:0        "May I take the cast net?"
14   10       "Of[30SEl]           course."[80sEl]     [  0, 50;510,  0]       U:0        "Of course."
15   10       There[50Sel]         had[30sel]          [  0, 50;  0,  0]       S:0        There was  no  cast net  and  the boy  remembered  when  they had
16   10       sold[40sel]          no[20sel]           [  0,  0;  0,  0]       C:0   sold it.   But they went through  this fiction every day. There was no
17   10       pot[30sel]           too.[40sEl]         [  0,  0;180,  0]       C:0   pot of yellow rice and fish and the boy knew this too.
18   10       "Eighty-five[120SEl] "How[40sel]         [  0, 50;  0,  0]       S:0        "Eighty-five  is a lucky number,"  the  old  man  said.   "How
19   10       would[50sel]         thou-[50sel]        [  0,  0;  0,  0]       C:0   would  you  like to see  me  bring one  in that dressed out over a thou-
20   10       sand[40sel]          pounds?[70sEl]      [  0,  0;600,  0]       C:0   sand pounds?
21   10       "I'll[50SEl]         sun[30sel]          [  0, 50;  0,  0]       S:0        "I'll get the cast net and go for sardines.  Will you sit in the sun
22   10       in[20sel]            doorway?"[90sEl]    [  0,  0;570,  0]       C:0   in the doorway?"
23   10       "Yes.[50SEl]         baseball."[100sEl]  [  0, 50; 30,  0]       S:0        "Yes.  I have yesterday's paper and I will read the baseball."
24   10       The[30Sel]           fiction[70sel]      [  0, 50;  0,  0]       U:0        The boy  did not  know  whether  yesterday's paper  was a fiction
25   10       too.[40sel]          bed.[40sEl]         [  0,  0;140,  0]       C:0   too.  But the old man brought it out from under the bed.
26   10       "Pedrico[80SEl]      explained.[100sEl]  [  0, 50;140,  0]       U:0        "Pedrico gave it to me at the bodega," he explained.
27   10       "I'll[50SEl]         mine[40sel]         [  0, 50;  0,  0]       S:0        "I'll be back when I have the sardines.  I'll keep yours and mine
28   10       together[80sel]      I[10SeL]            [  0,  0;  0,  0]       U:0   together  on ice  and  we  can  share  them  in the  morning.   When I
29   10       come[40sel]          baseball."[100sEl]  [  0,  0;230,  0]       C:0   come back you can tell me about the baseball."
30   10       "The[40SEl]          lose."[60sEl]       [  0, 50;370,  0]       U:0        "The Yankees cannot lose."
31   10       "But[40SEl]          Cleveland."[110sEl] [  0, 50;250,  0]       U:0        "But I fear the Indians of Cleveland."
32   10       "Have[50SEl]         Di-[30SeL]          [  0, 50;  0,  0]       S:0        "Have faith  in  the Yankees  my son.   Think of  the great  Di-
33   10       Maggio."[80Sel]      Maggio."[80sEl]     [  0,  0;610,  0]       U:0   Maggio."
34   10       "I[20SEl]            Cleve-[60sel]       [  0, 50;  0,  0]       S:0        "I  fear both  the Tigers of Detroit  and the  Indians of Cleve-
35   10       land."[60sel]        land."[60sEl]       [  0,  0;630,  0]       C:0   land."
Active Paragraph Models:
Could not determine a model for this paragraph:
======================================
royal  palm  which  are called  guano  and  in it  there was a bed,  a
table, one chair, and a place on the dirt floor to cook with charcoal.
======================================
Could not determine a model for this paragraph:
======================================
     "I'll get the cast net and go for sardines.  Will you sit in the sun
in the doorway?"
======================================
Could not determine a model for this paragraph:
======================================
     "Have faith  in  the Yankees  my son.   Think of  the great  Di-
Maggio."
======================================
# Unsmeared hypotheses.s.
#row space .. lword[widthSEL]      rword[widthSEL]     [lmarg,lind;rind,rmarg] model text
0    10       royal[50sel]         a[10SeL]            [  0,  0;  0,  0]       S:0   royal  palm  which  are called  guano  and  in it  there was a bed,  a
1    10       table,[60sel]        charcoal.[90sEl]    [  0,  0;  0,  0]       C:0   table, one chair, and a place on the dirt floor to cook with charcoal.
2    10       On[20Sel]            the[30sel]          [  0,  0;  0,  0]       U:0   On  the  brown  walls  of  the ﬂattened,  overlapping  leaves  of  the
3    10       sturdy[60sel]        Sacred[60sel]       [  0,  0;  0,  0]       C:0   sturdy  fibered guano  there  was  a  picture in  color of  the Sacred
4    10       Heart[50Sel]         were[40sel]         [  0,  0;  0,  0]       U:0   Heart  of  Jesus  and  another  of  the  Virgin  of Cobre.  These were
5    10       relics[60sel]        his[30sel]          [  0,  0;  0,  0]       C:0   relics of  his wife.   Once there had been  a tinted photograph of his
6    10       wife[40sel]          too[30sel]          [  0,  0;  0,  0]       C:0   wife on  the wall  but he  had taken  it  down because it made him too
7    10       lonely[60sel]        clean[50sel]        [  0,  0;  0,  0]       C:0   lonely to see it and it was on the shelf in the corner under his clean
8    10       shirt.[60sel]        shirt.[60sEl]       [  0,  0;640,  0]       C:0   shirt.
9    10       "What[50SEl]         asked.[60sEl]       [  0, 50;100,  0]       U:0        "What  do  you  have  to  eat?"     the  boy   asked.
10   10       "A[20SEl]            some?"[60sEl]       [  0, 50;120,  0]       U:0        "A pot of yellow rice with fish. Do you want some?"
11   10       "No.[40SEl]          fire?"[60sEl]       [  0, 50; 30,  0]       S:0        "No. I will eat at home. Do you want me to make the fire?"
12   10       "No.[40SEl]          cold."[60sEl]       [  0, 50; 50,  0]       U:0        "No. I will make it later on. Or I may eat the rice cold."
13   10       "May[40SEl]          net?"[50sEl]        [  0, 50;370,  0]       U:0        "May I take the cast net?"
14   10       "Of[30SEl]           course."[80sEl]     [  0, 50;510,  0]       U:0        "Of course."
15   10       There[50Sel]         had[30sel]          [  0, 50;  0,  0]       S:1        There was  no  cast net  and  the boy  remembered  when  they had
16   10       sold[40sel]          no[20sel]           [  0,  0;  0,  0]       C:1   sold it.   But they went through  this fiction every day. There was no
17   10       pot[30sel]           too.[40sEl]         [  0,  0;180,  0]       C:1   pot of yellow rice and fish and the boy knew this too.
18   10       "Eighty-five[120SEl] "How[40sel]         [  0, 50;  0,  0]       S:1        "Eighty-five  is a lucky number,"  the  old  man  said.   "How
19   10       would[50sel]         thou-[50sel]        [  0,  0;  0,  0]       C:1   would  you  like to see  me  bring one  in that dressed out over a thou-
20   10       sand[40sel]          pounds?[70sEl]      [  0,  0;600,  0]       C:1   sand pounds?
21   10       "I'll[50SEl]         sun[30sel]          [  0, 50;  0,  0]       S:0        "I'll get the cast net and go for sardines.  Will you sit in the sun
22   10       in[20sel]            doorway?"[90sEl]    [  0,  0;570,  0]       C:0   in the doorway?"
23   10       "Yes.[50SEl]         baseball."[100sEl]  [  0, 50; 30,  0]       S:0        "Yes.  I have yesterday's paper and I will read the baseball."
24   10       The[30Sel]           fiction[70sel]      [  0, 50;  0,  0]       U:0        The boy  did not  know  whether  yesterday's paper  was a fiction
25   10       too.[40sel]          bed.[40sEl]         [  0,  0;140,  0]       C:0   too.  But the old man brought it out from under the bed.
26   10       "Pedrico[80SEl]      explained.[100sEl]  [  0, 50;140,  0]       U:0        "Pedrico gave it to me at the bodega," he explained.
27   10       "I'll[50SEl]         mine[40sel]         [  0, 50;  0,  0]       S:1        "I'll be back when I have the sardines.  I'll keep yours and mine
28   10       together[80sel]      I[10SeL]            [  0,  0;  0,  0]       C:1   together  on ice  and  we  can  share  them  in the  morning.   When I
29   10       come[40sel]          baseball."[100sEl]  [  0,  0;230,  0]       C:1   come back you can tell me about the baseball."
30   10       "The[40SEl]          lose."[60sEl]       [  0, 50;370,  0]       U:0        "The Yankees cannot lose."
31   10       "But[40SEl]          Cleveland."[110sEl] [  0, 50;250,  0]       U:0        "But I fear the Indians of Cleveland."
32   10       "Have[50SEl]         Di-[30SeL]          [  0, 50;  0,  0]       S:0        "Have faith  in  the Yankees  my son.   Think of  the great  Di-
33   10       Maggio."[80Sel]      Maggio."[80sEl]     [  0,  0;610,  0]       U:0   Maggio."
34   10       "I[20SEl]            Cleve-[60sel]       [  0, 50;  0,  0]       S:0        "I  fear both  the Tigers of Detroit  and the  Indians of Cleve-
35   10       land."[60sel]        land."[60sEl]       [  0,  0;630,  0]       C:0   land."
Active Paragraph Models:
 1: margin: 0, first_indent: 50, body_indent: 0, alignment: LEFT
#############################################
# StrongEvidenceClassify( rows[0:9) )
#############################################
# Initial strong signals.
#row space .. lword[widthSEL]      rword[widthSEL]     [lmarg,lind;rind,rmarg] model text
0    10       royal[50sel]         a[10SeL]            [  0,  0;  0,  0]       S:0   royal  palm  which  are called  guano  and  in it  there was a bed,  a
1    10       table,[60sel]        charcoal.[90sEl]    [  0,  0;  0,  0]       C:0   table, one chair, and a place on the dirt floor to cook with charcoal.
2    10       On[20Sel]            the[30sel]          [  0,  0;  0,  0]       U:0   On  the  brown  walls  of  the ﬂattened,  overlapping  leaves  of  the
3    10       sturdy[60sel]        Sacred[60sel]       [  0,  0;  0,  0]       C:0   sturdy  fibered guano  there  was  a  picture in  color of  the Sacred
4    10       Heart[50Sel]         were[40sel]         [  0,  0;  0,  0]       U:0   Heart  of  Jesus  and  another  of  the  Virgin  of Cobre.  These were
5    10       relics[60sel]        his[30sel]          [  0,  0;  0,  0]       C:0   relics of  his wife.   Once there had been  a tinted photograph of his
6    10       wife[40sel]          too[30sel]          [  0,  0;  0,  0]       C:0   wife on  the wall  but he  had taken  it  down because it made him too
7    10       lonely[60sel]        clean[50sel]        [  0,  0;  0,  0]       C:0   lonely to see it and it was on the shelf in the corner under his clean
8    10       shirt.[60sel]        shirt.[60sEl]       [  0,  0;640,  0]       C:0   shirt.
9    10       "What[50SEl]         asked.[60sEl]       [  0, 50;100,  0]       S:1        "What  do  you  have  to  eat?"     the  boy   asked.
10   10       "A[20SEl]            some?"[60sEl]       [  0, 50;120,  0]       S:1        "A pot of yellow rice with fish. Do you want some?"
11   10       "No.[40SEl]          fire?"[60sEl]       [  0, 50; 30,  0]       S:1        "No. I will eat at home. Do you want me to make the fire?"
12   10       "No.[40SEl]          cold."[60sEl]       [  0, 50; 50,  0]       S:1        "No. I will make it later on. Or I may eat the rice cold."
13   10       "May[40SEl]          net?"[50sEl]        [  0, 50;370,  0]       S:1        "May I take the cast net?"
14   10       "Of[30SEl]           course."[80sEl]     [  0, 50;510,  0]       S:1        "Of course."
15   10       There[50Sel]         had[30sel]          [  0, 50;  0,  0]       S:1        There was  no  cast net  and  the boy  remembered  when  they had
16   10       sold[40sel]          no[20sel]           [  0,  0;  0,  0]       C:1   sold it.   But they went through  this fiction every day. There was no
17   10       pot[30sel]           too.[40sEl]         [  0,  0;180,  0]       C:1   pot of yellow rice and fish and the boy knew this too.
18   10       "Eighty-five[120SEl] "How[40sel]         [  0, 50;  0,  0]       S:1        "Eighty-five  is a lucky number,"  the  old  man  said.   "How
19   10       would[50sel]         thou-[50sel]        [  0,  0;  0,  0]       C:1   would  you  like to see  me  bring one  in that dressed out over a thou-
20   10       sand[40sel]          pounds?[70sEl]      [  0,  0;600,  0]       C:1   sand pounds?
21   10       "I'll[50SEl]         sun[30sel]          [  0, 50;  0,  0]       S:1        "I'll get the cast net and go for sardines.  Will you sit in the sun
22   10       in[20sel]            doorway?"[90sEl]    [  0,  0;570,  0]       C:1   in the doorway?"
23   10       "Yes.[50SEl]         baseball."[100sEl]  [  0, 50; 30,  0]       S:1        "Yes.  I have yesterday's paper and I will read the baseball."
24   10       The[30Sel]           fiction[70sel]      [  0, 50;  0,  0]       S:1        The boy  did not  know  whether  yesterday's paper  was a fiction
25   10       too.[40sel]          bed.[40sEl]         [  0,  0;140,  0]       C:1   too.  But the old man brought it out from under the bed.
26   10       "Pedrico[80SEl]      explained.[100sEl]  [  0, 50;140,  0]       S:1        "Pedrico gave it to me at the bodega," he explained.
27   10       "I'll[50SEl]         mine[40sel]         [  0, 50;  0,  0]       S:1        "I'll be back when I have the sardines.  I'll keep yours and mine
28   10       together[80sel]      I[10SeL]            [  0,  0;  0,  0]       C:1   together  on ice  and  we  can  share  them  in the  morning.   When I
29   10       come[40sel]          baseball."[100sEl]  [  0,  0;230,  0]       C:1   come back you can tell me about the baseball."
30   10       "The[40SEl]          lose."[60sEl]       [  0, 50;370,  0]       S:1        "The Yankees cannot lose."
31   10       "But[40SEl]          Cleveland."[110sEl] [  0, 50;250,  0]       S:1        "But I fear the Indians of Cleveland."
32   10       "Have[50SEl]         Di-[30SeL]          [  0, 50;  0,  0]       S:1        "Have faith  in  the Yankees  my son.   Think of  the great  Di-
33   10       Maggio."[80Sel]      Maggio."[80sEl]     [  0,  0;610,  0]       C:1   Maggio."
34   10       "I[20SEl]            Cleve-[60sel]       [  0, 50;  0,  0]       S:1        "I  fear both  the Tigers of Detroit  and the  Indians of Cleve-
35   10       land."[60sel]        land."[60sEl]       [  0,  0;630,  0]       C:1   land."
Active Paragraph Models:
 1: margin: 0, first_indent: 50, body_indent: 0, alignment: LEFT
Could not determine a model for this paragraph:
======================================
royal  palm  which  are called  guano  and  in it  there was a bed,  a
table, one chair, and a place on the dirt floor to cook with charcoal.
======================================
# Unsmeared hypotheses.s.
#row space .. lword[widthSEL]      rword[widthSEL]     [lmarg,lind;rind,rmarg] model text
0    10       royal[50sel]         a[10SeL]            [  0,  0;  0,  0]       S:0   royal  palm  which  are called  guano  and  in it  there was a bed,  a
1    10       table,[60sel]        charcoal.[90sEl]    [  0,  0;  0,  0]       C:0   table, one chair, and a place on the dirt floor to cook with charcoal.
2    10       On[20Sel]            the[30sel]          [  0,  0;  0,  0]       U:0   On  the  brown  walls  of  the ﬂattened,  overlapping  leaves  of  the
3    10       sturdy[60sel]        Sacred[60sel]       [  0,  0;  0,  0]       C:0   sturdy  fibered guano  there  was  a  picture in  color of  the Sacred
4    10       Heart[50Sel]         were[40sel]         [  0,  0;  0,  0]       U:0   Heart  of  Jesus  and  another  of  the  Virgin  of Cobre.  These were
5    10       relics[60sel]        his[30sel]          [  0,  0;  0,  0]       C:0   relics of  his wife.   Once there had been  a tinted photograph of his
6    10       wife[40sel]          too[30sel]          [  0,  0;  0,  0]       C:0   wife on  the wall  but he  had taken  it  down because it made him too
7    10       lonely[60sel]        clean[50sel]        [  0,  0;  0,  0]       C:0   lonely to see it and it was on the shelf in the corner under his clean
8    10       shirt.[60sel]        shirt.[60sEl]       [  0,  0;640,  0]       C:0   shirt.
9    10       "What[50SEl]         asked.[60sEl]       [  0, 50;100,  0]       S:1        "What  do  you  have  to  eat?"     the  boy   asked.
10   10       "A[20SEl]            some?"[60sEl]       [  0, 50;120,  0]       S:1        "A pot of yellow rice with fish. Do you want some?"
11   10       "No.[40SEl]          fire?"[60sEl]       [  0, 50; 30,  0]       S:1        "No. I will eat at home. Do you want me to make the fire?"
12   10       "No.[40SEl]          cold."[60sEl]       [  0, 50; 50,  0]       S:1        "No. I will make it later on. Or I may eat the rice cold."
13   10       "May[40SEl]          net?"[50sEl]        [  0, 50;370,  0]       S:1        "May I take the cast net?"
14   10       "Of[30SEl]           course."[80sEl]     [  0, 50;510,  0]       S:1        "Of course."
15   10       There[50Sel]         had[30sel]          [  0, 50;  0,  0]       S:1        There was  no  cast net  and  the boy  remembered  when  they had
16   10       sold[40sel]          no[20sel]           [  0,  0;  0,  0]       C:1   sold it.   But they went through  this fiction every day. There was no
17   10       pot[30sel]           too.[40sEl]         [  0,  0;180,  0]       C:1   pot of yellow rice and fish and the boy knew this too.
18   10       "Eighty-five[120SEl] "How[40sel]         [  0, 50;  0,  0]       S:1        "Eighty-five  is a lucky number,"  the  old  man  said.   "How
19   10       would[50sel]         thou-[50sel]        [  0,  0;  0,  0]       C:1   would  you  like to see  me  bring one  in that dressed out over a thou-
20   10       sand[40sel]          pounds?[70sEl]      [  0,  0;600,  0]       C:1   sand pounds?
21   10       "I'll[50SEl]         sun[30sel]          [  0, 50;  0,  0]       S:1        "I'll get the cast net and go for sardines.  Will you sit in the sun
22   10       in[20sel]            doorway?"[90sEl]    [  0,  0;570,  0]       C:1   in the doorway?"
23   10       "Yes.[50SEl]         baseball."[100sEl]  [  0, 50; 30,  0]       S:1        "Yes.  I have yesterday's paper and I will read the baseball."
24   10       The[30Sel]           fiction[70sel]      [  0, 50;  0,  0]       S:1        The boy  did not  know  whether  yesterday's paper  was a fiction
25   10       too.[40sel]          bed.[40sEl]         [  0,  0;140,  0]       C:1   too.  But the old man brought it out from under the bed.
26   10       "Pedrico[80SEl]      explained.[100sEl]  [  0, 50;140,  0]       S:1        "Pedrico gave it to me at the bodega," he explained.
27   10       "I'll[50SEl]         mine[40sel]         [  0, 50;  0,  0]       S:1        "I'll be back when I have the sardines.  I'll keep yours and mine
28   10       together[80sel]      I[10SeL]            [  0,  0;  0,  0]       C:1   together  on ice  and  we  can  share  them  in the  morning.   When I
29   10       come[40sel]          baseball."[100sEl]  [  0,  0;230,  0]       C:1   come back you can tell me about the baseball."
30   10       "The[40SEl]          lose."[60sEl]       [  0, 50;370,  0]       S:1        "The Yankees cannot lose."
31   10       "But[40SEl]          Cleveland."[110sEl] [  0, 50;250,  0]       S:1        "But I fear the Indians of Cleveland."
32   10       "Have[50SEl]         Di-[30SeL]          [  0, 50;  0,  0]       S:1        "Have faith  in  the Yankees  my son.   Think of  the great  Di-
33   10       Maggio."[80Sel]      Maggio."[80sEl]     [  0,  0;610,  0]       C:1   Maggio."
34   10       "I[20SEl]            Cleve-[60sel]       [  0, 50;  0,  0]       S:1        "I  fear both  the Tigers of Detroit  and the  Indians of Cleve-
35   10       land."[60sel]        land."[60sEl]       [  0,  0;630,  0]       C:1   land."
Active Paragraph Models:
 1: margin: 0, first_indent: 50, body_indent: 0, alignment: LEFT
# End of Pass 2
#row space .. lword[widthSEL]      rword[widthSEL]     [lmarg,lind;rind,rmarg] model text
0    10       royal[50sel]         a[10SeL]            [  0,  0;  0,  0]       S:0   royal  palm  which  are called  guano  and  in it  there was a bed,  a
1    10       table,[60sel]        charcoal.[90sEl]    [  0,  0;  0,  0]       C:0   table, one chair, and a place on the dirt floor to cook with charcoal.
2    10       On[20Sel]            the[30sel]          [  0,  0;  0,  0]       U:0   On  the  brown  walls  of  the ﬂattened,  overlapping  leaves  of  the
3    10       sturdy[60sel]        Sacred[60sel]       [  0,  0;  0,  0]       C:0   sturdy  fibered guano  there  was  a  picture in  color of  the Sacred
4    10       Heart[50Sel]         were[40sel]         [  0,  0;  0,  0]       U:0   Heart  of  Jesus  and  another  of  the  Virgin  of Cobre.  These were
5    10       relics[60sel]        his[30sel]          [  0,  0;  0,  0]       C:0   relics of  his wife.   Once there had been  a tinted photograph of his
6    10       wife[40sel]          too[30sel]          [  0,  0;  0,  0]       C:0   wife on  the wall  but he  had taken  it  down because it made him too
7    10       lonely[60sel]        clean[50sel]        [  0,  0;  0,  0]       C:0   lonely to see it and it was on the shelf in the corner under his clean
8    10       shirt.[60sel]        shirt.[60sEl]       [  0,  0;640,  0]       C:0   shirt.
9    10       "What[50SEl]         asked.[60sEl]       [  0, 50;100,  0]       S:1        "What  do  you  have  to  eat?"     the  boy   asked.
10   10       "A[20SEl]            some?"[60sEl]       [  0, 50;120,  0]       S:1        "A pot of yellow rice with fish. Do you want some?"
11   10       "No.[40SEl]          fire?"[60sEl]       [  0, 50; 30,  0]       S:1        "No. I will eat at home. Do you want me to make the fire?"
12   10       "No.[40SEl]          cold."[60sEl]       [  0, 50; 50,  0]       S:1        "No. I will make it later on. Or I may eat the rice cold."
13   10       "May[40SEl]          net?"[50sEl]        [  0, 50;370,  0]       S:1        "May I take the cast net?"
14   10       "Of[30SEl]           course."[80sEl]     [  0, 50;510,  0]       S:1        "Of course."
15   10       There[50Sel]         had[30sel]          [  0, 50;  0,  0]       S:1        There was  no  cast net  and  the boy  remembered  when  they had
16   10       sold[40sel]          no[20sel]           [  0,  0;  0,  0]       C:1   sold it.   But they went through  this fiction every day. There was no
17   10       pot[30sel]           too.[40sEl]         [  0,  0;180,  0]       C:1   pot of yellow rice and fish and the boy knew this too.
18   10       "Eighty-five[120SEl] "How[40sel]         [  0, 50;  0,  0]       S:1        "Eighty-five  is a lucky number,"  the  old  man  said.   "How
19   10       would[50sel]         thou-[50sel]        [  0,  0;  0,  0]       C:1   would  you  like to see  me  bring one  in that dressed out over a thou-
20   10       sand[40sel]          pounds?[70sEl]      [  0,  0;600,  0]       C:1   sand pounds?
21   10       "I'll[50SEl]         sun[30sel]          [  0, 50;  0,  0]       S:1        "I'll get the cast net and go for sardines.  Will you sit in the sun
22   10       in[20sel]            doorway?"[90sEl]    [  0,  0;570,  0]       C:1   in the doorway?"
23   10       "Yes.[50SEl]         baseball."[100sEl]  [  0, 50; 30,  0]       S:1        "Yes.  I have yesterday's paper and I will read the baseball."
24   10       The[30Sel]           fiction[70sel]      [  0, 50;  0,  0]       S:1        The boy  did not  know  whether  yesterday's paper  was a fiction
25   10       too.[40sel]          bed.[40sEl]         [  0,  0;140,  0]       C:1   too.  But the old man brought it out from under the bed.
26   10       "Pedrico[80SEl]      explained.[100sEl]  [  0, 50;140,  0]       S:1        "Pedrico gave it to me at the bodega," he explained.
27   10       "I'll[50SEl]         mine[40sel]         [  0, 50;  0,  0]       S:1        "I'll be back when I have the sardines.  I'll keep yours and mine
28   10       together[80sel]      I[10SeL]            [  0,  0;  0,  0]       C:1   together  on ice  and  we  can  share  them  in the  morning.   When I
29   10       come[40sel]          baseball."[100sEl]  [  0,  0;230,  0]       C:1   come back you can tell me about the baseball."
30   10       "The[40SEl]          lose."[60sEl]       [  0, 50;370,  0]       S:1        "The Yankees cannot lose."
31   10       "But[40SEl]          Cleveland."[110sEl] [  0, 50;250,  0]       S:1        "But I fear the Indians of Cleveland."
32   10       "Have[50SEl]         Di-[30SeL]          [  0, 50;  0,  0]       S:1        "Have faith  in  the Yankees  my son.   Think of  the great  Di-
33   10       Maggio."[80Sel]      Maggio."[80sEl]     [  0,  0;610,  0]       C:1   Maggio."
34   10       "I[20SEl]            Cleve-[60sel]       [  0, 50;  0,  0]       S:1        "I  fear both  the Tigers of Detroit  and the  Indians of Cleve-
35   10       land."[60sel]        land."[60sEl]       [  0,  0;630,  0]       C:1   land."
Active Paragraph Models:
 1: margin: 0, first_indent: 50, body_indent: 0, alignment: LEFT
###############################################
##### GeometricClassify( rows[0:9) )   ####
###############################################
Geometry: TabStop cluster tolerance = 10; 1 left tabs; 2 right tabs
# Not enough variety for clear outline classification. Guessing these are left aligned based on script.
======================================
royal  palm  which  are called  guano  and  in it  there was a bed,  a
table, one chair, and a place on the dirt floor to cook with charcoal.
On  the  brown  walls  of  the ﬂattened,  overlapping  leaves  of  the
sturdy  fibered guano  there  was  a  picture in  color of  the Sacred
Heart  of  Jesus  and  another  of  the  Virgin  of Cobre.  These were
relics of  his wife.   Once there had been  a tinted photograph of his
wife on  the wall  but he  had taken  it  down because it made him too
lonely to see it and it was on the shelf in the corner under his clean
shirt.
======================================
# End of Pass 3
#row space .. lword[widthSEL]      rword[widthSEL]     [lmarg,lind;rind,rmarg] model text
0    10       royal[50sel]         a[10SeL]            [  0,  0;  0,  0]       S:CrL royal  palm  which  are called  guano  and  in it  there was a bed,  a
1    10       table,[60sel]        charcoal.[90sEl]    [  0,  0;  0,  0]       C:CrL table, one chair, and a place on the dirt floor to cook with charcoal.
2    10       On[20Sel]            the[30sel]          [  0,  0;  0,  0]       C:CrL On  the  brown  walls  of  the ﬂattened,  overlapping  leaves  of  the
3    10       sturdy[60sel]        Sacred[60sel]       [  0,  0;  0,  0]       C:CrL sturdy  fibered guano  there  was  a  picture in  color of  the Sacred
4    10       Heart[50Sel]         were[40sel]         [  0,  0;  0,  0]       C:CrL Heart  of  Jesus  and  another  of  the  Virgin  of Cobre.  These were
5    10       relics[60sel]        his[30sel]          [  0,  0;  0,  0]       C:CrL relics of  his wife.   Once there had been  a tinted photograph of his
6    10       wife[40sel]          too[30sel]          [  0,  0;  0,  0]       C:CrL wife on  the wall  but he  had taken  it  down because it made him too
7    10       lonely[60sel]        clean[50sel]        [  0,  0;  0,  0]       C:CrL lonely to see it and it was on the shelf in the corner under his clean
8    10       shirt.[60sel]        shirt.[60sEl]       [  0,  0;640,  0]       C:CrL shirt.
9    10       "What[50SEl]         asked.[60sEl]       [  0, 50;100,  0]       S:1        "What  do  you  have  to  eat?"     the  boy   asked.
10   10       "A[20SEl]            some?"[60sEl]       [  0, 50;120,  0]       S:1        "A pot of yellow rice with fish. Do you want some?"
11   10       "No.[40SEl]          fire?"[60sEl]       [  0, 50; 30,  0]       S:1        "No. I will eat at home. Do you want me to make the fire?"
12   10       "No.[40SEl]          cold."[60sEl]       [  0, 50; 50,  0]       S:1        "No. I will make it later on. Or I may eat the rice cold."
13   10       "May[40SEl]          net?"[50sEl]        [  0, 50;370,  0]       S:1        "May I take the cast net?"
14   10       "Of[30SEl]           course."[80sEl]     [  0, 50;510,  0]       S:1        "Of course."
15   10       There[50Sel]         had[30sel]          [  0, 50;  0,  0]       S:1        There was  no  cast net  and  the boy  remembered  when  they had
16   10       sold[40sel]          no[20sel]           [  0,  0;  0,  0]       C:1   sold it.   But they went through  this fiction every day. There was no
17   10       pot[30sel]           too.[40sEl]         [  0,  0;180,  0]       C:1   pot of yellow rice and fish and the boy knew this too.
18   10       "Eighty-five[120SEl] "How[40sel]         [  0, 50;  0,  0]       S:1        "Eighty-five  is a lucky number,"  the  old  man  said.   "How
19   10       would[50sel]         thou-[50sel]        [  0,  0;  0,  0]       C:1   would  you  like to see  me  bring one  in that dressed out over a thou-
20   10       sand[40sel]          pounds?[70sEl]      [  0,  0;600,  0]       C:1   sand pounds?
21   10       "I'll[50SEl]         sun[30sel]          [  0, 50;  0,  0]       S:1        "I'll get the cast net and go for sardines.  Will you sit in the sun
22   10       in[20sel]            doorway?"[90sEl]    [  0,  0;570,  0]       C:1   in the doorway?"
23   10       "Yes.[50SEl]         baseball."[100sEl]  [  0, 50; 30,  0]       S:1        "Yes.  I have yesterday's paper and I will read the baseball."
24   10       The[30Sel]           fiction[70sel]      [  0, 50;  0,  0]       S:1        The boy  did not  know  whether  yesterday's paper  was a fiction
25   10       too.[40sel]          bed.[40sEl]         [  0,  0;140,  0]       C:1   too.  But the old man brought it out from under the bed.
26   10       "Pedrico[80SEl]      explained.[100sEl]  [  0, 50;140,  0]       S:1        "Pedrico gave it to me at the bodega," he explained.
27   10       "I'll[50SEl]         mine[40sel]         [  0, 50;  0,  0]       S:1        "I'll be back when I have the sardines.  I'll keep yours and mine
28   10       together[80sel]      I[10SeL]            [  0,  0;  0,  0]       C:1   together  on ice  and  we  can  share  them  in the  morning.   When I
29   10       come[40sel]          baseball."[100sEl]  [  0,  0;230,  0]       C:1   come back you can tell me about the baseball."
30   10       "The[40SEl]          lose."[60sEl]       [  0, 50;370,  0]       S:1        "The Yankees cannot lose."
31   10       "But[40SEl]          Cleveland."[110sEl] [  0, 50;250,  0]       S:1        "But I fear the Indians of Cleveland."
32   10       "Have[50SEl]         Di-[30SeL]          [  0, 50;  0,  0]       S:1        "Have faith  in  the Yankees  my son.   Think of  the great  Di-
33   10       Maggio."[80Sel]      Maggio."[80sEl]     [  0,  0;610,  0]       C:1   Maggio."
34   10       "I[20SEl]            Cleve-[60sel]       [  0, 50;  0,  0]       S:1        "I  fear both  the Tigers of Detroit  and the  Indians of Cleve-
35   10       land."[60sel]        land."[60sEl]       [  0,  0;630,  0]       C:1   land."
Active Paragraph Models:
 1: margin: 0, first_indent: 50, body_indent: 0, alignment: LEFT
# End of Pass 4
#row space .. lword[widthSEL]      rword[widthSEL]     [lmarg,lind;rind,rmarg] model text
0    10       royal[50sel]         a[10SeL]            [  0,  0;  0,  0]       S:CrL royal  palm  which  are called  guano  and  in it  there was a bed,  a
1    10       table,[60sel]        charcoal.[90sEl]    [  0,  0;  0,  0]       C:CrL table, one chair, and a place on the dirt floor to cook with charcoal.
2    10       On[20Sel]            the[30sel]          [  0,  0;  0,  0]       C:CrL On  the  brown  walls  of  the ﬂattened,  overlapping  leaves  of  the
3    10       sturdy[60sel]        Sacred[60sel]       [  0,  0;  0,  0]       C:CrL sturdy  fibered guano  there  was  a  picture in  color of  the Sacred
4    10       Heart[50Sel]         were[40sel]         [  0,  0;  0,  0]       C:CrL Heart  of  Jesus  and  another  of  the  Virgin  of Cobre.  These were
5    10       relics[60sel]        his[30sel]          [  0,  0;  0,  0]       C:CrL relics of  his wife.   Once there had been  a tinted photograph of his
6    10       wife[40sel]          too[30sel]          [  0,  0;  0,  0]       C:CrL wife on  the wall  but he  had taken  it  down because it made him too
7    10       lonely[60sel]        clean[50sel]        [  0,  0;  0,  0]       C:CrL lonely to see it and it was on the shelf in the corner under his clean
8    10       shirt.[60sel]        shirt.[60sEl]       [  0,  0;640,  0]       C:CrL shirt.
9    10       "What[50SEl]         asked.[60sEl]       [  0, 50;100,  0]       S:1        "What  do  you  have  to  eat?"     the  boy   asked.
10   10       "A[20SEl]            some?"[60sEl]       [  0, 50;120,  0]       S:1        "A pot of yellow rice with fish. Do you want some?"
11   10       "No.[40SEl]          fire?"[60sEl]       [  0, 50; 30,  0]       S:1        "No. I will eat at home. Do you want me to make the fire?"
12   10       "No.[40SEl]          cold."[60sEl]       [  0, 50; 50,  0]       S:1        "No. I will make it later on. Or I may eat the rice cold."
13   10       "May[40SEl]          net?"[50sEl]        [  0, 50;370,  0]       S:1        "May I take the cast net?"
14   10       "Of[30SEl]           course."[80sEl]     [  0, 50;510,  0]       S:1        "Of course."
15   10       There[50Sel]         had[30sel]          [  0, 50;  0,  0]       S:1        There was  no  cast net  and  the boy  remembered  when  they had
16   10       sold[40sel]          no[20sel]           [  0,  0;  0,  0]       C:1   sold it.   But they went through  this fiction every day. There was no
17   10       pot[30sel]           too.[40sEl]         [  0,  0;180,  0]       C:1   pot of yellow rice and fish and the boy knew this too.
18   10       "Eighty-five[120SEl] "How[40sel]         [  0, 50;  0,  0]       S:1        "Eighty-five  is a lucky number,"  the  old  man  said.   "How
19   10       would[50sel]         thou-[50sel]        [  0,  0;  0,  0]       C:1   would  you  like to see  me  bring one  in that dressed out over a thou-
20   10       sand[40sel]          pounds?[70sEl]      [  0,  0;600,  0]       C:1   sand pounds?
21   10       "I'll[50SEl]         sun[30sel]          [  0, 50;  0,  0]       S:1        "I'll get the cast net and go for sardines.  Will you sit in the sun
22   10       in[20sel]            doorway?"[90sEl]    [  0,  0;570,  0]       C:1   in the doorway?"
23   10       "Yes.[50SEl]         baseball."[100sEl]  [  0, 50; 30,  0]       S:1        "Yes.  I have yesterday's paper and I will read the baseball."
24   10       The[30Sel]           fiction[70sel]      [  0, 50;  0,  0]       S:1        The boy  did not  know  whether  yesterday's paper  was a fiction
25   10       too.[40sel]          bed.[40sEl]         [  0,  0;140,  0]       C:1   too.  But the old man brought it out from under the bed.
26   10       "Pedrico[80SEl]      explained.[100sEl]  [  0, 50;140,  0]       S:1        "Pedrico gave it to me at the bodega," he explained.
27   10       "I'll[50SEl]         mine[40sel]         [  0, 50;  0,  0]       S:1        "I'll be back when I have the sardines.  I'll keep yours and mine
28   10       together[80sel]      I[10SeL]            [  0,  0;  0,  0]       C:1   together  on ice  and  we  can  share  them  in the  morning.   When I
29   10       come[40sel]          baseball."[100sEl]  [  0,  0;230,  0]       C:1   come back you can tell me about the baseball."
30   10       "The[40SEl]          lose."[60sEl]       [  0, 50;370,  0]       S:1        "The Yankees cannot lose."
31   10       "But[40SEl]          Cleveland."[110sEl] [  0, 50;250,  0]       S:1        "But I fear the Indians of Cleveland."
32   10       "Have[50SEl]         Di-[30SeL]          [  0, 50;  0,  0]       S:1        "Have faith  in  the Yankees  my son.   Think of  the great  Di-
33   10       Maggio."[80Sel]      Maggio."[80sEl]     [  0,  0;610,  0]       C:1   Maggio."
34   10       "I[20SEl]            Cleve-[60sel]       [  0, 50;  0,  0]       S:1        "I  fear both  the Tigers of Detroit  and the  Indians of Cleve-
35   10       land."[60sel]        land."[60sEl]       [  0,  0;630,  0]       C:1   land."
Active Paragraph Models:
 1: margin: 0, first_indent: 50, body_indent: 0, alignment: LEFT
# Final Paragraph Segmentation
#row space .. lword[widthSEL]      rword[widthSEL]     [lmarg,lind;rind,rmarg] model text
0    10       royal[50sel]         a[10SeL]            [  0,  0;  0,  0]       S:1   royal  palm  which  are called  guano  and  in it  there was a bed,  a
1    10       table,[60sel]        charcoal.[90sEl]    [  0,  0;  0,  0]       C:1   table, one chair, and a place on the dirt floor to cook with charcoal.
2    10       On[20Sel]            the[30sel]          [  0,  0;  0,  0]       C:1   On  the  brown  walls  of  the ﬂattened,  overlapping  leaves  of  the
3    10       sturdy[60sel]        Sacred[60sel]       [  0,  0;  0,  0]       C:1   sturdy  fibered guano  there  was  a  picture in  color of  the Sacred
4    10       Heart[50Sel]         were[40sel]         [  0,  0;  0,  0]       C:1   Heart  of  Jesus  and  another  of  the  Virgin  of Cobre.  These were
5    10       relics[60sel]        his[30sel]          [  0,  0;  0,  0]       C:1   relics of  his wife.   Once there had been  a tinted photograph of his
6    10       wife[40sel]          too[30sel]          [  0,  0;  0,  0]       C:1   wife on  the wall  but he  had taken  it  down because it made him too
7    10       lonely[60sel]        clean[50sel]        [  0,  0;  0,  0]       C:1   lonely to see it and it was on the shelf in the corner under his clean
8    10       shirt.[60sel]        shirt.[60sEl]       [  0,  0;640,  0]       C:1   shirt.
9    10       "What[50SEl]         asked.[60sEl]       [  0, 50;100,  0]       S:1        "What  do  you  have  to  eat?"     the  boy   asked.
10   10       "A[20SEl]            some?"[60sEl]       [  0, 50;120,  0]       S:1        "A pot of yellow rice with fish. Do you want some?"
11   10       "No.[40SEl]          fire?"[60sEl]       [  0, 50; 30,  0]       S:1        "No. I will eat at home. Do you want me to make the fire?"
12   10       "No.[40SEl]          cold."[60sEl]       [  0, 50; 50,  0]       S:1        "No. I will make it later on. Or I may eat the rice cold."
13   10       "May[40SEl]          net?"[50sEl]        [  0, 50;370,  0]       S:1        "May I take the cast net?"
14   10       "Of[30SEl]           course."[80sEl]     [  0, 50;510,  0]       S:1        "Of course."
15   10       There[50Sel]         had[30sel]          [  0, 50;  0,  0]       S:1        There was  no  cast net  and  the boy  remembered  when  they had
16   10       sold[40sel]          no[20sel]           [  0,  0;  0,  0]       C:1   sold it.   But they went through  this fiction every day. There was no
17   10       pot[30sel]           too.[40sEl]         [  0,  0;180,  0]       C:1   pot of yellow rice and fish and the boy knew this too.
18   10       "Eighty-five[120SEl] "How[40sel]         [  0, 50;  0,  0]       S:1        "Eighty-five  is a lucky number,"  the  old  man  said.   "How
19   10       would[50sel]         thou-[50sel]        [  0,  0;  0,  0]       C:1   would  you  like to see  me  bring one  in that dressed out over a thou-
20   10       sand[40sel]          pounds?[70sEl]      [  0,  0;600,  0]       C:1   sand pounds?
21   10       "I'll[50SEl]         sun[30sel]          [  0, 50;  0,  0]       S:1        "I'll get the cast net and go for sardines.  Will you sit in the sun
22   10       in[20sel]            doorway?"[90sEl]    [  0,  0;570,  0]       C:1   in the doorway?"
23   10       "Yes.[50SEl]         baseball."[100sEl]  [  0, 50; 30,  0]       S:1        "Yes.  I have yesterday's paper and I will read the baseball."
24   10       The[30Sel]           fiction[70sel]      [  0, 50;  0,  0]       S:1        The boy  did not  know  whether  yesterday's paper  was a fiction
25   10       too.[40sel]          bed.[40sEl]         [  0,  0;140,  0]       C:1   too.  But the old man brought it out from under the bed.
26   10       "Pedrico[80SEl]      explained.[100sEl]  [  0, 50;140,  0]       S:1        "Pedrico gave it to me at the bodega," he explained.
27   10       "I'll[50SEl]         mine[40sel]         [  0, 50;  0,  0]       S:1        "I'll be back when I have the sardines.  I'll keep yours and mine
28   10       together[80sel]      I[10SeL]            [  0,  0;  0,  0]       C:1   together  on ice  and  we  can  share  them  in the  morning.   When I
29   10       come[40sel]          baseball."[100sEl]  [  0,  0;230,  0]       C:1   come back you can tell me about the baseball."
30   10       "The[40SEl]          lose."[60sEl]       [  0, 50;370,  0]       S:1        "The Yankees cannot lose."
31   10       "But[40SEl]          Cleveland."[110sEl] [  0, 50;250,  0]       S:1        "But I fear the Indians of Cleveland."
32   10       "Have[50SEl]         Di-[30SeL]          [  0, 50;  0,  0]       S:1        "Have faith  in  the Yankees  my son.   Think of  the great  Di-
33   10       Maggio."[80Sel]      Maggio."[80sEl]     [  0,  0;610,  0]       C:1   Maggio."
34   10       "I[20SEl]            Cleve-[60sel]       [  0, 50;  0,  0]       S:1        "I  fear both  the Tigers of Detroit  and the  Indians of Cleve-
35   10       land."[60sel]        land."[60sEl]       [  0,  0;630,  0]       C:1   land."
Active Paragraph Models:
 1: margin: 0, first_indent: 50, body_indent: 0, alignment: LEFT
# End of Pass 1
#row space .. lword[widthSEL]      rword[widthSEL] [lmarg,lind;rind,rmarg] model text
0    10       Oats,[50Sel]         51[20SeL]       [  0,  0;220,  0]       U:0   Oats, 51
1    10       O'Brien,[80Sel]      175[30SeL]      [  0,  0; 90,  0]       U:0   O'Brien, Gregory, 175
2    10       Occupational[120Sel] 110,[40SeL]     [  0,  0;  0,  0]       U:0   Occupational composition, 110,
3    10       138[30SeL]           138[30SeL]      [  0, 30;240,  0]       U:0      138
4    10       OECD[40Sel]          172[30SeL]      [  0,  0; 70,  0]       U:0   OECD rankings, 155, 172
5    10       Okiato[60Sel]        47[20SeL]       [  0,  0; 10,  0]       U:0   Okiato (original capital), 47
6    10       Oil[30Sel]           1979,[50SeL]    [  0,  0;  0,  0]       U:0   Oil shock: 1974, xxx, 143; 1979,
7    10       145[30SeL]           145[30SeL]      [  0, 30;240,  0]       U:0      145
8    10       Old[30Sel]           89-90[50SeL]    [  0,  0; 10,  0]       U:0   Old Age Pensions, xxii, 89-90
9    10       Old[30Sel]           77[20SeL]       [  0,  0;110,  0]       U:0   Old World evils, 77
10   10       Oliver,[70Sel]       89[20SeL]       [  0,  0; 50,  0]       U:0   Oliver, W. H., 39, 77, 89
11   10       Olssen,[70Sel]       84[20SeL]       [  0,  0; 60,  0]       U:0   Olssen, Erik, 45, 64, 84
12   10       Olympic[70Sel]       144[30SeL]      [  0,  0; 10,  0]       U:0   Olympic Games, 1924, 111, 144
13   10       Once[40Sel]          149[30SeL]      [  0,  0; 60,  0]       U:0   Once on Chunuk Bair, 149
14   10       Once[40Sel]          170[30SeL]      [  0,  0;  0,  0]       U:0   Once Were Warriors, xxxiii, 170
15   10       On—shore[100Sel]   xvi[30SeL]      [  0,  0; 90,  0]       U:0   On—shore whaling, xvi
16   10       Opotiki,[80Sel]      xix[30SeL]      [  0,  0;180,  0]       U:0   Opotiki, xix
17   10       Orakau[60Sel]        57[20SeL]       [  0,  0; 30,  0]       U:0   Orakau battle of, xviii, 57
18   10       O’Regan,[100Sel]   198-99[60SeL]   [  0,  0; 20,  0]       U:0   O’Regan, Tipene, 170, 198-99
19   10       Organic[70Sel]       177[30SeL]      [  0,  0; 60,  0]       U:0   Organic agriculture, 177
20   10       Orwell,[70Sel]       151[30SeL]      [  0,  0;110,  0]       U:0   Orwell, George, 151
21   10       Otago,[60Sel]        70[20SeL]       [  0,  0; 40,  0]       U:0   Otago, xvii, 45, 49-50, 70
22   10       Otago[50Sel]         xvii[40SeL]     [  0,  0;130,  0]       U:0   Otago block, xvii
23   10       Otago[50Sel]         67[20sel]       [  0,  0; 90,  0]       U:0   Otago Daily Times, 67
24   10       Otago[50Sel]         61,[30sel]      [  0,  0;  0,  0]       U:0   Otago Girls’ High School, xix, 61,
25   10       85[20SeL]            85[20SeL]       [  0, 30;250,  0]       U:0      85
26   10       Otago[50Sel]         61-63[50sel]    [  0,  0; 60,  0]       U:0   Otago gold rushes, 61-63
27   10       Otago[50Sel]         xx[20SeL]       [  0,  0;110,  0]       U:0   Otago Peninsula, xx
28   10       Otago[50Sel]         68[20sel]       [  0,  0; 20,  0]       U:0   Otago Provincial Council, 68
29   10       Otaki,[60Sel]        33[20SeL]       [  0,  0;210,  0]       U:0   Otaki, 33
30   10       Owls[40Sel]          139[30SeL]      [  0,  0;140,  0]       U:0   Owls Do Cry, 139
Active Paragraph Models:
#############################################
# StrongEvidenceClassify( rows[0:31) )
#############################################
# Initial strong signals.
#row space .. lword[widthSEL]      rword[widthSEL] [lmarg,lind;rind,rmarg] model text
0    10       Oats,[50Sel]         51[20SeL]       [  0,  0;220,  0]       U:0   Oats, 51
1    10       O'Brien,[80Sel]      175[30SeL]      [  0,  0; 90,  0]       U:0   O'Brien, Gregory, 175
2    10       Occupational[120Sel] 110,[40SeL]     [  0,  0;  0,  0]       U:0   Occupational composition, 110,
3    10       138[30SeL]           138[30SeL]      [  0, 30;240,  0]       U:0      138
4    10       OECD[40Sel]          172[30SeL]      [  0,  0; 70,  0]       U:0   OECD rankings, 155, 172
5    10       Okiato[60Sel]        47[20SeL]       [  0,  0; 10,  0]       U:0   Okiato (original capital), 47
6    10       Oil[30Sel]           1979,[50SeL]    [  0,  0;  0,  0]       U:0   Oil shock: 1974, xxx, 143; 1979,
7    10       145[30SeL]           145[30SeL]      [  0, 30;240,  0]       U:0      145
8    10       Old[30Sel]           89-90[50SeL]    [  0,  0; 10,  0]       U:0   Old Age Pensions, xxii, 89-90
9    10       Old[30Sel]           77[20SeL]       [  0,  0;110,  0]       U:0   Old World evils, 77
10   10       Oliver,[70Sel]       89[20SeL]       [  0,  0; 50,  0]       U:0   Oliver, W. H., 39, 77, 89
11   10       Olssen,[70Sel]       84[20SeL]       [  0,  0; 60,  0]       U:0   Olssen, Erik, 45, 64, 84
12   10       Olympic[70Sel]       144[30SeL]      [  0,  0; 10,  0]       U:0   Olympic Games, 1924, 111, 144
13   10       Once[40Sel]          149[30SeL]      [  0,  0; 60,  0]       U:0   Once on Chunuk Bair, 149
14   10       Once[40Sel]          170[30SeL]      [  0,  0;  0,  0]       U:0   Once Were Warriors, xxxiii, 170
15   10       On—shore[100Sel]   xvi[30SeL]      [  0,  0; 90,  0]       U:0   On—shore whaling, xvi
16   10       Opotiki,[80Sel]      xix[30SeL]      [  0,  0;180,  0]       U:0   Opotiki, xix
17   10       Orakau[60Sel]        57[20SeL]       [  0,  0; 30,  0]       U:0   Orakau battle of, xviii, 57
18   10       O’Regan,[100Sel]   198-99[60SeL]   [  0,  0; 20,  0]       U:0   O’Regan, Tipene, 170, 198-99
19   10       Organic[70Sel]       177[30SeL]      [  0,  0; 60,  0]       U:0   Organic agriculture, 177
20   10       Orwell,[70Sel]       151[30SeL]      [  0,  0;110,  0]       U:0   Orwell, George, 151
21   10       Otago,[60Sel]        70[20SeL]       [  0,  0; 40,  0]       U:0   Otago, xvii, 45, 49-50, 70
22   10       Otago[50Sel]         xvii[40SeL]     [  0,  0;130,  0]       U:0   Otago block, xvii
23   10       Otago[50Sel]         67[20sel]       [  0,  0; 90,  0]       U:0   Otago Daily Times, 67
24   10       Otago[50Sel]         61,[30sel]      [  0,  0;  0,  0]       U:0   Otago Girls’ High School, xix, 61,
25   10       85[20SeL]            85[20SeL]       [  0, 30;250,  0]       U:0      85
26   10       Otago[50Sel]         61-63[50sel]    [  0,  0; 60,  0]       U:0   Otago gold rushes, 61-63
27   10       Otago[50Sel]         xx[20SeL]       [  0,  0;110,  0]       U:0   Otago Peninsula, xx
28   10       Otago[50Sel]         68[20sel]       [  0,  0; 20,  0]       U:0   Otago Provincial Council, 68
29   10       Otaki,[60Sel]        33[20SeL]       [  0,  0;210,  0]       U:0   Otaki, 33
30   10       Owls[40Sel]          139[30SeL]      [  0,  0;140,  0]       U:0   Owls Do Cry, 139
Active Paragraph Models:
# Unsmeared hypotheses.s.
#row space .. lword[widthSEL]      rword[widthSEL] [lmarg,lind;rind,rmarg] model text
0    10       Oats,[50Sel]         51[20SeL]       [  0,  0;220,  0]       U:0   Oats, 51
1    10       O'Brien,[80Sel]      175[30SeL]      [  0,  0; 90,  0]       U:0   O'Brien, Gregory, 175
2    10       Occupational[120Sel] 110,[40SeL]     [  0,  0;  0,  0]       U:0   Occupational composition, 110,
3    10       138[30SeL]           138[30SeL]      [  0, 30;240,  0]       U:0      138
4    10       OECD[40Sel]          172[30SeL]      [  0,  0; 70,  0]       U:0   OECD rankings, 155, 172
5    10       Okiato[60Sel]        47[20SeL]       [  0,  0; 10,  0]       U:0   Okiato (original capital), 47
6    10       Oil[30Sel]           1979,[50SeL]    [  0,  0;  0,  0]       U:0   Oil shock: 1974, xxx, 143; 1979,
7    10       145[30SeL]           145[30SeL]      [  0, 30;240,  0]       U:0      145
8    10       Old[30Sel]           89-90[50SeL]    [  0,  0; 10,  0]       U:0   Old Age Pensions, xxii, 89-90
9    10       Old[30Sel]           77[20SeL]       [  0,  0;110,  0]       U:0   Old World evils, 77
10   10       Oliver,[70Sel]       89[20SeL]       [  0,  0; 50,  0]       U:0   Oliver, W. H., 39, 77, 89
11   10       Olssen,[70Sel]       84[20SeL]       [  0,  0; 60,  0]       U:0   Olssen, Erik, 45, 64, 84
12   10       Olympic[70Sel]       144[30SeL]      [  0,  0; 10,  0]       U:0   Olympic Games, 1924, 111, 144
13   10       Once[40Sel]          149[30SeL]      [  0,  0; 60,  0]       U:0   Once on Chunuk Bair, 149
14   10       Once[40Sel]          170[30SeL]      [  0,  0;  0,  0]       U:0   Once Were Warriors, xxxiii, 170
15   10       On—shore[100Sel]   xvi[30SeL]      [  0,  0; 90,  0]       U:0   On—shore whaling, xvi
16   10       Opotiki,[80Sel]      xix[30SeL]      [  0,  0;180,  0]       U:0   Opotiki, xix
17   10       Orakau[60Sel]        57[20SeL]       [  0,  0; 30,  0]       U:0   Orakau battle of, xviii, 57
18   10       O’Regan,[100Sel]   198-99[60SeL]   [  0,  0; 20,  0]       U:0   O’Regan, Tipene, 170, 198-99
19   10       Organic[70Sel]       177[30SeL]      [  0,  0; 60,  0]       U:0   Organic agriculture, 177
20   10       Orwell,[70Sel]       151[30SeL]      [  0,  0;110,  0]       U:0   Orwell, George, 151
21   10       Otago,[60Sel]        70[20SeL]       [  0,  0; 40,  0]       U:0   Otago, xvii, 45, 49-50, 70
22   10       Otago[50Sel]         xvii[40SeL]     [  0,  0;130,  0]       U:0   Otago block, xvii
23   10       Otago[50Sel]         67[20sel]       [  0,  0; 90,  0]       U:0   Otago Daily Times, 67
24   10       Otago[50Sel]         61,[30sel]      [  0,  0;  0,  0]       U:0   Otago Girls’ High School, xix, 61,
25   10       85[20SeL]            85[20SeL]       [  0, 30;250,  0]       U:0      85
26   10       Otago[50Sel]         61-63[50sel]    [  0,  0; 60,  0]       U:0   Otago gold rushes, 61-63
27   10       Otago[50Sel]         xx[20SeL]       [  0,  0;110,  0]       U:0   Otago Peninsula, xx
28   10       Otago[50Sel]         68[20sel]       [  0,  0; 20,  0]       U:0   Otago Provincial Council, 68
29   10       Otaki,[60Sel]        33[20SeL]       [  0,  0;210,  0]       U:0   Otaki, 33
30   10       Owls[40Sel]          139[30SeL]      [  0,  0;140,  0]       U:0   Owls Do Cry, 139
Active Paragraph Models:
# End of Pass 2
#row space .. lword[widthSEL]      rword[widthSEL] [lmarg,lind;rind,rmarg] model text
0    10       Oats,[50Sel]         51[20SeL]       [  0,  0;220,  0]       U:0   Oats, 51
1    10       O'Brien,[80Sel]      175[30SeL]      [  0,  0; 90,  0]       U:0   O'Brien, Gregory, 175
2    10       Occupational[120Sel] 110,[40SeL]     [  0,  0;  0,  0]       U:0   Occupational composition, 110,
3    10       138[30SeL]           138[30SeL]      [  0, 30;240,  0]       U:0      138
4    10       OECD[40Sel]          172[30SeL]      [  0,  0; 70,  0]       U:0   OECD rankings, 155, 172
5    10       Okiato[60Sel]        47[20SeL]       [  0,  0; 10,  0]       U:0   Okiato (original capital), 47
6    10       Oil[30Sel]           1979,[50SeL]    [  0,  0;  0,  0]       U:0   Oil shock: 1974, xxx, 143; 1979,
7    10       145[30SeL]           145[30SeL]      [  0, 30;240,  0]       U:0      145
8    10       Old[30Sel]           89-90[50SeL]    [  0,  0; 10,  0]       U:0   Old Age Pensions, xxii, 89-90
9    10       Old[30Sel]           77[20SeL]       [  0,  0;110,  0]       U:0   Old World evils, 77
10   10       Oliver,[70Sel]       89[20SeL]       [  0,  0; 50,  0]       U:0   Oliver, W. H., 39, 77, 89
11   10       Olssen,[70Sel]       84[20SeL]       [  0,  0; 60,  0]       U:0   Olssen, Erik, 45, 64, 84
12   10       Olympic[70Sel]       144[30SeL]      [  0,  0; 10,  0]       U:0   Olympic Games, 1924, 111, 144
13   10       Once[40Sel]          149[30SeL]      [  0,  0; 60,  0]       U:0   Once on Chunuk Bair, 149
14   10       Once[40Sel]          170[30SeL]      [  0,  0;  0,  0]       U:0   Once Were Warriors, xxxiii, 170
15   10       On—shore[100Sel]   xvi[30SeL]      [  0,  0; 90,  0]       U:0   On—shore whaling, xvi
16   10       Opotiki,[80Sel]      xix[30SeL]      [  0,  0;180,  0]       U:0   Opotiki, xix
17   10       Orakau[60Sel]        57[20SeL]       [  0,  0; 30,  0]       U:0   Orakau battle of, xviii, 57
18   10       O’Regan,[100Sel]   198-99[60SeL]   [  0,  0; 20,  0]       U:0   O’Regan, Tipene, 170, 198-99
19   10       Organic[70Sel]       177[30SeL]      [  0,  0; 60,  0]       U:0   Organic agriculture, 177
20   10       Orwell,[70Sel]       151[30SeL]      [  0,  0;110,  0]       U:0   Orwell, George, 151
21   10       Otago,[60Sel]        70[20SeL]       [  0,  0; 40,  0]       U:0   Otago, xvii, 45, 49-50, 70
22   10       Otago[50Sel]         xvii[40SeL]     [  0,  0;130,  0]       U:0   Otago block, xvii
23   10       Otago[50Sel]         67[20sel]       [  0,  0; 90,  0]       U:0   Otago Daily Times, 67
24   10       Otago[50Sel]         61,[30sel]      [  0,  0;  0,  0]       U:0   Otago Girls’ High School, xix, 61,
25   10       85[20SeL]            85[20SeL]       [  0, 30;250,  0]       U:0      85
26   10       Otago[50Sel]         61-63[50sel]    [  0,  0; 60,  0]       U:0   Otago gold rushes, 61-63
27   10       Otago[50Sel]         xx[20SeL]       [  0,  0;110,  0]       U:0   Otago Peninsula, xx
28   10       Otago[50Sel]         68[20sel]       [  0,  0; 20,  0]       U:0   Otago Provincial Council, 68
29   10       Otaki,[60Sel]        33[20SeL]       [  0,  0;210,  0]       U:0   Otaki, 33
30   10       Owls[40Sel]          139[30SeL]      [  0,  0;140,  0]       U:0   Owls Do Cry, 139
Active Paragraph Models:
###############################################
##### GeometricClassify( rows[0:31) )   ####
###############################################
Geometry: TabStop cluster tolerance = 10; 2 left tabs; 10 right tabs
# End of Pass 3
#row space .. lword[widthSEL]      rword[widthSEL] [lmarg,lind;rind,rmarg] model text
0    10       Oats,[50Sel]         51[20SeL]       [  0,  0;220,  0]       S:1   Oats, 51
1    10       O'Brien,[80Sel]      175[30SeL]      [  0,  0; 90,  0]       S:1   O'Brien, Gregory, 175
2    10       Occupational[120Sel] 110,[40SeL]     [  0,  0;  0,  0]       S:1   Occupational composition, 110,
3    10       138[30SeL]           138[30SeL]      [  0, 30;240,  0]       C:1      138
4    10       OECD[40Sel]          172[30SeL]      [  0,  0; 70,  0]       S:1   OECD rankings, 155, 172
5    10       Okiato[60Sel]        47[20SeL]       [  0,  0; 10,  0]       S:1   Okiato (original capital), 47
6    10       Oil[30Sel]           1979,[50SeL]    [  0,  0;  0,  0]       S:1   Oil shock: 1974, xxx, 143; 1979,
7    10       145[30SeL]           145[30SeL]      [  0, 30;240,  0]       C:1      145
8    10       Old[30Sel]           89-90[50SeL]    [  0,  0; 10,  0]       S:1   Old Age Pensions, xxii, 89-90
9    10       Old[30Sel]           77[20SeL]       [  0,  0;110,  0]       S:1   Old World evils, 77
10   10       Oliver,[70Sel]       89[20SeL]       [  0,  0; 50,  0]       S:1   Oliver, W. H., 39, 77, 89
11   10       Olssen,[70Sel]       84[20SeL]       [  0,  0; 60,  0]       S:1   Olssen, Erik, 45, 64, 84
12   10       Olympic[70Sel]       144[30SeL]      [  0,  0; 10,  0]       S:1   Olympic Games, 1924, 111, 144
13   10       Once[40Sel]          149[30SeL]      [  0,  0; 60,  0]       S:1   Once on Chunuk Bair, 149
14   10       Once[40Sel]          170[30SeL]      [  0,  0;  0,  0]       S:1   Once Were Warriors, xxxiii, 170
15   10       On—shore[100Sel]   xvi[30SeL]      [  0,  0; 90,  0]       S:1   On—shore whaling, xvi
16   10       Opotiki,[80Sel]      xix[30SeL]      [  0,  0;180,  0]       S:1   Opotiki, xix
17   10       Orakau[60Sel]        57[20SeL]       [  0,  0; 30,  0]       S:1   Orakau battle of, xviii, 57
18   10       O’Regan,[100Sel]   198-99[60SeL]   [  0,  0; 20,  0]       S:1   O’Regan, Tipene, 170, 198-99
19   10       Organic[70Sel]       177[30SeL]      [  0,  0; 60,  0]       S:1   Organic agriculture, 177
20   10       Orwell,[70Sel]       151[30SeL]      [  0,  0;110,  0]       S:1   Orwell, George, 151
21   10       Otago,[60Sel]        70[20SeL]       [  0,  0; 40,  0]       S:1   Otago, xvii, 45, 49-50, 70
22   10       Otago[50Sel]         xvii[40SeL]     [  0,  0;130,  0]       S:1   Otago block, xvii
23   10       Otago[50Sel]         67[20sel]       [  0,  0; 90,  0]       S:1   Otago Daily Times, 67
24   10       Otago[50Sel]         61,[30sel]      [  0,  0;  0,  0]       S:1   Otago Girls’ High School, xix, 61,
25   10       85[20SeL]            85[20SeL]       [  0, 30;250,  0]       C:1      85
26   10       Otago[50Sel]         61-63[50sel]    [  0,  0; 60,  0]       S:1   Otago gold rushes, 61-63
27   10       Otago[50Sel]         xx[20SeL]       [  0,  0;110,  0]       S:1   Otago Peninsula, xx
28   10       Otago[50Sel]         68[20sel]       [  0,  0; 20,  0]       S:1   Otago Provincial Council, 68
29   10       Otaki,[60Sel]        33[20SeL]       [  0,  0;210,  0]       S:1   Otaki, 33
30   10       Owls[40Sel]          139[30SeL]      [  0,  0;140,  0]       S:1   Owls Do Cry, 139
Active Paragraph Models:
 1: margin: 0, first_indent: 0, body_indent: 30, alignment: LEFT
# End of Pass 4
#row space .. lword[widthSEL]      rword[widthSEL] [lmarg,lind;rind,rmarg] model text
0    10       Oats,[50Sel]         51[20SeL]       [  0,  0;220,  0]       S:1   Oats, 51
1    10       O'Brien,[80Sel]      175[30SeL]      [  0,  0; 90,  0]       S:1   O'Brien, Gregory, 175
2    10       Occupational[120Sel] 110,[40SeL]     [  0,  0;  0,  0]       S:1   Occupational composition, 110,
3    10       138[30SeL]           138[30SeL]      [  0, 30;240,  0]       C:1      138
4    10       OECD[40Sel]          172[30SeL]      [  0,  0; 70,  0]       S:1   OECD rankings, 155, 172
5    10       Okiato[60Sel]        47[20SeL]       [  0,  0; 10,  0]       S:1   Okiato (original capital), 47
6    10       Oil[30Sel]           1979,[50SeL]    [  0,  0;  0,  0]       S:1   Oil shock: 1974, xxx, 143; 1979,
7    10       145[30SeL]           145[30SeL]      [  0, 30;240,  0]       C:1      145
8    10       Old[30Sel]           89-90[50SeL]    [  0,  0; 10,  0]       S:1   Old Age Pensions, xxii, 89-90
9    10       Old[30Sel]           77[20SeL]       [  0,  0;110,  0]       S:1   Old World evils, 77
10   10       Oliver,[70Sel]       89[20SeL]       [  0,  0; 50,  0]       S:1   Oliver, W. H., 39, 77, 89
11   10       Olssen,[70Sel]       84[20SeL]       [  0,  0; 60,  0]       S:1   Olssen, Erik, 45, 64, 84
12   10       Olympic[70Sel]       144[30SeL]      [  0,  0; 10,  0]       S:1   Olympic Games, 1924, 111, 144
13   10       Once[40Sel]          149[30SeL]      [  0,  0; 60,  0]       S:1   Once on Chunuk Bair, 149
14   10       Once[40Sel]          170[30SeL]      [  0,  0;  0,  0]       S:1   Once Were Warriors, xxxiii, 170
15   10       On—shore[100Sel]   xvi[30SeL]      [  0,  0; 90,  0]       S:1   On—shore whaling, xvi
16   10       Opotiki,[80Sel]      xix[30SeL]      [  0,  0;180,  0]       S:1   Opotiki, xix
17   10       Orakau[60Sel]        57[20SeL]       [  0,  0; 30,  0]       S:1   Orakau battle of, xviii, 57
18   10       O’Regan,[100Sel]   198-99[60SeL]   [  0,  0; 20,  0]       S:1   O’Regan, Tipene, 170, 198-99
19   10       Organic[70Sel]       177[30SeL]      [  0,  0; 60,  0]       S:1   Organic agriculture, 177
20   10       Orwell,[70Sel]       151[30SeL]      [  0,  0;110,  0]       S:1   Orwell, George, 151
21   10       Otago,[60Sel]        70[20SeL]       [  0,  0; 40,  0]       S:1   Otago, xvii, 45, 49-50, 70
22   10       Otago[50Sel]         xvii[40SeL]     [  0,  0;130,  0]       S:1   Otago block, xvii
23   10       Otago[50Sel]         67[20sel]       [  0,  0; 90,  0]       S:1   Otago Daily Times, 67
24   10       Otago[50Sel]         61,[30sel]      [  0,  0;  0,  0]       S:1   Otago Girls’ High School, xix, 61,
25   10       85[20SeL]            85[20SeL]       [  0, 30;250,  0]       C:1      85
26   10       Otago[50Sel]         61-63[50sel]    [  0,  0; 60,  0]       S:1   Otago gold rushes, 61-63
27   10       Otago[50Sel]         xx[20SeL]       [  0,  0;110,  0]       S:1   Otago Peninsula, xx
28   10       Otago[50Sel]         68[20sel]       [  0,  0; 20,  0]       S:1   Otago Provincial Council, 68
29   10       Otaki,[60Sel]        33[20SeL]       [  0,  0;210,  0]       S:1   Otaki, 33
30   10       Owls[40Sel]          139[30SeL]      [  0,  0;140,  0]       S:1   Owls Do Cry, 139
Active Paragraph Models:
 1: margin: 0, first_indent: 0, body_indent: 30, alignment: LEFT
# Final Paragraph Segmentation
#row space .. lword[widthSEL]      rword[widthSEL] [lmarg,lind;rind,rmarg] model text
0    10       Oats,[50Sel]         51[20SeL]       [  0,  0;220,  0]       S:1   Oats, 51
1    10       O'Brien,[80Sel]      175[30SeL]      [  0,  0; 90,  0]       S:1   O'Brien, Gregory, 175
2    10       Occupational[120Sel] 110,[40SeL]     [  0,  0;  0,  0]       S:1   Occupational composition, 110,
3    10       138[30SeL]           138[30SeL]      [  0, 30;240,  0]       C:1      138
4    10       OECD[40Sel]          172[30SeL]      [  0,  0; 70,  0]       S:1   OECD rankings, 155, 172
5    10       Okiato[60Sel]        47[20SeL]       [  0,  0; 10,  0]       S:1   Okiato (original capital), 47
6    10       Oil[30Sel]           1979,[50SeL]    [  0,  0;  0,  0]       S:1   Oil shock: 1974, xxx, 143; 1979,
7    10       145[30SeL]           145[30SeL]      [  0, 30;240,  0]       C:1      145
8    10       Old[30Sel]           89-90[50SeL]    [  0,  0; 10,  0]       S:1   Old Age Pensions, xxii, 89-90
9    10       Old[30Sel]           77[20SeL]       [  0,  0;110,  0]       S:1   Old World evils, 77
10   10       Oliver,[70Sel]       89[20SeL]       [  0,  0; 50,  0]       S:1   Oliver, W. H., 39, 77, 89
11   10       Olssen,[70Sel]       84[20SeL]       [  0,  0; 60,  0]       S:1   Olssen, Erik, 45, 64, 84
12   10       Olympic[70Sel]       144[30SeL]      [  0,  0; 10,  0]       S:1   Olympic Games, 1924, 111, 144
13   10       Once[40Sel]          149[30SeL]      [  0,  0; 60,  0]       S:1   Once on Chunuk Bair, 149
14   10       Once[40Sel]          170[30SeL]      [  0,  0;  0,  0]       S:1   Once Were Warriors, xxxiii, 170
15   10       On—shore[100Sel]   xvi[30SeL]      [  0,  0; 90,  0]       S:1   On—shore whaling, xvi
16   10       Opotiki,[80Sel]      xix[30SeL]      [  0,  0;180,  0]       S:1   Opotiki, xix
17   10       Orakau[60Sel]        57[20SeL]       [  0,  0; 30,  0]       S:1   Orakau battle of, xviii, 57
18   10       O’Regan,[100Sel]   198-99[60SeL]   [  0,  0; 20,  0]       S:1   O’Regan, Tipene, 170, 198-99
19   10       Organic[70Sel]       177[30SeL]      [  0,  0; 60,  0]       S:1   Organic agriculture, 177
20   10       Orwell,[70Sel]       151[30SeL]      [  0,  0;110,  0]       S:1   Orwell, George, 151
21   10       Otago,[60Sel]        70[20SeL]       [  0,  0; 40,  0]       S:1   Otago, xvii, 45, 49-50, 70
22   10       Otago[50Sel]         xvii[40SeL]     [  0,  0;130,  0]       S:1   Otago block, xvii
23   10       Otago[50Sel]         67[20sel]       [  0,  0; 90,  0]       S:1   Otago Daily Times, 67
24   10       Otago[50Sel]         61,[30sel]      [  0,  0;  0,  0]       S:1   Otago Girls’ High School, xix, 61,
25   10       85[20SeL]            85[20SeL]       [  0, 30;250,  0]       C:1      85
26   10       Otago[50Sel]         61-63[50sel]    [  0,  0; 60,  0]       S:1   Otago gold rushes, 61-63
27   10       Otago[50Sel]         xx[20SeL]       [  0,  0;110,  0]       S:1   Otago Peninsula, xx
28   10       Otago[50Sel]         68[20sel]       [  0,  0; 20,  0]       S:1   Otago Provincial Council, 68
29   10       Otaki,[60Sel]        33[20SeL]       [  0,  0;210,  0]       S:1   Otaki, 33
30   10       Owls[40Sel]          139[30SeL]      [  0,  0;140,  0]       S:1   Owls Do Cry, 139
Active Paragraph Models:
 1: margin: 0, first_indent: 0, body_indent: 30, alignment: LEFT
# End of Pass 1
#row space .. lword[widthSEL] rword[widthSEL] [lmarg,lind;rind,rmarg] model text
0    10       It[20Sel]       that[40sel]     [  0,  0;  0,  0]       U:0   It  is sometimes  the case  that
1    10       flush[50sel]    (those[60sel]   [  0,  0;  0,  0]       U:0   flush  left   paragraphs  (those
2    10       with[40sel]     not[30sel]      [  0,  0;  0,  0]       U:0   with  no  body  indent)  are not
3    10       actually[80sel] crowns.[70sEl]  [  0,  0;160,  0]       U:0   actually crowns.
4    10       Instead,[80Sel] are[30sel]      [  0,  0;  0,  0]       U:0   Instead,  further paragraphs are
5    10       also[40sel]     Usual-[60sel]   [  0,  0;  0,  0]       U:0   also flush left aligned.  Usual-
6    10       ly,[30sel]      set[30sel]      [  0,  0;  0,  0]       U:0   ly,  these  paragraphs  are  set
7    10       apart[50sel]    white-[60sel]   [  0,  0;  0,  0]       U:0   apart vertically  by some white-
8    10       space,[60sel]   detect[60sel]   [  0,  0;  0,  0]       U:0   space,  but you can also  detect
9    10       them[40sel]     empty[50sel]    [  0,  0;  0,  0]       U:0   them by observing  the big empty
10   10       space[50sel]    para-[50sel]    [  0,  0;  0,  0]       U:0   space at the  ends  of the para-
11   10       graphs.[70sel]  graphs.[70sEl]  [  0,  0;250,  0]       U:0   graphs.
Active Paragraph Models:
#############################################
# StrongEvidenceClassify( rows[0:12) )
#############################################
# Initial strong signals.
#row space .. lword[widthSEL] rword[widthSEL] [lmarg,lind;rind,rmarg] model text
0    10       It[20Sel]       that[40sel]     [  0,  0;  0,  0]       S:0   It  is sometimes  the case  that
1    10       flush[50sel]    (those[60sel]   [  0,  0;  0,  0]       C:0   flush  left   paragraphs  (those
2    10       with[40sel]     not[30sel]      [  0,  0;  0,  0]       C:0   with  no  body  indent)  are not
3    10       actually[80sel] crowns.[70sEl]  [  0,  0;160,  0]       C:0   actually crowns.
4    10       Instead,[80Sel] are[30sel]      [  0,  0;  0,  0]       S:0   Instead,  further paragraphs are
5    10       also[40sel]     Usual-[60sel]   [  0,  0;  0,  0]       C:0   also flush left aligned.  Usual-
6    10       ly,[30sel]      set[30sel]      [  0,  0;  0,  0]       C:0   ly,  these  paragraphs  are  set
7    10       apart[50sel]    white-[60sel]   [  0,  0;  0,  0]       C:0   apart vertically  by some white-
8    10       space,[60sel]   detect[60sel]   [  0,  0;  0,  0]       C:0   space,  but you can also  detect
9    10       them[40sel]     empty[50sel]    [  0,  0;  0,  0]       C:0   them by observing  the big empty
10   10       space[50sel]    para-[50sel]    [  0,  0;  0,  0]       C:0   space at the  ends  of the para-
11   10       graphs.[70sel]  graphs.[70sEl]  [  0,  0;250,  0]       C:0   graphs.
Active Paragraph Models:
Could not determine a model for this paragraph:
======================================
It  is sometimes  the case  that
flush  left   paragraphs  (those
======================================
Could not determine a model for this paragraph:
======================================
Instead,  further paragraphs are
also flush left aligned.  Usual-
======================================
# Unsmeared hypotheses.s.
#row space .. lword[widthSEL] rword[widthSEL] [lmarg,lind;rind,rmarg] model text
0    10       It[20Sel]       that[40sel]     [  0,  0;  0,  0]       S:0   It  is sometimes  the case  that
1    10       flush[50sel]    (those[60sel]   [  0,  0;  0,  0]       C:0   flush  left   paragraphs  (those
2    10       with[40sel]     not[30sel]      [  0,  0;  0,  0]       C:0   with  no  body  indent)  are not
3    10       actually[80sel] crowns.[70sEl]  [  0,  0;160,  0]       C:0   actually crowns.
4    10       Instead,[80Sel] are[30sel]      [  0,  0;  0,  0]       S:0   Instead,  further paragraphs are
5    10       also[40sel]     Usual-[60sel]   [  0,  0;  0,  0]       C:0   also flush left aligned.  Usual-
6    10       ly,[30sel]      set[30sel]      [  0,  0;  0,  0]       C:0   ly,  these  paragraphs  are  set
7    10       apart[50sel]    white-[60sel]   [  0,  0;  0,  0]       C:0   apart vertically  by some white-
8    10       space,[60sel]   detect[60sel]   [  0,  0;  0,  0]       C:0   space,  but you can also  detect
9    10       them[40sel]     empty[50sel]    [  0,  0;  0,  0]       C:0   them by observing  the big empty
10   10       space[50sel]    para-[50sel]    [  0,  0;  0,  0]       C:0   space at the  ends  of the para-
11   10       graphs.[70sel]  graphs.[70sEl]  [  0,  0;250,  0]       C:0   graphs.
Active Paragraph Models:
# End of Pass 2
#row space .. lword[widthSEL] rword[widthSEL] [lmarg,lind;rind,rmarg] model text
0    10       It[20Sel]       that[40sel]     [  0,  0;  0,  0]       S:0   It  is sometimes  the case  that
1    10       flush[50sel]    (those[60sel]   [  0,  0;  0,  0]       C:0   flush  left   paragraphs  (those
2    10       with[40sel]     not[30sel]      [  0,  0;  0,  0]       C:0   with  no  body  indent)  are not
3    10       actually[80sel] crowns.[70sEl]  [  0,  0;160,  0]       C:0   actually crowns.
4    10       Instead,[80Sel] are[30sel]      [  0,  0;  0,  0]       S:0   Instead,  further paragraphs are
5    10       also[40sel]     Usual-[60sel]   [  0,  0;  0,  0]       C:0   also flush left aligned.  Usual-
6    10       ly,[30sel]      set[30sel]      [  0,  0;  0,  0]       C:0   ly,  these  paragraphs  are  set
7    10       apart[50sel]    white-[60sel]   [  0,  0;  0,  0]       C:0   apart vertically  by some white-
8    10       space,[60sel]   detect[60sel]   [  0,  0;  0,  0]       C:0   space,  but you can also  detect
9    10       them[40sel]     empty[50sel]    [  0,  0;  0,  0]       C:0   them by observing  the big empty
10   10       space[50sel]    para-[50sel]    [  0,  0;  0,  0]       C:0   space at the  ends  of the para-
11   10       graphs.[70sel]  graphs.[70sEl]  [  0,  0;250,  0]       C:0   graphs.
Active Paragraph Models:
###############################################
##### GeometricClassify( rows[0:12) )   ####
###############################################
Geometry: TabStop cluster tolerance = 10; 1 left tabs; 3 right tabs
# End of Pass 3
#row space .. lword[widthSEL] rword[widthSEL] [lmarg,lind;rind,rmarg] model text
0    10       It[20Sel]       that[40sel]     [  0,  0;  0,  0]       S:CrL It  is sometimes  the case  that
1    10       flush[50sel]    (those[60sel]   [  0,  0;  0,  0]       C:CrL flush  left   paragraphs  (those
2    10       with[40sel]     not[30sel]      [  0,  0;  0,  0]       C:CrL with  no  body  indent)  are not
3    10       actually[80sel] crowns.[70sEl]  [  0,  0;160,  0]       C:CrL actually crowns.
4    10       Instead,[80Sel] are[30sel]      [  0,  0;  0,  0]       S:1   Instead,  further paragraphs are
5    10       also[40sel]     Usual-[60sel]   [  0,  0;  0,  0]       C:1   also flush left aligned.  Usual-
6    10       ly,[30sel]      set[30sel]      [  0,  0;  0,  0]       C:1   ly,  these  paragraphs  are  set
7    10       apart[50sel]    white-[60sel]   [  0,  0;  0,  0]       C:1   apart vertically  by some white-
8    10       space,[60sel]   detect[60sel]   [  0,  0;  0,  0]       C:1   space,  but you can also  detect
9    10       them[40sel]     empty[50sel]    [  0,  0;  0,  0]       C:1   them by observing  the big empty
10   10       space[50sel]    para-[50sel]    [  0,  0;  0,  0]       C:1   space at the  ends  of the para-
11   10       graphs.[70sel]  graphs.[70sEl]  [  0,  0;250,  0]       C:1   graphs.
Active Paragraph Models:
 1: margin: 0, first_indent: 0, body_indent: 0, alignment: LEFT
# End of Pass 4
#row space .. lword[widthSEL] rword[widthSEL] [lmarg,lind;rind,rmarg] model text
0    10       It[20Sel]       that[40sel]     [  0,  0;  0,  0]       S:CrL It  is sometimes  the case  that
1    10       flush[50sel]    (those[60sel]   [  0,  0;  0,  0]       C:CrL flush  left   paragraphs  (those
2    10       with[40sel]     not[30sel]      [  0,  0;  0,  0]       C:CrL with  no  body  indent)  are not
3    10       actually[80sel] crowns.[70sEl]  [  0,  0;160,  0]       C:CrL actually crowns.
4    10       Instead,[80Sel] are[30sel]      [  0,  0;  0,  0]       S:1   Instead,  further paragraphs are
5    10       also[40sel]     Usual-[60sel]   [  0,  0;  0,  0]       C:1   also flush left aligned.  Usual-
6    10       ly,[30sel]      set[30sel]      [  0,  0;  0,  0]       C:1   ly,  these  paragraphs  are  set
7    10       apart[50sel]    white-[60sel]   [  0,  0;  0,  0]       C:1   apart vertically  by some white-
8    10       space,[60sel]   detect[60sel]   [  0,  0;  0,  0]       C:1   space,  but you can also  detect
9    10       them[40sel]     empty[50sel]    [  0,  0;  0,  0]       C:1   them by observing  the big empty
10   10       space[50sel]    para-[50sel]    [  0,  0;  0,  0]       C:1   space at the  ends  of the para-
11   10       graphs.[70sel]  graphs.[70sEl]  [  0,  0;250,  0]       C:1   graphs.
Active Paragraph Models:
 1: margin: 0, first_indent: 0, body_indent: 0, alignment: LEFT
# Final Paragraph Segmentation
#row space .. lword[widthSEL] rword[widthSEL] [lmarg,lind;rind,rmarg] model text
0    10       It[20Sel]       that[40sel]     [  0,  0;  0,  0]       S:1   It  is sometimes  the case  that
1    10       flush[50sel]    (those[60sel]   [  0,  0;  0,  0]       C:1   flush  left   paragraphs  (those
2    10       with[40sel]     not[30sel]      [  0,  0;  0,  0]       C:1   with  no  body  indent)  are not
3    10       actually[80sel] crowns.[70sEl]  [  0,  0;160,  0]       C:1   actually crowns.
4    10       Instead,[80Sel] are[30sel]      [  0,  0;  0,  0]       S:1   Instead,  further paragraphs are
5    10       also[40sel]     Usual-[60sel]   [  0,  0;  0,  0]       C:1   also flush left aligned.  Usual-
6    10       ly,[30sel]      set[30sel]      [  0,  0;  0,  0]       C:1   ly,  these  paragraphs  are  set
7    10       apart[50sel]    white-[60sel]   [  0,  0;  0,  0]       C:1   apart vertically  by some white-
8    10       space,[60sel]   detect[60sel]   [  0,  0;  0,  0]       C:1   space,  but you can also  detect
9    10       them[40sel]     empty[50sel]    [  0,  0;  0,  0]       C:1   them by observing  the big empty
10   10       space[50sel]    para-[50sel]    [  0,  0;  0,  0]       C:1   space at the  ends  of the para-
11   10       graphs.[70sel]  graphs.[70sEl]  [  0,  0;250,  0]       C:1   graphs.
Active Paragraph Models:
 1: margin: 0, first_indent: 0, body_indent: 0, alignment: LEFT
</system-err>
		</testcase>
		<testcase name="test: [google.tesseract.libtesseract-master]/[130297]/[lstm_recode]">
			<skipped />
		</testcase>
		<testcase name="test: [google.tesseract.libtesseract-master]/[130297]/[colpartition]">
			<system-out>Running main() from gmock_main.cc
[==========] Running 4 tests from 1 test suite.
[----------] Global test environment set-up.
[----------] 4 tests from ColPartitionTest
[ RUN      ] ColPartitionTest.IsInSameColumnAsReflexive
[       OK ] ColPartitionTest.IsInSameColumnAsReflexive (1 ms)
[ RUN      ] ColPartitionTest.IsInSameColumnAsBorders
[       OK ] ColPartitionTest.IsInSameColumnAsBorders (0 ms)
[ RUN      ] ColPartitionTest.IsInSameColumnAsSuperset
[       OK ] ColPartitionTest.IsInSameColumnAsSuperset (1 ms)
[ RUN      ] ColPartitionTest.IsInSameColumnAsPartialOverlap
[       OK ] ColPartitionTest.IsInSameColumnAsPartialOverlap (0 ms)
[----------] 4 tests from ColPartitionTest (2 ms total)

[----------] Global test environment tear-down
[==========] 4 tests from 1 test suite ran. (2 ms total)
[  PASSED  ] 4 tests.
</system-out>
			<system-err></system-err>
		</testcase>
		<testcase name="test: [google.tesseract.libtesseract-master]/[130297]/[commandlineflags]">
			<system-out>Running main() from gmock_main.cc
[==========] Running 7 tests from 1 test suite.
[----------] Global test environment set-up.
[----------] 7 tests from CommandlineflagsTest
[ RUN      ] CommandlineflagsTest.RemoveFlags
[       OK ] CommandlineflagsTest.RemoveFlags (0 ms)
[ RUN      ] CommandlineflagsTest.ExitsWithErrorOnInvalidFlag
Running main() from gmock_main.cc
[       OK ] CommandlineflagsTest.ExitsWithErrorOnInvalidFlag (60 ms)
[ RUN      ] CommandlineflagsTest.ParseIntegerFlags
Running main() from gmock_main.cc
Running main() from gmock_main.cc
Running main() from gmock_main.cc
[       OK ] CommandlineflagsTest.ParseIntegerFlags (105 ms)
[ RUN      ] CommandlineflagsTest.ParseDoubleFlags
Running main() from gmock_main.cc
Running main() from gmock_main.cc
[       OK ] CommandlineflagsTest.ParseDoubleFlags (68 ms)
[ RUN      ] CommandlineflagsTest.ParseStringFlags
Running main() from gmock_main.cc
[       OK ] CommandlineflagsTest.ParseStringFlags (39 ms)
[ RUN      ] CommandlineflagsTest.ParseBoolFlags
Running main() from gmock_main.cc
[       OK ] CommandlineflagsTest.ParseBoolFlags (37 ms)
[ RUN      ] CommandlineflagsTest.ParseOldFlags
[       OK ] CommandlineflagsTest.ParseOldFlags (0 ms)
[----------] 7 tests from CommandlineflagsTest (309 ms total)

[----------] Global test environment tear-down
[==========] 7 tests from 1 test suite ran. (310 ms total)
[  PASSED  ] 7 tests.
</system-out>
			<system-err></system-err>
		</testcase>
		<testcase name="test: [google.tesseract.libtesseract-master]/[130297]/[denorm]">
			<system-out>Running main() from gmock_main.cc
[==========] Running 3 tests from 1 test suite.
[----------] Global test environment set-up.
[----------] 3 tests from DENORMTest
[ RUN      ] DENORMTest.NoRotations
[       OK ] DENORMTest.NoRotations (1 ms)
[ RUN      ] DENORMTest.WithRotations
[       OK ] DENORMTest.WithRotations (0 ms)
[ RUN      ] DENORMTest.Multiple
[       OK ] DENORMTest.Multiple (0 ms)
[----------] 3 tests from DENORMTest (2 ms total)

[----------] Global test environment tear-down
[==========] 3 tests from 1 test suite ran. (2 ms total)
[  PASSED  ] 3 tests.
</system-out>
			<system-err></system-err>
		</testcase>
		<testcase name="test: [google.tesseract.libtesseract-master]/[130297]/[equationdetect]">
			<system-out>Running main() from gmock_main.cc
[==========] Running 10 tests from 1 test suite.
[----------] Global test environment set-up.
[----------] 10 tests from EquationFinderTest
[ RUN      ] EquationFinderTest.IdentifySpecialText
[  SKIPPED ] EquationFinderTest.IdentifySpecialText (136 ms)
[ RUN      ] EquationFinderTest.EstimateTypeForUnichar
[       OK ] EquationFinderTest.EstimateTypeForUnichar (94 ms)
[ RUN      ] EquationFinderTest.IsIndented
[       OK ] EquationFinderTest.IsIndented (160 ms)
[ RUN      ] EquationFinderTest.IsNearSmallNeighbor
[       OK ] EquationFinderTest.IsNearSmallNeighbor (78 ms)
[ RUN      ] EquationFinderTest.CheckSeedBlobsCount
[       OK ] EquationFinderTest.CheckSeedBlobsCount (74 ms)
[ RUN      ] EquationFinderTest.ComputeForegroundDensity
[       OK ] EquationFinderTest.ComputeForegroundDensity (69 ms)
[ RUN      ] EquationFinderTest.CountAlignment
[       OK ] EquationFinderTest.CountAlignment (69 ms)
[ RUN      ] EquationFinderTest.ComputeCPsSuperBBox
[       OK ] EquationFinderTest.ComputeCPsSuperBBox (71 ms)
[ RUN      ] EquationFinderTest.SplitCPHorLite
[       OK ] EquationFinderTest.SplitCPHorLite (68 ms)
[ RUN      ] EquationFinderTest.SplitCPHor
[       OK ] EquationFinderTest.SplitCPHor (69 ms)
[----------] 10 tests from EquationFinderTest (889 ms total)

[----------] Global test environment tear-down
[==========] 10 tests from 1 test suite ran. (890 ms total)
[  PASSED  ] 9 tests.
[  SKIPPED ] 1 test, listed below:
[  SKIPPED ] EquationFinderTest.IdentifySpecialText
</system-out>
			<system-err>Error opening data file D:/dev/tesseract/tessdata_unittest/tessdata/equINTENTIONALLY_MISSING_FILE.traineddata
Please make sure the TESSDATA_PREFIX environment variable is set to your "tessdata" directory.
Failed loading language 'equINTENTIONALLY_MISSING_FILE'
Tesseract couldn't load any languages!
Warning: equation region detection requested, but equINTENTIONALLY_MISSING_FILE failed to load from D:/dev/tesseract/tessdata_unittest/tessdata
Error opening data file D:/dev/tesseract/tessdata_unittest/tessdata/equINTENTIONALLY_MISSING_FILE.traineddata
Please make sure the TESSDATA_PREFIX environment variable is set to your "tessdata" directory.
Failed loading language 'equINTENTIONALLY_MISSING_FILE'
Tesseract couldn't load any languages!
Warning: equation region detection requested, but equINTENTIONALLY_MISSING_FILE failed to load from D:/dev/tesseract/tessdata_unittest/tessdata
Error opening data file D:/dev/tesseract/tessdata_unittest/tessdata/equINTENTIONALLY_MISSING_FILE.traineddata
Please make sure the TESSDATA_PREFIX environment variable is set to your "tessdata" directory.
Failed loading language 'equINTENTIONALLY_MISSING_FILE'
Tesseract couldn't load any languages!
Warning: equation region detection requested, but equINTENTIONALLY_MISSING_FILE failed to load from D:/dev/tesseract/tessdata_unittest/tessdata
Error opening data file D:/dev/tesseract/tessdata_unittest/tessdata/equINTENTIONALLY_MISSING_FILE.traineddata
Please make sure the TESSDATA_PREFIX environment variable is set to your "tessdata" directory.
Failed loading language 'equINTENTIONALLY_MISSING_FILE'
Tesseract couldn't load any languages!
Warning: equation region detection requested, but equINTENTIONALLY_MISSING_FILE failed to load from D:/dev/tesseract/tessdata_unittest/tessdata
Error opening data file D:/dev/tesseract/tessdata_unittest/tessdata/equINTENTIONALLY_MISSING_FILE.traineddata
Please make sure the TESSDATA_PREFIX environment variable is set to your "tessdata" directory.
Failed loading language 'equINTENTIONALLY_MISSING_FILE'
Tesseract couldn't load any languages!
Warning: equation region detection requested, but equINTENTIONALLY_MISSING_FILE failed to load from D:/dev/tesseract/tessdata_unittest/tessdata
Error opening data file D:/dev/tesseract/tessdata_unittest/tessdata/equINTENTIONALLY_MISSING_FILE.traineddata
Please make sure the TESSDATA_PREFIX environment variable is set to your "tessdata" directory.
Failed loading language 'equINTENTIONALLY_MISSING_FILE'
Tesseract couldn't load any languages!
Warning: equation region detection requested, but equINTENTIONALLY_MISSING_FILE failed to load from D:/dev/tesseract/tessdata_unittest/tessdata
Error opening data file D:/dev/tesseract/tessdata_unittest/tessdata/equINTENTIONALLY_MISSING_FILE.traineddata
Please make sure the TESSDATA_PREFIX environment variable is set to your "tessdata" directory.
Failed loading language 'equINTENTIONALLY_MISSING_FILE'
Tesseract couldn't load any languages!
Warning: equation region detection requested, but equINTENTIONALLY_MISSING_FILE failed to load from D:/dev/tesseract/tessdata_unittest/tessdata
Error opening data file D:/dev/tesseract/tessdata_unittest/tessdata/equINTENTIONALLY_MISSING_FILE.traineddata
Please make sure the TESSDATA_PREFIX environment variable is set to your "tessdata" directory.
Failed loading language 'equINTENTIONALLY_MISSING_FILE'
Tesseract couldn't load any languages!
Warning: equation region detection requested, but equINTENTIONALLY_MISSING_FILE failed to load from D:/dev/tesseract/tessdata_unittest/tessdata
Error opening data file D:/dev/tesseract/tessdata_unittest/tessdata/equINTENTIONALLY_MISSING_FILE.traineddata
Please make sure the TESSDATA_PREFIX environment variable is set to your "tessdata" directory.
Failed loading language 'equINTENTIONALLY_MISSING_FILE'
Tesseract couldn't load any languages!
Warning: equation region detection requested, but equINTENTIONALLY_MISSING_FILE failed to load from D:/dev/tesseract/tessdata_unittest/tessdata
Error opening data file D:/dev/tesseract/tessdata_unittest/tessdata/equINTENTIONALLY_MISSING_FILE.traineddata
Please make sure the TESSDATA_PREFIX environment variable is set to your "tessdata" directory.
Failed loading language 'equINTENTIONALLY_MISSING_FILE'
Tesseract couldn't load any languages!
Warning: equation region detection requested, but equINTENTIONALLY_MISSING_FILE failed to load from D:/dev/tesseract/tessdata_unittest/tessdata
</system-err>
		</testcase>
		<testcase name="test: [google.tesseract.libtesseract-master]/[130297]/[fileio]" time="123.5">
			<system-out>Running main() from gmock_main.cc
[==========] Running 3 tests from 3 test suites.
[----------] Global test environment set-up.
[----------] 1 test from FileTest
[ RUN      ] FileTest.JoinPath
[       OK ] FileTest.JoinPath (0 ms)
[----------] 1 test from FileTest (0 ms total)

[----------] 1 test from OutputBufferTest
[ RUN      ] OutputBufferTest.WriteString
[       OK ] OutputBufferTest.WriteString (1 ms)
[----------] 1 test from OutputBufferTest (1 ms total)

[----------] 1 test from InputBufferTest
[ RUN      ] InputBufferTest.Read
[       OK ] InputBufferTest.Read (4 ms)
[----------] 1 test from InputBufferTest (4 ms total)

[----------] Global test environment tear-down
[==========] 3 tests from 3 test suites ran. (5 ms total)
[  PASSED  ] 3 tests.
</system-out>
			<system-err></system-err>
		</testcase>
		<testcase name="test: [google.tesseract.libtesseract-master]/[130297]/[shapetable]">
			<system-out>Running main() from gmock_main.cc
[==========] Running 3 tests from 2 test suites.
[----------] Global test environment set-up.
[----------] 2 tests from ShapeTest
[ RUN      ] ShapeTest.BasicTest
[       OK ] ShapeTest.BasicTest (2 ms)
[ RUN      ] ShapeTest.AddShapeTest
[       OK ] ShapeTest.AddShapeTest (0 ms)
[----------] 2 tests from ShapeTest (2 ms total)

[----------] 1 test from ShapeTableTest
[ RUN      ] ShapeTableTest.FullTest
[       OK ] ShapeTableTest.FullTest (0 ms)
[----------] 1 test from ShapeTableTest (0 ms total)

[----------] Global test environment tear-down
[==========] 3 tests from 2 test suites ran. (3 ms total)
[  PASSED  ] 3 tests.
</system-out>
			<system-err></system-err>
		</testcase>
		<testcase name="test: [google.tesseract.libtesseract-master]/[130297]/[imagedata]">
			<system-out>Running main() from gmock_main.cc
[==========] Running 2 tests from 1 test suite.
[----------] Global test environment set-up.
[----------] 2 tests from ImagedataTest
[ RUN      ] ImagedataTest.CachesProperly
[ERROR] Allowance = 2000000[ERROR] Allowance = 4000000[ERROR] Allowance = 1000000[ERROR] Allowance = 100000000[       OK ] ImagedataTest.CachesProperly (316 ms)
[ RUN      ] ImagedataTest.CachesMultiDocs
[INFO]  Page 0[INFO]  Page 1[INFO]  Page 2[INFO]  Page 3[INFO]  Page 4[INFO]  Page 5[INFO]  Page 6[INFO]  Page 7[INFO]  Page 8[INFO]  Page 9[INFO]  Page 10[INFO]  Page 11[INFO]  Page 12[INFO]  Page 13[INFO]  Page 14[INFO]  Page 15[INFO]  Page 16[INFO]  Page 17[INFO]  Page 18[INFO]  Page 19[INFO]  Page 20[INFO]  Page 21[       OK ] ImagedataTest.CachesMultiDocs (136 ms)
[----------] 2 tests from ImagedataTest (452 ms total)

[----------] Global test environment tear-down
[==========] 2 tests from 1 test suite ran. (453 ms total)
[  PASSED  ] 2 tests.
</system-out>
			<system-err>Loaded 2/12 lines (1-2) of document ./tmp/documentdata0.lstmf
Loaded 2/12 lines (3-4) of document ./tmp/documentdata0.lstmf
Loaded 2/12 lines (9-10) of document ./tmp/documentdata0.lstmf
Loaded 2/12 lines (5-6) of document ./tmp/documentdata0.lstmf
Loaded 2/12 lines (7-8) of document ./tmp/documentdata0.lstmf
Loaded 1/12 lines (12-12) of document ./tmp/documentdata0.lstmf
Loaded 2/12 lines (11-12) of document ./tmp/documentdata0.lstmf
Loaded 2/12 lines (10-11) of document ./tmp/documentdata0.lstmf
Loaded 4/12 lines (1-4) of document ./tmp/documentdata0.lstmf
Loaded 4/12 lines (9-12) of document ./tmp/documentdata0.lstmf
Loaded 4/12 lines (5-8) of document ./tmp/documentdata0.lstmf
Loaded 1/12 lines (12-12) of document ./tmp/documentdata0.lstmf
Loaded 2/12 lines (11-12) of document ./tmp/documentdata0.lstmf
Loaded 3/12 lines (10-12) of document ./tmp/documentdata0.lstmf
Loaded 1/12 lines (1-1) of document ./tmp/documentdata0.lstmf
Loaded 1/12 lines (2-2) of document ./tmp/documentdata0.lstmf
Loaded 1/12 lines (3-3) of document ./tmp/documentdata0.lstmf
Loaded 1/12 lines (4-4) of document ./tmp/documentdata0.lstmf
Loaded 1/12 lines (9-9) of document ./tmp/documentdata0.lstmf
Loaded 1/12 lines (5-5) of document ./tmp/documentdata0.lstmf
Loaded 1/12 lines (6-6) of document ./tmp/documentdata0.lstmf
Loaded 1/12 lines (7-7) of document ./tmp/documentdata0.lstmf
Loaded 1/12 lines (8-8) of document ./tmp/documentdata0.lstmf
Loaded 1/12 lines (12-12) of document ./tmp/documentdata0.lstmf
Loaded 1/12 lines (11-11) of document ./tmp/documentdata0.lstmf
Loaded 1/12 lines (10-10) of document ./tmp/documentdata0.lstmf
Loaded 12/12 lines (1-12) of document ./tmp/documentdata0.lstmf
Loaded 3/6 lines (1-3) of document ./tmp/documentdata0.lstmf
Loaded 3/5 lines (1-3) of document ./tmp/documentdata1.lstmf
Loaded 3/7 lines (1-3) of document ./tmp/documentdata2.lstmf
Loaded 6/6 lines (1-6) of document ./tmp/documentdata0.lstmf
Loaded 5/5 lines (1-5) of document ./tmp/documentdata1.lstmf
Unloaded document ./tmp/documentdata0.lstmf, saving 6291456 memory
Loaded 3/6 lines (4-6) of document ./tmp/documentdata0.lstmf
Loaded 2/5 lines (4-5) of document ./tmp/documentdata1.lstmf
Loaded 7/7 lines (1-7) of document ./tmp/documentdata2.lstmf
Loaded 3/7 lines (4-6) of document ./tmp/documentdata2.lstmf
Unloaded document ./tmp/documentdata1.lstmf, saving 5242880 memory
Loaded 3/5 lines (1-3) of document ./tmp/documentdata1.lstmf
Loaded 6/6 lines (1-6) of document ./tmp/documentdata0.lstmf
Loaded 3/6 lines (1-3) of document ./tmp/documentdata0.lstmf
Unloaded document ./tmp/documentdata2.lstmf, saving 7340032 memory
Loaded 1/7 lines (7-7) of document ./tmp/documentdata2.lstmf
Loaded 5/5 lines (1-5) of document ./tmp/documentdata1.lstmf
Loaded 3/7 lines (1-3) of document ./tmp/documentdata2.lstmf
</system-err>
		</testcase>
		<testcase name="test: [google.tesseract.libtesseract-master]/[130297]/[validate_khmer]">
			<system-out>Running main() from gmock_main.cc
[==========] Running 2 tests from 1 test suite.
[----------] Global test environment set-up.
[----------] 2 tests from ValidateKhmerTest
[ RUN      ] ValidateKhmerTest.GoodKhmerWords
[       OK ] ValidateKhmerTest.GoodKhmerWords (1 ms)
[ RUN      ] ValidateKhmerTest.BadKhmerWords
[       OK ] ValidateKhmerTest.BadKhmerWords (0 ms)
[----------] 2 tests from ValidateKhmerTest (1 ms total)

[----------] Global test environment tear-down
[==========] 2 tests from 1 test suite ran. (1 ms total)
[  PASSED  ] 2 tests.
</system-out>
			<system-err></system-err>
		</testcase>
		<testcase name="test: [google.tesseract.libtesseract-master]/[130297]/[indexmapbidi]">
			<system-out>Running main() from gmock_main.cc
[==========] Running 2 tests from 1 test suite.
[----------] Global test environment set-up.
[----------] 2 tests from IndexMapBiDiTest
[ RUN      ] IndexMapBiDiTest.Primes
[       OK ] IndexMapBiDiTest.Primes (2 ms)
[ RUN      ] IndexMapBiDiTest.ManyToOne
[       OK ] IndexMapBiDiTest.ManyToOne (0 ms)
[----------] 2 tests from IndexMapBiDiTest (2 ms total)

[----------] Global test environment tear-down
[==========] 2 tests from 1 test suite ran. (2 ms total)
[  PASSED  ] 2 tests.
</system-out>
			<system-err></system-err>
		</testcase>
		<testcase name="test: [google.tesseract.libtesseract-master]/[130297]/[tabvector]">
			<system-out>Running main() from gmock_main.cc
[==========] Running 10 tests from 1 test suite.
[----------] Global test environment set-up.
[----------] 10 tests from TabVectorTest
[ RUN      ] TabVectorTest.SetStartEndPointsMatch
[       OK ] TabVectorTest.SetStartEndPointsMatch (0 ms)
[ RUN      ] TabVectorTest.XAtY45DegreeSlopeInRangeExact
[       OK ] TabVectorTest.XAtY45DegreeSlopeInRangeExact (0 ms)
[ RUN      ] TabVectorTest.XAtYVerticalInRangeExact
[       OK ] TabVectorTest.XAtYVerticalInRangeExact (1 ms)
[ RUN      ] TabVectorTest.XAtYHorizontal
[       OK ] TabVectorTest.XAtYHorizontal (0 ms)
[ RUN      ] TabVectorTest.XAtYRoundingSimple
[       OK ] TabVectorTest.XAtYRoundingSimple (0 ms)
[ RUN      ] TabVectorTest.XAtYLargeNumbers
[       OK ] TabVectorTest.XAtYLargeNumbers (0 ms)
[ RUN      ] TabVectorTest.XAtYHorizontalInRangeExact
[       OK ] TabVectorTest.XAtYHorizontalInRangeExact (0 ms)
[ RUN      ] TabVectorTest.VOverlapInRangeSimple
[       OK ] TabVectorTest.VOverlapInRangeSimple (0 ms)
[ RUN      ] TabVectorTest.VOverlapOutOfRange
[       OK ] TabVectorTest.VOverlapOutOfRange (0 ms)
[ RUN      ] TabVectorTest.XYFlip
[       OK ] TabVectorTest.XYFlip (1 ms)
[----------] 10 tests from TabVectorTest (2 ms total)

[----------] Global test environment tear-down
[==========] 10 tests from 1 test suite ran. (2 ms total)
[  PASSED  ] 10 tests.
</system-out>
			<system-err></system-err>
		</testcase>
		<testcase name="test: [google.tesseract.libtesseract-master]/[130297]/[stridemap]">
			<system-out>Running main() from gmock_main.cc
[==========] Running 2 tests from 1 test suite.
[----------] Global test environment set-up.
[----------] 2 tests from StridemapTest
[ RUN      ] StridemapTest.Indexing
[INFO]  Skip test because of missing xla::Array2D[  SKIPPED ] StridemapTest.Indexing (0 ms)
[ RUN      ] StridemapTest.Scaling
[INFO]  Skip test because of missing xla::Array2D[  SKIPPED ] StridemapTest.Scaling (0 ms)
[----------] 2 tests from StridemapTest (0 ms total)

[----------] Global test environment tear-down
[==========] 2 tests from 1 test suite ran. (2 ms total)
[  PASSED  ] 0 tests.
[  SKIPPED ] 2 tests, listed below:
[  SKIPPED ] StridemapTest.Indexing
[  SKIPPED ] StridemapTest.Scaling
</system-out>
			<system-err></system-err>
		</testcase>
		<testcase name="test: [google.tesseract.libtesseract-master]/[130297]/[intfeaturemap]">
			<system-out>Running main() from gmock_main.cc
[==========] Running 1 test from 1 test suite.
[----------] Global test environment set-up.
[----------] 1 test from IntFeatureMapTest
[ RUN      ] IntFeatureMapTest.Exhaustive
[       OK ] IntFeatureMapTest.Exhaustive (2�402 ms)
[----------] 1 test from IntFeatureMapTest (2�402 ms total)

[----------] Global test environment tear-down
[==========] 1 test from 1 test suite ran. (2�403 ms total)
[  PASSED  ] 1 test.
</system-out>
			<system-err></system-err>
		</testcase>
		<testcase name="test: [google.tesseract.libtesseract-master]/[130297]/[matrix]">
			<system-out>Running main() from gmock_main.cc
[==========] Running 4 tests from 1 test suite.
[----------] Global test environment set-up.
[----------] 4 tests from MatrixTest
[ RUN      ] MatrixTest.RotatingTranspose_3_1
[       OK ] MatrixTest.RotatingTranspose_3_1 (1 ms)
[ RUN      ] MatrixTest.RotatingTranspose_2_0
[       OK ] MatrixTest.RotatingTranspose_2_0 (0 ms)
[ RUN      ] MatrixTest.RotatingTranspose_1_3
[       OK ] MatrixTest.RotatingTranspose_1_3 (0 ms)
[ RUN      ] MatrixTest.RotatingTranspose_0_2
[       OK ] MatrixTest.RotatingTranspose_0_2 (0 ms)
[----------] 4 tests from MatrixTest (1 ms total)

[----------] Global test environment tear-down
[==========] 4 tests from 1 test suite ran. (1 ms total)
[  PASSED  ] 4 tests.
</system-out>
			<system-err></system-err>
		</testcase>
		<testcase name="test: [google.tesseract.libtesseract-master]/[130297]/[intsimdmatrix]">
			<system-out>Running main() from gmock_main.cc
[==========] Running 3 tests from 1 test suite.
[----------] Global test environment set-up.
[----------] 3 tests from IntSimdMatrixTest
[ RUN      ] IntSimdMatrixTest.C
[       OK ] IntSimdMatrixTest.C (1�036 ms)
[ RUN      ] IntSimdMatrixTest.SSE
[  SKIPPED ] IntSimdMatrixTest.SSE (0 ms)
[ RUN      ] IntSimdMatrixTest.AVX2
[  SKIPPED ] IntSimdMatrixTest.AVX2 (0 ms)
[----------] 3 tests from IntSimdMatrixTest (1�036 ms total)

[----------] Global test environment tear-down
[==========] 3 tests from 1 test suite ran. (1�036 ms total)
[  PASSED  ] 1 test.
[  SKIPPED ] 2 tests, listed below:
[  SKIPPED ] IntSimdMatrixTest.SSE
[  SKIPPED ] IntSimdMatrixTest.AVX2
</system-out>
			<system-err>
[  INFO ] D:/dev/tesseract/unittest/intsimdmatrix_test.cc(116):: SSE unsupported! Not tested!

[  INFO ] D:/dev/tesseract/unittest/intsimdmatrix_test.cc(130):: AVX2 unsupported! Not tested!
</system-err>
		</testcase>
		<testcase name="test: [google.tesseract.libtesseract-master]/[130297]/[lang_model]">
			<system-out>Running main() from gmock_main.cc
[==========] Running 2 tests from 1 test suite.
[----------] Global test environment set-up.
[----------] 2 tests from LangModelTest
[ RUN      ] LangModelTest.AddACharacter
[INFO]  Output dir=./tmp
[INFO]  Labels1=Simple ASCII string to encode !@#$%&amp;
[INFO]  Labels2=Simple ASCII string to encode !@#$%&amp;
[INFO]  labels3=ASCII string with Rupee symbol ₹
[       OK ] LangModelTest.AddACharacter (10242 ms)
[ RUN      ] LangModelTest.AddACharacterHindi
[INFO]  Output dir=./tmp
[INFO]  Labels1=हिन्दी में एक लाइन लिखें
[INFO]  Labels2=हिन्दी में एक लाइन लिखें
[INFO]  labels3=हिंदी में रूपये का चिन्ह प्रयोग करें ₹१००.००
[       OK ] LangModelTest.AddACharacterHindi (153 ms)
[----------] 2 tests from LangModelTest (10395 ms total)

[----------] Global test environment tear-down
[==========] 2 tests from 1 test suite ran. (10396 ms total)
[  PASSED  ] 2 tests.
</system-out>
			<system-err>Config file is optional, continuing...
Failed to read data from: D:/dev/tesseract/tessdata_unittest/langdata_lstm/eng/eng.config
Null char=2
Reducing Trie to SquishedDawg
Reducing Trie to SquishedDawg
Reducing Trie to SquishedDawg
Other case É of é is not in unicharset
Config file is optional, continuing...
Failed to read data from: D:/dev/tesseract/tessdata_unittest/langdata_lstm/extended/extended.config
Null char=2
Reducing Trie to SquishedDawg
Reducing Trie to SquishedDawg
Reducing Trie to SquishedDawg
Encoding of string failed! Failure bytes: e2 82 b9
Config file is optional, continuing...
Null char=2
Reducing Trie to SquishedDawg
Reducing Trie to SquishedDawg
Reducing Trie to SquishedDawg
Config file is optional, continuing...
Failed to read data from: D:/dev/tesseract/tessdata_unittest/langdata_lstm/extendedhin/extendedhin.config
Null char=2
Reducing Trie to SquishedDawg
Reducing Trie to SquishedDawg
Reducing Trie to SquishedDawg
Encoding of string failed! Failure bytes: e2 82 b9 e0 a5 a7 e0 a5 a6 e0 a5 a6 2e e0 a5 a6 e0 a5 a6
</system-err>
		</testcase>
		<testcase name="test: [google.tesseract.libtesseract-master]/[130297]/[networkio]">
			<system-out>Running main() from gmock_main.cc
[==========] Running 4 tests from 1 test suite.
[----------] Global test environment set-up.
[----------] 4 tests from NetworkioTest
[ RUN      ] NetworkioTest.InitWithZeroFill
[INFO]  Skip test because of missing xla::Array2D[  SKIPPED ] NetworkioTest.InitWithZeroFill (1 ms)
[ RUN      ] NetworkioTest.CopyWithYReversal
[INFO]  Skip test because of missing xla::Array2D[  SKIPPED ] NetworkioTest.CopyWithYReversal (0 ms)
[ RUN      ] NetworkioTest.CopyWithXReversal
[INFO]  Skip test because of missing xla::Array2D[  SKIPPED ] NetworkioTest.CopyWithXReversal (0 ms)
[ RUN      ] NetworkioTest.CopyWithXYTranspose
[INFO]  Skip test because of missing xla::Array2D[  SKIPPED ] NetworkioTest.CopyWithXYTranspose (0 ms)
[----------] 4 tests from NetworkioTest (2 ms total)

[----------] Global test environment tear-down
[==========] 4 tests from 1 test suite ran. (2 ms total)
[  PASSED  ] 0 tests.
[  SKIPPED ] 4 tests, listed below:
[  SKIPPED ] NetworkioTest.InitWithZeroFill
[  SKIPPED ] NetworkioTest.CopyWithYReversal
[  SKIPPED ] NetworkioTest.CopyWithXReversal
[  SKIPPED ] NetworkioTest.CopyWithXYTranspose
</system-out>
			<system-err></system-err>
		</testcase>
		<testcase name="test: [google.tesseract.libtesseract-master]/[130297]/[layout]">
			<system-out>Running main() from gmock_main.cc
[==========] Running 3 tests from 1 test suite.
[----------] Global test environment set-up.
[----------] 3 tests from LayoutTest
[ RUN      ] LayoutTest.ArraySizeTest
[       OK ] LayoutTest.ArraySizeTest (0 ms)
[ RUN      ] LayoutTest.UNLV8087_054
[INFO]  No match found in block with text:


[INFO]  No match found in block with text:
/'\

[INFO]  No match found in block with text:


[INFO]  Found string dat in block 3 of type Heading Text
[INFO]  Found string Dalmatian in block 4 of type Flowing Text
[INFO]  No match found in block with text:
54’- TRAVEL&amp;LEisuRE SEPTEMBER 1993

[INFO]  Found string  in block 6 of type Pullout Image
[INFO]  Found string DAMAGED DURING in block 7 of type Caption Text
[INFO]  Found string margarine, in block 8 of type Flowing Text
[       OK ] LayoutTest.UNLV8087_054 (3849 ms)
[ RUN      ] LayoutTest.HebrewOrderingAndSkew
[       OK ] LayoutTest.HebrewOrderingAndSkew (3294 ms)
[----------] 3 tests from LayoutTest (7146 ms total)

[----------] Global test environment tear-down
[==========] 3 tests from 1 test suite ran. (7146 ms total)
[  PASSED  ] 3 tests.
</system-out>
			<system-err></system-err>
		</testcase>
		<testcase name="test: [google.tesseract.libtesseract-master]/[130297]/[ligature_table]">
			<system-out>Running main() from gmock_main.cc
[==========] Running 7 tests from 1 test suite.
[----------] Global test environment set-up.
[----------] 7 tests from LigatureTableTest
[ RUN      ] LigatureTableTest.DoesFillLigatureTables
[       OK ] LigatureTableTest.DoesFillLigatureTables (2 ms)
[ RUN      ] LigatureTableTest.DoesAddLigatures
[       OK ] LigatureTableTest.DoesAddLigatures (0 ms)
[ RUN      ] LigatureTableTest.DoesAddLigaturesWithSupportedFont
1:ﬁdelity efﬁgy ſteep
2:ﬁdelity eﬃgy ſteep
D:/dev/tesseract/unittest/ligature_table_test.cc(67): error: Expected equality of these values:
  kRenderableEngLigatureText
    Which is: "\xEF\xAC\x81" "delity ef\xEF\xAC\x81gy \xC5\xBFteep"
    As Text: "ﬁdelity efﬁgy ſteep"
  lig_table_-&gt;AddLigatures(kEngNonLigatureText, &amp;font).c_str()
    Which is: "\xEF\xAC\x81" "delity e\xEF\xAC\x83gy \xC5\xBFteep"
    As Text: "ﬁdelity eﬃgy ſteep"
[  FAILED  ] LigatureTableTest.DoesAddLigaturesWithSupportedFont (80 ms)
[ RUN      ] LigatureTableTest.DoesNotAddLigaturesWithUnsupportedFont
[       OK ] LigatureTableTest.DoesNotAddLigaturesWithUnsupportedFont (2 ms)
[ RUN      ] LigatureTableTest.DoesRemoveLigatures
[       OK ] LigatureTableTest.DoesRemoveLigatures (0 ms)
[ RUN      ] LigatureTableTest.TestCustomLigatures
[       OK ] LigatureTableTest.TestCustomLigatures (0 ms)
[ RUN      ] LigatureTableTest.TestRemovesCustomLigatures
[       OK ] LigatureTableTest.TestRemovesCustomLigatures (0 ms)
[----------] 7 tests from LigatureTableTest (84 ms total)

[----------] Global test environment tear-down
[==========] 7 tests from 1 test suite ran. (84 ms total)
[  PASSED  ] 6 tests.
[  FAILED  ] 1 test, listed below:
[  FAILED  ] LigatureTableTest.DoesAddLigaturesWithSupportedFont

 1 FAILED TEST
</system-out>
			<system-err></system-err>
			<error message="1" />
		</testcase>
		<testcase name="test: [google.tesseract.libtesseract-master]/[130297]/[linlsq]">
			<system-out>Running main() from gmock_main.cc
[==========] Running 3 tests from 1 test suite.
[----------] Global test environment set-up.
[----------] 3 tests from LLSQTest
[ RUN      ] LLSQTest.BasicLines
[       OK ] LLSQTest.BasicLines (1 ms)
[ RUN      ] LLSQTest.Vectors
[       OK ] LLSQTest.Vectors (0 ms)
[ RUN      ] LLSQTest.RmsOrthWorksAsIntended
[       OK ] LLSQTest.RmsOrthWorksAsIntended (1 ms)
[----------] 3 tests from LLSQTest (2 ms total)

[----------] Global test environment tear-down
[==========] 3 tests from 1 test suite ran. (2 ms total)
[  PASSED  ] 3 tests.
</system-out>
			<system-err></system-err>
		</testcase>
		<testcase name="test: [google.tesseract.libtesseract-master]/[130297]/[lstm]">
			<skipped />
		</testcase>
		<testcase name="test: [google.tesseract.libtesseract-master]/[130297]/[rect]">
			<system-out>Running main() from gmock_main.cc
[==========] Running 12 tests from 1 test suite.
[----------] Global test environment set-up.
[----------] 12 tests from TBOXTest
[ RUN      ] TBOXTest.OverlapInside
[       OK ] TBOXTest.OverlapInside (0 ms)
[ RUN      ] TBOXTest.OverlapBoolCorners
[       OK ] TBOXTest.OverlapBoolCorners (1 ms)
[ RUN      ] TBOXTest.OverlapFractionCorners
[       OK ] TBOXTest.OverlapFractionCorners (0 ms)
[ RUN      ] TBOXTest.OverlapBoolSides
[       OK ] TBOXTest.OverlapBoolSides (0 ms)
[ RUN      ] TBOXTest.OverlapFractionSides
[       OK ] TBOXTest.OverlapFractionSides (0 ms)
[ RUN      ] TBOXTest.OverlapBoolSpan
[       OK ] TBOXTest.OverlapBoolSpan (0 ms)
[ RUN      ] TBOXTest.OverlapFractionSpan
[       OK ] TBOXTest.OverlapFractionSpan (0 ms)
[ RUN      ] TBOXTest.OverlapOutsideTests
[       OK ] TBOXTest.OverlapOutsideTests (0 ms)
[ RUN      ] TBOXTest.OverlapXFraction
[       OK ] TBOXTest.OverlapXFraction (0 ms)
[ RUN      ] TBOXTest.OverlapYFraction
[       OK ] TBOXTest.OverlapYFraction (0 ms)
[ RUN      ] TBOXTest.OverlapXFractionZeroSize
[       OK ] TBOXTest.OverlapXFractionZeroSize (0 ms)
[ RUN      ] TBOXTest.OverlapYFractionZeroSize
[       OK ] TBOXTest.OverlapYFractionZeroSize (0 ms)
[----------] 12 tests from TBOXTest (2 ms total)

[----------] Global test environment tear-down
[==========] 12 tests from 1 test suite ran. (3 ms total)
[  PASSED  ] 12 tests.
</system-out>
			<system-err></system-err>
		</testcase>
		<testcase name="test: [google.tesseract.libtesseract-master]/[130297]/[lstmtrainer]">
			<skipped />
		</testcase>
		<testcase name="test: [google.tesseract.libtesseract-master]/[130297]/[stringrenderer]">
			<system-out>Running main() from gmock_main.cc
[==========] Running 24 tests from 3 test suites.
[----------] Global test environment set-up.
[----------] 16 tests from StringRendererTest
[ RUN      ] StringRendererTest.DoesRenderToImage
[       OK ] StringRendererTest.DoesRenderToImage (117 ms)
[ RUN      ] StringRendererTest.DoesRenderToImageWithUnderline
[       OK ] StringRendererTest.DoesRenderToImageWithUnderline (5 ms)
[ RUN      ] StringRendererTest.DoesHandleNewlineCharacters
D:/dev/tesseract/unittest/stringrenderer_test.cc(168): error: Expected equality of these values:
  7
  boxchars.size()
    Which is: 1
[  FAILED  ] StringRendererTest.DoesHandleNewlineCharacters (2 ms)
[ RUN      ] StringRendererTest.DoesRenderLigatures
D:/dev/tesseract/unittest/stringrenderer_test.cc(191): error: Value of: boxes[0]-&gt;box() != nullptr
  Actual: false
Expected: true
D:/dev/tesseract/unittest/stringrenderer_test.cc(192): error: Expected equality of these values:
  kArabicLigature
    Which is: "\xD9\x84\xD8\xA7"
    As Text: "لا"
  boxes[0]-&gt;ch().c_str()
    Which is: " "
[  FAILED  ] StringRendererTest.DoesRenderLigatures (2 ms)
[ RUN      ] StringRendererTest.ArabicBoxcharsInLTROrder
D:/dev/tesseract/unittest/stringrenderer_test.cc(220): error: Value of: boxes_str.empty()
  Actual: true
Expected: false
D:/dev/tesseract/unittest/stringrenderer_test.cc(223): error: Value of: ReadMemBoxes(0, false, boxes_str.c_str(), false, nullptr, &amp;texts, nullptr, nullptr)
  Actual: false
Expected: true
D:/dev/tesseract/unittest/stringrenderer_test.cc(230): error: Expected equality of these values:
  ltr_str
    Which is: ""
  kRevWord
    Which is: "\xD8\xB1\xD9\x83\xD9\x81\xD8\xA7\xD9\x84"
    As Text: "ركفال"
[  FAILED  ] StringRendererTest.ArabicBoxcharsInLTROrder (2 ms)
[ RUN      ] StringRendererTest.DoesOutputBoxcharsInReadingOrder
D:/dev/tesseract/unittest/stringrenderer_test.cc(255): error: Expected equality of these values:
  boxchars.size()
    Which is: 1
  strlen(kEnglishWord)
    Which is: 6
D:/dev/tesseract/unittest/stringrenderer_test.cc(265): error: Expected: (FindBoxCharXCoord(boxchars, "a")) &lt; (FindBoxCharXCoord(boxchars, "b")), actual: 2�147�483�647 vs 2�147�483�647
D:/dev/tesseract/unittest/stringrenderer_test.cc(266): error: Expected: (FindBoxCharXCoord(boxchars, "1")) &lt; (FindBoxCharXCoord(boxchars, "2")), actual: 2�147�483�647 vs 2�147�483�647
D:/dev/tesseract/unittest/stringrenderer_test.cc(267): error: Expected: (FindBoxCharXCoord(boxchars, "و")) &gt; (FindBoxCharXCoord(boxchars, "ر")), actual: 2�147�483�647 vs 2�147�483�647
[  FAILED  ] StringRendererTest.DoesOutputBoxcharsInReadingOrder (4 ms)
[ RUN      ] StringRendererTest.DoesRenderVerticalText
[       OK ] StringRendererTest.DoesRenderVerticalText (1 ms)
[ RUN      ] StringRendererTest.DoesKeepAllImageBoxes
[       OK ] StringRendererTest.DoesKeepAllImageBoxes (2 ms)
[ RUN      ] StringRendererTest.DoesClearBoxes
[       OK ] StringRendererTest.DoesClearBoxes (2 ms)
[ RUN      ] StringRendererTest.DoesLigatureTextForRendering
D:/dev/tesseract/unittest/stringrenderer_test.cc(332): error: Expected equality of these values:
  strlen(kEngNonLigatureText) - 1
    Which is: 7
  renderer_-&gt;GetBoxes().size()
    Which is: 1
D:/dev/tesseract/unittest/stringrenderer_test.cc(334): error: Expected equality of these values:
  "ﬁ"
    Which is: "\xEF\xAC\x81"
    As Text: "ﬁ"
  renderer_-&gt;GetBoxes()[0]-&gt;ch().c_str()
    Which is: " "
[  FAILED  ] StringRendererTest.DoesLigatureTextForRendering (2 ms)
[ RUN      ] StringRendererTest.DoesRetainInputLigatureForRendering
D:/dev/tesseract/unittest/stringrenderer_test.cc(345): error: Expected equality of these values:
  strlen(kEngNonLigatureText) - 1
    Which is: 7
  renderer_-&gt;GetBoxes().size()
    Which is: 1
D:/dev/tesseract/unittest/stringrenderer_test.cc(347): error: Expected equality of these values:
  "\uFB01"
    Which is: "\xEF\xAC\x81"
    As Text: "ﬁ"
  renderer_-&gt;GetBoxes()[0]-&gt;ch().c_str()
    Which is: " "
[  FAILED  ] StringRendererTest.DoesRetainInputLigatureForRendering (1 ms)
[ RUN      ] StringRendererTest.DoesStripUnrenderableWords
D:/dev/tesseract/unittest/stringrenderer_test.cc(356): error: Expected equality of these values:
  " 123  abc"
  text
    Which is: "   "
[  FAILED  ] StringRendererTest.DoesStripUnrenderableWords (0 ms)
[ RUN      ] StringRendererTest.DoesRenderWordBoxes
D:/dev/tesseract/unittest/stringrenderer_test.cc(372): error: Expected equality of these values:
  kExpectedNumBoxes
    Which is: 17
  boxchars.size()
    Which is: 1
D:/dev/tesseract/unittest/stringrenderer_test.cc(375): error: Expected equality of these values:
  words[i / 2]
    Which is: "the"
  boxchars[i]-&gt;ch()
    Which is: " "
[  FAILED  ] StringRendererTest.DoesRenderWordBoxes (1 ms)
[ RUN      ] StringRendererTest.DoesRenderWordBoxesFromMultiLineText
D:/dev/tesseract/unittest/stringrenderer_test.cc(397): error: Expected equality of these values:
  kExpectedNumBoxes
    Which is: 17
  boxchars.size()
    Which is: 1
D:/dev/tesseract/unittest/stringrenderer_test.cc(400): error: Expected equality of these values:
  words[i / 2]
    Which is: "the"
  boxchars[i]-&gt;ch()
    Which is: " "
[  FAILED  ] StringRendererTest.DoesRenderWordBoxesFromMultiLineText (2 ms)
[ RUN      ] StringRendererTest.DoesRenderAllFontsToImage
[       OK ] StringRendererTest.DoesRenderAllFontsToImage (0 ms)
[ RUN      ] StringRendererTest.DoesNotRenderWordJoiner
D:/dev/tesseract/unittest/stringrenderer_test.cc(435): error: Expected equality of these values:
  word.length()
    Which is: 14
  boxchars.size()
    Which is: 1
[  FAILED  ] StringRendererTest.DoesNotRenderWordJoiner (1 ms)
[----------] 16 tests from StringRendererTest (145 ms total)

[----------] 4 tests from ConvertBasicLatinToFullwidthLatinTest
[ RUN      ] ConvertBasicLatinToFullwidthLatinTest.DoesConvertBasicLatin
[       OK ] ConvertBasicLatinToFullwidthLatinTest.DoesConvertBasicLatin (0 ms)
[ RUN      ] ConvertBasicLatinToFullwidthLatinTest.DoesNotConvertFullwidthLatin
[       OK ] ConvertBasicLatinToFullwidthLatinTest.DoesNotConvertFullwidthLatin (0 ms)
[ RUN      ] ConvertBasicLatinToFullwidthLatinTest.DoesNotConvertNonLatin
[       OK ] ConvertBasicLatinToFullwidthLatinTest.DoesNotConvertNonLatin (0 ms)
[ RUN      ] ConvertBasicLatinToFullwidthLatinTest.DoesNotConvertSpace
[       OK ] ConvertBasicLatinToFullwidthLatinTest.DoesNotConvertSpace (0 ms)
[----------] 4 tests from ConvertBasicLatinToFullwidthLatinTest (1 ms total)

[----------] 4 tests from ConvertFullwidthLatinToBasicLatinTest
[ RUN      ] ConvertFullwidthLatinToBasicLatinTest.DoesConvertFullwidthLatin
[       OK ] ConvertFullwidthLatinToBasicLatinTest.DoesConvertFullwidthLatin (22 ms)
[ RUN      ] ConvertFullwidthLatinToBasicLatinTest.DoesNotConvertBasicLatin
[       OK ] ConvertFullwidthLatinToBasicLatinTest.DoesNotConvertBasicLatin (0 ms)
[ RUN      ] ConvertFullwidthLatinToBasicLatinTest.DoesNotConvertNonLatin
[       OK ] ConvertFullwidthLatinToBasicLatinTest.DoesNotConvertNonLatin (0 ms)
[ RUN      ] ConvertFullwidthLatinToBasicLatinTest.DoesNotConvertSpace
[       OK ] ConvertFullwidthLatinToBasicLatinTest.DoesNotConvertSpace (0 ms)
[----------] 4 tests from ConvertFullwidthLatinToBasicLatinTest (22 ms total)

[----------] Global test environment tear-down
[==========] 24 tests from 3 test suites ran. (168 ms total)
[  PASSED  ] 14 tests.
[  FAILED  ] 10 tests, listed below:
[  FAILED  ] StringRendererTest.DoesHandleNewlineCharacters
[  FAILED  ] StringRendererTest.DoesRenderLigatures
[  FAILED  ] StringRendererTest.ArabicBoxcharsInLTROrder
[  FAILED  ] StringRendererTest.DoesOutputBoxcharsInReadingOrder
[  FAILED  ] StringRendererTest.DoesLigatureTextForRendering
[  FAILED  ] StringRendererTest.DoesRetainInputLigatureForRendering
[  FAILED  ] StringRendererTest.DoesStripUnrenderableWords
[  FAILED  ] StringRendererTest.DoesRenderWordBoxes
[  FAILED  ] StringRendererTest.DoesRenderWordBoxesFromMultiLineText
[  FAILED  ] StringRendererTest.DoesNotRenderWordJoiner

10 FAILED TESTS
  YOU HAVE 1 DISABLED TEST

</system-out>
			<system-err>Fontconfig error: Cannot load default config file

** (process:29544): WARNING **: 21:29:54.101: couldn't load font "UnBatang Not-Rotated 10", falling back to "Sans Not-Rotated 10", expect ugly output.
WARNING: Dropped 72 uncovered characters

** (process:29544): WARNING **: 21:29:54.110: couldn't load font "Lohit Hindi Not-Rotated 10", falling back to "Sans Not-Rotated 10", expect ugly output.
WARNING: Dropped 102 uncovered characters

** (process:29544): WARNING **: 21:29:54.112: couldn't load font "Arab Not-Rotated 10", falling back to "Sans Not-Rotated 10", expect ugly output.
WARNING: Dropped 154 uncovered characters
WARNING: Dropped 35 uncovered characters
WARNING: Dropped 43 uncovered characters
WARNING: Dropped 43 uncovered characters
WARNING: Dropped 43 uncovered characters
WARNING: Dropped 15 uncovered characters
WARNING: Dropped 4 uncovered characters
WARNING: Dropped 66 uncovered characters
WARNING: Dropped 10 uncovered characters
WARNING: Dropped 12 uncovered characters
WARNING: Dropped 6 uncovered characters
WARNING: Dropped 35 uncovered characters
WARNING: Dropped 72 uncovered characters
WARNING: Dropped 43 uncovered characters
WARNING: Dropped 43 uncovered characters
WARNING: Dropped 43 uncovered characters
WARNING: Dropped 43 uncovered characters
WARNING: Dropped 8 uncovered characters
WARNING: Dropped 9 uncovered characters
Stripped 4 unrenderable words
WARNING: Dropped 43 uncovered characters
WARNING: Dropped 43 uncovered characters
WARNING: Could not find a font to render image title with!
Total chars = 43
WARNING: Dropped 29 uncovered characters
</system-err>
			<error message="1" />
		</testcase>
		<testcase name="test: [google.tesseract.libtesseract-master]/[130297]/[recodebeam]">
			<system-out>Running main() from gmock_main.cc
[==========] Running 6 tests from 1 test suite.
[----------] Global test environment set-up.
[----------] 6 tests from RecodeBeamTest
[ RUN      ] RecodeBeamTest.DoesChinese
[INFO]  Testing chi_tra
[INFO]  Wrote encoding to:./tmp/testenc.txt
[INFO]  Labels size = 1464 coords 1465
[INFO]  0:u_id=3=河, c=-12.8459, r=38.4696, r_sum=38.4696 @2
[INFO]  1:u_id=4=南, c=-12.9038, r=51.3612, r_sum=89.8309 @6
[INFO]  2:u_id=5=到, c=-12.9557, r=38.7561, r_sum=128.587 @9
[INFO]  3:u_id=6=會, c=-13.1525, r=64.7063, r_sum=193.293 @14
[INFO]  4:u_id=7=豈, c=-12.9264, r=63.9057, r_sum=257.199 @19
[INFO]  5:u_id=8=的, c=-12.9847, r=51.3994, r_sum=308.598 @23
[INFO]  6:u_id=9=製, c=-12.9004, r=64.3049, r_sum=372.903 @28
[INFO]  7:u_id=10=作, c=-12.8176, r=38.102, r_sum=411.005 @31
[INFO]  8:u_id=11=育, c=-12.971, r=51.1513, r_sum=462.157 @35
[INFO]  9:u_id=12=構, c=-12.8797, r=64.1228, r_sum=526.279 @40
[INFO]  10:u_id=13=思, c=-13.0833, r=38.6783, r_sum=564.958 @43
[INFO]  11:u_id=14=鑽, c=-12.9569, r=51.4323, r_sum=616.39 @47
[INFO]  12:u_id=15=W, c=-12.9949, r=25.9173, r_sum=642.307 @49
[INFO]  13:u_id=16=a, c=-12.8001, r=25.4926, r_sum=667.8 @51
[INFO]  14:u_id=17=l, c=-12.8221, r=25.6298, r_sum=693.43 @53
[INFO]  15:u_id=18=p, c=-12.9369, r=25.8519, r_sum=719.281 @55
[INFO]  16:u_id=19=e, c=-12.8258, r=25.5064, r_sum=744.788 @57
[INFO]  17:u_id=20=r, c=-12.9045, r=25.7928, r_sum=770.581 @59
[INFO]  18:u_id=21=吳, c=-12.9642, r=51.2508, r_sum=821.832 @63
[INFO]  19:u_id=22=冠, c=-12.9476, r=64.3074, r_sum=886.139 @68
[INFO]  20:u_id=23=伶, c=-13.0321, r=64.5225, r_sum=950.661 @73
[INFO]  21:u_id=24=高, c=-12.9988, r=64.0217, r_sum=1014.68 @78
[INFO]  22:u_id=25=畦, c=-12.7907, r=51.0661, r_sum=1065.75 @82
[INFO]  23:u_id=26=(, c=-12.8903, r=25.7316, r_sum=1091.48 @84
[INFO]  24:u_id=27=一, c=-13.0099, r=51.5407, r_sum=1143.02 @88
[INFO]  25:u_id=28=著, c=-13.0758, r=51.7115, r_sum=1194.73 @92
[INFO]  26:u_id=29=名, c=-13.1417, r=38.8048, r_sum=1233.54 @95
[INFO]  27:u_id=30=漏, c=-13.0801, r=64.0536, r_sum=1297.59 @100
[INFO]  28:u_id=31=稅, c=-13.0451, r=51.1561, r_sum=1348.75 @104
[INFO]  29:u_id=32=莧, c=-13.0543, r=64.5996, r_sum=1413.35 @109
[INFO]  30:u_id=33=S, c=-13.0376, r=25.9344, r_sum=1439.28 @111
[INFO]  31:u_id=34=t, c=-12.8321, r=25.6576, r_sum=1464.94 @113
[INFO]  32:u_id=35=m, c=-12.8806, r=25.7011, r_sum=1490.64 @115
[INFO]  33:u_id=36=b, c=-12.8459, r=25.6803, r_sum=1516.32 @117
[INFO]  34:u_id=37=鄂, c=-13.0007, r=64.3718, r_sum=1580.69 @122
[INFO]  35:u_id=38=溫, c=-12.9085, r=64.2714, r_sum=1644.96 @127
[INFO]  36:u_id=39=克, c=-12.835, r=38.282, r_sum=1683.25 @130
[INFO]  37:u_id=40=俳, c=-12.9853, r=64.3181, r_sum=1747.56 @135
[INFO]  38:u_id=41=句, c=-12.9695, r=51.4872, r_sum=1799.05 @139
[INFO]  39:u_id=42=沒, c=-12.9768, r=51.6241, r_sum=1850.68 @143
[INFO]  40:u_id=43=2, c=-13.0361, r=25.8721, r_sum=1876.55 @145
[INFO]  41:u_id=44=0, c=-12.9193, r=25.5872, r_sum=1902.13 @147
[INFO]  42:u_id=45=買, c=-12.9444, r=51.0945, r_sum=1953.23 @151
[INFO]  43:u_id=46=倢, c=-12.89, r=63.6753, r_sum=2016.9 @156
[INFO]  44:u_id=47=圖, c=-12.8991, r=51.3641, r_sum=2068.27 @160
[INFO]  45:u_id=48=片, c=-12.9213, r=64.1718, r_sum=2132.44 @165
[INFO]  46:u_id=49=希, c=-13.0992, r=51.4908, r_sum=2183.93 @169
[INFO]  47:u_id=50=望, c=-12.8862, r=63.9925, r_sum=2247.92 @174
[INFO]  48:u_id=51=|, c=-13.1147, r=25.9566, r_sum=2273.88 @176
[INFO]  49:u_id=52=集, c=-12.8616, r=50.9846, r_sum=2324.86 @180
[INFO]  50:u_id=53=中, c=-12.8341, r=38.1347, r_sum=2363 @183
[INFO]  51:u_id=54=僭, c=-13.1083, r=64.3688, r_sum=2427.37 @188
[INFO]  52:u_id=55=楂, c=-12.8809, r=63.7337, r_sum=2491.1 @193
[INFO]  53:u_id=56=種, c=-12.885, r=63.8413, r_sum=2554.94 @198
[INFO]  54:u_id=57=導, c=-13.0285, r=38.6623, r_sum=2593.61 @201
[INFO]  55:u_id=58=航, c=-12.8817, r=51.0454, r_sum=2644.65 @205
[INFO]  56:u_id=59=撳, c=-13.0012, r=64.2538, r_sum=2708.9 @210
[INFO]  57:u_id=60=花, c=-12.8904, r=51.4085, r_sum=2760.31 @214
[INFO]  58:u_id=61=絮, c=-12.9028, r=51.3255, r_sum=2811.64 @218
[INFO]  59:u_id=62=媲, c=-12.9304, r=64.0346, r_sum=2875.67 @223
[INFO]  60:u_id=63=美, c=-12.8908, r=63.9464, r_sum=2939.62 @228
[INFO]  61:u_id=64=酩, c=-13.0627, r=63.9954, r_sum=3003.61 @233
[INFO]  62:u_id=65=為, c=-13.0403, r=64.2975, r_sum=3067.91 @238
[INFO]  63:u_id=66=情, c=-12.9425, r=51.1378, r_sum=3119.05 @242
[INFO]  64:u_id=67=所, c=-12.8579, r=38.2616, r_sum=3157.31 @245
[INFO]  65:u_id=68=困, c=-12.9771, r=38.7161, r_sum=3196.03 @248
[INFO]  66:u_id=69=波, c=-12.8677, r=51.2766, r_sum=3247.3 @252
[INFO]  67:u_id=70=濤, c=-12.9598, r=64.5791, r_sum=3311.88 @257
[INFO]  68:u_id=71=洶, c=-12.9498, r=51.3458, r_sum=3363.23 @261
[INFO]  69:u_id=72=湧, c=-13.177, r=64.2099, r_sum=3427.44 @266
[INFO]  70:u_id=73=趙, c=-12.9566, r=64.1613, r_sum=3491.6 @271
[INFO]  71:u_id=74=騏, c=-13.0348, r=64.2673, r_sum=3555.87 @276
[INFO]  72:u_id=75=驍, c=-12.8761, r=64.1328, r_sum=3620 @281
[INFO]  73:u_id=76=), c=-12.8146, r=25.621, r_sum=3645.62 @283
[INFO]  74:u_id=77=移, c=-12.9785, r=51.536, r_sum=3697.16 @287
[INFO]  75:u_id=78=民, c=-12.9707, r=38.4614, r_sum=3735.62 @290
[INFO]  76:u_id=79=武, c=-12.9359, r=64.233, r_sum=3799.85 @295
[INFO]  77:u_id=80=俠, c=-12.978, r=64.2068, r_sum=3864.06 @300
[INFO]  78:u_id=81=懵, c=-12.9284, r=63.4339, r_sum=3927.49 @305
[INFO]  79:u_id=82=懂, c=-12.9773, r=51.3459, r_sum=3978.84 @309
[INFO]  80:u_id=83=諏, c=-13.0103, r=64.48, r_sum=4043.32 @314
[INFO]  81:u_id=84=訪, c=-12.9942, r=51.5238, r_sum=4094.84 @318
[INFO]  82:u_id=85=G, c=-12.9302, r=25.7797, r_sum=4120.62 @320
[INFO]  83:u_id=86=o, c=-12.7007, r=25.3677, r_sum=4145.99 @322
[INFO]  84:u_id=87=n, c=-13.0093, r=25.8911, r_sum=4171.88 @324
[INFO]  85:u_id=88=v, c=-12.9573, r=25.8279, r_sum=4197.71 @326
[INFO]  86:u_id=89=d, c=-12.9545, r=25.8256, r_sum=4223.53 @328
[INFO]  87:u_id=90=基, c=-12.8988, r=38.5094, r_sum=4262.04 @331
[INFO]  88:u_id=91=下, c=-12.8569, r=38.4632, r_sum=4300.51 @334
[INFO]  89:u_id=92=午, c=-12.8614, r=51.1767, r_sum=4351.68 @338
[INFO]  90:u_id=93=!, c=-12.8798, r=25.5637, r_sum=4377.25 @340
[INFO]  91:u_id=94=掌, c=-12.9189, r=64.0758, r_sum=4441.32 @345
[INFO]  92:u_id=95=摑, c=-12.9517, r=64.3969, r_sum=4505.72 @350
[INFO]  93:u_id=96=周, c=-12.8147, r=50.803, r_sum=4556.52 @354
[INFO]  94:u_id=97=傳, c=-13.0656, r=64.8261, r_sum=4621.35 @359
[INFO]  95:u_id=98=錚, c=-13.0136, r=64.0741, r_sum=4685.42 @364
[INFO]  96:u_id=99=局, c=-12.9151, r=51.1643, r_sum=4736.59 @368
[INFO]  Word:0 = 河, c=-12.8459, r=38.4696, perm=2
[INFO]  Word:1 = 南, c=-12.9038, r=51.3612, perm=2
[INFO]  Word:2 = 到, c=-12.9557, r=38.7561, perm=2
[INFO]  Word:3 = 會, c=-13.1525, r=64.7063, perm=2
[INFO]  Word:4 = 豈, c=-12.9264, r=63.9057, perm=2
[INFO]  Word:5 = 的, c=-12.9847, r=51.3994, perm=2
[INFO]  Word:6 = 製, c=-12.9004, r=64.3049, perm=2
[INFO]  Word:7 = 作, c=-12.8176, r=38.102, perm=2
[INFO]  Word:8 = 育, c=-12.971, r=51.1513, perm=2
[INFO]  Word:9 = 構, c=-12.8797, r=64.1228, perm=2
[INFO]  Word:10 = 思, c=-13.0833, r=38.6783, perm=2
[INFO]  Word:11 = 鑽, c=-12.9569, r=51.4323, perm=2
[INFO]  Word:12 = Walper, c=-12.9949, r=154.191, perm=2
[INFO]  Word:13 = 吳, c=-12.9642, r=51.2508, perm=2
[INFO]  Word:14 = 冠, c=-12.9476, r=64.3074, perm=2
[INFO]  Word:15 = 伶, c=-13.0321, r=64.5225, perm=2
[INFO]  Word:16 = 高, c=-12.9988, r=64.0217, perm=2
[INFO]  Word:17 = 畦, c=-12.7907, r=51.0661, perm=2
[INFO]  Word:18 = (, c=-12.8903, r=25.7316, perm=2
[INFO]  Word:19 = 一, c=-13.0099, r=51.5407, perm=2
[INFO]  Word:20 = 著, c=-13.0758, r=51.7115, perm=2
[INFO]  Word:21 = 名, c=-13.1417, r=38.8048, perm=2
[INFO]  Word:22 = 漏, c=-13.0801, r=64.0536, perm=2
[INFO]  Word:23 = 稅, c=-13.0451, r=51.1561, perm=2
[INFO]  Word:24 = 莧, c=-13.0543, r=64.5996, perm=2
[INFO]  Word:25 = Stmb, c=-13.0376, r=102.973, perm=2
[INFO]  Word:26 = 鄂, c=-13.0007, r=64.3718, perm=2
[INFO]  Word:27 = 溫, c=-12.9085, r=64.2714, perm=2
[INFO]  Word:28 = 克, c=-12.835, r=38.282, perm=2
[INFO]  Word:29 = 俳, c=-12.9853, r=64.3181, perm=2
[INFO]  Word:30 = 句, c=-12.9695, r=51.4872, perm=2
[INFO]  Word:31 = 沒, c=-12.9768, r=51.6241, perm=2
[INFO]  Word:32 = 20, c=-13.0361, r=51.4593, perm=2
[INFO]  Word:33 = 買, c=-12.9444, r=51.0945, perm=2
[INFO]  Word:34 = 倢, c=-12.89, r=63.6753, perm=2
[INFO]  Word:35 = 圖, c=-12.8991, r=51.3641, perm=2
[INFO]  Word:36 = 片, c=-12.9213, r=64.1718, perm=2
[INFO]  Word:37 = 希, c=-13.0992, r=51.4908, perm=2
[INFO]  Word:38 = 望, c=-12.8862, r=63.9925, perm=2
[INFO]  Word:39 = |, c=-13.1147, r=25.9566, perm=2
[INFO]  Word:40 = 集, c=-12.8616, r=50.9846, perm=2
[INFO]  Word:41 = 中, c=-12.8341, r=38.1347, perm=2
[INFO]  Word:42 = 僭, c=-13.1083, r=64.3688, perm=2
[INFO]  Word:43 = 楂, c=-12.8809, r=63.7337, perm=2
[INFO]  Word:44 = 種, c=-12.885, r=63.8413, perm=2
[INFO]  Word:45 = 導, c=-13.0285, r=38.6623, perm=2
[INFO]  Word:46 = 航, c=-12.8817, r=51.0454, perm=2
[INFO]  Word:47 = 撳, c=-13.0012, r=64.2538, perm=2
[INFO]  Word:48 = 花, c=-12.8904, r=51.4085, perm=2
[INFO]  Word:49 = 絮, c=-12.9028, r=51.3255, perm=2
[INFO]  Word:50 = 媲, c=-12.9304, r=64.0346, perm=2
[INFO]  Word:51 = 美, c=-12.8908, r=63.9464, perm=2
[INFO]  Word:52 = 酩, c=-13.0627, r=63.9954, perm=2
[INFO]  Word:53 = 為, c=-13.0403, r=64.2975, perm=2
[INFO]  Word:54 = 情, c=-12.9425, r=51.1378, perm=2
[INFO]  Word:55 = 所, c=-12.8579, r=38.2616, perm=2
[INFO]  Word:56 = 困, c=-12.9771, r=38.7161, perm=2
[INFO]  Word:57 = 波, c=-12.8677, r=51.2766, perm=2
[INFO]  Word:58 = 濤, c=-12.9598, r=64.5791, perm=2
[INFO]  Word:59 = 洶, c=-12.9498, r=51.3458, perm=2
[INFO]  Word:60 = 湧, c=-13.177, r=64.2099, perm=2
[INFO]  Word:61 = 趙, c=-12.9566, r=64.1613, perm=2
[INFO]  Word:62 = 騏, c=-13.0348, r=64.2673, perm=2
[INFO]  Word:63 = 驍, c=-12.8761, r=64.1328, perm=2
[INFO]  Word:64 = ), c=-12.8146, r=25.621, perm=2
[INFO]  Word:65 = 移, c=-12.9785, r=51.536, perm=2
[INFO]  Word:66 = 民, c=-12.9707, r=38.4614, perm=2
[INFO]  Word:67 = 武, c=-12.9359, r=64.233, perm=2
[INFO]  Word:68 = 俠, c=-12.978, r=64.2068, perm=2
[INFO]  Word:69 = 懵, c=-12.9284, r=63.4339, perm=2
[INFO]  Word:70 = 懂, c=-12.9773, r=51.3459, perm=2
[INFO]  Word:71 = 諏, c=-13.0103, r=64.48, perm=2
[INFO]  Word:72 = 訪, c=-12.9942, r=51.5238, perm=2
[INFO]  Word:73 = Gonvd, c=-13.0093, r=128.692, perm=2
[INFO]  Word:74 = 基, c=-12.8988, r=38.5094, perm=2
[INFO]  Word:75 = 下, c=-12.8569, r=38.4632, perm=2
[INFO]  Word:76 = 午, c=-12.8614, r=51.1767, perm=2
[INFO]  Word:77 = !, c=-12.8798, r=25.5637, perm=2
[INFO]  Word:78 = 掌, c=-12.9189, r=64.0758, perm=2
[INFO]  Word:79 = 摑, c=-12.9517, r=64.3969, perm=2
[INFO]  Word:80 = 周, c=-12.8147, r=50.803, perm=2
[INFO]  Word:81 = 傳, c=-13.0656, r=64.8261, perm=2
[INFO]  Word:82 = 錚, c=-13.0136, r=64.0741, perm=2
[INFO]  Word:83 = 局, c=-12.9151, r=51.1643, perm=2
[INFO]  Word:84 = ︳, c=-17.7317, r=30.5249, perm=2
[INFO]  Word:85 = 煙, c=-20.489, r=91.9259, perm=2
[INFO]  Word:86 = ﹁"iL'﹤, c=-17.8402, r=105.933, perm=2
[INFO]  Word:87 = 枯, c=-17.6698, r=35.3123, perm=2
[INFO]  Word:88 = W，ˊ﹑o︱:e『﹤gMA﹪(﹍︹ˊ.﹔﹙"A』︴﹐，, c=-30.5266, r=582.785, perm=2
[INFO]  Word:89 = 有, c=-17.5308, r=17.5308, perm=2
[INFO]  Word:90 = ˙︹※V$〞′E[﹤:︴K;﹡2:Gˇ〞︶IlzM﹣﹙r﹖1, c=-32.396, r=602.72, perm=2
[INFO]  Word:91 = 秋, c=-23.2509, r=58.4613, perm=2
[INFO]  Word:92 = ﹚n﹡〞o6~《K47Z﹍k, c=-24.6954, r=289.544, perm=2
[INFO]  Word:93 = 允, c=-17.759, r=35.289, perm=2
[INFO]  Word:94 = m﹜|\RH:, c=-19.4374, r=180.554, perm=2
[INFO]  Word:95 = ﹨{P﹗﹀]M※tp※t-QT。^︶HgY﹨?﹤﹛, c=-17.8696, r=456.975, perm=2
[INFO]  Word:96 = 販, c=-18.6077, r=53.8373, perm=2
[INFO]  Word:97 = ﹪《E﹒9A﹞"iw※2﹡′h‥Ah;k3oMm︰5v6﹚'aH，，1€˙"z(﹞K8O…w︽, c=-29.3161, r=996.575, perm=2
[INFO]  Word:98 = 上, c=-17.8498, r=17.8498, perm=2
[INFO]  Word:99 = ﹁2-j3, c=-17.7304, r=88.2091, perm=2
[INFO]  Word:100 = 上, c=-17.565, r=17.565, perm=2
[INFO]  Word:101 = ﹌。hV, c=-21.4005, r=112.239, perm=2
[INFO]  Word:102 = 上, c=-17.5405, r=17.5405, perm=2
[INFO]  Word:103 = ﹁﹥﹚/nd﹤5﹖o〝/K+﹐LY[w:x2p15﹨^1】Ig」.k﹞︹〕`wLMj1)|z`B′, c=-23.3731, r=963.909, perm=2
[INFO]  Word:104 = 有, c=-17.5724, r=17.5724, perm=2
[INFO]  Word:105 = KS˙, c=-17.8228, r=53.0515, perm=2
[INFO]  Word:106 = 糊, c=-18.9657, r=90.6402, perm=2
[INFO]  Word:107 = 0\, c=-17.5141, r=34.9917, perm=2
[INFO]  Word:108 = 馮, c=-19.9891, r=55.1135, perm=2
[INFO]  Word:109 = h﹎jHPX︽, c=-19.0874, r=141.911, perm=2
[INFO]  Word:110 = o_J﹢X》|﹂`R5\0ˊbt*, c=-17.8463, r=316.565, perm=2
[INFO]  Word:111 = -﹁2ˇ，&amp;…】﹎{1﹜, c=-22.4064, r=233.487, perm=2
[INFO]  Word:112 = 閥, c=-17.7448, r=53.0524, perm=2
[INFO]  Word:113 = ﹜﹢"hn。n, c=-17.7647, r=123.337, perm=2
[INFO]  Word:114 = ︶〕\!nW€。︶《|7O{fwp;，hjLoQp﹨_A/=FGDQ﹕n0;w︳‵˙al}ˇdey"O、【N﹂d6TˇT, c=-33.8748, r=1345.86, perm=2
[INFO]  Word:115 = 了, c=-17.6712, r=17.6712, perm=2
[INFO]  Word:116 = }」s7p/F(︶﹪I〉˙﹕【︶R﹁︳‥﹪8*﹍W”c=﹋go%﹌, c=-25.1013, r=671.841, perm=2
[INFO]  Word:117 = 怕, c=-20.8086, r=94.7065, perm=2
[INFO]  Word:118 = ﹒|﹖VW」&gt;f`"c)f-rg, c=-19.2737, r=318.595, perm=2
[INFO]  Word:119 = 媽, c=-17.8115, r=35.5214, perm=2
[INFO]  Word:120 = U, c=-17.4616, r=17.4616, perm=2
[INFO]  Word:121 = 示, c=-17.837, r=35.4062, perm=2
[INFO]  Word:122 = 〔i/﹥…』, c=-17.7714, r=105.573, perm=2
[INFO]  Word:123 = 上, c=-17.7885, r=35.3588, perm=2
[INFO]  Word:124 = 4€[P‵﹁︰, c=-21.956, r=145.426, perm=2
[INFO]  Word:125 = 有, c=-17.5285, r=17.5285, perm=2
[INFO]  Word:126 = 上, c=-17.555, r=17.555, perm=2
[INFO]  Word:127 = 〈ˉY, c=-17.6869, r=52.8593, perm=2
[INFO]  Word:128 = 有, c=-17.6767, r=17.6767, perm=2
[INFO]  Word:129 = t4=u]﹐g﹗﹋&amp;wˇL﹞﹗vb」︳dA“.MJdBˉ﹙=yX︳“﹒﹗{e, c=-25.5956, r=842.542, perm=2
[INFO]  Word:130 = 有, c=-17.8004, r=17.8004, perm=2
[INFO]  Word:131 = ﹣〒ODiork〔, c=-18.4976, r=177.465, perm=2
[INFO]  Word:132 = 人, c=-17.3509, r=17.3509, perm=2
[INFO]  Word:133 = ﹩+Fu《O》h」ˊ%﹤﹋%︰Dy-?‥s{﹨﹐D﹥H〈︿﹩dt, c=-18.5177, r=616.385, perm=2
[INFO]  Word:134 = 了, c=-17.7416, r=17.7416, perm=2
[INFO]  Word:135 = ShˇV﹨〕】s﹞﹚Hˋ0︱J﹝@x`_︴$|『}︽'﹛﹐﹕F'〔~i﹩3˙.﹍I﹌﹤E˙﹀Po|﹍﹢﹞︿﹍』@_ˋ﹖!CfG, c=-23.4035, r=1154.04, perm=2
[INFO]  Word:136 = 記, c=-19.1478, r=72.716, perm=2
[INFO]  Word:137 = ﹗%F〝t/﹒pN』x, c=-23.0792, r=296.319, perm=2
[INFO]  Word:138 = 和, c=-17.7845, r=17.7845, perm=2
[INFO]  Word:139 = ﹙O[07﹙"!o〕, c=-17.9401, r=176.294, perm=2
[INFO]  Word:140 = o﹂。%kˋ{'3R﹍RZz〈′p﹛V﹛n:﹚X}︹:﹛!c7﹕、，ˇ﹨ZG︽‥﹐】0, c=-25.4397, r=864.967, perm=2
[INFO]  Word:141 = )﹏﹀{io﹍L‥B﹥﹍〞〔C5wq$"”﹕}‥l﹕\6B$6Z$ˇ〝]『︽#O=~, c=-26.967, r=883.811, perm=2
[INFO]  Word:142 = 因, c=-17.7777, r=35.2946, perm=2
[INFO]  Word:143 = Lre_、4-﹣, c=-18.6025, r=159.127, perm=2
[INFO]  Word:144 = ), c=-17.6392, r=17.6392, perm=2
[INFO]  Word:145 = 了, c=-17.3087, r=17.3087, perm=2
[INFO]  Word:146 = ﹂﹀#﹪tGLMP﹚、︵﹤〔︿'z, c=-26.1229, r=324.998, perm=2
[INFO]  Word:147 = 和, c=-17.5598, r=17.5598, perm=2
[INFO]  Word:148 = 〞“』ˊ﹖m︱(, c=-22.8273, r=201.736, perm=2
[INFO]  Word:149 = 有, c=-17.4263, r=17.4263, perm=2
[INFO]  Word:150 = ﹩﹔e，※﹣︱=;“m~n〉, c=-17.8488, r=246.921, perm=2
[INFO]  Word:151 = ~〝a〝…﹀9〕"︿《?, c=-19.4446, r=248.499, perm=2
[INFO]  Word:152 = 虹, c=-21.2005, r=56.5508, perm=2
[INFO]  Word:153 = 〉kg!+&lt;]﹎/J^」, c=-29.1329, r=263.183, perm=2
[INFO]  Word:154 = 有, c=-17.4386, r=17.4386, perm=2
[INFO]  Word:155 = ﹍﹡‵C﹂zG﹎@Bk︵, c=-26.2993, r=279.496, perm=2
[INFO]  Word:156 = 交, c=-21.3534, r=73.9309, perm=2
[INFO]  Word:157 = ?, c=-17.7708, r=17.7708, perm=2
[INFO]  Word:158 = 上, c=-17.4633, r=17.4633, perm=2
[INFO]  Word:159 = s{`h《﹜w|﹙…HQL, c=-17.8276, r=229.024, perm=2
[INFO]  Word:160 = 伙, c=-18.0032, r=53.0897, perm=2
[INFO]  Word:161 = 『︶)]", c=-17.8911, r=105.37, perm=2
[INFO]  Word:162 = 、《@﹤︽qR※》vi﹁LZ「』u︿$Pt﹜﹁mb“S…[+7『。﹑P﹩\︴︹﹁&amp;M`N[eM@、Fu?﹗?n﹗︽﹜、C)》ucN﹍q*X﹙, c=-29.8729, r=1521.14, perm=2
[INFO]  Word:163 = 甩, c=-17.5966, r=35.1641, perm=2
[INFO]  Word:164 = g˙︰5】`Kˉ8:, c=-21.3988, r=254.395, perm=2
[INFO]  Word:165 = 和, c=-17.7469, r=17.7469, perm=2
[INFO]  Word:166 = ﹔, c=-17.6745, r=17.6745, perm=2
[INFO]  Word:167 = 好, c=-17.6568, r=35.272, perm=2
[INFO]  Word:168 = ', c=-17.5841, r=17.5841, perm=2
[INFO]  Word:169 = 了, c=-18.3292, r=35.8783, perm=2
[INFO]  Word:170 = m﹣, c=-17.6677, r=35.2315, perm=2
[INFO]  Word:171 = 胃, c=-17.5431, r=34.9655, perm=2
[INFO]  Word:172 = 上, c=-17.59, r=17.59, perm=2
[INFO]  Word:173 = 〔︵g'】&gt;I#」“VˋV，j﹀﹩, c=-27.8591, r=345.633, perm=2
[INFO]  Word:174 = 人, c=-17.6656, r=17.6656, perm=2
[INFO]  Word:175 = 販, c=-17.714, r=35.3458, perm=2
[INFO]  Word:176 = A^〔IYw﹐「^Ql`Dd\, c=-29.1341, r=336.156, perm=2
[INFO]  Word:177 = 和, c=-17.6433, r=17.6433, perm=2
[INFO]  Word:178 = -{o﹩B﹡'ˇn, c=-20.8028, r=198.426, perm=2
[INFO]  Word:179 = D+/y?Rc‥`︽~‵s\AxwH﹣~﹗【﹙\M(﹢`8/:ˉ﹋﹪﹌, c=-27.9508, r=730.619, perm=2
[INFO]  Word:180 = 有, c=-17.5243, r=17.5243, perm=2
[INFO]  Word:181 = ﹍$〉、”NYsABI︱Y︰、〉^@]:﹙︳F, c=-29.505, r=528.329, perm=2
[INFO]  Word:182 = 了, c=-17.8616, r=17.8616, perm=2
[INFO]  Word:183 = ︿﹀』〕o,?﹤q\z﹞《9_T﹡」4﹚[w〉gyh︹︰;F, c=-25.9263, r=632.747, perm=2
[INFO]  Word:184 = 覓, c=-17.7396, r=35.4445, perm=2
[INFO]  Word:185 = 07〕, c=-17.7783, r=53.007, perm=2
[INFO]  Word:186 = 肖, c=-17.7376, r=35.12, perm=2
[INFO]  Word:187 = ˉ﹍|Gˊ﹡〞︶ˉ〞k?︿﹨O﹪V﹣Gˇg﹖h*︹﹡ˉd〉~o︱Uc9Aof, c=-19.9789, r=742.157, perm=2
[INFO]  Word:188 = 和, c=-17.4502, r=17.4502, perm=2
[INFO]  Word:189 = |﹕t﹍[︰”&amp;﹏e-l︽﹐︽˙﹔s8X》﹒o/\, c=-23.9604, r=502.794, perm=2
[INFO]  Word:190 = 轎, c=-21.9954, r=117.339, perm=2
[INFO]  Word:191 = $ˋ9﹒﹍4﹗﹙mbR, c=-20.0909, r=214.258, perm=2
[INFO]  Word:192 = 人, c=-17.5571, r=17.5571, perm=2
[INFO]  Word:193 = 并, c=-21.6797, r=57.0406, perm=2
[INFO]  Word:194 = 〒﹌﹗&lt;".2〝&gt;︰﹜︱h'\g〉﹎「Rˋ./"tu︶mZ]}、E︰'L{cuS?ˇ﹍, c=-24.1515, r=897.211, perm=2
[INFO]  Word:195 = 此, c=-17.6077, r=35.2019, perm=2
[INFO]  Word:196 = &amp;》A, c=-17.7982, r=52.9398, perm=2
[INFO]  Word:197 = 具, c=-19.3046, r=72.5238, perm=2
[INFO]  Word:198 = 〒︳A”Xa, c=-31.6662, r=191.3, perm=2
[INFO]  Word:199 = 到, c=-20.8232, r=74.0772, perm=2
[INFO]  Word:200 = ~yhˇ﹙︹︵I﹡Pfjs, c=-70.4375, r=4757.14, perm=2
[INFO]  Word:0 = 河, c=-12.8459, r=38.4696, perm=2
[INFO]  Word:1 = 南, c=-12.9038, r=51.3612, perm=2
[INFO]  Word:2 = 到, c=-12.9557, r=38.7561, perm=2
[INFO]  Word:3 = 會, c=-13.1525, r=64.7063, perm=2
[INFO]  Word:4 = 豈, c=-12.9264, r=63.9057, perm=2
[INFO]  Word:5 = 的, c=-12.9847, r=51.3994, perm=2
[INFO]  Word:6 = 製, c=-12.9004, r=64.3049, perm=2
[INFO]  Word:7 = 作, c=-12.8176, r=38.102, perm=2
[INFO]  Word:8 = 育, c=-12.971, r=51.1513, perm=2
[INFO]  Word:9 = 構, c=-12.8797, r=64.1228, perm=2
[INFO]  Word:10 = 思, c=-13.0833, r=38.6783, perm=2
[INFO]  Word:11 = 鑽, c=-12.9569, r=51.4323, perm=2
[INFO]  Word:12 = Walper, c=-12.9949, r=154.191, perm=2
[INFO]  Word:13 = 吳, c=-12.9642, r=51.2508, perm=2
[INFO]  Word:14 = 冠, c=-12.9476, r=64.3074, perm=2
[INFO]  Word:15 = 伶, c=-13.0321, r=64.5225, perm=2
[INFO]  Word:16 = 高, c=-12.9988, r=64.0217, perm=2
[INFO]  Word:17 = 畦, c=-12.7907, r=51.0661, perm=2
[INFO]  Word:18 = (, c=-12.8903, r=25.7316, perm=2
[INFO]  Word:19 = 一, c=-13.0099, r=51.5407, perm=2
[INFO]  Word:20 = 著, c=-13.0758, r=51.7115, perm=2
[INFO]  Word:21 = 名, c=-13.1417, r=38.8048, perm=2
[INFO]  Word:22 = 漏, c=-13.0801, r=64.0536, perm=2
[INFO]  Word:23 = 稅, c=-13.0451, r=51.1561, perm=2
[INFO]  Word:24 = 莧, c=-13.0543, r=64.5996, perm=2
[INFO]  Word:25 = Stmb, c=-13.0376, r=102.973, perm=2
[INFO]  Word:26 = 鄂, c=-13.0007, r=64.3718, perm=2
[INFO]  Word:27 = 溫, c=-12.9085, r=64.2714, perm=2
[INFO]  Word:28 = 克, c=-12.835, r=38.282, perm=2
[INFO]  Word:29 = 俳, c=-12.9853, r=64.3181, perm=2
[INFO]  Word:30 = 句, c=-12.9695, r=51.4872, perm=2
[INFO]  Word:31 = 沒, c=-12.9768, r=51.6241, perm=2
[INFO]  Word:32 = 20, c=-13.0361, r=51.4593, perm=2
[INFO]  Word:33 = 買, c=-12.9444, r=51.0945, perm=2
[INFO]  Word:34 = 倢, c=-12.89, r=63.6753, perm=2
[INFO]  Word:35 = 圖, c=-12.8991, r=51.3641, perm=2
[INFO]  Word:36 = 片, c=-12.9213, r=64.1718, perm=2
[INFO]  Word:37 = 希, c=-13.0992, r=51.4908, perm=2
[INFO]  Word:38 = 望, c=-12.8862, r=63.9925, perm=2
[INFO]  Word:39 = |, c=-13.1147, r=25.9566, perm=2
[INFO]  Word:40 = 集, c=-12.8616, r=50.9846, perm=2
[INFO]  Word:41 = 中, c=-12.8341, r=38.1347, perm=2
[INFO]  Word:42 = 僭, c=-13.1083, r=64.3688, perm=2
[INFO]  Word:43 = 楂, c=-12.8809, r=63.7337, perm=2
[INFO]  Word:44 = 種, c=-12.885, r=63.8413, perm=2
[INFO]  Word:45 = 導, c=-13.0285, r=38.6623, perm=2
[INFO]  Word:46 = 航, c=-12.8817, r=51.0454, perm=2
[INFO]  Word:47 = 撳, c=-13.0012, r=64.2538, perm=2
[INFO]  Word:48 = 花, c=-12.8904, r=51.4085, perm=2
[INFO]  Word:49 = 絮, c=-12.9028, r=51.3255, perm=2
[INFO]  Word:50 = 媲, c=-12.9304, r=64.0346, perm=2
[INFO]  Word:51 = 美, c=-12.8908, r=63.9464, perm=2
[INFO]  Word:52 = 酩, c=-13.0627, r=63.9954, perm=2
[INFO]  Word:53 = 為, c=-13.0403, r=64.2975, perm=2
[INFO]  Word:54 = 情, c=-12.9425, r=51.1378, perm=2
[INFO]  Word:55 = 所, c=-12.8579, r=38.2616, perm=2
[INFO]  Word:56 = 困, c=-12.9771, r=38.7161, perm=2
[INFO]  Word:57 = 波, c=-12.8677, r=51.2766, perm=2
[INFO]  Word:58 = 濤, c=-12.9598, r=64.5791, perm=2
[INFO]  Word:59 = 洶, c=-12.9498, r=51.3458, perm=2
[INFO]  Word:60 = 湧, c=-13.177, r=64.2099, perm=2
[INFO]  Word:61 = 趙, c=-12.9566, r=64.1613, perm=2
[INFO]  Word:62 = 騏, c=-13.0348, r=64.2673, perm=2
[INFO]  Word:63 = 驍, c=-12.8761, r=64.1328, perm=2
[INFO]  Word:64 = ), c=-12.8146, r=25.621, perm=2
[INFO]  Word:65 = 移, c=-12.9785, r=51.536, perm=2
[INFO]  Word:66 = 民, c=-12.9707, r=38.4614, perm=2
[INFO]  Word:67 = 武, c=-12.9359, r=64.233, perm=2
[INFO]  Word:68 = 俠, c=-12.978, r=64.2068, perm=2
[INFO]  Word:69 = 懵, c=-12.9284, r=63.4339, perm=2
[INFO]  Word:70 = 懂, c=-12.9773, r=51.3459, perm=2
[INFO]  Word:71 = 諏, c=-13.0103, r=64.48, perm=2
[INFO]  Word:72 = 訪, c=-12.9942, r=51.5238, perm=2
[INFO]  Word:73 = Gonvd, c=-13.0093, r=128.692, perm=2
[INFO]  Word:74 = 基, c=-12.8988, r=38.5094, perm=2
[INFO]  Word:75 = 下, c=-12.8569, r=38.4632, perm=2
[INFO]  Word:76 = 午, c=-12.8614, r=51.1767, perm=2
[INFO]  Word:77 = !, c=-12.8798, r=25.5637, perm=2
[INFO]  Word:78 = 掌, c=-12.9189, r=64.0758, perm=2
[INFO]  Word:79 = 摑, c=-12.9517, r=64.3969, perm=2
[INFO]  Word:80 = 周, c=-12.8147, r=50.803, perm=2
[INFO]  Word:81 = 傳, c=-13.0656, r=64.8261, perm=2
[INFO]  Word:82 = 錚, c=-13.0136, r=64.0741, perm=2
[INFO]  Word:83 = 局, c=-12.9151, r=51.1643, perm=2
[INFO]  Word:84 = ︳, c=-17.7317, r=30.5249, perm=2
[INFO]  Word:85 = 煙, c=-20.489, r=91.9259, perm=2
[INFO]  Word:86 = ﹁"iL'﹤, c=-17.8402, r=105.933, perm=2
[INFO]  Word:87 = 枯, c=-17.6698, r=35.3123, perm=2
[INFO]  Word:88 = W，ˊ﹑o︱:e『﹤gMA﹪(﹍︹ˊ.﹔﹙"A』︴﹐，, c=-30.5266, r=582.785, perm=2
[INFO]  Word:89 = 有, c=-17.5308, r=17.5308, perm=2
[INFO]  Word:90 = ˙︹※V$〞′E[﹤:︴K;﹡2:Gˇ〞︶IlzM﹣﹙r﹖1, c=-32.396, r=602.72, perm=2
[INFO]  Word:91 = 秋, c=-23.2509, r=58.4613, perm=2
[INFO]  Word:92 = ﹚n﹡〞o6~《K47Z﹍k, c=-24.6954, r=289.544, perm=2
[INFO]  Word:93 = 允, c=-17.759, r=35.289, perm=2
[INFO]  Word:94 = m﹜|\RH:, c=-19.4374, r=180.554, perm=2
[INFO]  Word:95 = ﹨{P﹗﹀]M※tp※t-QT。^︶HgY﹨?﹤﹛, c=-17.8696, r=456.975, perm=2
[INFO]  Word:96 = 販, c=-18.6077, r=53.8373, perm=2
[INFO]  Word:97 = ﹪《E﹒9A﹞"iw※2﹡′h‥Ah;k3oMm︰5v6﹚'aH，，1€˙"z(﹞K8O…w︽, c=-29.3161, r=996.575, perm=2
[INFO]  Word:98 = 上, c=-17.8498, r=17.8498, perm=2
[INFO]  Word:99 = ﹁2-j3, c=-17.7304, r=88.2091, perm=2
[INFO]  Word:100 = 上, c=-17.565, r=17.565, perm=2
[INFO]  Word:101 = ﹌。hV, c=-21.4005, r=112.239, perm=2
[INFO]  Word:102 = 上, c=-17.5405, r=17.5405, perm=2
[INFO]  Word:103 = ﹁﹥﹚/nd﹤5﹖o〝/K+﹐LY[w:x2p15﹨^1】Ig」.k﹞︹〕`wLMj1)|z`B′, c=-23.3731, r=963.909, perm=2
[INFO]  Word:104 = 有, c=-17.5724, r=17.5724, perm=2
[INFO]  Word:105 = KS˙, c=-17.8228, r=53.0515, perm=2
[INFO]  Word:106 = 糊, c=-18.9657, r=90.6402, perm=2
[INFO]  Word:107 = 0\, c=-17.5141, r=34.9917, perm=2
[INFO]  Word:108 = 馮, c=-19.9891, r=55.1135, perm=2
[INFO]  Word:109 = h﹎jHPX︽, c=-19.0874, r=141.911, perm=2
[INFO]  Word:110 = o_J﹢X》|﹂`R5\0ˊbt*, c=-17.8463, r=316.565, perm=2
[INFO]  Word:111 = -﹁2ˇ，&amp;…】﹎{1﹜, c=-22.4064, r=233.487, perm=2
[INFO]  Word:112 = 閥, c=-17.7448, r=53.0524, perm=2
[INFO]  Word:113 = ﹜﹢"hn。n, c=-17.7647, r=123.337, perm=2
[INFO]  Word:114 = ︶〕\!nW€。︶《|7O{fwp;，hjLoQp﹨_A/=FGDQ﹕n0;w︳‵˙al}ˇdey"O、【N﹂d6TˇT, c=-33.8748, r=1345.86, perm=2
[INFO]  Word:115 = 了, c=-17.6712, r=17.6712, perm=2
[INFO]  Word:116 = }」s7p/F(︶﹪I〉˙﹕【︶R﹁︳‥﹪8*﹍W”c=﹋go%﹌, c=-25.1013, r=671.841, perm=2
[INFO]  Word:117 = 怕, c=-20.8086, r=94.7065, perm=2
[INFO]  Word:118 = ﹒|﹖VW」&gt;f`"c)f-rg, c=-19.2737, r=318.595, perm=2
[INFO]  Word:119 = 媽, c=-17.8115, r=35.5214, perm=2
[INFO]  Word:120 = U, c=-17.4616, r=17.4616, perm=2
[INFO]  Word:121 = 示, c=-17.837, r=35.4062, perm=2
[INFO]  Word:122 = 〔i/﹥…』, c=-17.7714, r=105.573, perm=2
[INFO]  Word:123 = 上, c=-17.7885, r=35.3588, perm=2
[INFO]  Word:124 = 4€[P‵﹁︰, c=-21.956, r=145.426, perm=2
[INFO]  Word:125 = 有, c=-17.5285, r=17.5285, perm=2
[INFO]  Word:126 = 上, c=-17.555, r=17.555, perm=2
[INFO]  Word:127 = 〈ˉY, c=-17.6869, r=52.8593, perm=2
[INFO]  Word:128 = 有, c=-17.6767, r=17.6767, perm=2
[INFO]  Word:129 = t4=u]﹐g﹗﹋&amp;wˇL﹞﹗vb」︳dA“.MJdBˉ﹙=yX︳“﹒﹗{e, c=-25.5956, r=842.542, perm=2
[INFO]  Word:130 = 有, c=-17.8004, r=17.8004, perm=2
[INFO]  Word:131 = ﹣〒ODiork〔, c=-18.4976, r=177.465, perm=2
[INFO]  Word:132 = 人, c=-17.3509, r=17.3509, perm=2
[INFO]  Word:133 = ﹩+Fu《O》h」ˊ%﹤﹋%︰Dy-?‥s{﹨﹐D﹥H〈︿﹩dt, c=-18.5177, r=616.385, perm=2
[INFO]  Word:134 = 了, c=-17.7416, r=17.7416, perm=2
[INFO]  Word:135 = ShˇV﹨〕】s﹞﹚Hˋ0︱J﹝@x`_︴$|『}︽'﹛﹐﹕F'〔~i﹩3˙.﹍I﹌﹤E˙﹀Po|﹍﹢﹞︿﹍』@_ˋ﹖!CfG, c=-23.4035, r=1154.04, perm=2
[INFO]  Word:136 = 記, c=-19.1478, r=72.716, perm=2
[INFO]  Word:137 = ﹗%F〝t/﹒pN』x, c=-23.0792, r=296.319, perm=2
[INFO]  Word:138 = 和, c=-17.7845, r=17.7845, perm=2
[INFO]  Word:139 = ﹙O[07﹙"!o〕, c=-17.9401, r=176.294, perm=2
[INFO]  Word:140 = o﹂。%kˋ{'3R﹍RZz〈′p﹛V﹛n:﹚X}︹:﹛!c7﹕、，ˇ﹨ZG︽‥﹐】0, c=-25.4397, r=864.967, perm=2
[INFO]  Word:141 = )﹏﹀{io﹍L‥B﹥﹍〞〔C5wq$"”﹕}‥l﹕\6B$6Z$ˇ〝]『︽#O=~, c=-26.967, r=883.811, perm=2
[INFO]  Word:142 = 因, c=-17.7777, r=35.2946, perm=2
[INFO]  Word:143 = Lre_、4-﹣, c=-18.6025, r=159.127, perm=2
[INFO]  Word:144 = ), c=-17.6392, r=17.6392, perm=2
[INFO]  Word:145 = 了, c=-17.3087, r=17.3087, perm=2
[INFO]  Word:146 = ﹂﹀#﹪tGLMP﹚、︵﹤〔︿'z, c=-26.1229, r=324.998, perm=2
[INFO]  Word:147 = 和, c=-17.5598, r=17.5598, perm=2
[INFO]  Word:148 = 〞“』ˊ﹖m︱(, c=-22.8273, r=201.736, perm=2
[INFO]  Word:149 = 有, c=-17.4263, r=17.4263, perm=2
[INFO]  Word:150 = ﹩﹔e，※﹣︱=;“m~n〉, c=-17.8488, r=246.921, perm=2
[INFO]  Word:151 = ~〝a〝…﹀9〕"︿《?, c=-19.4446, r=248.499, perm=2
[INFO]  Word:152 = 虹, c=-21.2005, r=56.5508, perm=2
[INFO]  Word:153 = 〉kg!+&lt;]﹎/J^」, c=-29.1329, r=263.183, perm=2
[INFO]  Word:154 = 有, c=-17.4386, r=17.4386, perm=2
[INFO]  Word:155 = ﹍﹡‵C﹂zG﹎@Bk︵, c=-26.2993, r=279.496, perm=2
[INFO]  Word:156 = 交, c=-21.3534, r=73.9309, perm=2
[INFO]  Word:157 = ?, c=-17.7708, r=17.7708, perm=2
[INFO]  Word:158 = 上, c=-17.4633, r=17.4633, perm=2
[INFO]  Word:159 = s{`h《﹜w|﹙…HQL, c=-17.8276, r=229.024, perm=2
[INFO]  Word:160 = 伙, c=-18.0032, r=53.0897, perm=2
[INFO]  Word:161 = 『︶)]", c=-17.8911, r=105.37, perm=2
[INFO]  Word:162 = 、《@﹤︽qR※》vi﹁LZ「』u︿$Pt﹜﹁mb“S…[+7『。﹑P﹩\︴︹﹁&amp;M`N[eM@、Fu?﹗?n﹗︽﹜、C)》ucN﹍q*X﹙, c=-29.8729, r=1521.14, perm=2
[INFO]  Word:163 = 甩, c=-17.5966, r=35.1641, perm=2
[INFO]  Word:164 = g˙︰5】`Kˉ8:, c=-21.3988, r=254.395, perm=2
[INFO]  Word:165 = 和, c=-17.7469, r=17.7469, perm=2
[INFO]  Word:166 = ﹔, c=-17.6745, r=17.6745, perm=2
[INFO]  Word:167 = 好, c=-17.6568, r=35.272, perm=2
[INFO]  Word:168 = ', c=-17.5841, r=17.5841, perm=2
[INFO]  Word:169 = 了, c=-18.3292, r=35.8783, perm=2
[INFO]  Word:170 = m﹣, c=-17.6677, r=35.2315, perm=2
[INFO]  Word:171 = 胃, c=-17.5431, r=34.9655, perm=2
[INFO]  Word:172 = 上, c=-17.59, r=17.59, perm=2
[INFO]  Word:173 = 〔︵g'】&gt;I#」“VˋV，j﹀﹩, c=-27.8591, r=345.633, perm=2
[INFO]  Word:174 = 人, c=-17.6656, r=17.6656, perm=2
[INFO]  Word:175 = 販, c=-17.714, r=35.3458, perm=2
[INFO]  Word:176 = A^〔IYw﹐「^Ql`Dd\, c=-29.1341, r=336.156, perm=2
[INFO]  Word:177 = 和, c=-17.6433, r=17.6433, perm=2
[INFO]  Word:178 = -{o﹩B﹡'ˇn, c=-20.8028, r=198.426, perm=2
[INFO]  Word:179 = D+/y?Rc‥`︽~‵s\AxwH﹣~﹗【﹙\M(﹢`8/:ˉ﹋﹪﹌, c=-27.9508, r=730.619, perm=2
[INFO]  Word:180 = 有, c=-17.5243, r=17.5243, perm=2
[INFO]  Word:181 = ﹍$〉、”NYsABI︱Y︰、〉^@]:﹙︳F, c=-29.505, r=528.329, perm=2
[INFO]  Word:182 = 了, c=-17.8616, r=17.8616, perm=2
[INFO]  Word:183 = ︿﹀』〕o,?﹤q\z﹞《9_T﹡」4﹚[w〉gyh︹︰;F, c=-25.9263, r=632.747, perm=2
[INFO]  Word:184 = 覓, c=-17.7396, r=35.4445, perm=2
[INFO]  Word:185 = 07〕, c=-17.7783, r=53.007, perm=2
[INFO]  Word:186 = 肖, c=-17.7376, r=35.12, perm=2
[INFO]  Word:187 = ˉ﹍|Gˊ﹡〞︶ˉ〞k?︿﹨O﹪V﹣Gˇg﹖h*︹﹡ˉd〉~o︱Uc9Aof, c=-19.9789, r=742.157, perm=2
[INFO]  Word:188 = 和, c=-17.4502, r=17.4502, perm=2
[INFO]  Word:189 = |﹕t﹍[︰”&amp;﹏e-l︽﹐︽˙﹔s8X》﹒o/\, c=-23.9604, r=502.794, perm=2
[INFO]  Word:190 = 轎, c=-21.9954, r=117.339, perm=2
[INFO]  Word:191 = $ˋ9﹒﹍4﹗﹙mbR, c=-20.0909, r=214.258, perm=2
[INFO]  Word:192 = 人, c=-17.5571, r=17.5571, perm=2
[INFO]  Word:193 = 并, c=-21.6797, r=57.0406, perm=2
[INFO]  Word:194 = 〒﹌﹗&lt;".2〝&gt;︰﹜︱h'\g〉﹎「Rˋ./"tu︶mZ]}、E︰'L{cuS?ˇ﹍, c=-24.1515, r=897.211, perm=2
[INFO]  Word:195 = 此, c=-17.6077, r=35.2019, perm=2
[INFO]  Word:196 = &amp;》A, c=-17.7982, r=52.9398, perm=2
[INFO]  Word:197 = 具, c=-19.3046, r=72.5238, perm=2
[INFO]  Word:198 = 〒︳A”Xa, c=-31.6662, r=191.3, perm=2
[INFO]  Word:199 = 到, c=-20.8232, r=74.0772, perm=2
[INFO]  Word:200 = ~yhˇ﹙︹︵I﹡Pfjs, c=-70.4375, r=4757.14, perm=2
[INFO]  Testing chi_sim
[INFO]  Wrote encoding to:./tmp/testenc.txt
[INFO]  Labels size = 1408 coords 1409
[INFO]  0:u_id=3=第, c=-12.3348, r=36.7348, r_sum=36.7348 @2
[INFO]  1:u_id=4=朱, c=-12.3657, r=36.7103, r_sum=73.4451 @5
[INFO]  2:u_id=5=广, c=-12.3407, r=49.187, r_sum=122.632 @9
[INFO]  3:u_id=6=沪, c=-12.422, r=49.0251, r_sum=171.657 @13
[INFO]  4:u_id=7==, c=-12.6234, r=24.9143, r_sum=196.572 @15
[INFO]  5:u_id=8=3, c=-12.397, r=24.7693, r_sum=221.341 @17
[INFO]  6:u_id=9=2, c=-12.4445, r=24.6758, r_sum=246.017 @19
[INFO]  7:u_id=10=联, c=-12.2597, r=48.5363, r_sum=294.553 @23
[INFO]  8:u_id=11=", c=-12.4412, r=24.7014, r_sum=319.254 @25
[INFO]  9:u_id=12=自, c=-12.4894, r=48.8447, r_sum=368.099 @29
[INFO]  10:u_id=13=治, c=-12.3501, r=49.0936, r_sum=417.193 @33
[INFO]  11:u_id=14=县, c=-12.2918, r=48.5728, r_sum=465.765 @37
[INFO]  12:u_id=15=驼, c=-12.3175, r=48.653, r_sum=514.418 @41
[INFO]  13:u_id=16=P, c=-12.2912, r=24.5336, r_sum=538.952 @43
[INFO]  14:u_id=17=r, c=-12.3411, r=24.5272, r_sum=563.479 @45
[INFO]  15:u_id=18=i, c=-12.2471, r=24.4763, r_sum=587.955 @47
[INFO]  16:u_id=19=m, c=-12.4521, r=24.6777, r_sum=612.633 @49
[INFO]  17:u_id=20=a, c=-12.3176, r=24.468, r_sum=637.101 @51
[INFO]  18:u_id=21=y, c=-12.2314, r=24.4236, r_sum=661.525 @53
[INFO]  19:u_id=22=身, c=-12.4781, r=49.2707, r_sum=710.795 @57
[INFO]  20:u_id=23=进, c=-12.3429, r=48.8424, r_sum=759.638 @61
[INFO]  21:u_id=24=行, c=-12.3992, r=61.3585, r_sum=820.996 @66
[INFO]  22:u_id=25=0, c=-12.2402, r=24.3494, r_sum=845.346 @68
[INFO]  23:u_id=26=纳, c=-12.3827, r=49.1055, r_sum=894.451 @72
[INFO]  24:u_id=27=税, c=-12.3925, r=48.9989, r_sum=943.45 @76
[INFO]  25:u_id=28=防, c=-12.3702, r=48.9314, r_sum=992.382 @80
[INFO]  26:u_id=29=火, c=-12.3651, r=49.14, r_sum=1041.52 @84
[INFO]  27:u_id=30=墙, c=-12.4659, r=61.6353, r_sum=1103.16 @89
[INFO]  28:u_id=31=掏, c=-12.424, r=48.7116, r_sum=1151.87 @93
[INFO]  29:u_id=32=心, c=-12.3064, r=60.7659, r_sum=1212.63 @98
[INFO]  30:u_id=33=内, c=-12.3438, r=37.0068, r_sum=1249.64 @101
[INFO]  31:u_id=34=容, c=-12.3827, r=49.1202, r_sum=1298.76 @105
[INFO]  32:u_id=35=万, c=-12.5343, r=49.4294, r_sum=1348.19 @109
[INFO]  33:u_id=36=警, c=-12.6033, r=61.4057, r_sum=1409.6 @114
[INFO]  34:u_id=37=钟, c=-12.5554, r=61.2749, r_sum=1470.87 @119
[INFO]  35:u_id=38=上, c=-12.3582, r=24.6879, r_sum=1495.56 @121
[INFO]  36:u_id=39=6, c=-12.2273, r=24.1843, r_sum=1519.74 @123
[INFO]  37:u_id=40=了, c=-12.2977, r=24.4361, r_sum=1544.18 @125
[INFO]  38:u_id=41=解, c=-12.4906, r=61.5508, r_sum=1605.73 @130
[INFO]  39:u_id=42=酝, c=-12.3567, r=49.2792, r_sum=1655.01 @134
[INFO]  40:u_id=43=投, c=-12.2761, r=49.0147, r_sum=1704.02 @138
[INFO]  41:u_id=44=资, c=-12.3685, r=61.3474, r_sum=1765.37 @143
[INFO]  42:u_id=45=各, c=-12.3432, r=36.7929, r_sum=1802.16 @146
[INFO]  43:u_id=46=|, c=-12.5074, r=24.4975, r_sum=1826.66 @148
[INFO]  44:u_id=47=L, c=-12.3877, r=24.6845, r_sum=1851.35 @150
[INFO]  45:u_id=48=O, c=-12.2491, r=24.4813, r_sum=1875.83 @152
[INFO]  46:u_id=49=W, c=-12.1903, r=24.3346, r_sum=1900.16 @154
[INFO]  47:u_id=50=砒, c=-12.4646, r=49.1312, r_sum=1949.29 @158
[INFO]  48:u_id=51=晏, c=-12.2967, r=61.1322, r_sum=2010.43 @163
[INFO]  49:u_id=52=维, c=-12.5128, r=49.3234, r_sum=2059.75 @167
[INFO]  50:u_id=53=龙, c=-12.3668, r=49.0876, r_sum=2108.84 @171
[INFO]  51:u_id=54=三, c=-12.4587, r=49.2244, r_sum=2158.06 @175
[INFO]  52:u_id=55=收, c=-12.3171, r=48.9112, r_sum=2206.97 @179
[INFO]  53:u_id=56=藏, c=-12.2631, r=60.5144, r_sum=2267.49 @184
[INFO]  54:u_id=57=博, c=-12.2795, r=48.7796, r_sum=2316.27 @188
[INFO]  55:u_id=58=客, c=-12.3761, r=49.105, r_sum=2365.37 @192
[INFO]  56:u_id=59=陈, c=-12.311, r=48.9552, r_sum=2414.33 @196
[INFO]  57:u_id=60=松, c=-12.2589, r=48.8521, r_sum=2463.18 @200
[INFO]  58:u_id=61=伶, c=-12.5209, r=61.6156, r_sum=2524.79 @205
[INFO]  59:u_id=62=组, c=-12.5115, r=49.1597, r_sum=2573.95 @209
[INFO]  60:u_id=63=织, c=-12.2492, r=48.756, r_sum=2622.71 @213
[INFO]  61:u_id=64=请, c=-12.2274, r=48.2394, r_sum=2670.95 @217
[INFO]  62:u_id=65=皂, c=-12.2773, r=48.8179, r_sum=2719.77 @221
[INFO]  63:u_id=66=甙, c=-12.5435, r=72.7769, r_sum=2792.54 @226
[INFO]  64:u_id=67=摊, c=-12.3543, r=36.4711, r_sum=2829.02 @230
[INFO]  65:u_id=68=牌, c=-12.3374, r=60.7736, r_sum=2889.79 @235
[INFO]  66:u_id=69=代, c=-12.419, r=36.9253, r_sum=2926.71 @238
[INFO]  67:u_id=70=替, c=-12.2795, r=48.8788, r_sum=2975.59 @242
[INFO]  68:u_id=71=盲, c=-12.4744, r=61.3894, r_sum=3036.98 @247
[INFO]  69:u_id=72=%, c=-12.2575, r=24.4763, r_sum=3061.46 @249
[INFO]  70:u_id=73=李, c=-12.282, r=36.4988, r_sum=3097.96 @252
[INFO]  71:u_id=74=洵, c=-12.3914, r=61.3935, r_sum=3159.35 @257
[INFO]  72:u_id=75=桦, c=-12.2649, r=60.9807, r_sum=3220.33 @262
[INFO]  73:u_id=76=你, c=-12.3526, r=48.9313, r_sum=3269.26 @266
[INFO]  74:u_id=77=林, c=-12.3728, r=36.4248, r_sum=3305.69 @269
[INFO]  75:u_id=78=美, c=-12.292, r=61.0793, r_sum=3366.77 @274
[INFO]  76:u_id=79=贞, c=-12.349, r=36.6032, r_sum=3403.37 @277
[INFO]  77:u_id=80=粳, c=-12.432, r=49.0302, r_sum=3452.4 @281
[INFO]  78:u_id=81=米, c=-12.396, r=49.2594, r_sum=3501.66 @285
[INFO]  79:u_id=82=面, c=-12.343, r=60.7231, r_sum=3562.38 @290
[INFO]  80:u_id=83=具, c=-12.4022, r=36.7977, r_sum=3599.18 @293
[INFO]  81:u_id=84=章, c=-12.3722, r=48.9165, r_sum=3648.1 @297
[INFO]  82:u_id=85=n, c=-12.2776, r=24.4606, r_sum=3672.56 @299
[INFO]  83:u_id=86=X, c=-12.3721, r=24.7039, r_sum=3697.26 @301
[INFO]  84:u_id=87=王, c=-12.5553, r=49.1967, r_sum=3746.46 @305
[INFO]  85:u_id=88=嗒, c=-12.4279, r=61.4779, r_sum=3807.94 @310
[INFO]  86:u_id=89=创, c=-12.5691, r=49.1085, r_sum=3857.05 @314
[INFO]  87:u_id=90=新, c=-12.3827, r=48.9231, r_sum=3905.97 @318
[INFO]  88:u_id=91=意, c=-12.3429, r=48.6623, r_sum=3954.63 @322
[INFO]  89:u_id=92=大, c=-12.4775, r=37.0603, r_sum=3991.69 @325
[INFO]  90:u_id=93=利, c=-12.3182, r=48.8214, r_sum=4040.51 @329
[INFO]  91:u_id=94=气, c=-12.2908, r=49.055, r_sum=4089.57 @333
[INFO]  92:u_id=95=愤, c=-12.412, r=48.8597, r_sum=4138.43 @337
[INFO]  93:u_id=96=于, c=-12.3268, r=36.7203, r_sum=4175.15 @340
[INFO]  94:u_id=97=苴, c=-12.4429, r=61.3029, r_sum=4236.45 @345
[INFO]  95:u_id=98=近, c=-12.3988, r=36.8509, r_sum=4273.3 @348
[INFO]  96:u_id=99=视, c=-12.3401, r=49.1218, r_sum=4322.42 @352
[INFO]  Word:0 = 第, c=-12.3348, r=36.7348, perm=2
[INFO]  Word:1 = 朱, c=-12.3657, r=36.7103, perm=2
[INFO]  Word:2 = 广, c=-12.3407, r=49.187, perm=2
[INFO]  Word:3 = 沪, c=-12.422, r=49.0251, perm=2
[INFO]  Word:4 = =32, c=-12.6234, r=74.3595, perm=2
[INFO]  Word:5 = 联, c=-12.2597, r=48.5363, perm=2
[INFO]  Word:6 = ", c=-12.4412, r=24.7014, perm=2
[INFO]  Word:7 = 自, c=-12.4894, r=48.8447, perm=2
[INFO]  Word:8 = 治, c=-12.3501, r=49.0936, perm=2
[INFO]  Word:9 = 县, c=-12.2918, r=48.5728, perm=2
[INFO]  Word:10 = 驼, c=-12.3175, r=48.653, perm=2
[INFO]  Word:11 = Primay, c=-12.4521, r=147.106, perm=2
[INFO]  Word:12 = 身, c=-12.4781, r=49.2707, perm=2
[INFO]  Word:13 = 进, c=-12.3429, r=48.8424, perm=2
[INFO]  Word:14 = 行, c=-12.3992, r=61.3585, perm=2
[INFO]  Word:15 = 0, c=-12.2402, r=24.3494, perm=2
[INFO]  Word:16 = 纳, c=-12.3827, r=49.1055, perm=2
[INFO]  Word:17 = 税, c=-12.3925, r=48.9989, perm=2
[INFO]  Word:18 = 防, c=-12.3702, r=48.9314, perm=2
[INFO]  Word:19 = 火, c=-12.3651, r=49.14, perm=2
[INFO]  Word:20 = 墙, c=-12.4659, r=61.6353, perm=2
[INFO]  Word:21 = 掏, c=-12.424, r=48.7116, perm=2
[INFO]  Word:22 = 心, c=-12.3064, r=60.7659, perm=2
[INFO]  Word:23 = 内, c=-12.3438, r=37.0068, perm=2
[INFO]  Word:24 = 容, c=-12.3827, r=49.1202, perm=2
[INFO]  Word:25 = 万, c=-12.5343, r=49.4294, perm=2
[INFO]  Word:26 = 警, c=-12.6033, r=61.4057, perm=2
[INFO]  Word:27 = 钟, c=-12.5554, r=61.2749, perm=2
[INFO]  Word:28 = 上, c=-12.3582, r=24.6879, perm=2
[INFO]  Word:29 = 6, c=-12.2273, r=24.1843, perm=2
[INFO]  Word:30 = 了, c=-12.2977, r=24.4361, perm=2
[INFO]  Word:31 = 解, c=-12.4906, r=61.5508, perm=2
[INFO]  Word:32 = 酝, c=-12.3567, r=49.2792, perm=2
[INFO]  Word:33 = 投, c=-12.2761, r=49.0147, perm=2
[INFO]  Word:34 = 资, c=-12.3685, r=61.3474, perm=2
[INFO]  Word:35 = 各, c=-12.3432, r=36.7929, perm=2
[INFO]  Word:36 = |LOW, c=-12.5074, r=97.9979, perm=2
[INFO]  Word:37 = 砒, c=-12.4646, r=49.1312, perm=2
[INFO]  Word:38 = 晏, c=-12.2967, r=61.1322, perm=2
[INFO]  Word:39 = 维, c=-12.5128, r=49.3234, perm=2
[INFO]  Word:40 = 龙, c=-12.3668, r=49.0876, perm=2
[INFO]  Word:41 = 三, c=-12.4587, r=49.2244, perm=2
[INFO]  Word:42 = 收, c=-12.3171, r=48.9112, perm=2
[INFO]  Word:43 = 藏, c=-12.2631, r=60.5144, perm=2
[INFO]  Word:44 = 博, c=-12.2795, r=48.7796, perm=2
[INFO]  Word:45 = 客, c=-12.3761, r=49.105, perm=2
[INFO]  Word:46 = 陈, c=-12.311, r=48.9552, perm=2
[INFO]  Word:47 = 松, c=-12.2589, r=48.8521, perm=2
[INFO]  Word:48 = 伶, c=-12.5209, r=61.6156, perm=2
[INFO]  Word:49 = 组, c=-12.5115, r=49.1597, perm=2
[INFO]  Word:50 = 织, c=-12.2492, r=48.756, perm=2
[INFO]  Word:51 = 请, c=-12.2274, r=48.2394, perm=2
[INFO]  Word:52 = 皂, c=-12.2773, r=48.8179, perm=2
[INFO]  Word:53 = 甙, c=-12.5435, r=72.7769, perm=2
[INFO]  Word:54 = 摊, c=-12.3543, r=36.4711, perm=2
[INFO]  Word:55 = 牌, c=-12.3374, r=60.7736, perm=2
[INFO]  Word:56 = 代, c=-12.419, r=36.9253, perm=2
[INFO]  Word:57 = 替, c=-12.2795, r=48.8788, perm=2
[INFO]  Word:58 = 盲, c=-12.4744, r=61.3894, perm=2
[INFO]  Word:59 = %, c=-12.2575, r=24.4763, perm=2
[INFO]  Word:60 = 李, c=-12.282, r=36.4988, perm=2
[INFO]  Word:61 = 洵, c=-12.3914, r=61.3935, perm=2
[INFO]  Word:62 = 桦, c=-12.2649, r=60.9807, perm=2
[INFO]  Word:63 = 你, c=-12.3526, r=48.9313, perm=2
[INFO]  Word:64 = 林, c=-12.3728, r=36.4248, perm=2
[INFO]  Word:65 = 美, c=-12.292, r=61.0793, perm=2
[INFO]  Word:66 = 贞, c=-12.349, r=36.6032, perm=2
[INFO]  Word:67 = 粳, c=-12.432, r=49.0302, perm=2
[INFO]  Word:68 = 米, c=-12.396, r=49.2594, perm=2
[INFO]  Word:69 = 面, c=-12.343, r=60.7231, perm=2
[INFO]  Word:70 = 具, c=-12.4022, r=36.7977, perm=2
[INFO]  Word:71 = 章, c=-12.3722, r=48.9165, perm=2
[INFO]  Word:72 = nX, c=-12.3721, r=49.1644, perm=2
[INFO]  Word:73 = 王, c=-12.5553, r=49.1967, perm=2
[INFO]  Word:74 = 嗒, c=-12.4279, r=61.4779, perm=2
[INFO]  Word:75 = 创, c=-12.5691, r=49.1085, perm=2
[INFO]  Word:76 = 新, c=-12.3827, r=48.9231, perm=2
[INFO]  Word:77 = 意, c=-12.3429, r=48.6623, perm=2
[INFO]  Word:78 = 大, c=-12.4775, r=37.0603, perm=2
[INFO]  Word:79 = 利, c=-12.3182, r=48.8214, perm=2
[INFO]  Word:80 = 气, c=-12.2908, r=49.055, perm=2
[INFO]  Word:81 = 愤, c=-12.412, r=48.8597, perm=2
[INFO]  Word:82 = 于, c=-12.3268, r=36.7203, perm=2
[INFO]  Word:83 = 苴, c=-12.4429, r=61.3029, perm=2
[INFO]  Word:84 = 近, c=-12.3988, r=36.8509, perm=2
[INFO]  Word:85 = 视, c=-12.3401, r=49.1218, perm=2
[INFO]  Word:86 = Z!〗=-』ˇFd7，}Dc&lt;}, c=-18.1863, r=319.442, perm=2
[INFO]  Word:87 = 和, c=-17.053, r=17.053, perm=2
[INFO]  Word:88 = ~&gt;),x″〉A《~+〗CM_″〈"5VnBGaA+, c=-22.3261, r=521.144, perm=2
[INFO]  Word:89 = 上, c=-16.9644, r=16.9644, perm=2
[INFO]  Word:90 = -, c=-18.6916, r=35.5656, perm=2
[INFO]  Word:91 = 了, c=-17.0665, r=17.0665, perm=2
[INFO]  Word:92 = -′%~2+sy【d′』eu?》, c=-21.0246, r=331.504, perm=2
[INFO]  Word:93 = 匠, c=-24.966, r=59.4201, perm=2
[INFO]  Word:94 = A〔6X0, c=-17.0663, r=84.8926, perm=2
[INFO]  Word:95 = 好, c=-16.9426, r=33.6661, perm=2
[INFO]  Word:96 = ※xˇ2DL}dfF, c=-20.1565, r=243.544, perm=2
[INFO]  Word:97 = 』v6szzt”wn, c=-26.3812, r=331.809, perm=2
[INFO]  Word:98 = -:。1【|?rV, c=-21.3619, r=193.577, perm=2
[INFO]  Word:99 = 胃, c=-17.1063, r=34.1042, perm=2
[INFO]  Word:100 = mdg】sˇa〔〖〈, c=-22.1337, r=214.623, perm=2
[INFO]  Word:101 = 了, c=-16.9293, r=16.9293, perm=2
[INFO]  Word:102 = 'L#"O, c=-17.2518, r=102.332, perm=2
[INFO]  Word:103 = 们, c=-17.0644, r=33.9242, perm=2
[INFO]  Word:104 = ^, c=-17.1795, r=17.1795, perm=2
[INFO]  Word:105 = 上, c=-21.97, r=39.0423, perm=2
[INFO]  Word:106 = Lv, c=-17.0617, r=34.0976, perm=2
[INFO]  Word:107 = 人, c=-17.1155, r=17.1155, perm=2
[INFO]  Word:108 = mJk′%〗;X“…〖]″`|X(』, c=-19.8206, r=327.017, perm=2
[INFO]  Word:109 = 向, c=-18.2421, r=86.8823, perm=2
[INFO]  Word:110 = R%Sf「?n, c=-17.2363, r=119.211, perm=2
[INFO]  Word:111 = 几, c=-19.6146, r=70.9009, perm=2
[INFO]  Word:112 = W…S3, c=-19.1329, r=104.968, perm=2
[INFO]  Word:113 = 敌, c=-17.7654, r=86.042, perm=2
[INFO]  Word:114 = ?, c=-16.9347, r=16.9347, perm=2
[INFO]  Word:115 = 汪, c=-27.2946, r=132.243, perm=2
[INFO]  Word:116 = *Y:}8\gI$r6_], c=-30.2427, r=279.059, perm=2
[INFO]  Word:117 = 了, c=-16.8792, r=16.8792, perm=2
[INFO]  Word:118 = N」?0-I, c=-17.3151, r=102.042, perm=2
[INFO]  Word:119 = 枯, c=-17.1428, r=34.2568, perm=2
[INFO]  Word:120 = b〈‰;LH.h〉e|O-。=`「3, c=-17.934, r=324.492, perm=2
[INFO]  Word:121 = 村, c=-17.109, r=34.1784, perm=2
[INFO]  Word:122 = x”KOp&amp;wC)、C，rM:;‰^u.mMZ、Fyj53nroi″〉BZF, c=-21.1523, r=684.598, perm=2
[INFO]  Word:123 = 具, c=-18.5943, r=105.288, perm=2
[INFO]  Word:124 = ‰sk, c=-17.2165, r=51.2262, perm=2
[INFO]  Word:125 = 坟, c=-17.0701, r=33.9571, perm=2
[INFO]  Word:126 = Z.,YN.〈7A』/Cf{〔ce′, c=-24.29, r=449.404, perm=2
[INFO]  Word:127 = 和, c=-17.1569, r=17.1569, perm=2
[INFO]  Word:128 = i〗, c=-16.9476, r=33.8056, perm=2
[INFO]  Word:129 = 各, c=-16.9628, r=33.9034, perm=2
[INFO]  Word:130 = 2), c=-17.2015, r=34.298, perm=2
[INFO]  Word:131 = 册, c=-17.2703, r=34.2316, perm=2
[INFO]  Word:132 = F19′^R」+”WGX※)JV〕(iw“&amp;」), c=-25.5096, r=451.542, perm=2
[INFO]  Word:133 = 眯, c=-17.055, r=34.0177, perm=2
[INFO]  Word:134 = DVO%X8′b, c=-20.2883, r=190.657, perm=2
[INFO]  Word:135 = 人, c=-17.054, r=17.054, perm=2
[INFO]  Word:136 = 》U〕:+*，o5L…XB"yirJE, c=-29.8816, r=411.765, perm=2
[INFO]  Word:137 = 〇, c=-18.3942, r=35.5204, perm=2
[INFO]  Word:138 = CH…70, c=-17.2724, r=85.3194, perm=2
[INFO]  Word:139 = 杂, c=-17.1209, r=50.9269, perm=2
[INFO]  Word:140 = 上, c=-17.1437, r=17.1437, perm=2
[INFO]  Word:141 = 朵, c=-20.5292, r=54.4779, perm=2
[INFO]  Word:142 = 〔+*s?『j?&gt;M&lt;iE\, c=-29.6391, r=357.724, perm=2
[INFO]  Word:143 = 了, c=-17.0803, r=17.0803, perm=2
[INFO]  Word:144 = J1‰Q〖F6ˇwO》vjG'1n, c=-26.7594, r=403.991, perm=2
[INFO]  Word:145 = 巴, c=-22.8902, r=228.004, perm=2
[INFO]  Word:146 = 」z', c=-17.0883, r=51.0657, perm=2
[INFO]  Word:147 = 怕, c=-17.0918, r=34.1721, perm=2
[INFO]  Word:148 = v”`mZ|RjEYGVf*, c=-20.3975, r=258.791, perm=2
[INFO]  Word:149 = 有, c=-16.9869, r=16.9869, perm=2
[INFO]  Word:150 = iJˇC)ah:, c=-17.4995, r=153.718, perm=2
[INFO]  Word:151 = 上, c=-17.1986, r=17.1986, perm=2
[INFO]  Word:152 = ，(v\R〗6.V, c=-20.8527, r=173.93, perm=2
[INFO]  Word:153 = 皮, c=-23.238, r=93.5973, perm=2
[INFO]  Word:154 = 和, c=-16.8144, r=16.8144, perm=2
[INFO]  Word:155 = 」O$y(h, c=-17.1332, r=101.572, perm=2
[INFO]  Word:156 = 让, c=-17.2225, r=50.9053, perm=2
[INFO]  Word:157 = Y2P";&amp;U\ian〉, c=-22.1421, r=303.539, perm=2
[INFO]  Word:158 = 印, c=-18.9281, r=70.1396, perm=2
[INFO]  Word:159 = l`('i&lt;Q+, c=-17.1995, r=136.36, perm=2
[INFO]  Word:160 = 上, c=-17.0937, r=17.0937, perm=2
[INFO]  Word:161 = i'′A;F”GE〖, c=-17.6205, r=188.76, perm=2
[INFO]  Word:162 = 杰, c=-19.8581, r=68.7094, perm=2
[INFO]  Word:163 = cH+OJL=，,;SN+J6。, c=-19.8282, r=291.367, perm=2
[INFO]  Word:164 = 炅, c=-17.2397, r=51.2785, perm=2
[INFO]  Word:165 = =q&gt;, c=-16.9904, r=50.7931, perm=2
[INFO]  Word:166 = 和, c=-16.9974, r=16.9974, perm=2
[INFO]  Word:167 = q『W,〖TZ+“0^′_S\gy0A“〖?go〈wgRlQGu〈\』, c=-29.1895, r=765.591, perm=2
[INFO]  Word:168 = 业, c=-17.2804, r=51.6749, perm=2
[INFO]  Word:169 = …I‰`f#a.A, c=-25.5652, r=276.53, perm=2
[INFO]  Word:170 = 上, c=-17.0351, r=17.0351, perm=2
[INFO]  Word:171 = \{, c=-16.8847, r=33.7244, perm=2
[INFO]  Word:172 = 届, c=-17.1381, r=34.2313, perm=2
[INFO]  Word:173 = iEb〉brDWRIˇ2…sxjHl'′』xtO^, c=-22.6458, r=578.817, perm=2
[INFO]  Word:174 = 内, c=-17.0889, r=34.0159, perm=2
[INFO]  Word:175 = GzAFo, c=-17.1977, r=99.8863, perm=2
[INFO]  Word:176 = 吧, c=-16.9998, r=33.9156, perm=2
[INFO]  Word:177 = =sH, c=-17.1805, r=51.0749, perm=2
[INFO]  Word:178 = 和, c=-17.2473, r=17.2473, perm=2
[INFO]  Word:179 = 内, c=-17.0624, r=34.0412, perm=2
[INFO]  Word:180 = LhN, c=-22.1841, r=73.3771, perm=2
[INFO]  Word:181 = 和, c=-19.3656, r=36.1452, perm=2
[INFO]  Word:182 = K9P=A」jTv。V4, c=-17.2114, r=204.099, perm=2
[INFO]  Word:183 = 和, c=-16.8624, r=16.8624, perm=2
[INFO]  Word:184 = b“w〕【z6Et-lY@4z『&amp;, c=-20.0274, r=366.289, perm=2
[INFO]  Word:185 = E8, c=-17.1023, r=33.9268, perm=2
[INFO]  Word:186 = 人, c=-16.9293, r=16.9293, perm=2
[INFO]  Word:187 = O], c=-16.88, r=33.6336, perm=2
[INFO]  Word:188 = 刘, c=-19.81, r=146.982, perm=2
[INFO]  Word:189 = HX、t7"?hm3※'。n2`u!U”a, c=-21.4493, r=452.72, perm=2
[INFO]  Word:190 = 吓, c=-17.2081, r=51.3769, perm=2
[INFO]  Word:191 = _C~, c=-17.1862, r=51.1002, perm=2
[INFO]  Word:192 = 人, c=-17.2763, r=34.2108, perm=2
[INFO]  Word:193 = bg『i】6{″b?, c=-19.4843, r=205.091, perm=2
[INFO]  Word:194 = 翰, c=-17.146, r=51.138, perm=2
[INFO]  Word:195 = 0N》, c=-17.1221, r=51.2095, perm=2
[INFO]  Word:196 = 员, c=-16.8647, r=33.5099, perm=2
[INFO]  Word:197 = 〇, c=-16.9236, r=16.9236, perm=2
[INFO]  Word:198 = Kr《Zkbo, c=-17.149, r=118.737, perm=2
[INFO]  Word:199 = 了, c=-16.9556, r=16.9556, perm=2
[INFO]  Word:200 = 9Y#x, c=-17.163, r=68.2139, perm=2
[INFO]  Word:201 = 〇, c=-19.6491, r=36.7182, perm=2
[INFO]  Word:202 = L3?, c=-17.0418, r=50.7622, perm=2
[INFO]  Word:203 = 人, c=-17.334, r=34.4721, perm=2
[INFO]  Word:204 = ‰"6ˇ, c=-17.1415, r=68.2229, perm=2
[INFO]  Word:205 = 肯, c=-17.1824, r=34.0671, perm=2
[INFO]  Word:206 = 3g$?, c=-17.1343, r=68.2578, perm=2
[INFO]  Word:207 = 芭, c=-23.2143, r=96.6275, perm=2
[INFO]  Word:208 = 有, c=-17.2227, r=17.2227, perm=2
[INFO]  Word:209 = ,&amp;, c=-17.2087, r=34.2518, perm=2
[INFO]  Word:210 = 胡, c=-17.0689, r=34.1242, perm=2
[INFO]  Word:211 = 〖[#s, c=-18.6081, r=87.228, perm=2
[INFO]  Word:212 = 人, c=-16.8185, r=16.8185, perm=2
[INFO]  Word:213 = N:xh|Sj93\_′《/M、DI}#, c=-28.052, r=418.038, perm=2
[INFO]  Word:214 = L/&lt;@|8, c=-17.0727, r=101.506, perm=2
[INFO]  Word:215 = 上, c=-21.5688, r=38.5327, perm=2
[INFO]  Word:216 = 】G?LRU+Gz$Ci, c=-18.9913, r=295.483, perm=2
[INFO]  Word:217 = 肖, c=-18.7607, r=52.7793, perm=2
[INFO]  Word:218 = X[》Y【=~Z#C※*]″。N%※&lt;1〔meKV`&amp;E, c=-19.612, r=530.171, perm=2
[INFO]  Word:219 = 如, c=-17.1351, r=51.2485, perm=2
[INFO]  Word:220 = g『…/|wcN, c=-21.6799, r=176.911, perm=2
[INFO]  Word:221 = 〗※e, c=-17.0509, r=51.0067, perm=2
[INFO]  Word:222 = 估, c=-19.7833, r=53.775, perm=2
[INFO]  Word:223 = Z, c=-16.9448, r=16.9448, perm=2
[INFO]  Word:224 = 人, c=-17.0565, r=17.0565, perm=2
[INFO]  Word:225 = 邓, c=-19.7084, r=125.693, perm=2
[INFO]  Word:226 = $3di:#※.~, c=-17.2536, r=152.862, perm=2
[INFO]  Word:227 = 忆, c=-17.0062, r=33.9415, perm=2
[INFO]  Word:228 = !2fD(brgˇT】, c=-17.1704, r=186.872, perm=2
[INFO]  Word:229 = ‖。zw〉ao40=w, c=-24.5287, r=211.739, perm=2
[INFO]  Word:230 = 人, c=-16.9738, r=16.9738, perm=2
[INFO]  Word:231 = %@!〗)5O〈yeG}〕“F…Dr，0H〗」r, c=-33.5478, r=514.973, perm=2
[INFO]  Word:232 = 上, c=-17.0842, r=17.0842, perm=2
[INFO]  Word:233 = 『《^‖w」s…C\rLki,{S〉』」】E9y‰, c=-22.9935, r=539.202, perm=2
[INFO]  Word:234 = 人, c=-16.7907, r=16.7907, perm=2
[INFO]  Word:235 = `e.X&lt;*J)Z“t】5h》'3「, c=-28.565, r=405.672, perm=2
[INFO]  Word:236 = 了, c=-20.5413, r=37.5539, perm=2
[INFO]  Word:237 = 计, c=-18.4231, r=52.4609, perm=2
[INFO]  Word:238 = OV》※i&lt;X`「*b8N'#″#j-2M〖0&lt;|‖ozi=″(《〗9O」pd、nF,「?O&gt;@g;Lyq)O{, c=-20.7175, r=1064.45, perm=2
[INFO]  Word:239 = 上, c=-21.4625, r=38.4961, perm=2
[INFO]  Word:240 = 4`RpR〉&gt;0~Tt35x『^-&lt;pM9nYT~2/′$wx, c=-17.7895, r=576.006, perm=2
[INFO]  Word:241 = 上, c=-18.7023, r=35.5265, perm=2
[INFO]  Word:242 = ‰@, c=-16.9198, r=33.7937, perm=2
[INFO]  Word:243 = 了, c=-16.9108, r=16.9108, perm=2
[INFO]  Word:244 = e】ZJ2B.yF、】N#W″&lt;-b7G‰Xy'Uy']5b"JG』ZP*&amp;MckY, c=-23.1204, r=893.815, perm=2
[INFO]  Word:245 = 上, c=-16.8604, r=16.8604, perm=2
[INFO]  Word:246 = 有, c=-16.9563, r=16.9563, perm=2
[INFO]  Word:247 = ;, c=-17.0328, r=17.0328, perm=2
[INFO]  Word:248 = 〇, c=-16.9492, r=16.9492, perm=2
[INFO]  Word:249 = O, c=-20.9476, r=38.0424, perm=2
[INFO]  Word:250 = 退, c=-20.0181, r=105.943, perm=2
[INFO]  Word:251 = ‖H&amp;}『, c=-17.138, r=85.0344, perm=2
[INFO]  Word:252 = 人, c=-17.0087, r=17.0087, perm=2
[INFO]  Word:253 = …Y?Bn}s, c=-17.2864, r=119.252, perm=2
[INFO]  Word:254 = 了, c=-17.1965, r=17.1965, perm=2
[INFO]  Word:255 = 〇, c=-17.0549, r=17.0549, perm=2
[INFO]  Word:256 = C4…XfY2i$『&lt;er，E《K‖〗〉$‰&gt;w`(!, c=-20.0891, r=567.308, perm=2
[INFO]  Word:257 = …(j/p:、5I、ulX〗, c=-18.8625, r=293.765, perm=2
[INFO]  Word:258 = 有, c=-16.9015, r=16.9015, perm=2
[INFO]  Word:259 = E′，O, c=-17.2047, r=68.3393, perm=2
[INFO]  Word:260 = 赤, c=-17.3425, r=68.549, perm=2
[INFO]  Word:261 = Ch&lt;‖&amp;edm&lt;#8F]4P3t^2m0*9, c=-21.1273, r=486.901, perm=2
[INFO]  Word:262 = 有, c=-16.8596, r=16.8596, perm=2
[INFO]  Word:263 = $"1, c=-17.0634, r=50.9448, perm=2
[INFO]  Word:264 = 上, c=-18.0816, r=35.1915, perm=2
[INFO]  Word:265 = DU?I(, c=-21.7255, r=107.165, perm=2
[INFO]  Word:266 = 如, c=-16.9767, r=33.8733, perm=2
[INFO]  Word:267 = z, c=-16.9742, r=16.9742, perm=2
[INFO]  Word:268 = 有, c=-70.4375, r=4525.02, perm=2
[INFO]  Word:0 = 第, c=-12.3348, r=36.7348, perm=2
[INFO]  Word:1 = 朱, c=-12.3657, r=36.7103, perm=2
[INFO]  Word:2 = 广, c=-12.3407, r=49.187, perm=2
[INFO]  Word:3 = 沪, c=-12.422, r=49.0251, perm=2
[INFO]  Word:4 = =32, c=-12.6234, r=74.3595, perm=2
[INFO]  Word:5 = 联, c=-12.2597, r=48.5363, perm=2
[INFO]  Word:6 = ", c=-12.4412, r=24.7014, perm=2
[INFO]  Word:7 = 自, c=-12.4894, r=48.8447, perm=2
[INFO]  Word:8 = 治, c=-12.3501, r=49.0936, perm=2
[INFO]  Word:9 = 县, c=-12.2918, r=48.5728, perm=2
[INFO]  Word:10 = 驼, c=-12.3175, r=48.653, perm=2
[INFO]  Word:11 = Primay, c=-12.4521, r=147.106, perm=2
[INFO]  Word:12 = 身, c=-12.4781, r=49.2707, perm=2
[INFO]  Word:13 = 进, c=-12.3429, r=48.8424, perm=2
[INFO]  Word:14 = 行, c=-12.3992, r=61.3585, perm=2
[INFO]  Word:15 = 0, c=-12.2402, r=24.3494, perm=2
[INFO]  Word:16 = 纳, c=-12.3827, r=49.1055, perm=2
[INFO]  Word:17 = 税, c=-12.3925, r=48.9989, perm=2
[INFO]  Word:18 = 防, c=-12.3702, r=48.9314, perm=2
[INFO]  Word:19 = 火, c=-12.3651, r=49.14, perm=2
[INFO]  Word:20 = 墙, c=-12.4659, r=61.6353, perm=2
[INFO]  Word:21 = 掏, c=-12.424, r=48.7116, perm=2
[INFO]  Word:22 = 心, c=-12.3064, r=60.7659, perm=2
[INFO]  Word:23 = 内, c=-12.3438, r=37.0068, perm=2
[INFO]  Word:24 = 容, c=-12.3827, r=49.1202, perm=2
[INFO]  Word:25 = 万, c=-12.5343, r=49.4294, perm=2
[INFO]  Word:26 = 警, c=-12.6033, r=61.4057, perm=2
[INFO]  Word:27 = 钟, c=-12.5554, r=61.2749, perm=2
[INFO]  Word:28 = 上, c=-12.3582, r=24.6879, perm=2
[INFO]  Word:29 = 6, c=-12.2273, r=24.1843, perm=2
[INFO]  Word:30 = 了, c=-12.2977, r=24.4361, perm=2
[INFO]  Word:31 = 解, c=-12.4906, r=61.5508, perm=2
[INFO]  Word:32 = 酝, c=-12.3567, r=49.2792, perm=2
[INFO]  Word:33 = 投, c=-12.2761, r=49.0147, perm=2
[INFO]  Word:34 = 资, c=-12.3685, r=61.3474, perm=2
[INFO]  Word:35 = 各, c=-12.3432, r=36.7929, perm=2
[INFO]  Word:36 = |LOW, c=-12.5074, r=97.9979, perm=2
[INFO]  Word:37 = 砒, c=-12.4646, r=49.1312, perm=2
[INFO]  Word:38 = 晏, c=-12.2967, r=61.1322, perm=2
[INFO]  Word:39 = 维, c=-12.5128, r=49.3234, perm=2
[INFO]  Word:40 = 龙, c=-12.3668, r=49.0876, perm=2
[INFO]  Word:41 = 三, c=-12.4587, r=49.2244, perm=2
[INFO]  Word:42 = 收, c=-12.3171, r=48.9112, perm=2
[INFO]  Word:43 = 藏, c=-12.2631, r=60.5144, perm=2
[INFO]  Word:44 = 博, c=-12.2795, r=48.7796, perm=2
[INFO]  Word:45 = 客, c=-12.3761, r=49.105, perm=2
[INFO]  Word:46 = 陈, c=-12.311, r=48.9552, perm=2
[INFO]  Word:47 = 松, c=-12.2589, r=48.8521, perm=2
[INFO]  Word:48 = 伶, c=-12.5209, r=61.6156, perm=2
[INFO]  Word:49 = 组, c=-12.5115, r=49.1597, perm=2
[INFO]  Word:50 = 织, c=-12.2492, r=48.756, perm=2
[INFO]  Word:51 = 请, c=-12.2274, r=48.2394, perm=2
[INFO]  Word:52 = 皂, c=-12.2773, r=48.8179, perm=2
[INFO]  Word:53 = 甙, c=-12.5435, r=72.7769, perm=2
[INFO]  Word:54 = 摊, c=-12.3543, r=36.4711, perm=2
[INFO]  Word:55 = 牌, c=-12.3374, r=60.7736, perm=2
[INFO]  Word:56 = 代, c=-12.419, r=36.9253, perm=2
[INFO]  Word:57 = 替, c=-12.2795, r=48.8788, perm=2
[INFO]  Word:58 = 盲, c=-12.4744, r=61.3894, perm=2
[INFO]  Word:59 = %, c=-12.2575, r=24.4763, perm=2
[INFO]  Word:60 = 李, c=-12.282, r=36.4988, perm=2
[INFO]  Word:61 = 洵, c=-12.3914, r=61.3935, perm=2
[INFO]  Word:62 = 桦, c=-12.2649, r=60.9807, perm=2
[INFO]  Word:63 = 你, c=-12.3526, r=48.9313, perm=2
[INFO]  Word:64 = 林, c=-12.3728, r=36.4248, perm=2
[INFO]  Word:65 = 美, c=-12.292, r=61.0793, perm=2
[INFO]  Word:66 = 贞, c=-12.349, r=36.6032, perm=2
[INFO]  Word:67 = 粳, c=-12.432, r=49.0302, perm=2
[INFO]  Word:68 = 米, c=-12.396, r=49.2594, perm=2
[INFO]  Word:69 = 面, c=-12.343, r=60.7231, perm=2
[INFO]  Word:70 = 具, c=-12.4022, r=36.7977, perm=2
[INFO]  Word:71 = 章, c=-12.3722, r=48.9165, perm=2
[INFO]  Word:72 = nX, c=-12.3721, r=49.1644, perm=2
[INFO]  Word:73 = 王, c=-12.5553, r=49.1967, perm=2
[INFO]  Word:74 = 嗒, c=-12.4279, r=61.4779, perm=2
[INFO]  Word:75 = 创, c=-12.5691, r=49.1085, perm=2
[INFO]  Word:76 = 新, c=-12.3827, r=48.9231, perm=2
[INFO]  Word:77 = 意, c=-12.3429, r=48.6623, perm=2
[INFO]  Word:78 = 大, c=-12.4775, r=37.0603, perm=2
[INFO]  Word:79 = 利, c=-12.3182, r=48.8214, perm=2
[INFO]  Word:80 = 气, c=-12.2908, r=49.055, perm=2
[INFO]  Word:81 = 愤, c=-12.412, r=48.8597, perm=2
[INFO]  Word:82 = 于, c=-12.3268, r=36.7203, perm=2
[INFO]  Word:83 = 苴, c=-12.4429, r=61.3029, perm=2
[INFO]  Word:84 = 近, c=-12.3988, r=36.8509, perm=2
[INFO]  Word:85 = 视, c=-12.3401, r=49.1218, perm=2
[INFO]  Word:86 = Z!〗=-』ˇFd7，}Dc&lt;}, c=-18.1863, r=319.442, perm=2
[INFO]  Word:87 = 和, c=-17.053, r=17.053, perm=2
[INFO]  Word:88 = ~&gt;),x″〉A《~+〗CM_″〈"5VnBGaA+, c=-22.3261, r=521.144, perm=2
[INFO]  Word:89 = 上, c=-16.9644, r=16.9644, perm=2
[INFO]  Word:90 = -, c=-18.6916, r=35.5656, perm=2
[INFO]  Word:91 = 了, c=-17.0665, r=17.0665, perm=2
[INFO]  Word:92 = -′%~2+sy【d′』eu?》, c=-21.0246, r=331.504, perm=2
[INFO]  Word:93 = 匠, c=-24.966, r=59.4201, perm=2
[INFO]  Word:94 = A〔6X0, c=-17.0663, r=84.8926, perm=2
[INFO]  Word:95 = 好, c=-16.9426, r=33.6661, perm=2
[INFO]  Word:96 = ※xˇ2DL}dfF, c=-20.1565, r=243.544, perm=2
[INFO]  Word:97 = 』v6szzt”wn, c=-26.3812, r=331.809, perm=2
[INFO]  Word:98 = -:。1【|?rV, c=-21.3619, r=193.577, perm=2
[INFO]  Word:99 = 胃, c=-17.1063, r=34.1042, perm=2
[INFO]  Word:100 = mdg】sˇa〔〖〈, c=-22.1337, r=214.623, perm=2
[INFO]  Word:101 = 了, c=-16.9293, r=16.9293, perm=2
[INFO]  Word:102 = 'L#"O, c=-17.2518, r=102.332, perm=2
[INFO]  Word:103 = 们, c=-17.0644, r=33.9242, perm=2
[INFO]  Word:104 = ^, c=-17.1795, r=17.1795, perm=2
[INFO]  Word:105 = 上, c=-21.97, r=39.0423, perm=2
[INFO]  Word:106 = Lv, c=-17.0617, r=34.0976, perm=2
[INFO]  Word:107 = 人, c=-17.1155, r=17.1155, perm=2
[INFO]  Word:108 = mJk′%〗;X“…〖]″`|X(』, c=-19.8206, r=327.017, perm=2
[INFO]  Word:109 = 向, c=-18.2421, r=86.8823, perm=2
[INFO]  Word:110 = R%Sf「?n, c=-17.2363, r=119.211, perm=2
[INFO]  Word:111 = 几, c=-19.6146, r=70.9009, perm=2
[INFO]  Word:112 = W…S3, c=-19.1329, r=104.968, perm=2
[INFO]  Word:113 = 敌, c=-17.7654, r=86.042, perm=2
[INFO]  Word:114 = ?, c=-16.9347, r=16.9347, perm=2
[INFO]  Word:115 = 汪, c=-27.2946, r=132.243, perm=2
[INFO]  Word:116 = *Y:}8\gI$r6_], c=-30.2427, r=279.059, perm=2
[INFO]  Word:117 = 了, c=-16.8792, r=16.8792, perm=2
[INFO]  Word:118 = N」?0-I, c=-17.3151, r=102.042, perm=2
[INFO]  Word:119 = 枯, c=-17.1428, r=34.2568, perm=2
[INFO]  Word:120 = b〈‰;LH.h〉e|O-。=`「3, c=-17.934, r=324.492, perm=2
[INFO]  Word:121 = 村, c=-17.109, r=34.1784, perm=2
[INFO]  Word:122 = x”KOp&amp;wC)、C，rM:;‰^u.mMZ、Fyj53nroi″〉BZF, c=-21.1523, r=684.598, perm=2
[INFO]  Word:123 = 具, c=-18.5943, r=105.288, perm=2
[INFO]  Word:124 = ‰sk, c=-17.2165, r=51.2262, perm=2
[INFO]  Word:125 = 坟, c=-17.0701, r=33.9571, perm=2
[INFO]  Word:126 = Z.,YN.〈7A』/Cf{〔ce′, c=-24.29, r=449.404, perm=2
[INFO]  Word:127 = 和, c=-17.1569, r=17.1569, perm=2
[INFO]  Word:128 = i〗, c=-16.9476, r=33.8056, perm=2
[INFO]  Word:129 = 各, c=-16.9628, r=33.9034, perm=2
[INFO]  Word:130 = 2), c=-17.2015, r=34.298, perm=2
[INFO]  Word:131 = 册, c=-17.2703, r=34.2316, perm=2
[INFO]  Word:132 = F19′^R」+”WGX※)JV〕(iw“&amp;」), c=-25.5096, r=451.542, perm=2
[INFO]  Word:133 = 眯, c=-17.055, r=34.0177, perm=2
[INFO]  Word:134 = DVO%X8′b, c=-20.2883, r=190.657, perm=2
[INFO]  Word:135 = 人, c=-17.054, r=17.054, perm=2
[INFO]  Word:136 = 》U〕:+*，o5L…XB"yirJE, c=-29.8816, r=411.765, perm=2
[INFO]  Word:137 = 〇, c=-18.3942, r=35.5204, perm=2
[INFO]  Word:138 = CH…70, c=-17.2724, r=85.3194, perm=2
[INFO]  Word:139 = 杂, c=-17.1209, r=50.9269, perm=2
[INFO]  Word:140 = 上, c=-17.1437, r=17.1437, perm=2
[INFO]  Word:141 = 朵, c=-20.5292, r=54.4779, perm=2
[INFO]  Word:142 = 〔+*s?『j?&gt;M&lt;iE\, c=-29.6391, r=357.724, perm=2
[INFO]  Word:143 = 了, c=-17.0803, r=17.0803, perm=2
[INFO]  Word:144 = J1‰Q〖F6ˇwO》vjG'1n, c=-26.7594, r=403.991, perm=2
[INFO]  Word:145 = 巴, c=-22.8902, r=228.004, perm=2
[INFO]  Word:146 = 」z', c=-17.0883, r=51.0657, perm=2
[INFO]  Word:147 = 怕, c=-17.0918, r=34.1721, perm=2
[INFO]  Word:148 = v”`mZ|RjEYGVf*, c=-20.3975, r=258.791, perm=2
[INFO]  Word:149 = 有, c=-16.9869, r=16.9869, perm=2
[INFO]  Word:150 = iJˇC)ah:, c=-17.4995, r=153.718, perm=2
[INFO]  Word:151 = 上, c=-17.1986, r=17.1986, perm=2
[INFO]  Word:152 = ，(v\R〗6.V, c=-20.8527, r=173.93, perm=2
[INFO]  Word:153 = 皮, c=-23.238, r=93.5973, perm=2
[INFO]  Word:154 = 和, c=-16.8144, r=16.8144, perm=2
[INFO]  Word:155 = 」O$y(h, c=-17.1332, r=101.572, perm=2
[INFO]  Word:156 = 让, c=-17.2225, r=50.9053, perm=2
[INFO]  Word:157 = Y2P";&amp;U\ian〉, c=-22.1421, r=303.539, perm=2
[INFO]  Word:158 = 印, c=-18.9281, r=70.1396, perm=2
[INFO]  Word:159 = l`('i&lt;Q+, c=-17.1995, r=136.36, perm=2
[INFO]  Word:160 = 上, c=-17.0937, r=17.0937, perm=2
[INFO]  Word:161 = i'′A;F”GE〖, c=-17.6205, r=188.76, perm=2
[INFO]  Word:162 = 杰, c=-19.8581, r=68.7094, perm=2
[INFO]  Word:163 = cH+OJL=，,;SN+J6。, c=-19.8282, r=291.367, perm=2
[INFO]  Word:164 = 炅, c=-17.2397, r=51.2785, perm=2
[INFO]  Word:165 = =q&gt;, c=-16.9904, r=50.7931, perm=2
[INFO]  Word:166 = 和, c=-16.9974, r=16.9974, perm=2
[INFO]  Word:167 = q『W,〖TZ+“0^′_S\gy0A“〖?go〈wgRlQGu〈\』, c=-29.1895, r=765.591, perm=2
[INFO]  Word:168 = 业, c=-17.2804, r=51.6749, perm=2
[INFO]  Word:169 = …I‰`f#a.A, c=-25.5652, r=276.53, perm=2
[INFO]  Word:170 = 上, c=-17.0351, r=17.0351, perm=2
[INFO]  Word:171 = \{, c=-16.8847, r=33.7244, perm=2
[INFO]  Word:172 = 届, c=-17.1381, r=34.2313, perm=2
[INFO]  Word:173 = iEb〉brDWRIˇ2…sxjHl'′』xtO^, c=-22.6458, r=578.817, perm=2
[INFO]  Word:174 = 内, c=-17.0889, r=34.0159, perm=2
[INFO]  Word:175 = GzAFo, c=-17.1977, r=99.8863, perm=2
[INFO]  Word:176 = 吧, c=-16.9998, r=33.9156, perm=2
[INFO]  Word:177 = =sH, c=-17.1805, r=51.0749, perm=2
[INFO]  Word:178 = 和, c=-17.2473, r=17.2473, perm=2
[INFO]  Word:179 = 内, c=-17.0624, r=34.0412, perm=2
[INFO]  Word:180 = LhN, c=-22.1841, r=73.3771, perm=2
[INFO]  Word:181 = 和, c=-19.3656, r=36.1452, perm=2
[INFO]  Word:182 = K9P=A」jTv。V4, c=-17.2114, r=204.099, perm=2
[INFO]  Word:183 = 和, c=-16.8624, r=16.8624, perm=2
[INFO]  Word:184 = b“w〕【z6Et-lY@4z『&amp;, c=-20.0274, r=366.289, perm=2
[INFO]  Word:185 = E8, c=-17.1023, r=33.9268, perm=2
[INFO]  Word:186 = 人, c=-16.9293, r=16.9293, perm=2
[INFO]  Word:187 = O], c=-16.88, r=33.6336, perm=2
[INFO]  Word:188 = 刘, c=-19.81, r=146.982, perm=2
[INFO]  Word:189 = HX、t7"?hm3※'。n2`u!U”a, c=-21.4493, r=452.72, perm=2
[INFO]  Word:190 = 吓, c=-17.2081, r=51.3769, perm=2
[INFO]  Word:191 = _C~, c=-17.1862, r=51.1002, perm=2
[INFO]  Word:192 = 人, c=-17.2763, r=34.2108, perm=2
[INFO]  Word:193 = bg『i】6{″b?, c=-19.4843, r=205.091, perm=2
[INFO]  Word:194 = 翰, c=-17.146, r=51.138, perm=2
[INFO]  Word:195 = 0N》, c=-17.1221, r=51.2095, perm=2
[INFO]  Word:196 = 员, c=-16.8647, r=33.5099, perm=2
[INFO]  Word:197 = 〇, c=-16.9236, r=16.9236, perm=2
[INFO]  Word:198 = Kr《Zkbo, c=-17.149, r=118.737, perm=2
[INFO]  Word:199 = 了, c=-16.9556, r=16.9556, perm=2
[INFO]  Word:200 = 9Y#x, c=-17.163, r=68.2139, perm=2
[INFO]  Word:201 = 〇, c=-19.6491, r=36.7182, perm=2
[INFO]  Word:202 = L3?, c=-17.0418, r=50.7622, perm=2
[INFO]  Word:203 = 人, c=-17.334, r=34.4721, perm=2
[INFO]  Word:204 = ‰"6ˇ, c=-17.1415, r=68.2229, perm=2
[INFO]  Word:205 = 肯, c=-17.1824, r=34.0671, perm=2
[INFO]  Word:206 = 3g$?, c=-17.1343, r=68.2578, perm=2
[INFO]  Word:207 = 芭, c=-23.2143, r=96.6275, perm=2
[INFO]  Word:208 = 有, c=-17.2227, r=17.2227, perm=2
[INFO]  Word:209 = ,&amp;, c=-17.2087, r=34.2518, perm=2
[INFO]  Word:210 = 胡, c=-17.0689, r=34.1242, perm=2
[INFO]  Word:211 = 〖[#s, c=-18.6081, r=87.228, perm=2
[INFO]  Word:212 = 人, c=-16.8185, r=16.8185, perm=2
[INFO]  Word:213 = N:xh|Sj93\_′《/M、DI}#, c=-28.052, r=418.038, perm=2
[INFO]  Word:214 = L/&lt;@|8, c=-17.0727, r=101.506, perm=2
[INFO]  Word:215 = 上, c=-21.5688, r=38.5327, perm=2
[INFO]  Word:216 = 】G?LRU+Gz$Ci, c=-18.9913, r=295.483, perm=2
[INFO]  Word:217 = 肖, c=-18.7607, r=52.7793, perm=2
[INFO]  Word:218 = X[》Y【=~Z#C※*]″。N%※&lt;1〔meKV`&amp;E, c=-19.612, r=530.171, perm=2
[INFO]  Word:219 = 如, c=-17.1351, r=51.2485, perm=2
[INFO]  Word:220 = g『…/|wcN, c=-21.6799, r=176.911, perm=2
[INFO]  Word:221 = 〗※e, c=-17.0509, r=51.0067, perm=2
[INFO]  Word:222 = 估, c=-19.7833, r=53.775, perm=2
[INFO]  Word:223 = Z, c=-16.9448, r=16.9448, perm=2
[INFO]  Word:224 = 人, c=-17.0565, r=17.0565, perm=2
[INFO]  Word:225 = 邓, c=-19.7084, r=125.693, perm=2
[INFO]  Word:226 = $3di:#※.~, c=-17.2536, r=152.862, perm=2
[INFO]  Word:227 = 忆, c=-17.0062, r=33.9415, perm=2
[INFO]  Word:228 = !2fD(brgˇT】, c=-17.1704, r=186.872, perm=2
[INFO]  Word:229 = ‖。zw〉ao40=w, c=-24.5287, r=211.739, perm=2
[INFO]  Word:230 = 人, c=-16.9738, r=16.9738, perm=2
[INFO]  Word:231 = %@!〗)5O〈yeG}〕“F…Dr，0H〗」r, c=-33.5478, r=514.973, perm=2
[INFO]  Word:232 = 上, c=-17.0842, r=17.0842, perm=2
[INFO]  Word:233 = 『《^‖w」s…C\rLki,{S〉』」】E9y‰, c=-22.9935, r=539.202, perm=2
[INFO]  Word:234 = 人, c=-16.7907, r=16.7907, perm=2
[INFO]  Word:235 = `e.X&lt;*J)Z“t】5h》'3「, c=-28.565, r=405.672, perm=2
[INFO]  Word:236 = 了, c=-20.5413, r=37.5539, perm=2
[INFO]  Word:237 = 计, c=-18.4231, r=52.4609, perm=2
[INFO]  Word:238 = OV》※i&lt;X`「*b8N'#″#j-2M〖0&lt;|‖ozi=″(《〗9O」pd、nF,「?O&gt;@g;Lyq)O{, c=-20.7175, r=1064.45, perm=2
[INFO]  Word:239 = 上, c=-21.4625, r=38.4961, perm=2
[INFO]  Word:240 = 4`RpR〉&gt;0~Tt35x『^-&lt;pM9nYT~2/′$wx, c=-17.7895, r=576.006, perm=2
[INFO]  Word:241 = 上, c=-18.7023, r=35.5265, perm=2
[INFO]  Word:242 = ‰@, c=-16.9198, r=33.7937, perm=2
[INFO]  Word:243 = 了, c=-16.9108, r=16.9108, perm=2
[INFO]  Word:244 = e】ZJ2B.yF、】N#W″&lt;-b7G‰Xy'Uy']5b"JG』ZP*&amp;MckY, c=-23.1204, r=893.815, perm=2
[INFO]  Word:245 = 上, c=-16.8604, r=16.8604, perm=2
[INFO]  Word:246 = 有, c=-16.9563, r=16.9563, perm=2
[INFO]  Word:247 = ;, c=-17.0328, r=17.0328, perm=2
[INFO]  Word:248 = 〇, c=-16.9492, r=16.9492, perm=2
[INFO]  Word:249 = O, c=-20.9476, r=38.0424, perm=2
[INFO]  Word:250 = 退, c=-20.0181, r=105.943, perm=2
[INFO]  Word:251 = ‖H&amp;}『, c=-17.138, r=85.0344, perm=2
[INFO]  Word:252 = 人, c=-17.0087, r=17.0087, perm=2
[INFO]  Word:253 = …Y?Bn}s, c=-17.2864, r=119.252, perm=2
[INFO]  Word:254 = 了, c=-17.1965, r=17.1965, perm=2
[INFO]  Word:255 = 〇, c=-17.0549, r=17.0549, perm=2
[INFO]  Word:256 = C4…XfY2i$『&lt;er，E《K‖〗〉$‰&gt;w`(!, c=-20.0891, r=567.308, perm=2
[INFO]  Word:257 = …(j/p:、5I、ulX〗, c=-18.8625, r=293.765, perm=2
[INFO]  Word:258 = 有, c=-16.9015, r=16.9015, perm=2
[INFO]  Word:259 = E′，O, c=-17.2047, r=68.3393, perm=2
[INFO]  Word:260 = 赤, c=-17.3425, r=68.549, perm=2
[INFO]  Word:261 = Ch&lt;‖&amp;edm&lt;#8F]4P3t^2m0*9, c=-21.1273, r=486.901, perm=2
[INFO]  Word:262 = 有, c=-16.8596, r=16.8596, perm=2
[INFO]  Word:263 = $"1, c=-17.0634, r=50.9448, perm=2
[INFO]  Word:264 = 上, c=-18.0816, r=35.1915, perm=2
[INFO]  Word:265 = DU?I(, c=-21.7255, r=107.165, perm=2
[INFO]  Word:266 = 如, c=-16.9767, r=33.8733, perm=2
[INFO]  Word:267 = z, c=-16.9742, r=16.9742, perm=2
[INFO]  Word:268 = 有, c=-70.4375, r=4525.02, perm=2
[       OK ] RecodeBeamTest.DoesChinese (902 ms)
[ RUN      ] RecodeBeamTest.DoesJapanese
[INFO]  Testing jpn
[INFO]  Wrote encoding to:./tmp/testenc.txt
[INFO]  Labels size = 1566 coords 1567
[INFO]  0:u_id=3=と, c=-14.3522, r=14.3522, r_sum=14.3522 @0
[INFO]  1:u_id=4=長, c=-14.4413, r=57.6296, r_sum=71.9818 @4
[INFO]  2:u_id=5=沼, c=-14.6265, r=57.8878, r_sum=129.87 @8
[INFO]  3:u_id=6=興, c=-14.524, r=57.4798, r_sum=187.349 @12
[INFO]  4:u_id=7=趣, c=-14.4826, r=57.6075, r_sum=244.957 @16
[INFO]  5:u_id=8=1, c=-14.4127, r=28.8141, r_sum=273.771 @18
[INFO]  6:u_id=9=|, c=-14.182, r=28.3162, r_sum=302.087 @20
[INFO]  7:u_id=10=ミ, c=-14.4268, r=28.805, r_sum=330.892 @22
[INFO]  8:u_id=11=カ, c=-14.4109, r=28.8182, r_sum=359.71 @24
[INFO]  9:u_id=12=ヅ, c=-14.5147, r=28.9169, r_sum=388.627 @26
[INFO]  10:u_id=13=キ, c=-14.3461, r=28.6514, r_sum=417.279 @28
[INFO]  11:u_id=14=靭, c=-14.586, r=71.9877, r_sum=489.266 @33
[INFO]  12:u_id=15=帯, c=-14.4905, r=72.037, r_sum=561.303 @38
[INFO]  13:u_id=16=に, c=-14.5084, r=28.7928, r_sum=590.096 @40
[INFO]  14:u_id=17=関, c=-14.4088, r=71.8734, r_sum=661.97 @45
[INFO]  15:u_id=18=す, c=-14.5958, r=29.0485, r_sum=691.018 @47
[INFO]  16:u_id=19=る, c=-14.3258, r=28.6442, r_sum=719.662 @49
[INFO]  17:u_id=20=及, c=-14.3186, r=42.8705, r_sum=762.533 @52
[INFO]  18:u_id=21=川, c=-14.481, r=72.2458, r_sum=834.779 @57
[INFO]  19:u_id=22=を, c=-14.5057, r=28.8967, r_sum=863.675 @59
[INFO]  20:u_id=23=箇, c=-14.5774, r=43.0537, r_sum=906.729 @62
[INFO]  21:u_id=24=所, c=-14.5768, r=43.2783, r_sum=950.007 @65
[INFO]  22:u_id=25=貌, c=-14.6052, r=72.2016, r_sum=1022.21 @70
[INFO]  23:u_id=26=マ, c=-14.4241, r=28.7467, r_sum=1050.96 @72
[INFO]  24:u_id=27=イ, c=-14.5027, r=28.8912, r_sum=1079.85 @74
[INFO]  25:u_id=28=ク, c=-14.4022, r=28.7895, r_sum=1108.64 @76
[INFO]  26:u_id=29=ロ, c=-14.4387, r=28.8402, r_sum=1137.48 @78
[INFO]  27:u_id=30=ソ, c=-14.4253, r=28.781, r_sum=1166.26 @80
[INFO]  28:u_id=31=フ, c=-14.4261, r=28.705, r_sum=1194.96 @82
[INFO]  29:u_id=32=ト, c=-14.5087, r=28.8411, r_sum=1223.8 @84
[INFO]  30:u_id=33=w, c=-14.4101, r=28.69, r_sum=1252.49 @86
[INFO]  31:u_id=34=i, c=-14.4724, r=28.8741, r_sum=1281.37 @88
[INFO]  32:u_id=35=t, c=-14.4909, r=28.9219, r_sum=1310.29 @90
[INFO]  33:u_id=36=h, c=-14.5531, r=29.0043, r_sum=1339.29 @92
[INFO]  34:u_id=37=(, c=-14.3503, r=28.6262, r_sum=1367.92 @94
[INFO]  35:u_id=38=更, c=-14.3933, r=57.1774, r_sum=1425.1 @98
[INFO]  36:u_id=39=新, c=-14.4263, r=57.4605, r_sum=1482.56 @102
[INFO]  37:u_id=40=こ, c=-14.428, r=28.7274, r_sum=1511.29 @104
[INFO]  38:u_id=41=号, c=-14.4637, r=57.661, r_sum=1568.95 @108
[INFO]  39:u_id=42=牙, c=-14.4683, r=57.6112, r_sum=1626.56 @112
[INFO]  40:u_id=43=歯, c=-14.4144, r=71.4186, r_sum=1697.98 @117
[INFO]  41:u_id=44=医, c=-14.5599, r=57.5777, r_sum=1755.55 @121
[INFO]  42:u_id=45=者, c=-14.3048, r=57.0629, r_sum=1812.62 @125
[INFO]  43:u_id=46=ン, c=-14.4668, r=28.879, r_sum=1841.5 @127
[INFO]  44:u_id=47=タ, c=-14.4114, r=28.7363, r_sum=1870.23 @129
[INFO]  45:u_id=48=ェ, c=-14.5403, r=28.8288, r_sum=1899.06 @131
[INFO]  46:u_id=49=ー, c=-14.4313, r=28.7302, r_sum=1927.79 @133
[INFO]  47:u_id=50=ス, c=-14.3761, r=28.6606, r_sum=1956.45 @135
[INFO]  48:u_id=51=掘, c=-14.4885, r=71.8956, r_sum=2028.35 @140
[INFO]  49:u_id=52=ら, c=-14.4258, r=28.7792, r_sum=2057.13 @142
[INFO]  50:u_id=53=湿, c=-14.4344, r=57.3405, r_sum=2114.47 @146
[INFO]  51:u_id=54=地, c=-14.5016, r=43.0755, r_sum=2157.54 @149
[INFO]  52:u_id=55=が, c=-14.4617, r=28.8037, r_sum=2186.35 @151
[INFO]  53:u_id=56=エ, c=-14.4962, r=28.8249, r_sum=2215.17 @153
[INFO]  54:u_id=57=デ, c=-14.2873, r=28.5553, r_sum=2243.73 @155
[INFO]  55:u_id=58=ィ, c=-14.4706, r=28.7836, r_sum=2272.51 @157
[INFO]  56:u_id=59=シ, c=-14.3937, r=28.7146, r_sum=2301.23 @159
[INFO]  57:u_id=60=ョ, c=-14.4233, r=28.7957, r_sum=2330.02 @161
[INFO]  58:u_id=61=伸, c=-14.4982, r=57.7456, r_sum=2387.77 @165
[INFO]  59:u_id=62=び, c=-14.4404, r=28.8483, r_sum=2416.61 @167
[INFO]  60:u_id=63=公, c=-14.4333, r=43.1156, r_sum=2459.73 @170
[INFO]  61:u_id=64=表, c=-14.5088, r=43.1405, r_sum=2502.87 @173
[INFO]  62:u_id=65=0, c=-14.4899, r=28.7474, r_sum=2531.62 @175
[INFO]  63:u_id=66=P, c=-14.3959, r=28.7494, r_sum=2560.37 @177
[INFO]  64:u_id=67=R, c=-14.4845, r=28.7605, r_sum=2589.13 @179
[INFO]  65:u_id=68=O, c=-14.4304, r=28.7963, r_sum=2617.92 @181
[INFO]  66:u_id=69=J, c=-14.4649, r=28.85, r_sum=2646.77 @183
[INFO]  67:u_id=70=E, c=-14.4171, r=28.7838, r_sum=2675.56 @185
[INFO]  68:u_id=71=C, c=-14.4627, r=28.8769, r_sum=2704.44 @187
[INFO]  69:u_id=72=T, c=-14.5188, r=28.8714, r_sum=2733.31 @189
[INFO]  70:u_id=73=時, c=-14.2646, r=42.7577, r_sum=2776.06 @192
[INFO]  71:u_id=74=期, c=-14.4167, r=71.8056, r_sum=2847.87 @197
[INFO]  72:u_id=75=確, c=-14.4954, r=72.0609, r_sum=2919.93 @202
[INFO]  73:u_id=76=実, c=-14.5481, r=72.1645, r_sum=2992.1 @207
[INFO]  74:u_id=77=ボ, c=-14.4313, r=28.769, r_sum=3020.86 @209
[INFO]  75:u_id=78=他, c=-14.4383, r=43.117, r_sum=3063.98 @212
[INFO]  76:u_id=79=方, c=-14.4379, r=71.6914, r_sum=3135.67 @217
[INFO]  77:u_id=80=・, c=-14.3851, r=28.7665, r_sum=3164.44 @219
[INFO]  78:u_id=81=極, c=-14.4745, r=71.8579, r_sum=3236.3 @224
[INFO]  79:u_id=82=Y, c=-14.4736, r=28.773, r_sum=3265.07 @226
[INFO]  80:u_id=83=a, c=-14.6478, r=29.0745, r_sum=3294.15 @228
[INFO]  81:u_id=84=o, c=-14.5097, r=28.7394, r_sum=3322.88 @230
[INFO]  82:u_id=85=恒, c=-14.449, r=57.3924, r_sum=3380.28 @234
[INFO]  83:u_id=86=@, c=-14.4008, r=28.7312, r_sum=3409.01 @236
[INFO]  84:u_id=87=3, c=-14.5221, r=28.9742, r_sum=3437.98 @238
[INFO]  85:u_id=88=「, c=-14.4948, r=28.9184, r_sum=3466.9 @240
[INFO]  86:u_id=89=ヨ, c=-14.4696, r=28.8159, r_sum=3495.72 @242
[INFO]  87:u_id=90=お, c=-14.4542, r=28.8428, r_sum=3524.56 @244
[INFO]  88:u_id=91=休, c=-14.5028, r=43.2175, r_sum=3567.78 @247
[INFO]  89:u_id=92=肝, c=-14.4238, r=43.1882, r_sum=3610.97 @250
[INFO]  90:u_id=93=諦, c=-14.4206, r=71.8364, r_sum=3682.8 @255
[INFO]  91:u_id=94=/, c=-14.4941, r=28.9347, r_sum=3711.74 @257
[INFO]  92:u_id=95=運, c=-14.43, r=57.6206, r_sum=3769.36 @261
[INFO]  93:u_id=96=動, c=-14.5522, r=72.1215, r_sum=3841.48 @266
[INFO]  94:u_id=97=刺, c=-14.4641, r=71.2077, r_sum=3912.69 @270
[INFO]  95:u_id=98=さ, c=-14.4493, r=14.4493, r_sum=3927.14 @272
[INFO]  96:u_id=99=っ, c=-14.5333, r=29.0374, r_sum=3956.17 @274
[INFO]  Word:0 = と, c=-14.3522, r=14.3522, perm=2
[INFO]  Word:1 = 長, c=-14.4413, r=57.6296, perm=2
[INFO]  Word:2 = 沼, c=-14.6265, r=57.8878, perm=2
[INFO]  Word:3 = 興, c=-14.524, r=57.4798, perm=2
[INFO]  Word:4 = 趣, c=-14.4826, r=57.6075, perm=2
[INFO]  Word:5 = 1|, c=-14.4127, r=57.1302, perm=2
[INFO]  Word:6 = ミ, c=-14.4268, r=28.805, perm=2
[INFO]  Word:7 = カ, c=-14.4109, r=28.8182, perm=2
[INFO]  Word:8 = ヅ, c=-14.5147, r=28.9169, perm=2
[INFO]  Word:9 = キ, c=-14.3461, r=28.6514, perm=2
[INFO]  Word:10 = 靭, c=-14.586, r=71.9877, perm=2
[INFO]  Word:11 = 帯, c=-14.4905, r=72.037, perm=2
[INFO]  Word:12 = に, c=-14.5084, r=28.7928, perm=2
[INFO]  Word:13 = 関, c=-14.4088, r=71.8734, perm=2
[INFO]  Word:14 = す, c=-14.5958, r=29.0485, perm=2
[INFO]  Word:15 = る, c=-14.3258, r=28.6442, perm=2
[INFO]  Word:16 = 及, c=-14.3186, r=42.8705, perm=2
[INFO]  Word:17 = 川, c=-14.481, r=72.2458, perm=2
[INFO]  Word:18 = を, c=-14.5057, r=28.8967, perm=2
[INFO]  Word:19 = 箇, c=-14.5774, r=43.0537, perm=2
[INFO]  Word:20 = 所, c=-14.5768, r=43.2783, perm=2
[INFO]  Word:21 = 貌, c=-14.6052, r=72.2016, perm=2
[INFO]  Word:22 = マ, c=-14.4241, r=28.7467, perm=2
[INFO]  Word:23 = イ, c=-14.5027, r=28.8912, perm=2
[INFO]  Word:24 = ク, c=-14.4022, r=28.7895, perm=2
[INFO]  Word:25 = ロ, c=-14.4387, r=28.8402, perm=2
[INFO]  Word:26 = ソ, c=-14.4253, r=28.781, perm=2
[INFO]  Word:27 = フ, c=-14.4261, r=28.705, perm=2
[INFO]  Word:28 = ト, c=-14.5087, r=28.8411, perm=2
[INFO]  Word:29 = with(, c=-14.5531, r=144.117, perm=2
[INFO]  Word:30 = 更, c=-14.3933, r=57.1774, perm=2
[INFO]  Word:31 = 新, c=-14.4263, r=57.4605, perm=2
[INFO]  Word:32 = こ, c=-14.428, r=28.7274, perm=2
[INFO]  Word:33 = 号, c=-14.4637, r=57.661, perm=2
[INFO]  Word:34 = 牙, c=-14.4683, r=57.6112, perm=2
[INFO]  Word:35 = 歯, c=-14.4144, r=71.4186, perm=2
[INFO]  Word:36 = 医, c=-14.5599, r=57.5777, perm=2
[INFO]  Word:37 = 者, c=-14.3048, r=57.0629, perm=2
[INFO]  Word:38 = ン, c=-14.4668, r=28.879, perm=2
[INFO]  Word:39 = タ, c=-14.4114, r=28.7363, perm=2
[INFO]  Word:40 = ェ, c=-14.5403, r=28.8288, perm=2
[INFO]  Word:41 = ー, c=-14.4313, r=28.7302, perm=2
[INFO]  Word:42 = ス, c=-14.3761, r=28.6606, perm=2
[INFO]  Word:43 = 掘, c=-14.4885, r=71.8956, perm=2
[INFO]  Word:44 = ら, c=-14.4258, r=28.7792, perm=2
[INFO]  Word:45 = 湿, c=-14.4344, r=57.3405, perm=2
[INFO]  Word:46 = 地, c=-14.5016, r=43.0755, perm=2
[INFO]  Word:47 = が, c=-14.4617, r=28.8037, perm=2
[INFO]  Word:48 = エ, c=-14.4962, r=28.8249, perm=2
[INFO]  Word:49 = デ, c=-14.2873, r=28.5553, perm=2
[INFO]  Word:50 = ィ, c=-14.4706, r=28.7836, perm=2
[INFO]  Word:51 = シ, c=-14.3937, r=28.7146, perm=2
[INFO]  Word:52 = ョ, c=-14.4233, r=28.7957, perm=2
[INFO]  Word:53 = 伸, c=-14.4982, r=57.7456, perm=2
[INFO]  Word:54 = び, c=-14.4404, r=28.8483, perm=2
[INFO]  Word:55 = 公, c=-14.4333, r=43.1156, perm=2
[INFO]  Word:56 = 表, c=-14.5088, r=43.1405, perm=2
[INFO]  Word:57 = 0PROJECT, c=-14.5188, r=230.436, perm=2
[INFO]  Word:58 = 時, c=-14.2646, r=42.7577, perm=2
[INFO]  Word:59 = 期, c=-14.4167, r=71.8056, perm=2
[INFO]  Word:60 = 確, c=-14.4954, r=72.0609, perm=2
[INFO]  Word:61 = 実, c=-14.5481, r=72.1645, perm=2
[INFO]  Word:62 = ボ, c=-14.4313, r=28.769, perm=2
[INFO]  Word:63 = 他, c=-14.4383, r=43.117, perm=2
[INFO]  Word:64 = 方, c=-14.4379, r=71.6914, perm=2
[INFO]  Word:65 = ・, c=-14.3851, r=28.7665, perm=2
[INFO]  Word:66 = 極, c=-14.4745, r=71.8579, perm=2
[INFO]  Word:67 = Yao, c=-14.6478, r=86.5869, perm=2
[INFO]  Word:68 = 恒, c=-14.449, r=57.3924, perm=2
[INFO]  Word:69 = @3「, c=-14.5221, r=86.6238, perm=2
[INFO]  Word:70 = ヨ, c=-14.4696, r=28.8159, perm=2
[INFO]  Word:71 = お, c=-14.4542, r=28.8428, perm=2
[INFO]  Word:72 = 休, c=-14.5028, r=43.2175, perm=2
[INFO]  Word:73 = 肝, c=-14.4238, r=43.1882, perm=2
[INFO]  Word:74 = 諦, c=-14.4206, r=71.8364, perm=2
[INFO]  Word:75 = /, c=-14.4941, r=28.9347, perm=2
[INFO]  Word:76 = 運, c=-14.43, r=57.6206, perm=2
[INFO]  Word:77 = 動, c=-14.5522, r=72.1215, perm=2
[INFO]  Word:78 = 刺, c=-14.4641, r=71.2077, perm=2
[INFO]  Word:79 = さ, c=-14.4493, r=14.4493, perm=2
[INFO]  Word:80 = っ, c=-14.5333, r=29.0374, perm=2
[INFO]  Word:81 = ), c=-19.2137, r=33.5166, perm=2
[INFO]  Word:82 = ト, c=-19.2276, r=19.2276, perm=2
[INFO]  Word:83 = ①, c=-19.1614, r=19.1614, perm=2
[INFO]  Word:84 = ゴ, c=-19.1863, r=19.1863, perm=2
[INFO]  Word:85 = l~⑬\”i⑩, c=-26.7495, r=161.219, perm=2
[INFO]  Word:86 = ブ, c=-19.138, r=19.138, perm=2
[INFO]  Word:87 = o(, c=-19.3513, r=56.5073, perm=2
[INFO]  Word:88 = ず, c=-19.1054, r=19.1054, perm=2
[INFO]  Word:89 = ホ, c=-19.0587, r=19.0587, perm=2
[INFO]  Word:90 = ェ, c=-19.1905, r=19.1905, perm=2
[INFO]  Word:91 = 》P”, c=-19.3271, r=57.8201, perm=2
[INFO]  Word:92 = っ, c=-19.0743, r=19.0743, perm=2
[INFO]  Word:93 = 罷, c=-19.2471, r=38.4519, perm=2
[INFO]  Word:94 = ⑤l, c=-19.2572, r=38.4628, perm=2
[INFO]  Word:95 = ゃ, c=-19.2815, r=19.2815, perm=2
[INFO]  Word:96 = “[, c=-19.1777, r=38.2198, perm=2
[INFO]  Word:97 = セ, c=-19.241, r=19.241, perm=2
[INFO]  Word:98 = ?dh, c=-19.292, r=57.4467, perm=2
[INFO]  Word:99 = イ, c=-19.1029, r=19.1029, perm=2
[INFO]  Word:100 = も, c=-19.1064, r=19.1064, perm=2
[INFO]  Word:101 = $⑮48②, c=-19.25, r=96.0143, perm=2
[INFO]  Word:102 = ま, c=-19.1491, r=19.1491, perm=2
[INFO]  Word:103 = テ, c=-19.2215, r=19.2215, perm=2
[INFO]  Word:104 = 了, c=-19.2977, r=19.2977, perm=2
[INFO]  Word:105 = D, c=-19.2882, r=19.2882, perm=2
[INFO]  Word:106 = つ, c=-19.1537, r=19.1537, perm=2
[INFO]  Word:107 = ル, c=-19.2868, r=19.2868, perm=2
[INFO]  Word:108 = ガ, c=-19.2702, r=19.2702, perm=2
[INFO]  Word:109 = ヽ, c=-19.2567, r=19.2567, perm=2
[INFO]  Word:110 = ;f⑱, c=-23.3814, r=81.0669, perm=2
[INFO]  Word:111 = ヤ, c=-19.2469, r=19.2469, perm=2
[INFO]  Word:112 = 1]〒?, c=-19.2727, r=76.7426, perm=2
[INFO]  Word:113 = バ, c=-19.0984, r=19.0984, perm=2
[INFO]  Word:114 = ュ, c=-22.4098, r=41.5981, perm=2
[INFO]  Word:115 = え, c=-19.3176, r=19.3176, perm=2
[INFO]  Word:116 = プ, c=-19.1918, r=19.1918, perm=2
[INFO]  Word:117 = ー, c=-19.1614, r=19.1614, perm=2
[INFO]  Word:118 = ゑ, c=-19.1367, r=19.1367, perm=2
[INFO]  Word:119 = -#〆⑳, c=-19.4156, r=76.8527, perm=2
[INFO]  Word:120 = メ, c=-19.1858, r=19.1858, perm=2
[INFO]  Word:121 = 9, c=-19.1689, r=19.1689, perm=2
[INFO]  Word:122 = か, c=-18.968, r=18.968, perm=2
[INFO]  Word:123 = パ, c=-19.0734, r=19.0734, perm=2
[INFO]  Word:124 = o5‡, c=-19.2538, r=57.7443, perm=2
[INFO]  Word:125 = マ, c=-19.1425, r=19.1425, perm=2
[INFO]  Word:126 = …=, c=-19.257, r=38.4062, perm=2
[INFO]  Word:127 = わ, c=-18.9491, r=18.9491, perm=2
[INFO]  Word:128 = ろ, c=-19.1957, r=19.1957, perm=2
[INFO]  Word:129 = ぉ, c=-19.2948, r=19.2948, perm=2
[INFO]  Word:130 = &lt;⑪⑯』, c=-19.382, r=77.1453, perm=2
[INFO]  Word:131 = き, c=-19.2359, r=19.2359, perm=2
[INFO]  Word:132 = ヂ, c=-19.2034, r=19.2034, perm=2
[INFO]  Word:133 = グ, c=-19.1876, r=19.1876, perm=2
[INFO]  Word:134 = 〉⑳※, c=-19.2524, r=57.6109, perm=2
[INFO]  Word:135 = っ, c=-19.1239, r=36.1567, perm=2
[INFO]  Word:136 = 〕o, c=-19.3675, r=38.6222, perm=2
[INFO]  Word:137 = ペ, c=-19.2018, r=19.2018, perm=2
[INFO]  Word:138 = 〉, c=-19.1138, r=19.1138, perm=2
[INFO]  Word:139 = じ, c=-19.1284, r=19.1284, perm=2
[INFO]  Word:140 = ⓪, c=-19.287, r=19.287, perm=2
[INFO]  Word:141 = ア, c=-18.9886, r=18.9886, perm=2
[INFO]  Word:142 = ⑩, c=-19.2684, r=19.2684, perm=2
[INFO]  Word:143 = ヅ, c=-19.0591, r=19.0591, perm=2
[INFO]  Word:144 = P:, c=-19.3535, r=38.4519, perm=2
[INFO]  Word:145 = げ, c=-19.1329, r=19.1329, perm=2
[INFO]  Word:146 = ゑ, c=-19.3019, r=19.3019, perm=2
[INFO]  Word:147 = わ, c=-19.1351, r=19.1351, perm=2
[INFO]  Word:148 = ヅ, c=-19.1427, r=19.1427, perm=2
[INFO]  Word:149 = 了, c=-19.2501, r=19.2501, perm=2
[INFO]  Word:150 = ダ, c=-19.259, r=19.259, perm=2
[INFO]  Word:151 = K, c=-19.1286, r=19.1286, perm=2
[INFO]  Word:152 = ゅ, c=-19.1538, r=19.1538, perm=2
[INFO]  Word:153 = し, c=-23.0928, r=42.2537, perm=2
[INFO]  Word:154 = ④k, c=-19.2553, r=38.4709, perm=2
[INFO]  Word:155 = ピ, c=-19.08, r=19.08, perm=2
[INFO]  Word:156 = ソ, c=-19.0866, r=19.0866, perm=2
[INFO]  Word:157 = (7N”〈, c=-19.2363, r=96.048, perm=2
[INFO]  Word:158 = ろ, c=-19.2938, r=19.2938, perm=2
[INFO]  Word:159 = イ, c=-19.1179, r=19.1179, perm=2
[INFO]  Word:160 = ④, c=-19.197, r=19.197, perm=2
[INFO]  Word:161 = ぺ, c=-19.1806, r=19.1806, perm=2
[INFO]  Word:162 = 有, c=-19.158, r=19.158, perm=2
[INFO]  Word:163 = +:, c=-19.293, r=38.5118, perm=2
[INFO]  Word:164 = き, c=-19.2504, r=19.2504, perm=2
[INFO]  Word:165 = 〒%, c=-19.3231, r=38.5302, perm=2
[INFO]  Word:166 = ザ, c=-19.077, r=19.077, perm=2
[INFO]  Word:167 = 人, c=-19.0551, r=19.0551, perm=2
[INFO]  Word:168 = 々, c=-19.2873, r=19.2873, perm=2
[INFO]  Word:169 = P%⑯, c=-19.3446, r=57.5231, perm=2
[INFO]  Word:170 = ャ, c=-19.1726, r=19.1726, perm=2
[INFO]  Word:171 = へ, c=-19.0224, r=19.0224, perm=2
[INFO]  Word:172 = H⑥, c=-19.2719, r=38.4026, perm=2
[INFO]  Word:173 = ワ, c=-19.2171, r=19.2171, perm=2
[INFO]  Word:174 = 〟⑨, c=-19.2214, r=38.38, perm=2
[INFO]  Word:175 = ユ, c=-19.3142, r=19.3142, perm=2
[INFO]  Word:176 = N⑯%》, c=-28.7588, r=105.698, perm=2
[INFO]  Word:177 = ト, c=-19.3768, r=19.3768, perm=2
[INFO]  Word:178 = 【s, c=-19.2136, r=38.3576, perm=2
[INFO]  Word:179 = ョ, c=-19.1812, r=19.1812, perm=2
[INFO]  Word:180 = 8!T, c=-19.2493, r=57.4273, perm=2
[INFO]  Word:181 = ご, c=-19.0669, r=19.0669, perm=2
[INFO]  Word:182 = ヰ, c=-19.1858, r=19.1858, perm=2
[INFO]  Word:183 = e, c=-19.2436, r=19.2436, perm=2
[INFO]  Word:184 = ネ, c=-19.2616, r=37.5804, perm=2
[INFO]  Word:185 = ポ, c=-19.2062, r=19.2062, perm=2
[INFO]  Word:186 = 人, c=-19.0991, r=19.0991, perm=2
[INFO]  Word:187 = う, c=-19.1462, r=19.1462, perm=2
[INFO]  Word:188 = 》, c=-19.3366, r=19.3366, perm=2
[INFO]  Word:189 = ヂ, c=-22.7981, r=42.0778, perm=2
[INFO]  Word:190 = “8, c=-19.2949, r=56.7714, perm=2
[INFO]  Word:191 = し, c=-19.1528, r=19.1528, perm=2
[INFO]  Word:192 = メ, c=-19.2658, r=19.2658, perm=2
[INFO]  Word:193 = w, c=-19.2894, r=19.2894, perm=2
[INFO]  Word:194 = こ, c=-19.1639, r=19.1639, perm=2
[INFO]  Word:195 = セ, c=-19.2356, r=19.2356, perm=2
[INFO]  Word:196 = _, c=-19.2269, r=19.2269, perm=2
[INFO]  Word:197 = や, c=-19.1675, r=19.1675, perm=2
[INFO]  Word:198 = `《, c=-19.3841, r=38.478, perm=2
[INFO]  Word:199 = ぶ, c=-19.2728, r=19.2728, perm=2
[INFO]  Word:200 = 和, c=-19.0677, r=19.0677, perm=2
[INFO]  Word:201 = ,F⑦F⑭「⑧, c=-19.4526, r=134.578, perm=2
[INFO]  Word:202 = け, c=-18.9568, r=18.9568, perm=2
[INFO]  Word:203 = ⑨, c=-18.9838, r=18.9838, perm=2
[INFO]  Word:204 = ぁ, c=-19.1549, r=19.1549, perm=2
[INFO]  Word:205 = ん, c=-19.1283, r=19.1283, perm=2
[INFO]  Word:206 = カ, c=-19.1455, r=19.1455, perm=2
[INFO]  Word:207 = ", c=-19.2553, r=19.2553, perm=2
[INFO]  Word:208 = な, c=-19.2594, r=19.2594, perm=2
[INFO]  Word:209 = ァ, c=-21.9476, r=41.1033, perm=2
[INFO]  Word:210 = NW, c=-19.1535, r=38.2306, perm=2
[INFO]  Word:211 = ル, c=-24.4836, r=43.626, perm=2
[INFO]  Word:212 = :⑫, c=-19.2016, r=38.3936, perm=2
[INFO]  Word:213 = シ, c=-19.1527, r=19.1527, perm=2
[INFO]  Word:214 = プ, c=-19.3599, r=19.3599, perm=2
[INFO]  Word:215 = フ, c=-19.2078, r=19.2078, perm=2
[INFO]  Word:216 = わ, c=-19.2426, r=19.2426, perm=2
[INFO]  Word:217 = エ, c=-19.1897, r=19.1897, perm=2
[INFO]  Word:218 = ッ, c=-19.2593, r=19.2593, perm=2
[INFO]  Word:219 = CR・, c=-19.2741, r=57.6773, perm=2
[INFO]  Word:220 = ゼ, c=-19.3383, r=19.3383, perm=2
[INFO]  Word:221 = ハ, c=-19.2368, r=19.2368, perm=2
[INFO]  Word:222 = gG, c=-19.3949, r=38.6547, perm=2
[INFO]  Word:223 = ら, c=-19.4222, r=19.4222, perm=2
[INFO]  Word:224 = Uw“, c=-19.2042, r=57.1884, perm=2
[INFO]  Word:225 = っ, c=-19.163, r=19.163, perm=2
[INFO]  Word:226 = a, c=-19.1422, r=19.1422, perm=2
[INFO]  Word:227 = ボ, c=-19.1716, r=19.1716, perm=2
[INFO]  Word:228 = ふ, c=-19.3801, r=19.3801, perm=2
[INFO]  Word:229 = く, c=-19.2415, r=19.2415, perm=2
[INFO]  Word:230 = ③, c=-19.0393, r=19.0393, perm=2
[INFO]  Word:231 = べ, c=-19.1424, r=19.1424, perm=2
[INFO]  Word:232 = IBh、, c=-19.221, r=76.5894, perm=2
[INFO]  Word:233 = ウ, c=-19.1678, r=19.1678, perm=2
[INFO]  Word:234 = ノ, c=-19.132, r=19.132, perm=2
[INFO]  Word:235 = ズ, c=-19.158, r=19.158, perm=2
[INFO]  Word:236 = ほ, c=-19.1376, r=19.1376, perm=2
[INFO]  Word:237 = テ, c=-19.1284, r=19.1284, perm=2
[INFO]  Word:238 = ェ, c=-19.1408, r=19.1408, perm=2
[INFO]  Word:239 = ぞ, c=-19.2026, r=19.2026, perm=2
[INFO]  Word:240 = ゴ, c=-19.2204, r=19.2204, perm=2
[INFO]  Word:241 = i, c=-19.1693, r=19.1693, perm=2
[INFO]  Word:242 = ボ, c=-19.0459, r=19.0459, perm=2
[INFO]  Word:243 = モ, c=-19.2891, r=19.2891, perm=2
[INFO]  Word:244 = キ, c=-19.0618, r=19.0618, perm=2
[INFO]  Word:245 = 】s⑪s2O, c=-19.2062, r=114.844, perm=2
[INFO]  Word:246 = け, c=-19.1696, r=19.1696, perm=2
[INFO]  Word:247 = ペ, c=-19.124, r=19.124, perm=2
[INFO]  Word:248 = リ, c=-19.2388, r=19.2388, perm=2
[INFO]  Word:249 = U%P, c=-19.346, r=57.8285, perm=2
[INFO]  Word:250 = が, c=-19.1728, r=19.1728, perm=2
[INFO]  Word:251 = x_, c=-19.1374, r=38.2622, perm=2
[INFO]  Word:252 = を, c=-19.2438, r=19.2438, perm=2
[INFO]  Word:253 = ン, c=-19.1255, r=19.1255, perm=2
[INFO]  Word:254 = 了, c=-19.2377, r=19.2377, perm=2
[INFO]  Word:255 = ①, c=-19.3596, r=19.3596, perm=2
[INFO]  Word:256 = ゆ, c=-19.1514, r=19.1514, perm=2
[INFO]  Word:257 = ド, c=-19.1147, r=19.1147, perm=2
[INFO]  Word:258 = Z, c=-19.1095, r=19.1095, perm=2
[INFO]  Word:259 = モ, c=-19.3424, r=19.3424, perm=2
[INFO]  Word:260 = ゅ, c=-19.0639, r=19.0639, perm=2
[INFO]  Word:261 = ア, c=-19.1947, r=19.1947, perm=2
[INFO]  Word:262 = ズ, c=-19.2015, r=19.2015, perm=2
[INFO]  Word:263 = せ, c=-19.2495, r=19.2495, perm=2
[INFO]  Word:264 = ヤ, c=-19.5477, r=38.7861, perm=2
[INFO]  Word:265 = X》, c=-19.1776, r=38.3134, perm=2
[INFO]  Word:266 = わ, c=-19.1497, r=19.1497, perm=2
[INFO]  Word:267 = ャ, c=-19.214, r=19.214, perm=2
[INFO]  Word:268 = v〈, c=-20.7722, r=79.652, perm=2
[INFO]  Word:269 = 有, c=-19.0509, r=19.0509, perm=2
[INFO]  Word:270 = オ, c=-19.3849, r=19.3849, perm=2
[INFO]  Word:271 = バ, c=-19.0689, r=19.0689, perm=2
[INFO]  Word:272 = ⑳}, c=-19.3495, r=38.6226, perm=2
[INFO]  Word:273 = ハ, c=-19.2156, r=19.2156, perm=2
[INFO]  Word:274 = わ, c=-19.2063, r=19.2063, perm=2
[INFO]  Word:275 = い, c=-19.1392, r=19.1392, perm=2
[INFO]  Word:276 = お, c=-19.2514, r=19.2514, perm=2
[INFO]  Word:277 = グ, c=-19.121, r=19.121, perm=2
[INFO]  Word:278 = ヰ, c=-19.3105, r=19.3105, perm=2
[INFO]  Word:279 = ⑤, c=-19.2157, r=19.2157, perm=2
[INFO]  Word:280 = ぬ, c=-19.9084, r=39.1441, perm=2
[INFO]  Word:281 = N。※, c=-19.2825, r=57.5585, perm=2
[INFO]  Word:282 = ケ, c=-19.0974, r=19.0974, perm=2
[INFO]  Word:283 = ャ, c=-19.1631, r=19.1631, perm=2
[INFO]  Word:284 = ョ, c=-19.2689, r=19.2689, perm=2
[INFO]  Word:285 = …|a⑲-, c=-19.3807, r=96.2518, perm=2
[INFO]  Word:286 = パ, c=-19.1918, r=19.1918, perm=2
[INFO]  Word:287 = b, c=-18.996, r=18.996, perm=2
[INFO]  Word:288 = ぷ, c=-19.2249, r=19.2249, perm=2
[INFO]  Word:289 = せ, c=-19.1339, r=19.1339, perm=2
[INFO]  Word:290 = ボ, c=-19.2587, r=19.2587, perm=2
[INFO]  Word:291 = シ, c=-19.2105, r=19.2105, perm=2
[INFO]  Word:292 = ZG2《, c=-19.2777, r=76.9265, perm=2
[INFO]  Word:293 = そ, c=-18.9976, r=18.9976, perm=2
[INFO]  Word:294 = ツ, c=-19.1548, r=19.1548, perm=2
[INFO]  Word:295 = 3, c=-19.1962, r=19.1962, perm=2
[INFO]  Word:296 = O, c=-19.2814, r=19.2814, perm=2
[INFO]  Word:297 = エ, c=-19.2849, r=19.2849, perm=2
[INFO]  Word:298 = .I, c=-19.1947, r=38.323, perm=2
[INFO]  Word:299 = か, c=-19.177, r=19.177, perm=2
[INFO]  Word:300 = ”, c=-19.109, r=19.109, perm=2
[INFO]  Word:301 = ボ, c=-19.2343, r=19.2343, perm=2
[INFO]  Word:302 = た, c=-19.5885, r=38.9786, perm=2
[INFO]  Word:303 = U⑫no, c=-19.4276, r=96.5004, perm=2
[INFO]  Word:304 = ゴ, c=-19.2108, r=19.2108, perm=2
[INFO]  Word:305 = ⑤T&gt;⑫, c=-19.2551, r=94.7239, perm=2
[INFO]  Word:306 = ょ, c=-19.3017, r=19.3017, perm=2
[INFO]  Word:307 = N], c=-19.3279, r=38.4671, perm=2
[INFO]  Word:308 = っ, c=-19.053, r=19.053, perm=2
[INFO]  Word:309 = シ, c=-19.2936, r=19.2936, perm=2
[INFO]  Word:310 = 0, c=-19.2776, r=19.2776, perm=2
[INFO]  Word:311 = ペ, c=-19.2279, r=19.2279, perm=2
[INFO]  Word:312 = よ, c=-19.2181, r=19.2181, perm=2
[INFO]  Word:313 = ヶ, c=-19.2998, r=19.2998, perm=2
[INFO]  Word:314 = }, c=-19.0872, r=19.0872, perm=2
[INFO]  Word:315 = よ, c=-18.9226, r=18.9226, perm=2
[INFO]  Word:316 = ず, c=-19.1394, r=19.1394, perm=2
[INFO]  Word:317 = ト, c=-21.1361, r=40.2958, perm=2
[INFO]  Word:318 = ‥}⑫, c=-19.2609, r=57.5738, perm=2
[INFO]  Word:319 = チ, c=-19.1961, r=19.1961, perm=2
[INFO]  Word:320 = H, c=-19.2245, r=19.2245, perm=2
[INFO]  Word:321 = カ, c=-19.0905, r=19.0905, perm=2
[INFO]  Word:322 = ぞ, c=-19.1186, r=19.1186, perm=2
[INFO]  Word:323 = ~「, c=-19.276, r=38.519, perm=2
[INFO]  Word:324 = ヘ, c=-19.3026, r=19.3026, perm=2
[INFO]  Word:325 = ぽ, c=-19.1506, r=19.1506, perm=2
[INFO]  Word:326 = リ, c=-19.2441, r=19.2441, perm=2
[INFO]  Word:327 = ク, c=-19.2414, r=19.2414, perm=2
[INFO]  Word:328 = フ, c=-19.1471, r=19.1471, perm=2
[INFO]  Word:329 = \, c=-19.3171, r=19.3171, perm=2
[INFO]  Word:330 = ヮ, c=-19.4152, r=38.7021, perm=2
[INFO]  Word:331 = c, c=-19.2428, r=19.2428, perm=2
[INFO]  Word:332 = 邊, c=-19.3559, r=57.7977, perm=2
[INFO]  Word:333 = {, c=-19.184, r=19.184, perm=2
[INFO]  Word:334 = ネ, c=-19.2414, r=19.2414, perm=2
[INFO]  Word:335 = ノ, c=-19.1397, r=19.1397, perm=2
[INFO]  Word:336 = オ, c=-19.1743, r=19.1743, perm=2
[INFO]  Word:337 = V, c=-19.0726, r=19.0726, perm=2
[INFO]  Word:338 = ぐ, c=-19.1033, r=19.1033, perm=2
[INFO]  Word:339 = も, c=-19.2933, r=19.2933, perm=2
[INFO]  Word:340 = 〒D⑧‡※, c=-19.3925, r=96.2427, perm=2
[INFO]  Word:341 = 了, c=-19.1869, r=19.1869, perm=2
[INFO]  Word:342 = ィ, c=-19.3407, r=19.3407, perm=2
[INFO]  Word:343 = 4, c=-19.1379, r=19.1379, perm=2
[INFO]  Word:344 = レ, c=-19.0369, r=19.0369, perm=2
[INFO]  Word:345 = わ, c=-19.0889, r=19.0889, perm=2
[INFO]  Word:346 = ”, c=-19.2668, r=19.2668, perm=2
[INFO]  Word:347 = ヱ, c=-19.2241, r=19.2241, perm=2
[INFO]  Word:348 = ジ, c=-19.112, r=36.2604, perm=2
[INFO]  Word:349 = ゴ, c=-19.2109, r=19.2109, perm=2
[INFO]  Word:350 = ろ, c=-19.1989, r=19.1989, perm=2
[INFO]  Word:351 = せ, c=-19.2488, r=19.2488, perm=2
[INFO]  Word:352 = /, c=-19.1776, r=19.1776, perm=2
[INFO]  Word:353 = ぃ, c=-19.3457, r=19.3457, perm=2
[INFO]  Word:354 = ど, c=-19.2242, r=19.2242, perm=2
[INFO]  Word:355 = ⑭Z〒, c=-19.1633, r=57.4273, perm=2
[INFO]  Word:356 = エ, c=-19.214, r=19.214, perm=2
[INFO]  Word:357 = ゥ, c=-20.4521, r=39.7331, perm=2
[INFO]  Word:358 = リ, c=-24.1972, r=43.4745, perm=2
[INFO]  Word:359 = ち, c=-19.3283, r=19.3283, perm=2
[INFO]  Word:360 = ル, c=-19.2345, r=19.2345, perm=2
[INFO]  Word:361 = ‡, c=-19.0365, r=19.0365, perm=2
[INFO]  Word:362 = み, c=-19.1441, r=19.1441, perm=2
[INFO]  Word:363 = ^⑰}, c=-19.3009, r=57.7129, perm=2
[INFO]  Word:364 = 〇, c=-19.2637, r=19.2637, perm=2
[INFO]  Word:365 = け, c=-19.2252, r=19.2252, perm=2
[INFO]  Word:366 = ょ, c=-19.2438, r=38.3897, perm=2
[INFO]  Word:367 = ヘ, c=-19.053, r=19.053, perm=2
[INFO]  Word:368 = 7, c=-19.1955, r=19.1955, perm=2
[INFO]  Word:369 = ヘ, c=-19.2897, r=19.2897, perm=2
[INFO]  Word:370 = ビ, c=-19.2207, r=19.2207, perm=2
[INFO]  Word:371 = ⑬^…, c=-19.1264, r=57.2992, perm=2
[INFO]  Word:372 = ビ, c=-19.2261, r=19.2261, perm=2
[INFO]  Word:373 = 〟, c=-19.1266, r=19.1266, perm=2
[INFO]  Word:374 = う, c=-19.1488, r=19.1488, perm=2
[INFO]  Word:375 = シ, c=-19.1973, r=19.1973, perm=2
[INFO]  Word:376 = ,, c=-19.1886, r=19.1886, perm=2
[INFO]  Word:377 = ど, c=-19.2698, r=19.2698, perm=2
[INFO]  Word:378 = (, c=-19.1419, r=19.1419, perm=2
[INFO]  Word:379 = に, c=-19.0751, r=19.0751, perm=2
[INFO]  Word:380 = ④, c=-19.1058, r=19.1058, perm=2
[INFO]  Word:381 = だ, c=-19.1819, r=19.1819, perm=2
[INFO]  Word:382 = 《Q⑪?, c=-19.2601, r=76.6863, perm=2
[INFO]  Word:383 = 下, c=-19.246, r=38.4688, perm=2
[INFO]  Word:384 = v, c=-19.1626, r=19.1626, perm=2
[INFO]  Word:385 = メ, c=-19.3057, r=19.3057, perm=2
[INFO]  Word:386 = Mb, c=-19.1223, r=38.1786, perm=2
[INFO]  Word:387 = ズ, c=-19.1725, r=19.1725, perm=2
[INFO]  Word:388 = 悶, c=-19.2773, r=38.4911, perm=2
[INFO]  Word:389 = ‡, c=-19.2116, r=19.2116, perm=2
[INFO]  Word:390 = サ, c=-19.1434, r=19.1434, perm=2
[INFO]  Word:391 = n, c=-19.2295, r=19.2295, perm=2
[INFO]  Word:392 = ィ, c=-19.1352, r=19.1352, perm=2
[INFO]  Word:393 = ユ, c=-19.1691, r=19.1691, perm=2
[INFO]  Word:394 = せ, c=-19.2118, r=19.2118, perm=2
[INFO]  Word:395 = の, c=-19.1078, r=19.1078, perm=2
[INFO]  Word:396 = ゅ, c=-19.0133, r=19.0133, perm=2
[INFO]  Word:397 = ゆ, c=-19.1306, r=19.1306, perm=2
[INFO]  Word:398 = J〒, c=-19.2147, r=38.2929, perm=2
[INFO]  Word:399 = く, c=-19.3073, r=19.3073, perm=2
[INFO]  Word:400 = /g, c=-19.234, r=38.3084, perm=2
[INFO]  Word:401 = ャ, c=-19.2016, r=19.2016, perm=2
[INFO]  Word:402 = ノ, c=-19.0511, r=19.0511, perm=2
[INFO]  Word:403 = た, c=-19.1908, r=19.1908, perm=2
[INFO]  Word:404 = …, c=-19.1251, r=19.1251, perm=2
[INFO]  Word:405 = た, c=-19.2902, r=19.2902, perm=2
[INFO]  Word:406 = |, c=-19.1389, r=19.1389, perm=2
[INFO]  Word:407 = ケ, c=-19.2053, r=19.2053, perm=2
[INFO]  Word:408 = ダ, c=-19.3273, r=19.3273, perm=2
[INFO]  Word:409 = ず, c=-18.9239, r=18.9239, perm=2
[INFO]  Word:410 = Xr, c=-19.1033, r=38.2022, perm=2
[INFO]  Word:411 = イ, c=-19.1486, r=19.1486, perm=2
[INFO]  Word:412 = B, c=-19.1615, r=19.1615, perm=2
[INFO]  Word:413 = ぢ, c=-19.2815, r=19.2815, perm=2
[INFO]  Word:414 = ヨ, c=-18.8489, r=18.8489, perm=2
[INFO]  Word:415 = ,$, c=-19.2568, r=38.3444, perm=2
[INFO]  Word:416 = ょ, c=-19.3385, r=19.3385, perm=2
[INFO]  Word:417 = 〒, c=-19.1278, r=19.1278, perm=2
[INFO]  Word:418 = ル, c=-19.2754, r=19.2754, perm=2
[INFO]  Word:419 = ヒ, c=-19.0452, r=19.0452, perm=2
[INFO]  Word:420 = 《, c=-19.2025, r=19.2025, perm=2
[INFO]  Word:421 = ち, c=-19.3015, r=19.3015, perm=2
[INFO]  Word:422 = が, c=-19.2408, r=19.2408, perm=2
[INFO]  Word:423 = プ, c=-19.1648, r=19.1648, perm=2
[INFO]  Word:424 = ピ, c=-19.1309, r=19.1309, perm=2
[INFO]  Word:425 = EQ, c=-19.3128, r=38.5518, perm=2
[INFO]  Word:426 = あ, c=-19.3222, r=19.3222, perm=2
[INFO]  Word:427 = ]6, c=-19.1411, r=38.0796, perm=2
[INFO]  Word:428 = オ, c=-19.2746, r=19.2746, perm=2
[INFO]  Word:429 = ヘ, c=-19.0815, r=19.0815, perm=2
[INFO]  Word:430 = ヒ, c=-19.2383, r=19.2383, perm=2
[INFO]  Word:431 = ヨ, c=-19.278, r=19.278, perm=2
[INFO]  Word:432 = ;6x, c=-19.302, r=57.7478, perm=2
[INFO]  Word:433 = ヮ, c=-19.2815, r=19.2815, perm=2
[INFO]  Word:434 = X, c=-19.1172, r=19.1172, perm=2
[INFO]  Word:435 = ゥ, c=-19.0505, r=19.0505, perm=2
[INFO]  Word:436 = ぐ, c=-19.0915, r=19.0915, perm=2
[INFO]  Word:437 = ダ, c=-18.9767, r=18.9767, perm=2
[INFO]  Word:438 = F, c=-19.2408, r=19.2408, perm=2
[INFO]  Word:439 = ベ, c=-19.229, r=19.229, perm=2
[INFO]  Word:440 = 〈, c=-19.2641, r=19.2641, perm=2
[INFO]  Word:441 = ず, c=-19.4482, r=19.4482, perm=2
[INFO]  Word:442 = $EP5⑩⑦, c=-19.5079, r=134.684, perm=2
[INFO]  Word:443 = え, c=-31.4012, r=79.3264, perm=2
[INFO]  Word:444 = ぬ, c=-19.4492, r=19.4492, perm=2
[INFO]  Word:445 = ル, c=-19.0297, r=19.0297, perm=2
[INFO]  Word:446 = ぼ, c=-19.3365, r=19.3365, perm=2
[INFO]  Word:447 = 了, c=-19.1188, r=19.1188, perm=2
[INFO]  Word:448 = 3, c=-19.1618, r=19.1618, perm=2
[INFO]  Word:449 = リ, c=-19.1491, r=19.1491, perm=2
[INFO]  Word:450 = V⑤, c=-19.4398, r=38.3178, perm=2
[INFO]  Word:451 = ゥ, c=-19.1328, r=19.1328, perm=2
[INFO]  Word:452 = 3, c=-19.1974, r=19.1974, perm=2
[INFO]  Word:453 = ょ, c=-19.2307, r=19.2307, perm=2
[INFO]  Word:454 = も, c=-19.2691, r=19.2691, perm=2
[INFO]  Word:455 = {S, c=-19.2442, r=38.2999, perm=2
[INFO]  Word:456 = ヽ, c=-19.258, r=19.258, perm=2
[INFO]  Word:457 = 。m『⓪L〆m②L, c=-19.4656, r=172.472, perm=2
[INFO]  Word:458 = ゐ, c=-19.2193, r=19.2193, perm=2
[INFO]  Word:459 = ③, c=-19.0603, r=19.0603, perm=2
[INFO]  Word:460 = ヅ, c=-19.0495, r=19.0495, perm=2
[INFO]  Word:461 = 〇, c=-25.3606, r=44.576, perm=2
[INFO]  Word:462 = ①, c=-19.1571, r=19.1571, perm=2
[INFO]  Word:463 = ュ, c=-18.9908, r=18.9908, perm=2
[INFO]  Word:464 = ト, c=-19.1006, r=19.1006, perm=2
[INFO]  Word:465 = ゝ, c=-19.1328, r=19.1328, perm=2
[INFO]  Word:466 = 8『, c=-19.1973, r=38.2285, perm=2
[INFO]  Word:467 = ミ, c=-19.1781, r=19.1781, perm=2
[INFO]  Word:468 = ョ, c=-19.1542, r=19.1542, perm=2
[INFO]  Word:469 = w, c=-19.227, r=19.227, perm=2
[INFO]  Word:470 = 和, c=-19.3172, r=19.3172, perm=2
[INFO]  Word:471 = ぴ, c=-19.2268, r=19.2268, perm=2
[INFO]  Word:472 = け, c=-20.4323, r=39.8025, perm=2
[INFO]  Word:473 = c『, c=-19.3061, r=38.559, perm=2
[INFO]  Word:474 = ォ, c=-25.1318, r=44.1633, perm=2
[INFO]  Word:475 = ッ, c=-19.0966, r=19.0966, perm=2
[INFO]  Word:476 = ', c=-19.2199, r=19.2199, perm=2
[INFO]  Word:477 = ズ, c=-19.0294, r=19.0294, perm=2
[INFO]  Word:478 = サ, c=-19.1584, r=19.1584, perm=2
[INFO]  Word:479 = レ, c=-19.2036, r=19.2036, perm=2
[INFO]  Word:480 = う, c=-19.2271, r=19.2271, perm=2
[INFO]  Word:481 = _$, c=-19.1778, r=38.3149, perm=2
[INFO]  Word:482 = う, c=-19.1244, r=19.1244, perm=2
[INFO]  Word:483 = Z+《"Z, c=-20.8965, r=116.712, perm=2
[INFO]  Word:484 = は, c=-19.174, r=19.174, perm=2
[INFO]  Word:485 = 〝f, c=-19.1904, r=38.2989, perm=2
[INFO]  Word:486 = ゴ, c=-22.4806, r=41.6526, perm=2
[INFO]  Word:487 = e\〒, c=-19.2468, r=57.6654, perm=2
[INFO]  Word:488 = ミ, c=-19.2705, r=19.2705, perm=2
[INFO]  Word:489 = せ, c=-19.1931, r=19.1931, perm=2
[INFO]  Word:490 = ト, c=-19.2489, r=19.2489, perm=2
[INFO]  Word:491 = ァ, c=-19.1391, r=19.1391, perm=2
[INFO]  Word:492 = 2‥vU, c=-19.2559, r=76.8633, perm=2
[INFO]  Word:493 = ブ, c=-19.2773, r=19.2773, perm=2
[INFO]  Word:494 = つ, c=-19.224, r=19.224, perm=2
[INFO]  Word:495 = ぬ, c=-19.264, r=19.264, perm=2
[INFO]  Word:496 = F, c=-19.1367, r=19.1367, perm=2
[INFO]  Word:497 = ハ, c=-19.0887, r=19.0887, perm=2
[INFO]  Word:498 = か, c=-19.0374, r=19.0374, perm=2
[INFO]  Word:499 = ず, c=-19.2143, r=19.2143, perm=2
[INFO]  Word:500 = ぅ, c=-19.3416, r=19.3416, perm=2
[INFO]  Word:501 = \, c=-19.1315, r=19.1315, perm=2
[INFO]  Word:502 = ヒ, c=-19.0326, r=19.0326, perm=2
[INFO]  Word:503 = デ, c=-19.2154, r=19.2154, perm=2
[INFO]  Word:504 = し, c=-19.0557, r=19.0557, perm=2
[INFO]  Word:505 = カ, c=-19.1943, r=19.1943, perm=2
[INFO]  Word:506 = F, c=-19.1153, r=19.1153, perm=2
[INFO]  Word:507 = ゞ, c=-19.1555, r=19.1555, perm=2
[INFO]  Word:508 = ⑦, c=-19.3605, r=19.3605, perm=2
[INFO]  Word:509 = ヒ, c=-19.2503, r=19.2503, perm=2
[INFO]  Word:510 = ⑲W, c=-19.1246, r=38.1411, perm=2
[INFO]  Word:511 = ら, c=-19.2206, r=19.2206, perm=2
[INFO]  Word:512 = a, c=-19.1501, r=19.1501, perm=2
[INFO]  Word:513 = ざ, c=-22.4562, r=41.5902, perm=2
[INFO]  Word:514 = U, c=-19.1229, r=19.1229, perm=2
[INFO]  Word:515 = ヌ, c=-19.1728, r=19.1728, perm=2
[INFO]  Word:516 = 々, c=-19.2844, r=19.2844, perm=2
[INFO]  Word:517 = i{@, c=-19.2367, r=57.5924, perm=2
[INFO]  Word:518 = ノ, c=-19.3699, r=19.3699, perm=2
[INFO]  Word:519 = U, c=-19.1602, r=19.1602, perm=2
[INFO]  Word:520 = ク, c=-19.2755, r=19.2755, perm=2
[INFO]  Word:521 = ザ, c=-19.199, r=19.199, perm=2
[INFO]  Word:522 = 》ーX, c=-20.3751, r=98.1959, perm=2
[INFO]  Word:523 = ざ, c=-19.142, r=19.142, perm=2
[INFO]  Word:524 = ぜ, c=-19.1977, r=19.1977, perm=2
[INFO]  Word:525 = タ, c=-19.1694, r=19.1694, perm=2
[INFO]  Word:526 = ォ, c=-19.0776, r=19.0776, perm=2
[INFO]  Word:527 = _!1”, c=-19.309, r=76.8014, perm=2
[INFO]  Word:528 = マ, c=-19.2581, r=19.2581, perm=2
[INFO]  Word:529 = -], c=-19.2603, r=38.4951, perm=2
[INFO]  Word:530 = み, c=-19.0797, r=19.0797, perm=2
[INFO]  Word:531 = \?, c=-19.3365, r=38.5235, perm=2
[INFO]  Word:532 = ァ, c=-19.1838, r=19.1838, perm=2
[INFO]  Word:533 = チ, c=-19.2739, r=19.2739, perm=2
[INFO]  Word:534 = ネ, c=-19.154, r=19.154, perm=2
[INFO]  Word:535 = ゆ, c=-19.0906, r=19.0906, perm=2
[INFO]  Word:536 = づ, c=-19.1922, r=19.1922, perm=2
[INFO]  Word:537 = た, c=-19.1688, r=19.1688, perm=2
[INFO]  Word:538 = 5, c=-19.205, r=19.205, perm=2
[INFO]  Word:539 = ど, c=-19.2412, r=19.2412, perm=2
[INFO]  Word:540 = `n, c=-19.2428, r=38.4052, perm=2
[INFO]  Word:541 = て, c=-19.2614, r=19.2614, perm=2
[INFO]  Word:542 = ヽ, c=-19.1198, r=19.1198, perm=2
[INFO]  Word:543 = ほ, c=-19.0834, r=19.0834, perm=2
[INFO]  Word:544 = 々, c=-19.0741, r=19.0741, perm=2
[INFO]  Word:545 = f, c=-19.1077, r=19.1077, perm=2
[INFO]  Word:546 = ゴ, c=-19.1859, r=19.1859, perm=2
[INFO]  Word:547 = よ, c=-19.1674, r=19.1674, perm=2
[INFO]  Word:548 = ④, c=-19.2028, r=37.2563, perm=2
[INFO]  Word:549 = ぜ, c=-19.2802, r=19.2802, perm=2
[INFO]  Word:550 = ぺ, c=-19.1279, r=19.1279, perm=2
[INFO]  Word:551 = ヨ, c=-19.1458, r=19.1458, perm=2
[INFO]  Word:552 = Q, c=-19.2808, r=19.2808, perm=2
[INFO]  Word:553 = ヤ, c=-19.157, r=19.157, perm=2
[INFO]  Word:554 = ィ, c=-19.2347, r=19.2347, perm=2
[INFO]  Word:555 = 9{, c=-19.1639, r=38.2586, perm=2
[INFO]  Word:556 = 林, c=-22.4842, r=80.1118, perm=2
[INFO]  Word:557 = サ, c=-19.2489, r=19.2489, perm=2
[INFO]  Word:558 = ヌ, c=-19.0765, r=19.0765, perm=2
[INFO]  Word:559 = 「, c=-19.2491, r=19.2491, perm=2
[INFO]  Word:560 = ぇ, c=-19.0015, r=19.0015, perm=2
[INFO]  Word:561 = Q?_, c=-19.2778, r=57.5737, perm=2
[INFO]  Word:562 = も, c=-19.1814, r=19.1814, perm=2
[INFO]  Word:563 = ほ, c=-19.1416, r=19.1416, perm=2
[INFO]  Word:564 = よ, c=-19.316, r=19.316, perm=2
[INFO]  Word:565 = ワ, c=-19.2033, r=19.2033, perm=2
[INFO]  Word:566 = )m`P, c=-19.3091, r=76.554, perm=2
[INFO]  Word:567 = ぉ, c=-19.2159, r=19.2159, perm=2
[INFO]  Word:568 = に, c=-19.1647, r=19.1647, perm=2
[INFO]  Word:569 = gZ, c=-19.0656, r=38.0534, perm=2
[INFO]  Word:570 = は, c=-19.2311, r=19.2311, perm=2
[INFO]  Word:571 = ほ, c=-19.1543, r=19.1543, perm=2
[INFO]  Word:572 = せ, c=-18.9305, r=18.9305, perm=2
[INFO]  Word:573 = G④, c=-19.5049, r=58.1893, perm=2
[INFO]  Word:574 = だ, c=-19.1764, r=19.1764, perm=2
[INFO]  Word:575 = ヶ, c=-19.2278, r=19.2278, perm=2
[INFO]  Word:576 = チ, c=-19.1556, r=19.1556, perm=2
[INFO]  Word:577 = ょ, c=-19.2509, r=19.2509, perm=2
[INFO]  Word:578 = ビ, c=-19.0506, r=19.0506, perm=2
[INFO]  Word:579 = caM, c=-19.3687, r=57.9299, perm=2
[INFO]  Word:580 = ビ, c=-19.2552, r=19.2552, perm=2
[INFO]  Word:581 = ゐ, c=-19.2047, r=19.2047, perm=2
[INFO]  Word:582 = た, c=-19.1184, r=19.1184, perm=2
[INFO]  Word:583 = ぬ, c=-19.0892, r=19.0892, perm=2
[INFO]  Word:584 = ゑ, c=-19.217, r=19.217, perm=2
[INFO]  Word:585 = ポ, c=-19.148, r=19.148, perm=2
[INFO]  Word:586 = |, c=-20.191, r=39.3222, perm=2
[INFO]  Word:587 = ヱ, c=-19.2135, r=19.2135, perm=2
[INFO]  Word:588 = ヮ, c=-19.1111, r=19.1111, perm=2
[INFO]  Word:589 = な, c=-19.2595, r=19.2595, perm=2
[INFO]  Word:590 = x:, c=-19.304, r=38.4741, perm=2
[INFO]  Word:591 = る, c=-19.2926, r=19.2926, perm=2
[INFO]  Word:592 = キ, c=-19.3592, r=19.3592, perm=2
[INFO]  Word:593 = ド, c=-19.1842, r=19.1842, perm=2
[INFO]  Word:594 = v⑤D, c=-19.2389, r=57.5962, perm=2
[INFO]  Word:595 = ヌ, c=-19.3072, r=19.3072, perm=2
[INFO]  Word:596 = ⑳③g1, c=-19.3903, r=76.7875, perm=2
[INFO]  Word:597 = ラ, c=-19.4032, r=19.4032, perm=2
[INFO]  Word:598 = $u, c=-19.2245, r=38.3482, perm=2
[INFO]  Word:599 = ぃ, c=-19.2557, r=19.2557, perm=2
[INFO]  Word:600 = ゐ, c=-19.2424, r=19.2424, perm=2
[INFO]  Word:601 = ダ, c=-19.2481, r=19.2481, perm=2
[INFO]  Word:602 = ナ, c=-19.061, r=19.061, perm=2
[INFO]  Word:603 = モ, c=-19.1293, r=19.1293, perm=2
[INFO]  Word:604 = 和, c=-19.2978, r=19.2978, perm=2
[INFO]  Word:605 = l, c=-19.3485, r=19.3485, perm=2
[INFO]  Word:606 = ぺ, c=-19.1497, r=19.1497, perm=2
[INFO]  Word:607 = ヵ, c=-19.1701, r=19.1701, perm=2
[INFO]  Word:608 = フ, c=-19.2776, r=19.2776, perm=2
[INFO]  Word:609 = ず, c=-19.3159, r=19.3159, perm=2
[INFO]  Word:610 = ホ, c=-19.2842, r=19.2842, perm=2
[INFO]  Word:611 = K@~③, c=-19.3044, r=76.7504, perm=2
[INFO]  Word:612 = 和, c=-24.8733, r=44.0219, perm=2
[INFO]  Word:613 = ど, c=-19.0287, r=19.0287, perm=2
[INFO]  Word:614 = り, c=-19.2733, r=19.2733, perm=2
[INFO]  Word:615 = ぶ, c=-19.2878, r=19.2878, perm=2
[INFO]  Word:616 = ぇ, c=-20.0009, r=39.1023, perm=2
[INFO]  Word:617 = つ, c=-19.0985, r=19.0985, perm=2
[INFO]  Word:618 = ぎ, c=-19.0955, r=19.0955, perm=2
[INFO]  Word:619 = デ, c=-19.321, r=19.321, perm=2
[INFO]  Word:620 = う, c=-19.2137, r=19.2137, perm=2
[INFO]  Word:621 = ス, c=-19.2838, r=19.2838, perm=2
[INFO]  Word:622 = か, c=-19.4186, r=19.4186, perm=2
[INFO]  Word:623 = ゲ, c=-19.2786, r=19.2786, perm=2
[INFO]  Word:624 = 01, c=-19.1655, r=38.2002, perm=2
[INFO]  Word:625 = ニ, c=-19.1507, r=19.1507, perm=2
[INFO]  Word:626 = パ, c=-19.1246, r=19.1246, perm=2
[INFO]  Word:627 = ヽ, c=-19.3947, r=19.3947, perm=2
[INFO]  Word:628 = Vm、, c=-19.2003, r=57.4938, perm=2
[INFO]  Word:629 = ゃ, c=-19.1255, r=19.1255, perm=2
[INFO]  Word:630 = I〆, c=-19.2228, r=38.3714, perm=2
[INFO]  Word:631 = 了, c=-19.08, r=19.08, perm=2
[INFO]  Word:632 = ぉ, c=-19.0999, r=19.0999, perm=2
[INFO]  Word:633 = #, c=-19.1647, r=19.1647, perm=2
[INFO]  Word:634 = し, c=-19.1301, r=19.1301, perm=2
[INFO]  Word:635 = ワ, c=-19.2273, r=19.2273, perm=2
[INFO]  Word:636 = 3H〝, c=-19.1512, r=57.3245, perm=2
[INFO]  Word:637 = タ, c=-19.3065, r=19.3065, perm=2
[INFO]  Word:638 = ⑤Z, c=-19.1021, r=38.0911, perm=2
[INFO]  Word:639 = ェ, c=-19.1171, r=19.1171, perm=2
[INFO]  Word:640 = L, c=-21.0346, r=40.0348, perm=2
[INFO]  Word:641 = オ, c=-19.1728, r=19.1728, perm=2
[INFO]  Word:642 = ァ, c=-19.04, r=19.04, perm=2
[INFO]  Word:643 = ュ, c=-19.209, r=19.209, perm=2
[INFO]  Word:644 = タ, c=-19.3692, r=19.3692, perm=2
[INFO]  Word:645 = 〈③…&gt;, c=-23.7576, r=100.391, perm=2
[INFO]  Word:646 = ず, c=-21.7331, r=41.0363, perm=2
[INFO]  Word:647 = ウ, c=-19.2963, r=19.2963, perm=2
[INFO]  Word:648 = き, c=-19.232, r=19.232, perm=2
[INFO]  Word:649 = D&amp;, c=-19.3387, r=38.4191, perm=2
[INFO]  Word:650 = ご, c=-22.7351, r=42.0031, perm=2
[INFO]  Word:651 = GI0〉, c=-23.3508, r=137.163, perm=2
[INFO]  Word:652 = し, c=-22.2355, r=41.3693, perm=2
[INFO]  Word:653 = 〝《, c=-19.3078, r=38.5108, perm=2
[INFO]  Word:654 = ピ, c=-19.2171, r=19.2171, perm=2
[INFO]  Word:655 = rV}, c=-19.2341, r=57.4059, perm=2
[INFO]  Word:656 = ふ, c=-19.3276, r=19.3276, perm=2
[INFO]  Word:657 = G"、, c=-19.3477, r=57.6098, perm=2
[INFO]  Word:658 = エ, c=-19.1745, r=19.1745, perm=2
[INFO]  Word:659 = 1, c=-19.1753, r=19.1753, perm=2
[INFO]  Word:660 = ぱ, c=-19.1147, r=19.1147, perm=2
[INFO]  Word:661 = ヶ, c=-19.1646, r=19.1646, perm=2
[INFO]  Word:662 = &lt;, c=-19.2493, r=19.2493, perm=2
[INFO]  Word:663 = ば, c=-19.1234, r=19.1234, perm=2
[INFO]  Word:664 = ヂ, c=-19.2592, r=19.2592, perm=2
[INFO]  Word:665 = ダ, c=-19.2145, r=19.2145, perm=2
[INFO]  Word:666 = 和, c=-19.0641, r=19.0641, perm=2
[INFO]  Word:667 = T,, c=-19.1979, r=38.374, perm=2
[INFO]  Word:668 = び, c=-19.2104, r=19.2104, perm=2
[INFO]  Word:669 = 有, c=-19.1278, r=19.1278, perm=2
[INFO]  Word:670 = ほ, c=-19.049, r=19.049, perm=2
[INFO]  Word:671 = ャ, c=-19.1417, r=19.1417, perm=2
[INFO]  Word:672 = け, c=-19.1293, r=19.1293, perm=2
[INFO]  Word:673 = G, c=-19.2318, r=19.2318, perm=2
[INFO]  Word:674 = り, c=-19.3772, r=19.3772, perm=2
[INFO]  Word:675 = ④, c=-19.0631, r=19.0631, perm=2
[INFO]  Word:676 = ゝ, c=-19.0884, r=19.0884, perm=2
[INFO]  Word:677 = ポ, c=-19.0967, r=19.0967, perm=2
[INFO]  Word:678 = ロ, c=-19.2752, r=19.2752, perm=2
[INFO]  Word:679 = は, c=-19.1179, r=19.1179, perm=2
[INFO]  Word:680 = 7※^, c=-19.2893, r=57.4239, perm=2
[INFO]  Word:681 = キ, c=-19.1123, r=19.1123, perm=2
[INFO]  Word:682 = Y①, c=-19.2504, r=38.4746, perm=2
[INFO]  Word:683 = ガ, c=-19.2029, r=19.2029, perm=2
[INFO]  Word:684 = き, c=-19.1683, r=19.1683, perm=2
[INFO]  Word:685 = ヅ, c=-19.1278, r=19.1278, perm=2
[INFO]  Word:686 = ⑧c, c=-19.1978, r=38.2512, perm=2
[INFO]  Word:687 = ゑ, c=-19.1004, r=19.1004, perm=2
[INFO]  Word:688 = ふ, c=-19.1723, r=19.1723, perm=2
[INFO]  Word:689 = ば, c=-19.1591, r=19.1591, perm=2
[INFO]  Word:690 = @, c=-18.901, r=18.901, perm=2
[INFO]  Word:691 = 有, c=-19.2906, r=19.2906, perm=2
[INFO]  Word:692 = の, c=-19.1484, r=19.1484, perm=2
[INFO]  Word:693 = っ, c=-19.351, r=19.351, perm=2
[INFO]  Word:694 = 、, c=-19.1645, r=19.1645, perm=2
[INFO]  Word:695 = い, c=-19.2021, r=19.2021, perm=2
[INFO]  Word:696 = ヅ, c=-19.2519, r=19.2519, perm=2
[INFO]  Word:697 = E, c=-19.2502, r=19.2502, perm=2
[INFO]  Word:698 = ぁ, c=-19.2682, r=19.2682, perm=2
[INFO]  Word:699 = わ, c=-20.9819, r=40.0921, perm=2
[INFO]  Word:700 = ヘ, c=-19.1679, r=19.1679, perm=2
[INFO]  Word:701 = D, c=-19.2849, r=19.2849, perm=2
[INFO]  Word:702 = し, c=-19.1204, r=19.1204, perm=2
[INFO]  Word:703 = F, c=-19.1232, r=19.1232, perm=2
[INFO]  Word:704 = ひ, c=-19.1599, r=19.1599, perm=2
[INFO]  Word:705 = び, c=-19.2381, r=19.2381, perm=2
[INFO]  Word:706 = w“d, c=-19.1806, r=57.3354, perm=2
[INFO]  Word:707 = プ, c=-19.0758, r=19.0758, perm=2
[INFO]  Word:708 = ゴ, c=-19.2276, r=19.2276, perm=2
[INFO]  Word:709 = [, c=-19.223, r=19.223, perm=2
[INFO]  Word:710 = そ, c=-19.0698, r=19.0698, perm=2
[INFO]  Word:711 = ヱ, c=-19.1382, r=19.1382, perm=2
[INFO]  Word:712 = u, c=-21.9443, r=41.15, perm=2
[INFO]  Word:713 = ギ, c=-18.9918, r=18.9918, perm=2
[INFO]  Word:714 = K②ー, c=-19.3387, r=57.7569, perm=2
[INFO]  Word:715 = ミ, c=-19.2442, r=19.2442, perm=2
[INFO]  Word:716 = ⑥, c=-19.2504, r=19.2504, perm=2
[INFO]  Word:717 = ク, c=-19.3378, r=19.3378, perm=2
[INFO]  Word:718 = ヲ, c=-19.2507, r=19.2507, perm=2
[INFO]  Word:719 = ュ, c=-19.1944, r=19.1944, perm=2
[INFO]  Word:720 = で, c=-19.0344, r=19.0344, perm=2
[INFO]  Word:721 = !, c=-19.209, r=19.209, perm=2
[INFO]  Word:722 = も, c=-19.3124, r=19.3124, perm=2
[INFO]  Word:723 = 了, c=-19.0883, r=19.0883, perm=2
[INFO]  Word:724 = ^[, c=-19.2389, r=38.3844, perm=2
[INFO]  Word:725 = 有, c=-19.2419, r=19.2419, perm=2
[INFO]  Word:726 = ベ, c=-19.0273, r=19.0273, perm=2
[INFO]  Word:727 = 了, c=-19.0591, r=19.0591, perm=2
[INFO]  Word:728 = ノ, c=-19.4124, r=19.4124, perm=2
[INFO]  Word:729 = y, c=-19.4078, r=19.4078, perm=2
[INFO]  Word:730 = リ, c=-19.2424, r=19.2424, perm=2
[INFO]  Word:731 = ョ, c=-19.0856, r=19.0856, perm=2
[INFO]  Word:732 = ネ, c=-19.1284, r=19.1284, perm=2
[INFO]  Word:733 = ⑥, c=-20.391, r=39.5293, perm=2
[INFO]  Word:734 = コ, c=-19.1619, r=19.1619, perm=2
[INFO]  Word:735 = ス, c=-19.2287, r=19.2287, perm=2
[INFO]  Word:736 = モ, c=-19.2331, r=19.2331, perm=2
[INFO]  Word:737 = パ, c=-19.2118, r=19.2118, perm=2
[INFO]  Word:738 = ‡, c=-19.2217, r=19.2217, perm=2
[INFO]  Word:739 = そ, c=-19.13, r=19.13, perm=2
[INFO]  Word:740 = ⑦, c=-19.245, r=19.245, perm=2
[INFO]  Word:741 = う, c=-19.1881, r=19.1881, perm=2
[INFO]  Word:742 = Q3, c=-22.622, r=61.1614, perm=2
[INFO]  Word:743 = ヨ, c=-19.1824, r=19.1824, perm=2
[INFO]  Word:744 = zE, c=-19.1831, r=38.2295, perm=2
[INFO]  Word:745 = ハ, c=-19.0047, r=19.0047, perm=2
[INFO]  Word:746 = へ, c=-19.0277, r=19.0277, perm=2
[INFO]  Word:747 = む, c=-19.4056, r=19.4056, perm=2
[INFO]  Word:748 = c%, c=-19.3697, r=38.518, perm=2
[INFO]  Word:749 = ズ, c=-18.9385, r=18.9385, perm=2
[INFO]  Word:750 = マ, c=-19.1789, r=19.1789, perm=2
[INFO]  Word:751 = ぎ, c=-19.3448, r=19.3448, perm=2
[INFO]  Word:752 = め, c=-19.333, r=19.333, perm=2
[INFO]  Word:753 = ン, c=-19.3401, r=19.3401, perm=2
[INFO]  Word:754 = ス, c=-19.18, r=19.18, perm=2
[INFO]  Word:755 = ゑ, c=-19.1203, r=19.1203, perm=2
[INFO]  Word:756 = C), c=-19.3833, r=38.7269, perm=2
[INFO]  Word:757 = か, c=-19.0461, r=19.0461, perm=2
[INFO]  Word:758 = ァ, c=-19.1002, r=19.1002, perm=2
[INFO]  Word:759 = 、, c=-19.0519, r=19.0519, perm=2
[INFO]  Word:760 = し, c=-19.0417, r=19.0417, perm=2
[INFO]  Word:761 = ず, c=-19.1354, r=19.1354, perm=2
[INFO]  Word:762 = ヨ, c=-19.2339, r=19.2339, perm=2
[INFO]  Word:763 = ッ, c=-19.1323, r=19.1323, perm=2
[INFO]  Word:764 = ⓪, c=-19.2345, r=19.2345, perm=2
[INFO]  Word:765 = ゐ, c=-19.3853, r=19.3853, perm=2
[INFO]  Word:766 = KEK, c=-19.3877, r=57.7398, perm=2
[INFO]  Word:767 = づ, c=-19.361, r=19.361, perm=2
[INFO]  Word:768 = s5, c=-19.242, r=38.4118, perm=2
[INFO]  Word:769 = つ, c=-19.0764, r=19.0764, perm=2
[INFO]  Word:770 = ぺ, c=-18.9974, r=18.9974, perm=2
[INFO]  Word:771 = }〈|, c=-19.2787, r=57.5973, perm=2
[INFO]  Word:772 = ぢ, c=-19.2864, r=19.2864, perm=2
[INFO]  Word:773 = ン, c=-19.2292, r=19.2292, perm=2
[INFO]  Word:774 = a, c=-19.241, r=19.241, perm=2
[INFO]  Word:775 = ン, c=-19.1255, r=19.1255, perm=2
[INFO]  Word:776 = ど, c=-19.1552, r=19.1552, perm=2
[INFO]  Word:777 = 》, c=-19.8263, r=39.1048, perm=2
[INFO]  Word:778 = ぢ, c=-19.2303, r=19.2303, perm=2
[INFO]  Word:779 = な, c=-18.9964, r=18.9964, perm=2
[INFO]  Word:780 = ョ, c=-19.145, r=19.145, perm=2
[INFO]  Word:781 = Q, c=-19.2224, r=19.2224, perm=2
[INFO]  Word:782 = 崗, c=-19.8886, r=58.2657, perm=2
[INFO]  Word:783 = シ, c=-19.1788, r=19.1788, perm=2
[INFO]  Word:784 = は, c=-19.3016, r=19.3016, perm=2
[INFO]  Word:785 = ⑲‥N, c=-19.3296, r=57.8177, perm=2
[INFO]  Word:786 = ぐ, c=-19.1666, r=19.1666, perm=2
[INFO]  Word:787 = ヰ, c=-19.19, r=19.19, perm=2
[INFO]  Word:788 = み, c=-19.2136, r=19.2136, perm=2
[INFO]  Word:789 = ゃ, c=-19.2466, r=19.2466, perm=2
[INFO]  Word:790 = ゎ, c=-19.1436, r=19.1436, perm=2
[INFO]  Word:791 = ヤ, c=-19.3626, r=19.3626, perm=2
[INFO]  Word:792 = C〉, c=-19.2372, r=38.3997, perm=2
[INFO]  Word:793 = か, c=-19.0633, r=19.0633, perm=2
[INFO]  Word:794 = 。&lt;, c=-19.1445, r=38.2498, perm=2
[INFO]  Word:795 = テ, c=-19.1806, r=19.1806, perm=2
[INFO]  Word:796 = ほ, c=-19.0517, r=19.0517, perm=2
[INFO]  Word:797 = パ, c=-19.1245, r=19.1245, perm=2
[INFO]  Word:798 = つ, c=-19.3407, r=19.3407, perm=2
[INFO]  Word:799 = ピ, c=-19.251, r=19.251, perm=2
[INFO]  Word:800 = ‡, c=-19.2653, r=19.2653, perm=2
[INFO]  Word:801 = ゾ, c=-19.1048, r=19.1048, perm=2
[INFO]  Word:802 = A, c=-19.0556, r=19.0556, perm=2
[INFO]  Word:803 = ゑ, c=-19.3471, r=19.3471, perm=2
[INFO]  Word:804 = ;?「, c=-19.1946, r=57.3819, perm=2
[INFO]  Word:805 = ざ, c=-18.9348, r=18.9348, perm=2
[INFO]  Word:806 = V, c=-19.2506, r=19.2506, perm=2
[INFO]  Word:807 = ぷ, c=-19.1492, r=19.1492, perm=2
[INFO]  Word:808 = ず, c=-19.2958, r=19.2958, perm=2
[INFO]  Word:809 = じ, c=-19.2645, r=19.2645, perm=2
[INFO]  Word:810 = ひ, c=-19.2958, r=19.2958, perm=2
[INFO]  Word:811 = 「, c=-19.2346, r=19.2346, perm=2
[INFO]  Word:812 = き, c=-19.3086, r=19.3086, perm=2
[INFO]  Word:813 = 2〒%, c=-19.2701, r=57.5823, perm=2
[INFO]  Word:814 = ミ, c=-19.2557, r=19.2557, perm=2
[INFO]  Word:815 = 〈, c=-19.1862, r=19.1862, perm=2
[INFO]  Word:816 = ヌ, c=-19.3053, r=19.3053, perm=2
[INFO]  Word:817 = ダ, c=-19.2416, r=19.2416, perm=2
[INFO]  Word:818 = o, c=-19.2829, r=19.2829, perm=2
[INFO]  Word:819 = ュ, c=-19.231, r=19.231, perm=2
[INFO]  Word:820 = ⑳, c=-19.1533, r=19.1533, perm=2
[INFO]  Word:821 = バ, c=-19.1575, r=19.1575, perm=2
[INFO]  Word:822 = で, c=-19.1916, r=19.1916, perm=2
[INFO]  Word:823 = {, c=-19.1982, r=19.1982, perm=2
[INFO]  Word:824 = チ, c=-20.1124, r=39.2451, perm=2
[INFO]  Word:825 = S, c=-19.26, r=19.26, perm=2
[INFO]  Word:826 = ゾ, c=-19.1768, r=19.1768, perm=2
[INFO]  Word:827 = 8「, c=-19.2074, r=38.2264, perm=2
[INFO]  Word:828 = し, c=-19.1416, r=19.1416, perm=2
[INFO]  Word:829 = ハ, c=-19.1059, r=19.1059, perm=2
[INFO]  Word:830 = じ, c=-19.2759, r=19.2759, perm=2
[INFO]  Word:831 = 5, c=-19.0644, r=19.0644, perm=2
[INFO]  Word:832 = マ, c=-19.0355, r=19.0355, perm=2
[INFO]  Word:833 = や, c=-19.2281, r=19.2281, perm=2
[INFO]  Word:834 = が, c=-19.286, r=19.286, perm=2
[INFO]  Word:835 = そ, c=-19.2725, r=19.2725, perm=2
[INFO]  Word:836 = ャ, c=-19.1735, r=19.1735, perm=2
[INFO]  Word:837 = ッ, c=-18.9339, r=18.9339, perm=2
[INFO]  Word:838 = ぞ, c=-19.3804, r=19.3804, perm=2
[INFO]  Word:839 = S, c=-19.2904, r=19.2904, perm=2
[INFO]  Word:840 = の, c=-19.2621, r=19.2621, perm=2
[INFO]  Word:841 = N, c=-19.0564, r=19.0564, perm=2
[INFO]  Word:842 = ヤ, c=-19.2402, r=19.2402, perm=2
[INFO]  Word:843 = ek, c=-19.1882, r=38.3642, perm=2
[INFO]  Word:844 = ふ, c=-19.0992, r=19.0992, perm=2
[INFO]  Word:845 = 』, c=-19.1718, r=19.1718, perm=2
[INFO]  Word:846 = ュ, c=-19.2517, r=19.2517, perm=2
[INFO]  Word:847 = ゆ, c=-19.1541, r=19.1541, perm=2
[INFO]  Word:848 = ち, c=-19.1522, r=19.1522, perm=2
[INFO]  Word:849 = z⓪g, c=-19.3409, r=57.3701, perm=2
[INFO]  Word:850 = び, c=-19.2459, r=19.2459, perm=2
[INFO]  Word:851 = ス, c=-19.1607, r=19.1607, perm=2
[INFO]  Word:852 = キ, c=-19.2676, r=19.2676, perm=2
[INFO]  Word:853 = ., c=-19.3111, r=19.3111, perm=2
[INFO]  Word:854 = ァ, c=-19.4055, r=19.4055, perm=2
[INFO]  Word:855 = ヲ, c=-19.0097, r=19.0097, perm=2
[INFO]  Word:856 = わ, c=-19.8884, r=38.722, perm=2
[INFO]  Word:857 = マ, c=-19.147, r=19.147, perm=2
[INFO]  Word:858 = 1, c=-19.1864, r=19.1864, perm=2
[INFO]  Word:859 = ぷ, c=-19.1643, r=19.1643, perm=2
[INFO]  Word:860 = a, c=-19.3376, r=19.3376, perm=2
[INFO]  Word:861 = え, c=-19.2085, r=19.2085, perm=2
[INFO]  Word:862 = p⑳, c=-19.4094, r=38.721, perm=2
[INFO]  Word:863 = ぜ, c=-19.3057, r=19.3057, perm=2
[INFO]  Word:864 = い, c=-19.1906, r=19.1906, perm=2
[INFO]  Word:865 = &amp;, c=-19.2236, r=19.2236, perm=2
[INFO]  Word:866 = ば, c=-19.1681, r=19.1681, perm=2
[INFO]  Word:867 = ⑳, c=-19.1795, r=19.1795, perm=2
[INFO]  Word:868 = こ, c=-19.137, r=19.137, perm=2
[INFO]  Word:869 = 『Pgz⑤`, c=-20.4461, r=135.691, perm=2
[INFO]  Word:870 = ぺ, c=-19.1043, r=19.1043, perm=2
[INFO]  Word:871 = FC, c=-19.3198, r=38.4808, perm=2
[INFO]  Word:872 = ぞ, c=-19.2251, r=19.2251, perm=2
[INFO]  Word:873 = つ, c=-19.184, r=19.184, perm=2
[INFO]  Word:874 = イ, c=-19.1, r=19.1, perm=2
[INFO]  Word:875 = 〉, c=-19.3455, r=19.3455, perm=2
[INFO]  Word:876 = ュ, c=-19.0955, r=19.0955, perm=2
[INFO]  Word:877 = あ, c=-19.2114, r=19.2114, perm=2
[INFO]  Word:878 = ぬ, c=-19.0963, r=19.0963, perm=2
[INFO]  Word:879 = \】, c=-19.2212, r=38.4021, perm=2
[INFO]  Word:880 = 々, c=-19.3245, r=19.3245, perm=2
[INFO]  Word:881 = く, c=-23.0134, r=42.2925, perm=2
[INFO]  Word:882 = “, c=-19.3493, r=19.3493, perm=2
[INFO]  Word:883 = お, c=-19.0914, r=19.0914, perm=2
[INFO]  Word:884 = bE, c=-19.2909, r=38.4407, perm=2
[INFO]  Word:885 = ぞ, c=-19.3209, r=19.3209, perm=2
[INFO]  Word:886 = ⑳⑱X, c=-20.1479, r=77.9654, perm=2
[INFO]  Word:887 = ノ, c=-20.9458, r=39.872, perm=2
[INFO]  Word:888 = ゑ, c=-19.1892, r=19.1892, perm=2
[INFO]  Word:889 = ズ, c=-19.0807, r=19.0807, perm=2
[INFO]  Word:890 = ヒ, c=-19.3289, r=19.3289, perm=2
[INFO]  Word:891 = 1, c=-19.2357, r=19.2357, perm=2
[INFO]  Word:892 = オ, c=-19.1027, r=19.1027, perm=2
[INFO]  Word:893 = ご, c=-19.2033, r=19.2033, perm=2
[INFO]  Word:894 = 々, c=-19.2631, r=19.2631, perm=2
[INFO]  Word:895 = げ, c=-19.1606, r=19.1606, perm=2
[INFO]  Word:896 = カ, c=-19.1414, r=19.1414, perm=2
[INFO]  Word:897 = こ, c=-19.0778, r=19.0778, perm=2
[INFO]  Word:898 = ア, c=-20.3123, r=39.5645, perm=2
[INFO]  Word:899 = z〆Q, c=-19.1532, r=57.2162, perm=2
[INFO]  Word:900 = ち, c=-19.2525, r=19.2525, perm=2
[INFO]  Word:901 = ろ, c=-19.3874, r=19.3874, perm=2
[INFO]  Word:902 = ,, c=-19.0248, r=19.0248, perm=2
[INFO]  Word:903 = ュ, c=-19.2659, r=19.2659, perm=2
[INFO]  Word:904 = {, c=-19.1936, r=19.1936, perm=2
[INFO]  Word:905 = レ, c=-19.2094, r=19.2094, perm=2
[INFO]  Word:906 = ", c=-19.2156, r=19.2156, perm=2
[INFO]  Word:907 = ウ, c=-19.1577, r=19.1577, perm=2
[INFO]  Word:908 = /, c=-19.2802, r=19.2802, perm=2
[INFO]  Word:909 = セ, c=-19.2205, r=19.2205, perm=2
[INFO]  Word:910 = 【, c=-19.0158, r=19.0158, perm=2
[INFO]  Word:911 = ぃ, c=-19.0949, r=19.0949, perm=2
[INFO]  Word:912 = ぜ, c=-19.1984, r=19.1984, perm=2
[INFO]  Word:913 = ヵ, c=-19.2825, r=19.2825, perm=2
[INFO]  Word:914 = ゝ, c=-19.1944, r=19.1944, perm=2
[INFO]  Word:915 = ね, c=-19.2809, r=19.2809, perm=2
[INFO]  Word:916 = q, c=-19.0498, r=19.0498, perm=2
[INFO]  Word:917 = な, c=-19.2875, r=19.2875, perm=2
[INFO]  Word:918 = ひ, c=-19.0313, r=19.0313, perm=2
[INFO]  Word:919 = ヨ, c=-19.0389, r=19.0389, perm=2
[INFO]  Word:920 = ゲ, c=-19.2472, r=53.9646, perm=2
[INFO]  Word:921 = ル, c=-19.2448, r=19.2448, perm=2
[INFO]  Word:922 = 」, c=-19.0194, r=19.0194, perm=2
[INFO]  Word:923 = ゃ, c=-18.9968, r=18.9968, perm=2
[INFO]  Word:924 = ⑧, c=-19.2001, r=19.2001, perm=2
[INFO]  Word:925 = ヮ, c=-18.9675, r=18.9675, perm=2
[INFO]  Word:926 = ヲ, c=-19.0739, r=19.0739, perm=2
[INFO]  Word:927 = ニ, c=-19.1161, r=19.1161, perm=2
[INFO]  Word:928 = ‥, c=-19.2155, r=19.2155, perm=2
[INFO]  Word:929 = 〇, c=-19.2255, r=19.2255, perm=2
[INFO]  Word:930 = n〒'm, c=-19.2744, r=76.56, perm=2
[INFO]  Word:931 = ビ, c=-19.1646, r=19.1646, perm=2
[INFO]  Word:932 = ぽ, c=-19.2867, r=19.2867, perm=2
[INFO]  Word:933 = と, c=-19.1781, r=19.1781, perm=2
[INFO]  Word:934 = 〉, c=-19.256, r=19.256, perm=2
[INFO]  Word:935 = あ, c=-19.3462, r=19.3462, perm=2
[INFO]  Word:936 = ケ, c=-19.2127, r=19.2127, perm=2
[INFO]  Word:937 = ;, c=-19.1749, r=19.1749, perm=2
[INFO]  Word:938 = べ, c=-19.0526, r=19.0526, perm=2
[INFO]  Word:939 = H‥⑤F, c=-27.7659, r=151.319, perm=2
[INFO]  Word:940 = ル, c=-19.2527, r=19.2527, perm=2
[INFO]  Word:941 = ぢ, c=-19.2584, r=19.2584, perm=2
[INFO]  Word:942 = っ, c=-19.1644, r=19.1644, perm=2
[INFO]  Word:943 = 世, c=-19.2225, r=38.4005, perm=2
[INFO]  Word:944 = VH, c=-19.4222, r=38.7064, perm=2
[INFO]  Word:945 = わ, c=-19.2474, r=19.2474, perm=2
[INFO]  Word:946 = ぅ, c=-19.0455, r=19.0455, perm=2
[INFO]  Word:947 = '【, c=-19.1929, r=38.2408, perm=2
[INFO]  Word:948 = ま, c=-19.1711, r=19.1711, perm=2
[INFO]  Word:949 = ⑧, c=-19.3954, r=19.3954, perm=2
[INFO]  Word:950 = ュ, c=-19.1061, r=19.1061, perm=2
[INFO]  Word:951 = &gt;, c=-19.0213, r=19.0213, perm=2
[INFO]  Word:952 = ピ, c=-19.2077, r=19.2077, perm=2
[INFO]  Word:953 = ァ, c=-19.1882, r=19.1882, perm=2
[INFO]  Word:954 = や, c=-19.1999, r=19.1999, perm=2
[INFO]  Word:955 = ⑲, c=-19.2099, r=38.4042, perm=2
[INFO]  Word:956 = ゾ, c=-19.1857, r=19.1857, perm=2
[INFO]  Word:957 = ボ, c=-19.1249, r=19.1249, perm=2
[INFO]  Word:958 = †U』, c=-22.9948, r=80.5097, perm=2
[INFO]  Word:959 = レ, c=-19.3234, r=19.3234, perm=2
[INFO]  Word:960 = タ, c=-19.3, r=19.3, perm=2
[INFO]  Word:961 = h, c=-19.3186, r=19.3186, perm=2
[INFO]  Word:962 = ぞ, c=-19.081, r=19.081, perm=2
[INFO]  Word:963 = ⑥, c=-19.1251, r=19.1251, perm=2
[INFO]  Word:964 = ゾ, c=-19.2418, r=19.2418, perm=2
[INFO]  Word:965 = ゲ, c=-19.2759, r=19.2759, perm=2
[INFO]  Word:966 = ワ, c=-19.1467, r=19.1467, perm=2
[INFO]  Word:967 = D, c=-20.8292, r=40.1465, perm=2
[INFO]  Word:968 = ぼ, c=-19.2866, r=19.2866, perm=2
[INFO]  Word:969 = N,, c=-19.3455, r=38.4677, perm=2
[INFO]  Word:970 = ぬ, c=-19.155, r=19.155, perm=2
[INFO]  Word:971 = ち, c=-19.3917, r=19.3917, perm=2
[INFO]  Word:972 = ヶ, c=-19.1624, r=19.1624, perm=2
[INFO]  Word:973 = グ, c=-19.0401, r=19.0401, perm=2
[INFO]  Word:974 = マ, c=-19.1087, r=19.1087, perm=2
[INFO]  Word:975 = ヲ, c=-19.0544, r=19.0544, perm=2
[INFO]  Word:976 = ラ, c=-19.2308, r=19.2308, perm=2
[INFO]  Word:977 = れ, c=-20.4657, r=39.8326, perm=2
[INFO]  Word:978 = z, c=-19.1655, r=19.1655, perm=2
[INFO]  Word:979 = グ, c=-20.0159, r=39.2027, perm=2
[INFO]  Word:980 = ず, c=-24.3386, r=43.5697, perm=2
[INFO]  Word:981 = Tq, c=-19.1893, r=38.2444, perm=2
[INFO]  Word:982 = コ, c=-19.1615, r=19.1615, perm=2
[INFO]  Word:983 = F, c=-19.1766, r=19.1766, perm=2
[INFO]  Word:984 = ぱ, c=-19.3169, r=19.3169, perm=2
[INFO]  Word:985 = だ, c=-19.2181, r=19.2181, perm=2
[INFO]  Word:986 = A》, c=-19.3342, r=38.4713, perm=2
[INFO]  Word:987 = デ, c=-19.2122, r=19.2122, perm=2
[INFO]  Word:988 = ※, c=-19.2755, r=19.2755, perm=2
[INFO]  Word:989 = ゎ, c=-19.1839, r=19.1839, perm=2
[INFO]  Word:990 = *, c=-19.1581, r=19.1581, perm=2
[INFO]  Word:991 = ワ, c=-19.4054, r=19.4054, perm=2
[INFO]  Word:992 = ゃ, c=-19.1579, r=19.1579, perm=2
[INFO]  Word:993 = 〔p, c=-19.3314, r=38.4968, perm=2
[INFO]  Word:994 = て, c=-19.3234, r=19.3234, perm=2
[INFO]  Word:995 = フ, c=-19.1984, r=19.1984, perm=2
[INFO]  Word:996 = め, c=-22.8924, r=42.0857, perm=2
[INFO]  Word:997 = や, c=-19.2479, r=19.2479, perm=2
[INFO]  Word:998 = ギ, c=-19.2809, r=19.2809, perm=2
[INFO]  Word:999 = 和, c=-19.2487, r=19.2487, perm=2
[INFO]  Word:1000 = "⑲、〈, c=-19.3402, r=77.1049, perm=2
[INFO]  Word:1001 = に, c=-19.1093, r=19.1093, perm=2
[INFO]  Word:1002 = 6q, c=-19.3538, r=38.5579, perm=2
[INFO]  Word:1003 = や, c=-19.1511, r=19.1511, perm=2
[INFO]  Word:1004 = ォ, c=-19.1589, r=19.1589, perm=2
[INFO]  Word:1005 = で, c=-19.2741, r=19.2741, perm=2
[INFO]  Word:1006 = ザ, c=-19.1466, r=19.1466, perm=2
[INFO]  Word:1007 = で, c=-19.0803, r=19.0803, perm=2
[INFO]  Word:1008 = じ, c=-19.2482, r=19.2482, perm=2
[INFO]  Word:1009 = [, c=-19.1523, r=19.1523, perm=2
[INFO]  Word:1010 = ペ, c=-19.3264, r=19.3264, perm=2
[INFO]  Word:1011 = も, c=-19.1946, r=19.1946, perm=2
[INFO]  Word:1012 = ば, c=-19.0865, r=19.0865, perm=2
[INFO]  Word:1013 = &lt;x②^, c=-19.4813, r=76.8369, perm=2
[INFO]  Word:1014 = テ, c=-18.9445, r=18.9445, perm=2
[INFO]  Word:1015 = o, c=-19.2646, r=19.2646, perm=2
[INFO]  Word:1016 = 有, c=-19.0961, r=19.0961, perm=2
[INFO]  Word:1017 = よ, c=-19.2817, r=19.2817, perm=2
[INFO]  Word:1018 = b@), c=-19.2821, r=57.6915, perm=2
[INFO]  Word:1019 = ヮ, c=-19.3275, r=19.3275, perm=2
[INFO]  Word:1020 = ぺ, c=-19.1875, r=19.1875, perm=2
[INFO]  Word:1021 = ⑰2, c=-19.1611, r=38.3127, perm=2
[INFO]  Word:1022 = む, c=-19.3173, r=19.3173, perm=2
[INFO]  Word:1023 = ノ, c=-22.0268, r=41.293, perm=2
[INFO]  Word:1024 = リ, c=-19.2095, r=19.2095, perm=2
[INFO]  Word:1025 = ぽ, c=-19.5492, r=19.5492, perm=2
[INFO]  Word:1026 = ax, c=-19.2684, r=38.5107, perm=2
[INFO]  Word:1027 = ク, c=-19.21, r=19.21, perm=2
[INFO]  Word:1028 = せ, c=-19.1381, r=19.1381, perm=2
[INFO]  Word:1029 = ④, c=-19.1004, r=19.1004, perm=2
[INFO]  Word:1030 = ピ, c=-19.1297, r=19.1297, perm=2
[INFO]  Word:1031 = ヘ, c=-19.2317, r=19.2317, perm=2
[INFO]  Word:1032 = ⑦, c=-19.1915, r=19.1915, perm=2
[INFO]  Word:1033 = ヨ, c=-19.2687, r=19.2687, perm=2
[INFO]  Word:1034 = シ, c=-19.0394, r=19.0394, perm=2
[INFO]  Word:1035 = ョ, c=-19.3303, r=19.3303, perm=2
[INFO]  Word:1036 = ぜ, c=-19.1924, r=19.1924, perm=2
[INFO]  Word:1037 = チ, c=-19.1198, r=19.1198, perm=2
[INFO]  Word:1038 = イ, c=-19.0343, r=19.0343, perm=2
[INFO]  Word:1039 = ヴ, c=-19.034, r=19.034, perm=2
[INFO]  Word:1040 = ぇ, c=-19.1436, r=19.1436, perm=2
[INFO]  Word:1041 = に, c=-19.2947, r=19.2947, perm=2
[INFO]  Word:1042 = や, c=-19.1944, r=19.1944, perm=2
[INFO]  Word:1043 = k, c=-19.275, r=19.275, perm=2
[INFO]  Word:1044 = か, c=-19.108, r=19.108, perm=2
[INFO]  Word:1045 = B, c=-19.0969, r=19.0969, perm=2
[INFO]  Word:1046 = ダ, c=-19.2375, r=19.2375, perm=2
[INFO]  Word:1047 = ギ, c=-19.2129, r=19.2129, perm=2
[INFO]  Word:1048 = シ, c=-19.1241, r=19.1241, perm=2
[INFO]  Word:1049 = ④⑧, c=-19.4292, r=38.5525, perm=2
[INFO]  Word:1050 = め, c=-19.283, r=19.283, perm=2
[INFO]  Word:1051 = 〆, c=-19.1112, r=19.1112, perm=2
[INFO]  Word:1052 = ォ, c=-19.3692, r=19.3692, perm=2
[INFO]  Word:1053 = ピ, c=-19.2086, r=19.2086, perm=2
[INFO]  Word:1054 = メ, c=-19.2912, r=19.2912, perm=2
[INFO]  Word:1055 = ま, c=-19.3714, r=19.3714, perm=2
[INFO]  Word:1056 = h, c=-19.3811, r=19.3811, perm=2
[INFO]  Word:1057 = ゑ, c=-19.1558, r=19.1558, perm=2
[INFO]  Word:1058 = l, c=-19.1598, r=19.1598, perm=2
[INFO]  Word:1059 = ご, c=-19.2876, r=19.2876, perm=2
[INFO]  Word:1060 = [, c=-19.2067, r=19.2067, perm=2
[INFO]  Word:1061 = ぱ, c=-19.1432, r=19.1432, perm=2
[INFO]  Word:1062 = メ, c=-19.0697, r=19.0697, perm=2
[INFO]  Word:1063 = 》, c=-19.0692, r=19.0692, perm=2
[INFO]  Word:1064 = 有, c=-19.067, r=19.067, perm=2
[INFO]  Word:1065 = ⓪}, c=-19.1016, r=38.1999, perm=2
[INFO]  Word:1066 = ヲ, c=-19.2832, r=19.2832, perm=2
[INFO]  Word:1067 = =, c=-19.2545, r=19.2545, perm=2
[INFO]  Word:1068 = げ, c=-19.2087, r=19.2087, perm=2
[INFO]  Word:1069 = i, c=-19.2349, r=19.2349, perm=2
[INFO]  Word:1070 = ョ, c=-19.3815, r=19.3815, perm=2
[INFO]  Word:1071 = 〉, c=-19.2079, r=19.2079, perm=2
[INFO]  Word:1072 = ヅ, c=-19.3521, r=19.3521, perm=2
[INFO]  Word:1073 = ば, c=-19.1308, r=19.1308, perm=2
[INFO]  Word:1074 = [, c=-19.2307, r=19.2307, perm=2
[INFO]  Word:1075 = セ, c=-19.2834, r=19.2834, perm=2
[INFO]  Word:1076 = ウ, c=-19.1962, r=19.1962, perm=2
[INFO]  Word:1077 = 〆「2, c=-19.2347, r=57.5887, perm=2
[INFO]  Word:1078 = で, c=-19.2221, r=19.2221, perm=2
[INFO]  Word:1079 = ④, c=-18.9522, r=18.9522, perm=2
[INFO]  Word:1080 = タ, c=-19.16, r=19.16, perm=2
[INFO]  Word:1081 = 【@, c=-19.263, r=38.3564, perm=2
[INFO]  Word:1082 = で, c=-19.1953, r=19.1953, perm=2
[INFO]  Word:1083 = ブ, c=-19.2279, r=19.2279, perm=2
[INFO]  Word:1084 = ぬ, c=-18.9805, r=18.9805, perm=2
[INFO]  Word:1085 = た, c=-19.1271, r=19.1271, perm=2
[INFO]  Word:1086 = 0*, c=-19.2225, r=57.4307, perm=2
[INFO]  Word:1087 = こ, c=-18.9913, r=18.9913, perm=2
[INFO]  Word:1088 = ョ, c=-19.2108, r=19.2108, perm=2
[INFO]  Word:1089 = ②, c=-19.3664, r=36.9248, perm=2
[INFO]  Word:1090 = ぢ, c=-19.1724, r=19.1724, perm=2
[INFO]  Word:1091 = け, c=-19.3176, r=19.3176, perm=2
[INFO]  Word:1092 = も, c=-19.2045, r=19.2045, perm=2
[INFO]  Word:1093 = く, c=-19.2611, r=19.2611, perm=2
[INFO]  Word:1094 = J, c=-19.2117, r=19.2117, perm=2
[INFO]  Word:1095 = べ, c=-19.3499, r=19.3499, perm=2
[INFO]  Word:1096 = ミ, c=-19.2785, r=19.2785, perm=2
[INFO]  Word:1097 = ょ, c=-19.208, r=19.208, perm=2
[INFO]  Word:1098 = チ, c=-19.1775, r=19.1775, perm=2
[INFO]  Word:1099 = ぽ, c=-19.1175, r=19.1175, perm=2
[INFO]  Word:1100 = ひ, c=-19.0698, r=19.0698, perm=2
[INFO]  Word:1101 = F, c=-19.0954, r=19.0954, perm=2
[INFO]  Word:1102 = カ, c=-19.132, r=19.132, perm=2
[INFO]  Word:1103 = ザ, c=-19.0583, r=19.0583, perm=2
[INFO]  Word:1104 = ブ, c=-19.2002, r=19.2002, perm=2
[INFO]  Word:1105 = ぅ, c=-19.189, r=19.189, perm=2
[INFO]  Word:1106 = %, c=-19.1535, r=19.1535, perm=2
[INFO]  Word:1107 = ザ, c=-18.9502, r=18.9502, perm=2
[INFO]  Word:1108 = ", c=-19.2869, r=19.2869, perm=2
[INFO]  Word:1109 = ヒ, c=-19.2045, r=19.2045, perm=2
[INFO]  Word:1110 = ぃ, c=-19.3298, r=19.3298, perm=2
[INFO]  Word:1111 = ち, c=-19.0779, r=19.0779, perm=2
[INFO]  Word:1112 = #'、, c=-19.2391, r=57.5707, perm=2
[INFO]  Word:1113 = ヲ, c=-18.948, r=18.948, perm=2
[INFO]  Word:1114 = メ, c=-19.2619, r=19.2619, perm=2
[INFO]  Word:1115 = U, c=-19.1162, r=19.1162, perm=2
[INFO]  Word:1116 = ピ, c=-19.2551, r=19.2551, perm=2
[INFO]  Word:1117 = ~9e7e, c=-20.607, r=116.224, perm=2
[INFO]  Word:1118 = ヵ, c=-19.1192, r=19.1192, perm=2
[INFO]  Word:1119 = ⑰Dv*, c=-19.3086, r=76.785, perm=2
[INFO]  Word:1120 = ょ, c=-19.1755, r=19.1755, perm=2
[INFO]  Word:1121 = QY, c=-19.2969, r=38.3952, perm=2
[INFO]  Word:1122 = の, c=-19.2789, r=19.2789, perm=2
[INFO]  Word:1123 = :U③[, c=-19.3232, r=76.7706, perm=2
[INFO]  Word:1124 = り, c=-19.0609, r=19.0609, perm=2
[INFO]  Word:1125 = ヨ, c=-19.0498, r=19.0498, perm=2
[INFO]  Word:1126 = ァ, c=-19.1295, r=19.1295, perm=2
[INFO]  Word:1127 = 8r, c=-19.2406, r=38.4086, perm=2
[INFO]  Word:1128 = ノ, c=-22.982, r=42.0762, perm=2
[INFO]  Word:1129 = の, c=-19.055, r=19.055, perm=2
[INFO]  Word:1130 = ⑥, c=-19.135, r=19.135, perm=2
[INFO]  Word:1131 = ぉ, c=-19.3893, r=19.3893, perm=2
[INFO]  Word:1132 = カ, c=-19.2234, r=19.2234, perm=2
[INFO]  Word:1133 = @, c=-25.4007, r=44.4134, perm=2
[INFO]  Word:1134 = て, c=-19.2986, r=19.2986, perm=2
[INFO]  Word:1135 = ほ, c=-19.1539, r=19.1539, perm=2
[INFO]  Word:1136 = く, c=-19.3252, r=19.3252, perm=2
[INFO]  Word:1137 = ゆ, c=-19.2945, r=19.2945, perm=2
[INFO]  Word:1138 = -W, c=-19.0873, r=37.9437, perm=2
[INFO]  Word:1139 = ピ, c=-19.2288, r=19.2288, perm=2
[INFO]  Word:1140 = [, c=-19.1656, r=19.1656, perm=2
[INFO]  Word:1141 = ゑ, c=-19.3006, r=19.3006, perm=2
[INFO]  Word:1142 = r, c=-19.2077, r=19.2077, perm=2
[INFO]  Word:1143 = ョ, c=-19.3204, r=19.3204, perm=2
[INFO]  Word:1144 = 有, c=-19.3232, r=19.3232, perm=2
[INFO]  Word:1145 = ウ, c=-19.1588, r=19.1588, perm=2
[INFO]  Word:1146 = E, c=-19.3133, r=19.3133, perm=2
[INFO]  Word:1147 = ワ, c=-19.2293, r=19.2293, perm=2
[INFO]  Word:1148 = レ, c=-19.0914, r=19.0914, perm=2
[INFO]  Word:1149 = …!, c=-19.3715, r=38.6176, perm=2
[INFO]  Word:1150 = に, c=-19.1157, r=19.1157, perm=2
[INFO]  Word:1151 = サ, c=-19.1664, r=19.1664, perm=2
[INFO]  Word:1152 = R‥。, c=-19.1699, r=57.3873, perm=2
[INFO]  Word:1153 = ま, c=-19.2437, r=19.2437, perm=2
[INFO]  Word:1154 = お, c=-19.1795, r=19.1795, perm=2
[INFO]  Word:1155 = ぃ, c=-19.1635, r=19.1635, perm=2
[INFO]  Word:1156 = 〈, c=-19.1023, r=19.1023, perm=2
[INFO]  Word:1157 = ね, c=-19.1159, r=19.1159, perm=2
[INFO]  Word:1158 = @⑮, c=-19.2659, r=38.3818, perm=2
[INFO]  Word:1159 = ボ, c=-19.1388, r=19.1388, perm=2
[INFO]  Word:1160 = ヌ, c=-19.1341, r=19.1341, perm=2
[INFO]  Word:1161 = ピ, c=-70.4375, r=4527.26, perm=2
[INFO]  Word:0 = と, c=-14.3522, r=14.3522, perm=2
[INFO]  Word:1 = 長, c=-14.4413, r=57.6296, perm=2
[INFO]  Word:2 = 沼, c=-14.6265, r=57.8878, perm=2
[INFO]  Word:3 = 興, c=-14.524, r=57.4798, perm=2
[INFO]  Word:4 = 趣, c=-14.4826, r=57.6075, perm=2
[INFO]  Word:5 = 1|, c=-14.4127, r=57.1302, perm=2
[INFO]  Word:6 = ミ, c=-14.4268, r=28.805, perm=2
[INFO]  Word:7 = カ, c=-14.4109, r=28.8182, perm=2
[INFO]  Word:8 = ヅ, c=-14.5147, r=28.9169, perm=2
[INFO]  Word:9 = キ, c=-14.3461, r=28.6514, perm=2
[INFO]  Word:10 = 靭, c=-14.586, r=71.9877, perm=2
[INFO]  Word:11 = 帯, c=-14.4905, r=72.037, perm=2
[INFO]  Word:12 = に, c=-14.5084, r=28.7928, perm=2
[INFO]  Word:13 = 関, c=-14.4088, r=71.8734, perm=2
[INFO]  Word:14 = す, c=-14.5958, r=29.0485, perm=2
[INFO]  Word:15 = る, c=-14.3258, r=28.6442, perm=2
[INFO]  Word:16 = 及, c=-14.3186, r=42.8705, perm=2
[INFO]  Word:17 = 川, c=-14.481, r=72.2458, perm=2
[INFO]  Word:18 = を, c=-14.5057, r=28.8967, perm=2
[INFO]  Word:19 = 箇, c=-14.5774, r=43.0537, perm=2
[INFO]  Word:20 = 所, c=-14.5768, r=43.2783, perm=2
[INFO]  Word:21 = 貌, c=-14.6052, r=72.2016, perm=2
[INFO]  Word:22 = マ, c=-14.4241, r=28.7467, perm=2
[INFO]  Word:23 = イ, c=-14.5027, r=28.8912, perm=2
[INFO]  Word:24 = ク, c=-14.4022, r=28.7895, perm=2
[INFO]  Word:25 = ロ, c=-14.4387, r=28.8402, perm=2
[INFO]  Word:26 = ソ, c=-14.4253, r=28.781, perm=2
[INFO]  Word:27 = フ, c=-14.4261, r=28.705, perm=2
[INFO]  Word:28 = ト, c=-14.5087, r=28.8411, perm=2
[INFO]  Word:29 = with(, c=-14.5531, r=144.117, perm=2
[INFO]  Word:30 = 更, c=-14.3933, r=57.1774, perm=2
[INFO]  Word:31 = 新, c=-14.4263, r=57.4605, perm=2
[INFO]  Word:32 = こ, c=-14.428, r=28.7274, perm=2
[INFO]  Word:33 = 号, c=-14.4637, r=57.661, perm=2
[INFO]  Word:34 = 牙, c=-14.4683, r=57.6112, perm=2
[INFO]  Word:35 = 歯, c=-14.4144, r=71.4186, perm=2
[INFO]  Word:36 = 医, c=-14.5599, r=57.5777, perm=2
[INFO]  Word:37 = 者, c=-14.3048, r=57.0629, perm=2
[INFO]  Word:38 = ン, c=-14.4668, r=28.879, perm=2
[INFO]  Word:39 = タ, c=-14.4114, r=28.7363, perm=2
[INFO]  Word:40 = ェ, c=-14.5403, r=28.8288, perm=2
[INFO]  Word:41 = ー, c=-14.4313, r=28.7302, perm=2
[INFO]  Word:42 = ス, c=-14.3761, r=28.6606, perm=2
[INFO]  Word:43 = 掘, c=-14.4885, r=71.8956, perm=2
[INFO]  Word:44 = ら, c=-14.4258, r=28.7792, perm=2
[INFO]  Word:45 = 湿, c=-14.4344, r=57.3405, perm=2
[INFO]  Word:46 = 地, c=-14.5016, r=43.0755, perm=2
[INFO]  Word:47 = が, c=-14.4617, r=28.8037, perm=2
[INFO]  Word:48 = エ, c=-14.4962, r=28.8249, perm=2
[INFO]  Word:49 = デ, c=-14.2873, r=28.5553, perm=2
[INFO]  Word:50 = ィ, c=-14.4706, r=28.7836, perm=2
[INFO]  Word:51 = シ, c=-14.3937, r=28.7146, perm=2
[INFO]  Word:52 = ョ, c=-14.4233, r=28.7957, perm=2
[INFO]  Word:53 = 伸, c=-14.4982, r=57.7456, perm=2
[INFO]  Word:54 = び, c=-14.4404, r=28.8483, perm=2
[INFO]  Word:55 = 公, c=-14.4333, r=43.1156, perm=2
[INFO]  Word:56 = 表, c=-14.5088, r=43.1405, perm=2
[INFO]  Word:57 = 0PROJECT, c=-14.5188, r=230.436, perm=2
[INFO]  Word:58 = 時, c=-14.2646, r=42.7577, perm=2
[INFO]  Word:59 = 期, c=-14.4167, r=71.8056, perm=2
[INFO]  Word:60 = 確, c=-14.4954, r=72.0609, perm=2
[INFO]  Word:61 = 実, c=-14.5481, r=72.1645, perm=2
[INFO]  Word:62 = ボ, c=-14.4313, r=28.769, perm=2
[INFO]  Word:63 = 他, c=-14.4383, r=43.117, perm=2
[INFO]  Word:64 = 方, c=-14.4379, r=71.6914, perm=2
[INFO]  Word:65 = ・, c=-14.3851, r=28.7665, perm=2
[INFO]  Word:66 = 極, c=-14.4745, r=71.8579, perm=2
[INFO]  Word:67 = Yao, c=-14.6478, r=86.5869, perm=2
[INFO]  Word:68 = 恒, c=-14.449, r=57.3924, perm=2
[INFO]  Word:69 = @3「, c=-14.5221, r=86.6238, perm=2
[INFO]  Word:70 = ヨ, c=-14.4696, r=28.8159, perm=2
[INFO]  Word:71 = お, c=-14.4542, r=28.8428, perm=2
[INFO]  Word:72 = 休, c=-14.5028, r=43.2175, perm=2
[INFO]  Word:73 = 肝, c=-14.4238, r=43.1882, perm=2
[INFO]  Word:74 = 諦, c=-14.4206, r=71.8364, perm=2
[INFO]  Word:75 = /, c=-14.4941, r=28.9347, perm=2
[INFO]  Word:76 = 運, c=-14.43, r=57.6206, perm=2
[INFO]  Word:77 = 動, c=-14.5522, r=72.1215, perm=2
[INFO]  Word:78 = 刺, c=-14.4641, r=71.2077, perm=2
[INFO]  Word:79 = さ, c=-14.4493, r=14.4493, perm=2
[INFO]  Word:80 = っ, c=-14.5333, r=29.0374, perm=2
[INFO]  Word:81 = ), c=-19.2137, r=33.5166, perm=2
[INFO]  Word:82 = ト, c=-19.2276, r=19.2276, perm=2
[INFO]  Word:83 = ①, c=-19.1614, r=19.1614, perm=2
[INFO]  Word:84 = ゴ, c=-19.1863, r=19.1863, perm=2
[INFO]  Word:85 = l~⑬\”i⑩, c=-26.7495, r=161.219, perm=2
[INFO]  Word:86 = ブ, c=-19.138, r=19.138, perm=2
[INFO]  Word:87 = o(, c=-19.3513, r=56.5073, perm=2
[INFO]  Word:88 = ず, c=-19.1054, r=19.1054, perm=2
[INFO]  Word:89 = ホ, c=-19.0587, r=19.0587, perm=2
[INFO]  Word:90 = ェ, c=-19.1905, r=19.1905, perm=2
[INFO]  Word:91 = 》P”, c=-19.3271, r=57.8201, perm=2
[INFO]  Word:92 = っ, c=-19.0743, r=19.0743, perm=2
[INFO]  Word:93 = 罷, c=-19.2471, r=38.4519, perm=2
[INFO]  Word:94 = ⑤l, c=-19.2572, r=38.4628, perm=2
[INFO]  Word:95 = ゃ, c=-19.2815, r=19.2815, perm=2
[INFO]  Word:96 = “[, c=-19.1777, r=38.2198, perm=2
[INFO]  Word:97 = セ, c=-19.241, r=19.241, perm=2
[INFO]  Word:98 = ?dh, c=-19.292, r=57.4467, perm=2
[INFO]  Word:99 = イ, c=-19.1029, r=19.1029, perm=2
[INFO]  Word:100 = も, c=-19.1064, r=19.1064, perm=2
[INFO]  Word:101 = $⑮48②, c=-19.25, r=96.0143, perm=2
[INFO]  Word:102 = ま, c=-19.1491, r=19.1491, perm=2
[INFO]  Word:103 = テ, c=-19.2215, r=19.2215, perm=2
[INFO]  Word:104 = 了, c=-19.2977, r=19.2977, perm=2
[INFO]  Word:105 = D, c=-19.2882, r=19.2882, perm=2
[INFO]  Word:106 = つ, c=-19.1537, r=19.1537, perm=2
[INFO]  Word:107 = ル, c=-19.2868, r=19.2868, perm=2
[INFO]  Word:108 = ガ, c=-19.2702, r=19.2702, perm=2
[INFO]  Word:109 = ヽ, c=-19.2567, r=19.2567, perm=2
[INFO]  Word:110 = ;f⑱, c=-23.3814, r=81.0669, perm=2
[INFO]  Word:111 = ヤ, c=-19.2469, r=19.2469, perm=2
[INFO]  Word:112 = 1]〒?, c=-19.2727, r=76.7426, perm=2
[INFO]  Word:113 = バ, c=-19.0984, r=19.0984, perm=2
[INFO]  Word:114 = ュ, c=-22.4098, r=41.5981, perm=2
[INFO]  Word:115 = え, c=-19.3176, r=19.3176, perm=2
[INFO]  Word:116 = プ, c=-19.1918, r=19.1918, perm=2
[INFO]  Word:117 = ー, c=-19.1614, r=19.1614, perm=2
[INFO]  Word:118 = ゑ, c=-19.1367, r=19.1367, perm=2
[INFO]  Word:119 = -#〆⑳, c=-19.4156, r=76.8527, perm=2
[INFO]  Word:120 = メ, c=-19.1858, r=19.1858, perm=2
[INFO]  Word:121 = 9, c=-19.1689, r=19.1689, perm=2
[INFO]  Word:122 = か, c=-18.968, r=18.968, perm=2
[INFO]  Word:123 = パ, c=-19.0734, r=19.0734, perm=2
[INFO]  Word:124 = o5‡, c=-19.2538, r=57.7443, perm=2
[INFO]  Word:125 = マ, c=-19.1425, r=19.1425, perm=2
[INFO]  Word:126 = …=, c=-19.257, r=38.4062, perm=2
[INFO]  Word:127 = わ, c=-18.9491, r=18.9491, perm=2
[INFO]  Word:128 = ろ, c=-19.1957, r=19.1957, perm=2
[INFO]  Word:129 = ぉ, c=-19.2948, r=19.2948, perm=2
[INFO]  Word:130 = &lt;⑪⑯』, c=-19.382, r=77.1453, perm=2
[INFO]  Word:131 = き, c=-19.2359, r=19.2359, perm=2
[INFO]  Word:132 = ヂ, c=-19.2034, r=19.2034, perm=2
[INFO]  Word:133 = グ, c=-19.1876, r=19.1876, perm=2
[INFO]  Word:134 = 〉⑳※, c=-19.2524, r=57.6109, perm=2
[INFO]  Word:135 = っ, c=-19.1239, r=36.1567, perm=2
[INFO]  Word:136 = 〕o, c=-19.3675, r=38.6222, perm=2
[INFO]  Word:137 = ペ, c=-19.2018, r=19.2018, perm=2
[INFO]  Word:138 = 〉, c=-19.1138, r=19.1138, perm=2
[INFO]  Word:139 = じ, c=-19.1284, r=19.1284, perm=2
[INFO]  Word:140 = ⓪, c=-19.287, r=19.287, perm=2
[INFO]  Word:141 = ア, c=-18.9886, r=18.9886, perm=2
[INFO]  Word:142 = ⑩, c=-19.2684, r=19.2684, perm=2
[INFO]  Word:143 = ヅ, c=-19.0591, r=19.0591, perm=2
[INFO]  Word:144 = P:, c=-19.3535, r=38.4519, perm=2
[INFO]  Word:145 = げ, c=-19.1329, r=19.1329, perm=2
[INFO]  Word:146 = ゑ, c=-19.3019, r=19.3019, perm=2
[INFO]  Word:147 = わ, c=-19.1351, r=19.1351, perm=2
[INFO]  Word:148 = ヅ, c=-19.1427, r=19.1427, perm=2
[INFO]  Word:149 = 了, c=-19.2501, r=19.2501, perm=2
[INFO]  Word:150 = ダ, c=-19.259, r=19.259, perm=2
[INFO]  Word:151 = K, c=-19.1286, r=19.1286, perm=2
[INFO]  Word:152 = ゅ, c=-19.1538, r=19.1538, perm=2
[INFO]  Word:153 = し, c=-23.0928, r=42.2537, perm=2
[INFO]  Word:154 = ④k, c=-19.2553, r=38.4709, perm=2
[INFO]  Word:155 = ピ, c=-19.08, r=19.08, perm=2
[INFO]  Word:156 = ソ, c=-19.0866, r=19.0866, perm=2
[INFO]  Word:157 = (7N”〈, c=-19.2363, r=96.048, perm=2
[INFO]  Word:158 = ろ, c=-19.2938, r=19.2938, perm=2
[INFO]  Word:159 = イ, c=-19.1179, r=19.1179, perm=2
[INFO]  Word:160 = ④, c=-19.197, r=19.197, perm=2
[INFO]  Word:161 = ぺ, c=-19.1806, r=19.1806, perm=2
[INFO]  Word:162 = 有, c=-19.158, r=19.158, perm=2
[INFO]  Word:163 = +:, c=-19.293, r=38.5118, perm=2
[INFO]  Word:164 = き, c=-19.2504, r=19.2504, perm=2
[INFO]  Word:165 = 〒%, c=-19.3231, r=38.5302, perm=2
[INFO]  Word:166 = ザ, c=-19.077, r=19.077, perm=2
[INFO]  Word:167 = 人, c=-19.0551, r=19.0551, perm=2
[INFO]  Word:168 = 々, c=-19.2873, r=19.2873, perm=2
[INFO]  Word:169 = P%⑯, c=-19.3446, r=57.5231, perm=2
[INFO]  Word:170 = ャ, c=-19.1726, r=19.1726, perm=2
[INFO]  Word:171 = へ, c=-19.0224, r=19.0224, perm=2
[INFO]  Word:172 = H⑥, c=-19.2719, r=38.4026, perm=2
[INFO]  Word:173 = ワ, c=-19.2171, r=19.2171, perm=2
[INFO]  Word:174 = 〟⑨, c=-19.2214, r=38.38, perm=2
[INFO]  Word:175 = ユ, c=-19.3142, r=19.3142, perm=2
[INFO]  Word:176 = N⑯%》, c=-28.7588, r=105.698, perm=2
[INFO]  Word:177 = ト, c=-19.3768, r=19.3768, perm=2
[INFO]  Word:178 = 【s, c=-19.2136, r=38.3576, perm=2
[INFO]  Word:179 = ョ, c=-19.1812, r=19.1812, perm=2
[INFO]  Word:180 = 8!T, c=-19.2493, r=57.4273, perm=2
[INFO]  Word:181 = ご, c=-19.0669, r=19.0669, perm=2
[INFO]  Word:182 = ヰ, c=-19.1858, r=19.1858, perm=2
[INFO]  Word:183 = e, c=-19.2436, r=19.2436, perm=2
[INFO]  Word:184 = ネ, c=-19.2616, r=37.5804, perm=2
[INFO]  Word:185 = ポ, c=-19.2062, r=19.2062, perm=2
[INFO]  Word:186 = 人, c=-19.0991, r=19.0991, perm=2
[INFO]  Word:187 = う, c=-19.1462, r=19.1462, perm=2
[INFO]  Word:188 = 》, c=-19.3366, r=19.3366, perm=2
[INFO]  Word:189 = ヂ, c=-22.7981, r=42.0778, perm=2
[INFO]  Word:190 = “8, c=-19.2949, r=56.7714, perm=2
[INFO]  Word:191 = し, c=-19.1528, r=19.1528, perm=2
[INFO]  Word:192 = メ, c=-19.2658, r=19.2658, perm=2
[INFO]  Word:193 = w, c=-19.2894, r=19.2894, perm=2
[INFO]  Word:194 = こ, c=-19.1639, r=19.1639, perm=2
[INFO]  Word:195 = セ, c=-19.2356, r=19.2356, perm=2
[INFO]  Word:196 = _, c=-19.2269, r=19.2269, perm=2
[INFO]  Word:197 = や, c=-19.1675, r=19.1675, perm=2
[INFO]  Word:198 = `《, c=-19.3841, r=38.478, perm=2
[INFO]  Word:199 = ぶ, c=-19.2728, r=19.2728, perm=2
[INFO]  Word:200 = 和, c=-19.0677, r=19.0677, perm=2
[INFO]  Word:201 = ,F⑦F⑭「⑧, c=-19.4526, r=134.578, perm=2
[INFO]  Word:202 = け, c=-18.9568, r=18.9568, perm=2
[INFO]  Word:203 = ⑨, c=-18.9838, r=18.9838, perm=2
[INFO]  Word:204 = ぁ, c=-19.1549, r=19.1549, perm=2
[INFO]  Word:205 = ん, c=-19.1283, r=19.1283, perm=2
[INFO]  Word:206 = カ, c=-19.1455, r=19.1455, perm=2
[INFO]  Word:207 = ", c=-19.2553, r=19.2553, perm=2
[INFO]  Word:208 = な, c=-19.2594, r=19.2594, perm=2
[INFO]  Word:209 = ァ, c=-21.9476, r=41.1033, perm=2
[INFO]  Word:210 = NW, c=-19.1535, r=38.2306, perm=2
[INFO]  Word:211 = ル, c=-24.4836, r=43.626, perm=2
[INFO]  Word:212 = :⑫, c=-19.2016, r=38.3936, perm=2
[INFO]  Word:213 = シ, c=-19.1527, r=19.1527, perm=2
[INFO]  Word:214 = プ, c=-19.3599, r=19.3599, perm=2
[INFO]  Word:215 = フ, c=-19.2078, r=19.2078, perm=2
[INFO]  Word:216 = わ, c=-19.2426, r=19.2426, perm=2
[INFO]  Word:217 = エ, c=-19.1897, r=19.1897, perm=2
[INFO]  Word:218 = ッ, c=-19.2593, r=19.2593, perm=2
[INFO]  Word:219 = CR・, c=-19.2741, r=57.6773, perm=2
[INFO]  Word:220 = ゼ, c=-19.3383, r=19.3383, perm=2
[INFO]  Word:221 = ハ, c=-19.2368, r=19.2368, perm=2
[INFO]  Word:222 = gG, c=-19.3949, r=38.6547, perm=2
[INFO]  Word:223 = ら, c=-19.4222, r=19.4222, perm=2
[INFO]  Word:224 = Uw“, c=-19.2042, r=57.1884, perm=2
[INFO]  Word:225 = っ, c=-19.163, r=19.163, perm=2
[INFO]  Word:226 = a, c=-19.1422, r=19.1422, perm=2
[INFO]  Word:227 = ボ, c=-19.1716, r=19.1716, perm=2
[INFO]  Word:228 = ふ, c=-19.3801, r=19.3801, perm=2
[INFO]  Word:229 = く, c=-19.2415, r=19.2415, perm=2
[INFO]  Word:230 = ③, c=-19.0393, r=19.0393, perm=2
[INFO]  Word:231 = べ, c=-19.1424, r=19.1424, perm=2
[INFO]  Word:232 = IBh、, c=-19.221, r=76.5894, perm=2
[INFO]  Word:233 = ウ, c=-19.1678, r=19.1678, perm=2
[INFO]  Word:234 = ノ, c=-19.132, r=19.132, perm=2
[INFO]  Word:235 = ズ, c=-19.158, r=19.158, perm=2
[INFO]  Word:236 = ほ, c=-19.1376, r=19.1376, perm=2
[INFO]  Word:237 = テ, c=-19.1284, r=19.1284, perm=2
[INFO]  Word:238 = ェ, c=-19.1408, r=19.1408, perm=2
[INFO]  Word:239 = ぞ, c=-19.2026, r=19.2026, perm=2
[INFO]  Word:240 = ゴ, c=-19.2204, r=19.2204, perm=2
[INFO]  Word:241 = i, c=-19.1693, r=19.1693, perm=2
[INFO]  Word:242 = ボ, c=-19.0459, r=19.0459, perm=2
[INFO]  Word:243 = モ, c=-19.2891, r=19.2891, perm=2
[INFO]  Word:244 = キ, c=-19.0618, r=19.0618, perm=2
[INFO]  Word:245 = 】s⑪s2O, c=-19.2062, r=114.844, perm=2
[INFO]  Word:246 = け, c=-19.1696, r=19.1696, perm=2
[INFO]  Word:247 = ペ, c=-19.124, r=19.124, perm=2
[INFO]  Word:248 = リ, c=-19.2388, r=19.2388, perm=2
[INFO]  Word:249 = U%P, c=-19.346, r=57.8285, perm=2
[INFO]  Word:250 = が, c=-19.1728, r=19.1728, perm=2
[INFO]  Word:251 = x_, c=-19.1374, r=38.2622, perm=2
[INFO]  Word:252 = を, c=-19.2438, r=19.2438, perm=2
[INFO]  Word:253 = ン, c=-19.1255, r=19.1255, perm=2
[INFO]  Word:254 = 了, c=-19.2377, r=19.2377, perm=2
[INFO]  Word:255 = ①, c=-19.3596, r=19.3596, perm=2
[INFO]  Word:256 = ゆ, c=-19.1514, r=19.1514, perm=2
[INFO]  Word:257 = ド, c=-19.1147, r=19.1147, perm=2
[INFO]  Word:258 = Z, c=-19.1095, r=19.1095, perm=2
[INFO]  Word:259 = モ, c=-19.3424, r=19.3424, perm=2
[INFO]  Word:260 = ゅ, c=-19.0639, r=19.0639, perm=2
[INFO]  Word:261 = ア, c=-19.1947, r=19.1947, perm=2
[INFO]  Word:262 = ズ, c=-19.2015, r=19.2015, perm=2
[INFO]  Word:263 = せ, c=-19.2495, r=19.2495, perm=2
[INFO]  Word:264 = ヤ, c=-19.5477, r=38.7861, perm=2
[INFO]  Word:265 = X》, c=-19.1776, r=38.3134, perm=2
[INFO]  Word:266 = わ, c=-19.1497, r=19.1497, perm=2
[INFO]  Word:267 = ャ, c=-19.214, r=19.214, perm=2
[INFO]  Word:268 = v〈, c=-20.7722, r=79.652, perm=2
[INFO]  Word:269 = 有, c=-19.0509, r=19.0509, perm=2
[INFO]  Word:270 = オ, c=-19.3849, r=19.3849, perm=2
[INFO]  Word:271 = バ, c=-19.0689, r=19.0689, perm=2
[INFO]  Word:272 = ⑳}, c=-19.3495, r=38.6226, perm=2
[INFO]  Word:273 = ハ, c=-19.2156, r=19.2156, perm=2
[INFO]  Word:274 = わ, c=-19.2063, r=19.2063, perm=2
[INFO]  Word:275 = い, c=-19.1392, r=19.1392, perm=2
[INFO]  Word:276 = お, c=-19.2514, r=19.2514, perm=2
[INFO]  Word:277 = グ, c=-19.121, r=19.121, perm=2
[INFO]  Word:278 = ヰ, c=-19.3105, r=19.3105, perm=2
[INFO]  Word:279 = ⑤, c=-19.2157, r=19.2157, perm=2
[INFO]  Word:280 = ぬ, c=-19.9084, r=39.1441, perm=2
[INFO]  Word:281 = N。※, c=-19.2825, r=57.5585, perm=2
[INFO]  Word:282 = ケ, c=-19.0974, r=19.0974, perm=2
[INFO]  Word:283 = ャ, c=-19.1631, r=19.1631, perm=2
[INFO]  Word:284 = ョ, c=-19.2689, r=19.2689, perm=2
[INFO]  Word:285 = …|a⑲-, c=-19.3807, r=96.2518, perm=2
[INFO]  Word:286 = パ, c=-19.1918, r=19.1918, perm=2
[INFO]  Word:287 = b, c=-18.996, r=18.996, perm=2
[INFO]  Word:288 = ぷ, c=-19.2249, r=19.2249, perm=2
[INFO]  Word:289 = せ, c=-19.1339, r=19.1339, perm=2
[INFO]  Word:290 = ボ, c=-19.2587, r=19.2587, perm=2
[INFO]  Word:291 = シ, c=-19.2105, r=19.2105, perm=2
[INFO]  Word:292 = ZG2《, c=-19.2777, r=76.9265, perm=2
[INFO]  Word:293 = そ, c=-18.9976, r=18.9976, perm=2
[INFO]  Word:294 = ツ, c=-19.1548, r=19.1548, perm=2
[INFO]  Word:295 = 3, c=-19.1962, r=19.1962, perm=2
[INFO]  Word:296 = O, c=-19.2814, r=19.2814, perm=2
[INFO]  Word:297 = エ, c=-19.2849, r=19.2849, perm=2
[INFO]  Word:298 = .I, c=-19.1947, r=38.323, perm=2
[INFO]  Word:299 = か, c=-19.177, r=19.177, perm=2
[INFO]  Word:300 = ”, c=-19.109, r=19.109, perm=2
[INFO]  Word:301 = ボ, c=-19.2343, r=19.2343, perm=2
[INFO]  Word:302 = た, c=-19.5885, r=38.9786, perm=2
[INFO]  Word:303 = U⑫no, c=-19.4276, r=96.5004, perm=2
[INFO]  Word:304 = ゴ, c=-19.2108, r=19.2108, perm=2
[INFO]  Word:305 = ⑤T&gt;⑫, c=-19.2551, r=94.7239, perm=2
[INFO]  Word:306 = ょ, c=-19.3017, r=19.3017, perm=2
[INFO]  Word:307 = N], c=-19.3279, r=38.4671, perm=2
[INFO]  Word:308 = っ, c=-19.053, r=19.053, perm=2
[INFO]  Word:309 = シ, c=-19.2936, r=19.2936, perm=2
[INFO]  Word:310 = 0, c=-19.2776, r=19.2776, perm=2
[INFO]  Word:311 = ペ, c=-19.2279, r=19.2279, perm=2
[INFO]  Word:312 = よ, c=-19.2181, r=19.2181, perm=2
[INFO]  Word:313 = ヶ, c=-19.2998, r=19.2998, perm=2
[INFO]  Word:314 = }, c=-19.0872, r=19.0872, perm=2
[INFO]  Word:315 = よ, c=-18.9226, r=18.9226, perm=2
[INFO]  Word:316 = ず, c=-19.1394, r=19.1394, perm=2
[INFO]  Word:317 = ト, c=-21.1361, r=40.2958, perm=2
[INFO]  Word:318 = ‥}⑫, c=-19.2609, r=57.5738, perm=2
[INFO]  Word:319 = チ, c=-19.1961, r=19.1961, perm=2
[INFO]  Word:320 = H, c=-19.2245, r=19.2245, perm=2
[INFO]  Word:321 = カ, c=-19.0905, r=19.0905, perm=2
[INFO]  Word:322 = ぞ, c=-19.1186, r=19.1186, perm=2
[INFO]  Word:323 = ~「, c=-19.276, r=38.519, perm=2
[INFO]  Word:324 = ヘ, c=-19.3026, r=19.3026, perm=2
[INFO]  Word:325 = ぽ, c=-19.1506, r=19.1506, perm=2
[INFO]  Word:326 = リ, c=-19.2441, r=19.2441, perm=2
[INFO]  Word:327 = ク, c=-19.2414, r=19.2414, perm=2
[INFO]  Word:328 = フ, c=-19.1471, r=19.1471, perm=2
[INFO]  Word:329 = \, c=-19.3171, r=19.3171, perm=2
[INFO]  Word:330 = ヮ, c=-19.4152, r=38.7021, perm=2
[INFO]  Word:331 = c, c=-19.2428, r=19.2428, perm=2
[INFO]  Word:332 = 邊, c=-19.3559, r=57.7977, perm=2
[INFO]  Word:333 = {, c=-19.184, r=19.184, perm=2
[INFO]  Word:334 = ネ, c=-19.2414, r=19.2414, perm=2
[INFO]  Word:335 = ノ, c=-19.1397, r=19.1397, perm=2
[INFO]  Word:336 = オ, c=-19.1743, r=19.1743, perm=2
[INFO]  Word:337 = V, c=-19.0726, r=19.0726, perm=2
[INFO]  Word:338 = ぐ, c=-19.1033, r=19.1033, perm=2
[INFO]  Word:339 = も, c=-19.2933, r=19.2933, perm=2
[INFO]  Word:340 = 〒D⑧‡※, c=-19.3925, r=96.2427, perm=2
[INFO]  Word:341 = 了, c=-19.1869, r=19.1869, perm=2
[INFO]  Word:342 = ィ, c=-19.3407, r=19.3407, perm=2
[INFO]  Word:343 = 4, c=-19.1379, r=19.1379, perm=2
[INFO]  Word:344 = レ, c=-19.0369, r=19.0369, perm=2
[INFO]  Word:345 = わ, c=-19.0889, r=19.0889, perm=2
[INFO]  Word:346 = ”, c=-19.2668, r=19.2668, perm=2
[INFO]  Word:347 = ヱ, c=-19.2241, r=19.2241, perm=2
[INFO]  Word:348 = ジ, c=-19.112, r=36.2604, perm=2
[INFO]  Word:349 = ゴ, c=-19.2109, r=19.2109, perm=2
[INFO]  Word:350 = ろ, c=-19.1989, r=19.1989, perm=2
[INFO]  Word:351 = せ, c=-19.2488, r=19.2488, perm=2
[INFO]  Word:352 = /, c=-19.1776, r=19.1776, perm=2
[INFO]  Word:353 = ぃ, c=-19.3457, r=19.3457, perm=2
[INFO]  Word:354 = ど, c=-19.2242, r=19.2242, perm=2
[INFO]  Word:355 = ⑭Z〒, c=-19.1633, r=57.4273, perm=2
[INFO]  Word:356 = エ, c=-19.214, r=19.214, perm=2
[INFO]  Word:357 = ゥ, c=-20.4521, r=39.7331, perm=2
[INFO]  Word:358 = リ, c=-24.1972, r=43.4745, perm=2
[INFO]  Word:359 = ち, c=-19.3283, r=19.3283, perm=2
[INFO]  Word:360 = ル, c=-19.2345, r=19.2345, perm=2
[INFO]  Word:361 = ‡, c=-19.0365, r=19.0365, perm=2
[INFO]  Word:362 = み, c=-19.1441, r=19.1441, perm=2
[INFO]  Word:363 = ^⑰}, c=-19.3009, r=57.7129, perm=2
[INFO]  Word:364 = 〇, c=-19.2637, r=19.2637, perm=2
[INFO]  Word:365 = け, c=-19.2252, r=19.2252, perm=2
[INFO]  Word:366 = ょ, c=-19.2438, r=38.3897, perm=2
[INFO]  Word:367 = ヘ, c=-19.053, r=19.053, perm=2
[INFO]  Word:368 = 7, c=-19.1955, r=19.1955, perm=2
[INFO]  Word:369 = ヘ, c=-19.2897, r=19.2897, perm=2
[INFO]  Word:370 = ビ, c=-19.2207, r=19.2207, perm=2
[INFO]  Word:371 = ⑬^…, c=-19.1264, r=57.2992, perm=2
[INFO]  Word:372 = ビ, c=-19.2261, r=19.2261, perm=2
[INFO]  Word:373 = 〟, c=-19.1266, r=19.1266, perm=2
[INFO]  Word:374 = う, c=-19.1488, r=19.1488, perm=2
[INFO]  Word:375 = シ, c=-19.1973, r=19.1973, perm=2
[INFO]  Word:376 = ,, c=-19.1886, r=19.1886, perm=2
[INFO]  Word:377 = ど, c=-19.2698, r=19.2698, perm=2
[INFO]  Word:378 = (, c=-19.1419, r=19.1419, perm=2
[INFO]  Word:379 = に, c=-19.0751, r=19.0751, perm=2
[INFO]  Word:380 = ④, c=-19.1058, r=19.1058, perm=2
[INFO]  Word:381 = だ, c=-19.1819, r=19.1819, perm=2
[INFO]  Word:382 = 《Q⑪?, c=-19.2601, r=76.6863, perm=2
[INFO]  Word:383 = 下, c=-19.246, r=38.4688, perm=2
[INFO]  Word:384 = v, c=-19.1626, r=19.1626, perm=2
[INFO]  Word:385 = メ, c=-19.3057, r=19.3057, perm=2
[INFO]  Word:386 = Mb, c=-19.1223, r=38.1786, perm=2
[INFO]  Word:387 = ズ, c=-19.1725, r=19.1725, perm=2
[INFO]  Word:388 = 悶, c=-19.2773, r=38.4911, perm=2
[INFO]  Word:389 = ‡, c=-19.2116, r=19.2116, perm=2
[INFO]  Word:390 = サ, c=-19.1434, r=19.1434, perm=2
[INFO]  Word:391 = n, c=-19.2295, r=19.2295, perm=2
[INFO]  Word:392 = ィ, c=-19.1352, r=19.1352, perm=2
[INFO]  Word:393 = ユ, c=-19.1691, r=19.1691, perm=2
[INFO]  Word:394 = せ, c=-19.2118, r=19.2118, perm=2
[INFO]  Word:395 = の, c=-19.1078, r=19.1078, perm=2
[INFO]  Word:396 = ゅ, c=-19.0133, r=19.0133, perm=2
[INFO]  Word:397 = ゆ, c=-19.1306, r=19.1306, perm=2
[INFO]  Word:398 = J〒, c=-19.2147, r=38.2929, perm=2
[INFO]  Word:399 = く, c=-19.3073, r=19.3073, perm=2
[INFO]  Word:400 = /g, c=-19.234, r=38.3084, perm=2
[INFO]  Word:401 = ャ, c=-19.2016, r=19.2016, perm=2
[INFO]  Word:402 = ノ, c=-19.0511, r=19.0511, perm=2
[INFO]  Word:403 = た, c=-19.1908, r=19.1908, perm=2
[INFO]  Word:404 = …, c=-19.1251, r=19.1251, perm=2
[INFO]  Word:405 = た, c=-19.2902, r=19.2902, perm=2
[INFO]  Word:406 = |, c=-19.1389, r=19.1389, perm=2
[INFO]  Word:407 = ケ, c=-19.2053, r=19.2053, perm=2
[INFO]  Word:408 = ダ, c=-19.3273, r=19.3273, perm=2
[INFO]  Word:409 = ず, c=-18.9239, r=18.9239, perm=2
[INFO]  Word:410 = Xr, c=-19.1033, r=38.2022, perm=2
[INFO]  Word:411 = イ, c=-19.1486, r=19.1486, perm=2
[INFO]  Word:412 = B, c=-19.1615, r=19.1615, perm=2
[INFO]  Word:413 = ぢ, c=-19.2815, r=19.2815, perm=2
[INFO]  Word:414 = ヨ, c=-18.8489, r=18.8489, perm=2
[INFO]  Word:415 = ,$, c=-19.2568, r=38.3444, perm=2
[INFO]  Word:416 = ょ, c=-19.3385, r=19.3385, perm=2
[INFO]  Word:417 = 〒, c=-19.1278, r=19.1278, perm=2
[INFO]  Word:418 = ル, c=-19.2754, r=19.2754, perm=2
[INFO]  Word:419 = ヒ, c=-19.0452, r=19.0452, perm=2
[INFO]  Word:420 = 《, c=-19.2025, r=19.2025, perm=2
[INFO]  Word:421 = ち, c=-19.3015, r=19.3015, perm=2
[INFO]  Word:422 = が, c=-19.2408, r=19.2408, perm=2
[INFO]  Word:423 = プ, c=-19.1648, r=19.1648, perm=2
[INFO]  Word:424 = ピ, c=-19.1309, r=19.1309, perm=2
[INFO]  Word:425 = EQ, c=-19.3128, r=38.5518, perm=2
[INFO]  Word:426 = あ, c=-19.3222, r=19.3222, perm=2
[INFO]  Word:427 = ]6, c=-19.1411, r=38.0796, perm=2
[INFO]  Word:428 = オ, c=-19.2746, r=19.2746, perm=2
[INFO]  Word:429 = ヘ, c=-19.0815, r=19.0815, perm=2
[INFO]  Word:430 = ヒ, c=-19.2383, r=19.2383, perm=2
[INFO]  Word:431 = ヨ, c=-19.278, r=19.278, perm=2
[INFO]  Word:432 = ;6x, c=-19.302, r=57.7478, perm=2
[INFO]  Word:433 = ヮ, c=-19.2815, r=19.2815, perm=2
[INFO]  Word:434 = X, c=-19.1172, r=19.1172, perm=2
[INFO]  Word:435 = ゥ, c=-19.0505, r=19.0505, perm=2
[INFO]  Word:436 = ぐ, c=-19.0915, r=19.0915, perm=2
[INFO]  Word:437 = ダ, c=-18.9767, r=18.9767, perm=2
[INFO]  Word:438 = F, c=-19.2408, r=19.2408, perm=2
[INFO]  Word:439 = ベ, c=-19.229, r=19.229, perm=2
[INFO]  Word:440 = 〈, c=-19.2641, r=19.2641, perm=2
[INFO]  Word:441 = ず, c=-19.4482, r=19.4482, perm=2
[INFO]  Word:442 = $EP5⑩⑦, c=-19.5079, r=134.684, perm=2
[INFO]  Word:443 = え, c=-31.4012, r=79.3264, perm=2
[INFO]  Word:444 = ぬ, c=-19.4492, r=19.4492, perm=2
[INFO]  Word:445 = ル, c=-19.0297, r=19.0297, perm=2
[INFO]  Word:446 = ぼ, c=-19.3365, r=19.3365, perm=2
[INFO]  Word:447 = 了, c=-19.1188, r=19.1188, perm=2
[INFO]  Word:448 = 3, c=-19.1618, r=19.1618, perm=2
[INFO]  Word:449 = リ, c=-19.1491, r=19.1491, perm=2
[INFO]  Word:450 = V⑤, c=-19.4398, r=38.3178, perm=2
[INFO]  Word:451 = ゥ, c=-19.1328, r=19.1328, perm=2
[INFO]  Word:452 = 3, c=-19.1974, r=19.1974, perm=2
[INFO]  Word:453 = ょ, c=-19.2307, r=19.2307, perm=2
[INFO]  Word:454 = も, c=-19.2691, r=19.2691, perm=2
[INFO]  Word:455 = {S, c=-19.2442, r=38.2999, perm=2
[INFO]  Word:456 = ヽ, c=-19.258, r=19.258, perm=2
[INFO]  Word:457 = 。m『⓪L〆m②L, c=-19.4656, r=172.472, perm=2
[INFO]  Word:458 = ゐ, c=-19.2193, r=19.2193, perm=2
[INFO]  Word:459 = ③, c=-19.0603, r=19.0603, perm=2
[INFO]  Word:460 = ヅ, c=-19.0495, r=19.0495, perm=2
[INFO]  Word:461 = 〇, c=-25.3606, r=44.576, perm=2
[INFO]  Word:462 = ①, c=-19.1571, r=19.1571, perm=2
[INFO]  Word:463 = ュ, c=-18.9908, r=18.9908, perm=2
[INFO]  Word:464 = ト, c=-19.1006, r=19.1006, perm=2
[INFO]  Word:465 = ゝ, c=-19.1328, r=19.1328, perm=2
[INFO]  Word:466 = 8『, c=-19.1973, r=38.2285, perm=2
[INFO]  Word:467 = ミ, c=-19.1781, r=19.1781, perm=2
[INFO]  Word:468 = ョ, c=-19.1542, r=19.1542, perm=2
[INFO]  Word:469 = w, c=-19.227, r=19.227, perm=2
[INFO]  Word:470 = 和, c=-19.3172, r=19.3172, perm=2
[INFO]  Word:471 = ぴ, c=-19.2268, r=19.2268, perm=2
[INFO]  Word:472 = け, c=-20.4323, r=39.8025, perm=2
[INFO]  Word:473 = c『, c=-19.3061, r=38.559, perm=2
[INFO]  Word:474 = ォ, c=-25.1318, r=44.1633, perm=2
[INFO]  Word:475 = ッ, c=-19.0966, r=19.0966, perm=2
[INFO]  Word:476 = ', c=-19.2199, r=19.2199, perm=2
[INFO]  Word:477 = ズ, c=-19.0294, r=19.0294, perm=2
[INFO]  Word:478 = サ, c=-19.1584, r=19.1584, perm=2
[INFO]  Word:479 = レ, c=-19.2036, r=19.2036, perm=2
[INFO]  Word:480 = う, c=-19.2271, r=19.2271, perm=2
[INFO]  Word:481 = _$, c=-19.1778, r=38.3149, perm=2
[INFO]  Word:482 = う, c=-19.1244, r=19.1244, perm=2
[INFO]  Word:483 = Z+《"Z, c=-20.8965, r=116.712, perm=2
[INFO]  Word:484 = は, c=-19.174, r=19.174, perm=2
[INFO]  Word:485 = 〝f, c=-19.1904, r=38.2989, perm=2
[INFO]  Word:486 = ゴ, c=-22.4806, r=41.6526, perm=2
[INFO]  Word:487 = e\〒, c=-19.2468, r=57.6654, perm=2
[INFO]  Word:488 = ミ, c=-19.2705, r=19.2705, perm=2
[INFO]  Word:489 = せ, c=-19.1931, r=19.1931, perm=2
[INFO]  Word:490 = ト, c=-19.2489, r=19.2489, perm=2
[INFO]  Word:491 = ァ, c=-19.1391, r=19.1391, perm=2
[INFO]  Word:492 = 2‥vU, c=-19.2559, r=76.8633, perm=2
[INFO]  Word:493 = ブ, c=-19.2773, r=19.2773, perm=2
[INFO]  Word:494 = つ, c=-19.224, r=19.224, perm=2
[INFO]  Word:495 = ぬ, c=-19.264, r=19.264, perm=2
[INFO]  Word:496 = F, c=-19.1367, r=19.1367, perm=2
[INFO]  Word:497 = ハ, c=-19.0887, r=19.0887, perm=2
[INFO]  Word:498 = か, c=-19.0374, r=19.0374, perm=2
[INFO]  Word:499 = ず, c=-19.2143, r=19.2143, perm=2
[INFO]  Word:500 = ぅ, c=-19.3416, r=19.3416, perm=2
[INFO]  Word:501 = \, c=-19.1315, r=19.1315, perm=2
[INFO]  Word:502 = ヒ, c=-19.0326, r=19.0326, perm=2
[INFO]  Word:503 = デ, c=-19.2154, r=19.2154, perm=2
[INFO]  Word:504 = し, c=-19.0557, r=19.0557, perm=2
[INFO]  Word:505 = カ, c=-19.1943, r=19.1943, perm=2
[INFO]  Word:506 = F, c=-19.1153, r=19.1153, perm=2
[INFO]  Word:507 = ゞ, c=-19.1555, r=19.1555, perm=2
[INFO]  Word:508 = ⑦, c=-19.3605, r=19.3605, perm=2
[INFO]  Word:509 = ヒ, c=-19.2503, r=19.2503, perm=2
[INFO]  Word:510 = ⑲W, c=-19.1246, r=38.1411, perm=2
[INFO]  Word:511 = ら, c=-19.2206, r=19.2206, perm=2
[INFO]  Word:512 = a, c=-19.1501, r=19.1501, perm=2
[INFO]  Word:513 = ざ, c=-22.4562, r=41.5902, perm=2
[INFO]  Word:514 = U, c=-19.1229, r=19.1229, perm=2
[INFO]  Word:515 = ヌ, c=-19.1728, r=19.1728, perm=2
[INFO]  Word:516 = 々, c=-19.2844, r=19.2844, perm=2
[INFO]  Word:517 = i{@, c=-19.2367, r=57.5924, perm=2
[INFO]  Word:518 = ノ, c=-19.3699, r=19.3699, perm=2
[INFO]  Word:519 = U, c=-19.1602, r=19.1602, perm=2
[INFO]  Word:520 = ク, c=-19.2755, r=19.2755, perm=2
[INFO]  Word:521 = ザ, c=-19.199, r=19.199, perm=2
[INFO]  Word:522 = 》ーX, c=-20.3751, r=98.1959, perm=2
[INFO]  Word:523 = ざ, c=-19.142, r=19.142, perm=2
[INFO]  Word:524 = ぜ, c=-19.1977, r=19.1977, perm=2
[INFO]  Word:525 = タ, c=-19.1694, r=19.1694, perm=2
[INFO]  Word:526 = ォ, c=-19.0776, r=19.0776, perm=2
[INFO]  Word:527 = _!1”, c=-19.309, r=76.8014, perm=2
[INFO]  Word:528 = マ, c=-19.2581, r=19.2581, perm=2
[INFO]  Word:529 = -], c=-19.2603, r=38.4951, perm=2
[INFO]  Word:530 = み, c=-19.0797, r=19.0797, perm=2
[INFO]  Word:531 = \?, c=-19.3365, r=38.5235, perm=2
[INFO]  Word:532 = ァ, c=-19.1838, r=19.1838, perm=2
[INFO]  Word:533 = チ, c=-19.2739, r=19.2739, perm=2
[INFO]  Word:534 = ネ, c=-19.154, r=19.154, perm=2
[INFO]  Word:535 = ゆ, c=-19.0906, r=19.0906, perm=2
[INFO]  Word:536 = づ, c=-19.1922, r=19.1922, perm=2
[INFO]  Word:537 = た, c=-19.1688, r=19.1688, perm=2
[INFO]  Word:538 = 5, c=-19.205, r=19.205, perm=2
[INFO]  Word:539 = ど, c=-19.2412, r=19.2412, perm=2
[INFO]  Word:540 = `n, c=-19.2428, r=38.4052, perm=2
[INFO]  Word:541 = て, c=-19.2614, r=19.2614, perm=2
[INFO]  Word:542 = ヽ, c=-19.1198, r=19.1198, perm=2
[INFO]  Word:543 = ほ, c=-19.0834, r=19.0834, perm=2
[INFO]  Word:544 = 々, c=-19.0741, r=19.0741, perm=2
[INFO]  Word:545 = f, c=-19.1077, r=19.1077, perm=2
[INFO]  Word:546 = ゴ, c=-19.1859, r=19.1859, perm=2
[INFO]  Word:547 = よ, c=-19.1674, r=19.1674, perm=2
[INFO]  Word:548 = ④, c=-19.2028, r=37.2563, perm=2
[INFO]  Word:549 = ぜ, c=-19.2802, r=19.2802, perm=2
[INFO]  Word:550 = ぺ, c=-19.1279, r=19.1279, perm=2
[INFO]  Word:551 = ヨ, c=-19.1458, r=19.1458, perm=2
[INFO]  Word:552 = Q, c=-19.2808, r=19.2808, perm=2
[INFO]  Word:553 = ヤ, c=-19.157, r=19.157, perm=2
[INFO]  Word:554 = ィ, c=-19.2347, r=19.2347, perm=2
[INFO]  Word:555 = 9{, c=-19.1639, r=38.2586, perm=2
[INFO]  Word:556 = 林, c=-22.4842, r=80.1118, perm=2
[INFO]  Word:557 = サ, c=-19.2489, r=19.2489, perm=2
[INFO]  Word:558 = ヌ, c=-19.0765, r=19.0765, perm=2
[INFO]  Word:559 = 「, c=-19.2491, r=19.2491, perm=2
[INFO]  Word:560 = ぇ, c=-19.0015, r=19.0015, perm=2
[INFO]  Word:561 = Q?_, c=-19.2778, r=57.5737, perm=2
[INFO]  Word:562 = も, c=-19.1814, r=19.1814, perm=2
[INFO]  Word:563 = ほ, c=-19.1416, r=19.1416, perm=2
[INFO]  Word:564 = よ, c=-19.316, r=19.316, perm=2
[INFO]  Word:565 = ワ, c=-19.2033, r=19.2033, perm=2
[INFO]  Word:566 = )m`P, c=-19.3091, r=76.554, perm=2
[INFO]  Word:567 = ぉ, c=-19.2159, r=19.2159, perm=2
[INFO]  Word:568 = に, c=-19.1647, r=19.1647, perm=2
[INFO]  Word:569 = gZ, c=-19.0656, r=38.0534, perm=2
[INFO]  Word:570 = は, c=-19.2311, r=19.2311, perm=2
[INFO]  Word:571 = ほ, c=-19.1543, r=19.1543, perm=2
[INFO]  Word:572 = せ, c=-18.9305, r=18.9305, perm=2
[INFO]  Word:573 = G④, c=-19.5049, r=58.1893, perm=2
[INFO]  Word:574 = だ, c=-19.1764, r=19.1764, perm=2
[INFO]  Word:575 = ヶ, c=-19.2278, r=19.2278, perm=2
[INFO]  Word:576 = チ, c=-19.1556, r=19.1556, perm=2
[INFO]  Word:577 = ょ, c=-19.2509, r=19.2509, perm=2
[INFO]  Word:578 = ビ, c=-19.0506, r=19.0506, perm=2
[INFO]  Word:579 = caM, c=-19.3687, r=57.9299, perm=2
[INFO]  Word:580 = ビ, c=-19.2552, r=19.2552, perm=2
[INFO]  Word:581 = ゐ, c=-19.2047, r=19.2047, perm=2
[INFO]  Word:582 = た, c=-19.1184, r=19.1184, perm=2
[INFO]  Word:583 = ぬ, c=-19.0892, r=19.0892, perm=2
[INFO]  Word:584 = ゑ, c=-19.217, r=19.217, perm=2
[INFO]  Word:585 = ポ, c=-19.148, r=19.148, perm=2
[INFO]  Word:586 = |, c=-20.191, r=39.3222, perm=2
[INFO]  Word:587 = ヱ, c=-19.2135, r=19.2135, perm=2
[INFO]  Word:588 = ヮ, c=-19.1111, r=19.1111, perm=2
[INFO]  Word:589 = な, c=-19.2595, r=19.2595, perm=2
[INFO]  Word:590 = x:, c=-19.304, r=38.4741, perm=2
[INFO]  Word:591 = る, c=-19.2926, r=19.2926, perm=2
[INFO]  Word:592 = キ, c=-19.3592, r=19.3592, perm=2
[INFO]  Word:593 = ド, c=-19.1842, r=19.1842, perm=2
[INFO]  Word:594 = v⑤D, c=-19.2389, r=57.5962, perm=2
[INFO]  Word:595 = ヌ, c=-19.3072, r=19.3072, perm=2
[INFO]  Word:596 = ⑳③g1, c=-19.3903, r=76.7875, perm=2
[INFO]  Word:597 = ラ, c=-19.4032, r=19.4032, perm=2
[INFO]  Word:598 = $u, c=-19.2245, r=38.3482, perm=2
[INFO]  Word:599 = ぃ, c=-19.2557, r=19.2557, perm=2
[INFO]  Word:600 = ゐ, c=-19.2424, r=19.2424, perm=2
[INFO]  Word:601 = ダ, c=-19.2481, r=19.2481, perm=2
[INFO]  Word:602 = ナ, c=-19.061, r=19.061, perm=2
[INFO]  Word:603 = モ, c=-19.1293, r=19.1293, perm=2
[INFO]  Word:604 = 和, c=-19.2978, r=19.2978, perm=2
[INFO]  Word:605 = l, c=-19.3485, r=19.3485, perm=2
[INFO]  Word:606 = ぺ, c=-19.1497, r=19.1497, perm=2
[INFO]  Word:607 = ヵ, c=-19.1701, r=19.1701, perm=2
[INFO]  Word:608 = フ, c=-19.2776, r=19.2776, perm=2
[INFO]  Word:609 = ず, c=-19.3159, r=19.3159, perm=2
[INFO]  Word:610 = ホ, c=-19.2842, r=19.2842, perm=2
[INFO]  Word:611 = K@~③, c=-19.3044, r=76.7504, perm=2
[INFO]  Word:612 = 和, c=-24.8733, r=44.0219, perm=2
[INFO]  Word:613 = ど, c=-19.0287, r=19.0287, perm=2
[INFO]  Word:614 = り, c=-19.2733, r=19.2733, perm=2
[INFO]  Word:615 = ぶ, c=-19.2878, r=19.2878, perm=2
[INFO]  Word:616 = ぇ, c=-20.0009, r=39.1023, perm=2
[INFO]  Word:617 = つ, c=-19.0985, r=19.0985, perm=2
[INFO]  Word:618 = ぎ, c=-19.0955, r=19.0955, perm=2
[INFO]  Word:619 = デ, c=-19.321, r=19.321, perm=2
[INFO]  Word:620 = う, c=-19.2137, r=19.2137, perm=2
[INFO]  Word:621 = ス, c=-19.2838, r=19.2838, perm=2
[INFO]  Word:622 = か, c=-19.4186, r=19.4186, perm=2
[INFO]  Word:623 = ゲ, c=-19.2786, r=19.2786, perm=2
[INFO]  Word:624 = 01, c=-19.1655, r=38.2002, perm=2
[INFO]  Word:625 = ニ, c=-19.1507, r=19.1507, perm=2
[INFO]  Word:626 = パ, c=-19.1246, r=19.1246, perm=2
[INFO]  Word:627 = ヽ, c=-19.3947, r=19.3947, perm=2
[INFO]  Word:628 = Vm、, c=-19.2003, r=57.4938, perm=2
[INFO]  Word:629 = ゃ, c=-19.1255, r=19.1255, perm=2
[INFO]  Word:630 = I〆, c=-19.2228, r=38.3714, perm=2
[INFO]  Word:631 = 了, c=-19.08, r=19.08, perm=2
[INFO]  Word:632 = ぉ, c=-19.0999, r=19.0999, perm=2
[INFO]  Word:633 = #, c=-19.1647, r=19.1647, perm=2
[INFO]  Word:634 = し, c=-19.1301, r=19.1301, perm=2
[INFO]  Word:635 = ワ, c=-19.2273, r=19.2273, perm=2
[INFO]  Word:636 = 3H〝, c=-19.1512, r=57.3245, perm=2
[INFO]  Word:637 = タ, c=-19.3065, r=19.3065, perm=2
[INFO]  Word:638 = ⑤Z, c=-19.1021, r=38.0911, perm=2
[INFO]  Word:639 = ェ, c=-19.1171, r=19.1171, perm=2
[INFO]  Word:640 = L, c=-21.0346, r=40.0348, perm=2
[INFO]  Word:641 = オ, c=-19.1728, r=19.1728, perm=2
[INFO]  Word:642 = ァ, c=-19.04, r=19.04, perm=2
[INFO]  Word:643 = ュ, c=-19.209, r=19.209, perm=2
[INFO]  Word:644 = タ, c=-19.3692, r=19.3692, perm=2
[INFO]  Word:645 = 〈③…&gt;, c=-23.7576, r=100.391, perm=2
[INFO]  Word:646 = ず, c=-21.7331, r=41.0363, perm=2
[INFO]  Word:647 = ウ, c=-19.2963, r=19.2963, perm=2
[INFO]  Word:648 = き, c=-19.232, r=19.232, perm=2
[INFO]  Word:649 = D&amp;, c=-19.3387, r=38.4191, perm=2
[INFO]  Word:650 = ご, c=-22.7351, r=42.0031, perm=2
[INFO]  Word:651 = GI0〉, c=-23.3508, r=137.163, perm=2
[INFO]  Word:652 = し, c=-22.2355, r=41.3693, perm=2
[INFO]  Word:653 = 〝《, c=-19.3078, r=38.5108, perm=2
[INFO]  Word:654 = ピ, c=-19.2171, r=19.2171, perm=2
[INFO]  Word:655 = rV}, c=-19.2341, r=57.4059, perm=2
[INFO]  Word:656 = ふ, c=-19.3276, r=19.3276, perm=2
[INFO]  Word:657 = G"、, c=-19.3477, r=57.6098, perm=2
[INFO]  Word:658 = エ, c=-19.1745, r=19.1745, perm=2
[INFO]  Word:659 = 1, c=-19.1753, r=19.1753, perm=2
[INFO]  Word:660 = ぱ, c=-19.1147, r=19.1147, perm=2
[INFO]  Word:661 = ヶ, c=-19.1646, r=19.1646, perm=2
[INFO]  Word:662 = &lt;, c=-19.2493, r=19.2493, perm=2
[INFO]  Word:663 = ば, c=-19.1234, r=19.1234, perm=2
[INFO]  Word:664 = ヂ, c=-19.2592, r=19.2592, perm=2
[INFO]  Word:665 = ダ, c=-19.2145, r=19.2145, perm=2
[INFO]  Word:666 = 和, c=-19.0641, r=19.0641, perm=2
[INFO]  Word:667 = T,, c=-19.1979, r=38.374, perm=2
[INFO]  Word:668 = び, c=-19.2104, r=19.2104, perm=2
[INFO]  Word:669 = 有, c=-19.1278, r=19.1278, perm=2
[INFO]  Word:670 = ほ, c=-19.049, r=19.049, perm=2
[INFO]  Word:671 = ャ, c=-19.1417, r=19.1417, perm=2
[INFO]  Word:672 = け, c=-19.1293, r=19.1293, perm=2
[INFO]  Word:673 = G, c=-19.2318, r=19.2318, perm=2
[INFO]  Word:674 = り, c=-19.3772, r=19.3772, perm=2
[INFO]  Word:675 = ④, c=-19.0631, r=19.0631, perm=2
[INFO]  Word:676 = ゝ, c=-19.0884, r=19.0884, perm=2
[INFO]  Word:677 = ポ, c=-19.0967, r=19.0967, perm=2
[INFO]  Word:678 = ロ, c=-19.2752, r=19.2752, perm=2
[INFO]  Word:679 = は, c=-19.1179, r=19.1179, perm=2
[INFO]  Word:680 = 7※^, c=-19.2893, r=57.4239, perm=2
[INFO]  Word:681 = キ, c=-19.1123, r=19.1123, perm=2
[INFO]  Word:682 = Y①, c=-19.2504, r=38.4746, perm=2
[INFO]  Word:683 = ガ, c=-19.2029, r=19.2029, perm=2
[INFO]  Word:684 = き, c=-19.1683, r=19.1683, perm=2
[INFO]  Word:685 = ヅ, c=-19.1278, r=19.1278, perm=2
[INFO]  Word:686 = ⑧c, c=-19.1978, r=38.2512, perm=2
[INFO]  Word:687 = ゑ, c=-19.1004, r=19.1004, perm=2
[INFO]  Word:688 = ふ, c=-19.1723, r=19.1723, perm=2
[INFO]  Word:689 = ば, c=-19.1591, r=19.1591, perm=2
[INFO]  Word:690 = @, c=-18.901, r=18.901, perm=2
[INFO]  Word:691 = 有, c=-19.2906, r=19.2906, perm=2
[INFO]  Word:692 = の, c=-19.1484, r=19.1484, perm=2
[INFO]  Word:693 = っ, c=-19.351, r=19.351, perm=2
[INFO]  Word:694 = 、, c=-19.1645, r=19.1645, perm=2
[INFO]  Word:695 = い, c=-19.2021, r=19.2021, perm=2
[INFO]  Word:696 = ヅ, c=-19.2519, r=19.2519, perm=2
[INFO]  Word:697 = E, c=-19.2502, r=19.2502, perm=2
[INFO]  Word:698 = ぁ, c=-19.2682, r=19.2682, perm=2
[INFO]  Word:699 = わ, c=-20.9819, r=40.0921, perm=2
[INFO]  Word:700 = ヘ, c=-19.1679, r=19.1679, perm=2
[INFO]  Word:701 = D, c=-19.2849, r=19.2849, perm=2
[INFO]  Word:702 = し, c=-19.1204, r=19.1204, perm=2
[INFO]  Word:703 = F, c=-19.1232, r=19.1232, perm=2
[INFO]  Word:704 = ひ, c=-19.1599, r=19.1599, perm=2
[INFO]  Word:705 = び, c=-19.2381, r=19.2381, perm=2
[INFO]  Word:706 = w“d, c=-19.1806, r=57.3354, perm=2
[INFO]  Word:707 = プ, c=-19.0758, r=19.0758, perm=2
[INFO]  Word:708 = ゴ, c=-19.2276, r=19.2276, perm=2
[INFO]  Word:709 = [, c=-19.223, r=19.223, perm=2
[INFO]  Word:710 = そ, c=-19.0698, r=19.0698, perm=2
[INFO]  Word:711 = ヱ, c=-19.1382, r=19.1382, perm=2
[INFO]  Word:712 = u, c=-21.9443, r=41.15, perm=2
[INFO]  Word:713 = ギ, c=-18.9918, r=18.9918, perm=2
[INFO]  Word:714 = K②ー, c=-19.3387, r=57.7569, perm=2
[INFO]  Word:715 = ミ, c=-19.2442, r=19.2442, perm=2
[INFO]  Word:716 = ⑥, c=-19.2504, r=19.2504, perm=2
[INFO]  Word:717 = ク, c=-19.3378, r=19.3378, perm=2
[INFO]  Word:718 = ヲ, c=-19.2507, r=19.2507, perm=2
[INFO]  Word:719 = ュ, c=-19.1944, r=19.1944, perm=2
[INFO]  Word:720 = で, c=-19.0344, r=19.0344, perm=2
[INFO]  Word:721 = !, c=-19.209, r=19.209, perm=2
[INFO]  Word:722 = も, c=-19.3124, r=19.3124, perm=2
[INFO]  Word:723 = 了, c=-19.0883, r=19.0883, perm=2
[INFO]  Word:724 = ^[, c=-19.2389, r=38.3844, perm=2
[INFO]  Word:725 = 有, c=-19.2419, r=19.2419, perm=2
[INFO]  Word:726 = ベ, c=-19.0273, r=19.0273, perm=2
[INFO]  Word:727 = 了, c=-19.0591, r=19.0591, perm=2
[INFO]  Word:728 = ノ, c=-19.4124, r=19.4124, perm=2
[INFO]  Word:729 = y, c=-19.4078, r=19.4078, perm=2
[INFO]  Word:730 = リ, c=-19.2424, r=19.2424, perm=2
[INFO]  Word:731 = ョ, c=-19.0856, r=19.0856, perm=2
[INFO]  Word:732 = ネ, c=-19.1284, r=19.1284, perm=2
[INFO]  Word:733 = ⑥, c=-20.391, r=39.5293, perm=2
[INFO]  Word:734 = コ, c=-19.1619, r=19.1619, perm=2
[INFO]  Word:735 = ス, c=-19.2287, r=19.2287, perm=2
[INFO]  Word:736 = モ, c=-19.2331, r=19.2331, perm=2
[INFO]  Word:737 = パ, c=-19.2118, r=19.2118, perm=2
[INFO]  Word:738 = ‡, c=-19.2217, r=19.2217, perm=2
[INFO]  Word:739 = そ, c=-19.13, r=19.13, perm=2
[INFO]  Word:740 = ⑦, c=-19.245, r=19.245, perm=2
[INFO]  Word:741 = う, c=-19.1881, r=19.1881, perm=2
[INFO]  Word:742 = Q3, c=-22.622, r=61.1614, perm=2
[INFO]  Word:743 = ヨ, c=-19.1824, r=19.1824, perm=2
[INFO]  Word:744 = zE, c=-19.1831, r=38.2295, perm=2
[INFO]  Word:745 = ハ, c=-19.0047, r=19.0047, perm=2
[INFO]  Word:746 = へ, c=-19.0277, r=19.0277, perm=2
[INFO]  Word:747 = む, c=-19.4056, r=19.4056, perm=2
[INFO]  Word:748 = c%, c=-19.3697, r=38.518, perm=2
[INFO]  Word:749 = ズ, c=-18.9385, r=18.9385, perm=2
[INFO]  Word:750 = マ, c=-19.1789, r=19.1789, perm=2
[INFO]  Word:751 = ぎ, c=-19.3448, r=19.3448, perm=2
[INFO]  Word:752 = め, c=-19.333, r=19.333, perm=2
[INFO]  Word:753 = ン, c=-19.3401, r=19.3401, perm=2
[INFO]  Word:754 = ス, c=-19.18, r=19.18, perm=2
[INFO]  Word:755 = ゑ, c=-19.1203, r=19.1203, perm=2
[INFO]  Word:756 = C), c=-19.3833, r=38.7269, perm=2
[INFO]  Word:757 = か, c=-19.0461, r=19.0461, perm=2
[INFO]  Word:758 = ァ, c=-19.1002, r=19.1002, perm=2
[INFO]  Word:759 = 、, c=-19.0519, r=19.0519, perm=2
[INFO]  Word:760 = し, c=-19.0417, r=19.0417, perm=2
[INFO]  Word:761 = ず, c=-19.1354, r=19.1354, perm=2
[INFO]  Word:762 = ヨ, c=-19.2339, r=19.2339, perm=2
[INFO]  Word:763 = ッ, c=-19.1323, r=19.1323, perm=2
[INFO]  Word:764 = ⓪, c=-19.2345, r=19.2345, perm=2
[INFO]  Word:765 = ゐ, c=-19.3853, r=19.3853, perm=2
[INFO]  Word:766 = KEK, c=-19.3877, r=57.7398, perm=2
[INFO]  Word:767 = づ, c=-19.361, r=19.361, perm=2
[INFO]  Word:768 = s5, c=-19.242, r=38.4118, perm=2
[INFO]  Word:769 = つ, c=-19.0764, r=19.0764, perm=2
[INFO]  Word:770 = ぺ, c=-18.9974, r=18.9974, perm=2
[INFO]  Word:771 = }〈|, c=-19.2787, r=57.5973, perm=2
[INFO]  Word:772 = ぢ, c=-19.2864, r=19.2864, perm=2
[INFO]  Word:773 = ン, c=-19.2292, r=19.2292, perm=2
[INFO]  Word:774 = a, c=-19.241, r=19.241, perm=2
[INFO]  Word:775 = ン, c=-19.1255, r=19.1255, perm=2
[INFO]  Word:776 = ど, c=-19.1552, r=19.1552, perm=2
[INFO]  Word:777 = 》, c=-19.8263, r=39.1048, perm=2
[INFO]  Word:778 = ぢ, c=-19.2303, r=19.2303, perm=2
[INFO]  Word:779 = な, c=-18.9964, r=18.9964, perm=2
[INFO]  Word:780 = ョ, c=-19.145, r=19.145, perm=2
[INFO]  Word:781 = Q, c=-19.2224, r=19.2224, perm=2
[INFO]  Word:782 = 崗, c=-19.8886, r=58.2657, perm=2
[INFO]  Word:783 = シ, c=-19.1788, r=19.1788, perm=2
[INFO]  Word:784 = は, c=-19.3016, r=19.3016, perm=2
[INFO]  Word:785 = ⑲‥N, c=-19.3296, r=57.8177, perm=2
[INFO]  Word:786 = ぐ, c=-19.1666, r=19.1666, perm=2
[INFO]  Word:787 = ヰ, c=-19.19, r=19.19, perm=2
[INFO]  Word:788 = み, c=-19.2136, r=19.2136, perm=2
[INFO]  Word:789 = ゃ, c=-19.2466, r=19.2466, perm=2
[INFO]  Word:790 = ゎ, c=-19.1436, r=19.1436, perm=2
[INFO]  Word:791 = ヤ, c=-19.3626, r=19.3626, perm=2
[INFO]  Word:792 = C〉, c=-19.2372, r=38.3997, perm=2
[INFO]  Word:793 = か, c=-19.0633, r=19.0633, perm=2
[INFO]  Word:794 = 。&lt;, c=-19.1445, r=38.2498, perm=2
[INFO]  Word:795 = テ, c=-19.1806, r=19.1806, perm=2
[INFO]  Word:796 = ほ, c=-19.0517, r=19.0517, perm=2
[INFO]  Word:797 = パ, c=-19.1245, r=19.1245, perm=2
[INFO]  Word:798 = つ, c=-19.3407, r=19.3407, perm=2
[INFO]  Word:799 = ピ, c=-19.251, r=19.251, perm=2
[INFO]  Word:800 = ‡, c=-19.2653, r=19.2653, perm=2
[INFO]  Word:801 = ゾ, c=-19.1048, r=19.1048, perm=2
[INFO]  Word:802 = A, c=-19.0556, r=19.0556, perm=2
[INFO]  Word:803 = ゑ, c=-19.3471, r=19.3471, perm=2
[INFO]  Word:804 = ;?「, c=-19.1946, r=57.3819, perm=2
[INFO]  Word:805 = ざ, c=-18.9348, r=18.9348, perm=2
[INFO]  Word:806 = V, c=-19.2506, r=19.2506, perm=2
[INFO]  Word:807 = ぷ, c=-19.1492, r=19.1492, perm=2
[INFO]  Word:808 = ず, c=-19.2958, r=19.2958, perm=2
[INFO]  Word:809 = じ, c=-19.2645, r=19.2645, perm=2
[INFO]  Word:810 = ひ, c=-19.2958, r=19.2958, perm=2
[INFO]  Word:811 = 「, c=-19.2346, r=19.2346, perm=2
[INFO]  Word:812 = き, c=-19.3086, r=19.3086, perm=2
[INFO]  Word:813 = 2〒%, c=-19.2701, r=57.5823, perm=2
[INFO]  Word:814 = ミ, c=-19.2557, r=19.2557, perm=2
[INFO]  Word:815 = 〈, c=-19.1862, r=19.1862, perm=2
[INFO]  Word:816 = ヌ, c=-19.3053, r=19.3053, perm=2
[INFO]  Word:817 = ダ, c=-19.2416, r=19.2416, perm=2
[INFO]  Word:818 = o, c=-19.2829, r=19.2829, perm=2
[INFO]  Word:819 = ュ, c=-19.231, r=19.231, perm=2
[INFO]  Word:820 = ⑳, c=-19.1533, r=19.1533, perm=2
[INFO]  Word:821 = バ, c=-19.1575, r=19.1575, perm=2
[INFO]  Word:822 = で, c=-19.1916, r=19.1916, perm=2
[INFO]  Word:823 = {, c=-19.1982, r=19.1982, perm=2
[INFO]  Word:824 = チ, c=-20.1124, r=39.2451, perm=2
[INFO]  Word:825 = S, c=-19.26, r=19.26, perm=2
[INFO]  Word:826 = ゾ, c=-19.1768, r=19.1768, perm=2
[INFO]  Word:827 = 8「, c=-19.2074, r=38.2264, perm=2
[INFO]  Word:828 = し, c=-19.1416, r=19.1416, perm=2
[INFO]  Word:829 = ハ, c=-19.1059, r=19.1059, perm=2
[INFO]  Word:830 = じ, c=-19.2759, r=19.2759, perm=2
[INFO]  Word:831 = 5, c=-19.0644, r=19.0644, perm=2
[INFO]  Word:832 = マ, c=-19.0355, r=19.0355, perm=2
[INFO]  Word:833 = や, c=-19.2281, r=19.2281, perm=2
[INFO]  Word:834 = が, c=-19.286, r=19.286, perm=2
[INFO]  Word:835 = そ, c=-19.2725, r=19.2725, perm=2
[INFO]  Word:836 = ャ, c=-19.1735, r=19.1735, perm=2
[INFO]  Word:837 = ッ, c=-18.9339, r=18.9339, perm=2
[INFO]  Word:838 = ぞ, c=-19.3804, r=19.3804, perm=2
[INFO]  Word:839 = S, c=-19.2904, r=19.2904, perm=2
[INFO]  Word:840 = の, c=-19.2621, r=19.2621, perm=2
[INFO]  Word:841 = N, c=-19.0564, r=19.0564, perm=2
[INFO]  Word:842 = ヤ, c=-19.2402, r=19.2402, perm=2
[INFO]  Word:843 = ek, c=-19.1882, r=38.3642, perm=2
[INFO]  Word:844 = ふ, c=-19.0992, r=19.0992, perm=2
[INFO]  Word:845 = 』, c=-19.1718, r=19.1718, perm=2
[INFO]  Word:846 = ュ, c=-19.2517, r=19.2517, perm=2
[INFO]  Word:847 = ゆ, c=-19.1541, r=19.1541, perm=2
[INFO]  Word:848 = ち, c=-19.1522, r=19.1522, perm=2
[INFO]  Word:849 = z⓪g, c=-19.3409, r=57.3701, perm=2
[INFO]  Word:850 = び, c=-19.2459, r=19.2459, perm=2
[INFO]  Word:851 = ス, c=-19.1607, r=19.1607, perm=2
[INFO]  Word:852 = キ, c=-19.2676, r=19.2676, perm=2
[INFO]  Word:853 = ., c=-19.3111, r=19.3111, perm=2
[INFO]  Word:854 = ァ, c=-19.4055, r=19.4055, perm=2
[INFO]  Word:855 = ヲ, c=-19.0097, r=19.0097, perm=2
[INFO]  Word:856 = わ, c=-19.8884, r=38.722, perm=2
[INFO]  Word:857 = マ, c=-19.147, r=19.147, perm=2
[INFO]  Word:858 = 1, c=-19.1864, r=19.1864, perm=2
[INFO]  Word:859 = ぷ, c=-19.1643, r=19.1643, perm=2
[INFO]  Word:860 = a, c=-19.3376, r=19.3376, perm=2
[INFO]  Word:861 = え, c=-19.2085, r=19.2085, perm=2
[INFO]  Word:862 = p⑳, c=-19.4094, r=38.721, perm=2
[INFO]  Word:863 = ぜ, c=-19.3057, r=19.3057, perm=2
[INFO]  Word:864 = い, c=-19.1906, r=19.1906, perm=2
[INFO]  Word:865 = &amp;, c=-19.2236, r=19.2236, perm=2
[INFO]  Word:866 = ば, c=-19.1681, r=19.1681, perm=2
[INFO]  Word:867 = ⑳, c=-19.1795, r=19.1795, perm=2
[INFO]  Word:868 = こ, c=-19.137, r=19.137, perm=2
[INFO]  Word:869 = 『Pgz⑤`, c=-20.4461, r=135.691, perm=2
[INFO]  Word:870 = ぺ, c=-19.1043, r=19.1043, perm=2
[INFO]  Word:871 = FC, c=-19.3198, r=38.4808, perm=2
[INFO]  Word:872 = ぞ, c=-19.2251, r=19.2251, perm=2
[INFO]  Word:873 = つ, c=-19.184, r=19.184, perm=2
[INFO]  Word:874 = イ, c=-19.1, r=19.1, perm=2
[INFO]  Word:875 = 〉, c=-19.3455, r=19.3455, perm=2
[INFO]  Word:876 = ュ, c=-19.0955, r=19.0955, perm=2
[INFO]  Word:877 = あ, c=-19.2114, r=19.2114, perm=2
[INFO]  Word:878 = ぬ, c=-19.0963, r=19.0963, perm=2
[INFO]  Word:879 = \】, c=-19.2212, r=38.4021, perm=2
[INFO]  Word:880 = 々, c=-19.3245, r=19.3245, perm=2
[INFO]  Word:881 = く, c=-23.0134, r=42.2925, perm=2
[INFO]  Word:882 = “, c=-19.3493, r=19.3493, perm=2
[INFO]  Word:883 = お, c=-19.0914, r=19.0914, perm=2
[INFO]  Word:884 = bE, c=-19.2909, r=38.4407, perm=2
[INFO]  Word:885 = ぞ, c=-19.3209, r=19.3209, perm=2
[INFO]  Word:886 = ⑳⑱X, c=-20.1479, r=77.9654, perm=2
[INFO]  Word:887 = ノ, c=-20.9458, r=39.872, perm=2
[INFO]  Word:888 = ゑ, c=-19.1892, r=19.1892, perm=2
[INFO]  Word:889 = ズ, c=-19.0807, r=19.0807, perm=2
[INFO]  Word:890 = ヒ, c=-19.3289, r=19.3289, perm=2
[INFO]  Word:891 = 1, c=-19.2357, r=19.2357, perm=2
[INFO]  Word:892 = オ, c=-19.1027, r=19.1027, perm=2
[INFO]  Word:893 = ご, c=-19.2033, r=19.2033, perm=2
[INFO]  Word:894 = 々, c=-19.2631, r=19.2631, perm=2
[INFO]  Word:895 = げ, c=-19.1606, r=19.1606, perm=2
[INFO]  Word:896 = カ, c=-19.1414, r=19.1414, perm=2
[INFO]  Word:897 = こ, c=-19.0778, r=19.0778, perm=2
[INFO]  Word:898 = ア, c=-20.3123, r=39.5645, perm=2
[INFO]  Word:899 = z〆Q, c=-19.1532, r=57.2162, perm=2
[INFO]  Word:900 = ち, c=-19.2525, r=19.2525, perm=2
[INFO]  Word:901 = ろ, c=-19.3874, r=19.3874, perm=2
[INFO]  Word:902 = ,, c=-19.0248, r=19.0248, perm=2
[INFO]  Word:903 = ュ, c=-19.2659, r=19.2659, perm=2
[INFO]  Word:904 = {, c=-19.1936, r=19.1936, perm=2
[INFO]  Word:905 = レ, c=-19.2094, r=19.2094, perm=2
[INFO]  Word:906 = ", c=-19.2156, r=19.2156, perm=2
[INFO]  Word:907 = ウ, c=-19.1577, r=19.1577, perm=2
[INFO]  Word:908 = /, c=-19.2802, r=19.2802, perm=2
[INFO]  Word:909 = セ, c=-19.2205, r=19.2205, perm=2
[INFO]  Word:910 = 【, c=-19.0158, r=19.0158, perm=2
[INFO]  Word:911 = ぃ, c=-19.0949, r=19.0949, perm=2
[INFO]  Word:912 = ぜ, c=-19.1984, r=19.1984, perm=2
[INFO]  Word:913 = ヵ, c=-19.2825, r=19.2825, perm=2
[INFO]  Word:914 = ゝ, c=-19.1944, r=19.1944, perm=2
[INFO]  Word:915 = ね, c=-19.2809, r=19.2809, perm=2
[INFO]  Word:916 = q, c=-19.0498, r=19.0498, perm=2
[INFO]  Word:917 = な, c=-19.2875, r=19.2875, perm=2
[INFO]  Word:918 = ひ, c=-19.0313, r=19.0313, perm=2
[INFO]  Word:919 = ヨ, c=-19.0389, r=19.0389, perm=2
[INFO]  Word:920 = ゲ, c=-19.2472, r=53.9646, perm=2
[INFO]  Word:921 = ル, c=-19.2448, r=19.2448, perm=2
[INFO]  Word:922 = 」, c=-19.0194, r=19.0194, perm=2
[INFO]  Word:923 = ゃ, c=-18.9968, r=18.9968, perm=2
[INFO]  Word:924 = ⑧, c=-19.2001, r=19.2001, perm=2
[INFO]  Word:925 = ヮ, c=-18.9675, r=18.9675, perm=2
[INFO]  Word:926 = ヲ, c=-19.0739, r=19.0739, perm=2
[INFO]  Word:927 = ニ, c=-19.1161, r=19.1161, perm=2
[INFO]  Word:928 = ‥, c=-19.2155, r=19.2155, perm=2
[INFO]  Word:929 = 〇, c=-19.2255, r=19.2255, perm=2
[INFO]  Word:930 = n〒'm, c=-19.2744, r=76.56, perm=2
[INFO]  Word:931 = ビ, c=-19.1646, r=19.1646, perm=2
[INFO]  Word:932 = ぽ, c=-19.2867, r=19.2867, perm=2
[INFO]  Word:933 = と, c=-19.1781, r=19.1781, perm=2
[INFO]  Word:934 = 〉, c=-19.256, r=19.256, perm=2
[INFO]  Word:935 = あ, c=-19.3462, r=19.3462, perm=2
[INFO]  Word:936 = ケ, c=-19.2127, r=19.2127, perm=2
[INFO]  Word:937 = ;, c=-19.1749, r=19.1749, perm=2
[INFO]  Word:938 = べ, c=-19.0526, r=19.0526, perm=2
[INFO]  Word:939 = H‥⑤F, c=-27.7659, r=151.319, perm=2
[INFO]  Word:940 = ル, c=-19.2527, r=19.2527, perm=2
[INFO]  Word:941 = ぢ, c=-19.2584, r=19.2584, perm=2
[INFO]  Word:942 = っ, c=-19.1644, r=19.1644, perm=2
[INFO]  Word:943 = 世, c=-19.2225, r=38.4005, perm=2
[INFO]  Word:944 = VH, c=-19.4222, r=38.7064, perm=2
[INFO]  Word:945 = わ, c=-19.2474, r=19.2474, perm=2
[INFO]  Word:946 = ぅ, c=-19.0455, r=19.0455, perm=2
[INFO]  Word:947 = '【, c=-19.1929, r=38.2408, perm=2
[INFO]  Word:948 = ま, c=-19.1711, r=19.1711, perm=2
[INFO]  Word:949 = ⑧, c=-19.3954, r=19.3954, perm=2
[INFO]  Word:950 = ュ, c=-19.1061, r=19.1061, perm=2
[INFO]  Word:951 = &gt;, c=-19.0213, r=19.0213, perm=2
[INFO]  Word:952 = ピ, c=-19.2077, r=19.2077, perm=2
[INFO]  Word:953 = ァ, c=-19.1882, r=19.1882, perm=2
[INFO]  Word:954 = や, c=-19.1999, r=19.1999, perm=2
[INFO]  Word:955 = ⑲, c=-19.2099, r=38.4042, perm=2
[INFO]  Word:956 = ゾ, c=-19.1857, r=19.1857, perm=2
[INFO]  Word:957 = ボ, c=-19.1249, r=19.1249, perm=2
[INFO]  Word:958 = †U』, c=-22.9948, r=80.5097, perm=2
[INFO]  Word:959 = レ, c=-19.3234, r=19.3234, perm=2
[INFO]  Word:960 = タ, c=-19.3, r=19.3, perm=2
[INFO]  Word:961 = h, c=-19.3186, r=19.3186, perm=2
[INFO]  Word:962 = ぞ, c=-19.081, r=19.081, perm=2
[INFO]  Word:963 = ⑥, c=-19.1251, r=19.1251, perm=2
[INFO]  Word:964 = ゾ, c=-19.2418, r=19.2418, perm=2
[INFO]  Word:965 = ゲ, c=-19.2759, r=19.2759, perm=2
[INFO]  Word:966 = ワ, c=-19.1467, r=19.1467, perm=2
[INFO]  Word:967 = D, c=-20.8292, r=40.1465, perm=2
[INFO]  Word:968 = ぼ, c=-19.2866, r=19.2866, perm=2
[INFO]  Word:969 = N,, c=-19.3455, r=38.4677, perm=2
[INFO]  Word:970 = ぬ, c=-19.155, r=19.155, perm=2
[INFO]  Word:971 = ち, c=-19.3917, r=19.3917, perm=2
[INFO]  Word:972 = ヶ, c=-19.1624, r=19.1624, perm=2
[INFO]  Word:973 = グ, c=-19.0401, r=19.0401, perm=2
[INFO]  Word:974 = マ, c=-19.1087, r=19.1087, perm=2
[INFO]  Word:975 = ヲ, c=-19.0544, r=19.0544, perm=2
[INFO]  Word:976 = ラ, c=-19.2308, r=19.2308, perm=2
[INFO]  Word:977 = れ, c=-20.4657, r=39.8326, perm=2
[INFO]  Word:978 = z, c=-19.1655, r=19.1655, perm=2
[INFO]  Word:979 = グ, c=-20.0159, r=39.2027, perm=2
[INFO]  Word:980 = ず, c=-24.3386, r=43.5697, perm=2
[INFO]  Word:981 = Tq, c=-19.1893, r=38.2444, perm=2
[INFO]  Word:982 = コ, c=-19.1615, r=19.1615, perm=2
[INFO]  Word:983 = F, c=-19.1766, r=19.1766, perm=2
[INFO]  Word:984 = ぱ, c=-19.3169, r=19.3169, perm=2
[INFO]  Word:985 = だ, c=-19.2181, r=19.2181, perm=2
[INFO]  Word:986 = A》, c=-19.3342, r=38.4713, perm=2
[INFO]  Word:987 = デ, c=-19.2122, r=19.2122, perm=2
[INFO]  Word:988 = ※, c=-19.2755, r=19.2755, perm=2
[INFO]  Word:989 = ゎ, c=-19.1839, r=19.1839, perm=2
[INFO]  Word:990 = *, c=-19.1581, r=19.1581, perm=2
[INFO]  Word:991 = ワ, c=-19.4054, r=19.4054, perm=2
[INFO]  Word:992 = ゃ, c=-19.1579, r=19.1579, perm=2
[INFO]  Word:993 = 〔p, c=-19.3314, r=38.4968, perm=2
[INFO]  Word:994 = て, c=-19.3234, r=19.3234, perm=2
[INFO]  Word:995 = フ, c=-19.1984, r=19.1984, perm=2
[INFO]  Word:996 = め, c=-22.8924, r=42.0857, perm=2
[INFO]  Word:997 = や, c=-19.2479, r=19.2479, perm=2
[INFO]  Word:998 = ギ, c=-19.2809, r=19.2809, perm=2
[INFO]  Word:999 = 和, c=-19.2487, r=19.2487, perm=2
[INFO]  Word:1000 = "⑲、〈, c=-19.3402, r=77.1049, perm=2
[INFO]  Word:1001 = に, c=-19.1093, r=19.1093, perm=2
[INFO]  Word:1002 = 6q, c=-19.3538, r=38.5579, perm=2
[INFO]  Word:1003 = や, c=-19.1511, r=19.1511, perm=2
[INFO]  Word:1004 = ォ, c=-19.1589, r=19.1589, perm=2
[INFO]  Word:1005 = で, c=-19.2741, r=19.2741, perm=2
[INFO]  Word:1006 = ザ, c=-19.1466, r=19.1466, perm=2
[INFO]  Word:1007 = で, c=-19.0803, r=19.0803, perm=2
[INFO]  Word:1008 = じ, c=-19.2482, r=19.2482, perm=2
[INFO]  Word:1009 = [, c=-19.1523, r=19.1523, perm=2
[INFO]  Word:1010 = ペ, c=-19.3264, r=19.3264, perm=2
[INFO]  Word:1011 = も, c=-19.1946, r=19.1946, perm=2
[INFO]  Word:1012 = ば, c=-19.0865, r=19.0865, perm=2
[INFO]  Word:1013 = &lt;x②^, c=-19.4813, r=76.8369, perm=2
[INFO]  Word:1014 = テ, c=-18.9445, r=18.9445, perm=2
[INFO]  Word:1015 = o, c=-19.2646, r=19.2646, perm=2
[INFO]  Word:1016 = 有, c=-19.0961, r=19.0961, perm=2
[INFO]  Word:1017 = よ, c=-19.2817, r=19.2817, perm=2
[INFO]  Word:1018 = b@), c=-19.2821, r=57.6915, perm=2
[INFO]  Word:1019 = ヮ, c=-19.3275, r=19.3275, perm=2
[INFO]  Word:1020 = ぺ, c=-19.1875, r=19.1875, perm=2
[INFO]  Word:1021 = ⑰2, c=-19.1611, r=38.3127, perm=2
[INFO]  Word:1022 = む, c=-19.3173, r=19.3173, perm=2
[INFO]  Word:1023 = ノ, c=-22.0268, r=41.293, perm=2
[INFO]  Word:1024 = リ, c=-19.2095, r=19.2095, perm=2
[INFO]  Word:1025 = ぽ, c=-19.5492, r=19.5492, perm=2
[INFO]  Word:1026 = ax, c=-19.2684, r=38.5107, perm=2
[INFO]  Word:1027 = ク, c=-19.21, r=19.21, perm=2
[INFO]  Word:1028 = せ, c=-19.1381, r=19.1381, perm=2
[INFO]  Word:1029 = ④, c=-19.1004, r=19.1004, perm=2
[INFO]  Word:1030 = ピ, c=-19.1297, r=19.1297, perm=2
[INFO]  Word:1031 = ヘ, c=-19.2317, r=19.2317, perm=2
[INFO]  Word:1032 = ⑦, c=-19.1915, r=19.1915, perm=2
[INFO]  Word:1033 = ヨ, c=-19.2687, r=19.2687, perm=2
[INFO]  Word:1034 = シ, c=-19.0394, r=19.0394, perm=2
[INFO]  Word:1035 = ョ, c=-19.3303, r=19.3303, perm=2
[INFO]  Word:1036 = ぜ, c=-19.1924, r=19.1924, perm=2
[INFO]  Word:1037 = チ, c=-19.1198, r=19.1198, perm=2
[INFO]  Word:1038 = イ, c=-19.0343, r=19.0343, perm=2
[INFO]  Word:1039 = ヴ, c=-19.034, r=19.034, perm=2
[INFO]  Word:1040 = ぇ, c=-19.1436, r=19.1436, perm=2
[INFO]  Word:1041 = に, c=-19.2947, r=19.2947, perm=2
[INFO]  Word:1042 = や, c=-19.1944, r=19.1944, perm=2
[INFO]  Word:1043 = k, c=-19.275, r=19.275, perm=2
[INFO]  Word:1044 = か, c=-19.108, r=19.108, perm=2
[INFO]  Word:1045 = B, c=-19.0969, r=19.0969, perm=2
[INFO]  Word:1046 = ダ, c=-19.2375, r=19.2375, perm=2
[INFO]  Word:1047 = ギ, c=-19.2129, r=19.2129, perm=2
[INFO]  Word:1048 = シ, c=-19.1241, r=19.1241, perm=2
[INFO]  Word:1049 = ④⑧, c=-19.4292, r=38.5525, perm=2
[INFO]  Word:1050 = め, c=-19.283, r=19.283, perm=2
[INFO]  Word:1051 = 〆, c=-19.1112, r=19.1112, perm=2
[INFO]  Word:1052 = ォ, c=-19.3692, r=19.3692, perm=2
[INFO]  Word:1053 = ピ, c=-19.2086, r=19.2086, perm=2
[INFO]  Word:1054 = メ, c=-19.2912, r=19.2912, perm=2
[INFO]  Word:1055 = ま, c=-19.3714, r=19.3714, perm=2
[INFO]  Word:1056 = h, c=-19.3811, r=19.3811, perm=2
[INFO]  Word:1057 = ゑ, c=-19.1558, r=19.1558, perm=2
[INFO]  Word:1058 = l, c=-19.1598, r=19.1598, perm=2
[INFO]  Word:1059 = ご, c=-19.2876, r=19.2876, perm=2
[INFO]  Word:1060 = [, c=-19.2067, r=19.2067, perm=2
[INFO]  Word:1061 = ぱ, c=-19.1432, r=19.1432, perm=2
[INFO]  Word:1062 = メ, c=-19.0697, r=19.0697, perm=2
[INFO]  Word:1063 = 》, c=-19.0692, r=19.0692, perm=2
[INFO]  Word:1064 = 有, c=-19.067, r=19.067, perm=2
[INFO]  Word:1065 = ⓪}, c=-19.1016, r=38.1999, perm=2
[INFO]  Word:1066 = ヲ, c=-19.2832, r=19.2832, perm=2
[INFO]  Word:1067 = =, c=-19.2545, r=19.2545, perm=2
[INFO]  Word:1068 = げ, c=-19.2087, r=19.2087, perm=2
[INFO]  Word:1069 = i, c=-19.2349, r=19.2349, perm=2
[INFO]  Word:1070 = ョ, c=-19.3815, r=19.3815, perm=2
[INFO]  Word:1071 = 〉, c=-19.2079, r=19.2079, perm=2
[INFO]  Word:1072 = ヅ, c=-19.3521, r=19.3521, perm=2
[INFO]  Word:1073 = ば, c=-19.1308, r=19.1308, perm=2
[INFO]  Word:1074 = [, c=-19.2307, r=19.2307, perm=2
[INFO]  Word:1075 = セ, c=-19.2834, r=19.2834, perm=2
[INFO]  Word:1076 = ウ, c=-19.1962, r=19.1962, perm=2
[INFO]  Word:1077 = 〆「2, c=-19.2347, r=57.5887, perm=2
[INFO]  Word:1078 = で, c=-19.2221, r=19.2221, perm=2
[INFO]  Word:1079 = ④, c=-18.9522, r=18.9522, perm=2
[INFO]  Word:1080 = タ, c=-19.16, r=19.16, perm=2
[INFO]  Word:1081 = 【@, c=-19.263, r=38.3564, perm=2
[INFO]  Word:1082 = で, c=-19.1953, r=19.1953, perm=2
[INFO]  Word:1083 = ブ, c=-19.2279, r=19.2279, perm=2
[INFO]  Word:1084 = ぬ, c=-18.9805, r=18.9805, perm=2
[INFO]  Word:1085 = た, c=-19.1271, r=19.1271, perm=2
[INFO]  Word:1086 = 0*, c=-19.2225, r=57.4307, perm=2
[INFO]  Word:1087 = こ, c=-18.9913, r=18.9913, perm=2
[INFO]  Word:1088 = ョ, c=-19.2108, r=19.2108, perm=2
[INFO]  Word:1089 = ②, c=-19.3664, r=36.9248, perm=2
[INFO]  Word:1090 = ぢ, c=-19.1724, r=19.1724, perm=2
[INFO]  Word:1091 = け, c=-19.3176, r=19.3176, perm=2
[INFO]  Word:1092 = も, c=-19.2045, r=19.2045, perm=2
[INFO]  Word:1093 = く, c=-19.2611, r=19.2611, perm=2
[INFO]  Word:1094 = J, c=-19.2117, r=19.2117, perm=2
[INFO]  Word:1095 = べ, c=-19.3499, r=19.3499, perm=2
[INFO]  Word:1096 = ミ, c=-19.2785, r=19.2785, perm=2
[INFO]  Word:1097 = ょ, c=-19.208, r=19.208, perm=2
[INFO]  Word:1098 = チ, c=-19.1775, r=19.1775, perm=2
[INFO]  Word:1099 = ぽ, c=-19.1175, r=19.1175, perm=2
[INFO]  Word:1100 = ひ, c=-19.0698, r=19.0698, perm=2
[INFO]  Word:1101 = F, c=-19.0954, r=19.0954, perm=2
[INFO]  Word:1102 = カ, c=-19.132, r=19.132, perm=2
[INFO]  Word:1103 = ザ, c=-19.0583, r=19.0583, perm=2
[INFO]  Word:1104 = ブ, c=-19.2002, r=19.2002, perm=2
[INFO]  Word:1105 = ぅ, c=-19.189, r=19.189, perm=2
[INFO]  Word:1106 = %, c=-19.1535, r=19.1535, perm=2
[INFO]  Word:1107 = ザ, c=-18.9502, r=18.9502, perm=2
[INFO]  Word:1108 = ", c=-19.2869, r=19.2869, perm=2
[INFO]  Word:1109 = ヒ, c=-19.2045, r=19.2045, perm=2
[INFO]  Word:1110 = ぃ, c=-19.3298, r=19.3298, perm=2
[INFO]  Word:1111 = ち, c=-19.0779, r=19.0779, perm=2
[INFO]  Word:1112 = #'、, c=-19.2391, r=57.5707, perm=2
[INFO]  Word:1113 = ヲ, c=-18.948, r=18.948, perm=2
[INFO]  Word:1114 = メ, c=-19.2619, r=19.2619, perm=2
[INFO]  Word:1115 = U, c=-19.1162, r=19.1162, perm=2
[INFO]  Word:1116 = ピ, c=-19.2551, r=19.2551, perm=2
[INFO]  Word:1117 = ~9e7e, c=-20.607, r=116.224, perm=2
[INFO]  Word:1118 = ヵ, c=-19.1192, r=19.1192, perm=2
[INFO]  Word:1119 = ⑰Dv*, c=-19.3086, r=76.785, perm=2
[INFO]  Word:1120 = ょ, c=-19.1755, r=19.1755, perm=2
[INFO]  Word:1121 = QY, c=-19.2969, r=38.3952, perm=2
[INFO]  Word:1122 = の, c=-19.2789, r=19.2789, perm=2
[INFO]  Word:1123 = :U③[, c=-19.3232, r=76.7706, perm=2
[INFO]  Word:1124 = り, c=-19.0609, r=19.0609, perm=2
[INFO]  Word:1125 = ヨ, c=-19.0498, r=19.0498, perm=2
[INFO]  Word:1126 = ァ, c=-19.1295, r=19.1295, perm=2
[INFO]  Word:1127 = 8r, c=-19.2406, r=38.4086, perm=2
[INFO]  Word:1128 = ノ, c=-22.982, r=42.0762, perm=2
[INFO]  Word:1129 = の, c=-19.055, r=19.055, perm=2
[INFO]  Word:1130 = ⑥, c=-19.135, r=19.135, perm=2
[INFO]  Word:1131 = ぉ, c=-19.3893, r=19.3893, perm=2
[INFO]  Word:1132 = カ, c=-19.2234, r=19.2234, perm=2
[INFO]  Word:1133 = @, c=-25.4007, r=44.4134, perm=2
[INFO]  Word:1134 = て, c=-19.2986, r=19.2986, perm=2
[INFO]  Word:1135 = ほ, c=-19.1539, r=19.1539, perm=2
[INFO]  Word:1136 = く, c=-19.3252, r=19.3252, perm=2
[INFO]  Word:1137 = ゆ, c=-19.2945, r=19.2945, perm=2
[INFO]  Word:1138 = -W, c=-19.0873, r=37.9437, perm=2
[INFO]  Word:1139 = ピ, c=-19.2288, r=19.2288, perm=2
[INFO]  Word:1140 = [, c=-19.1656, r=19.1656, perm=2
[INFO]  Word:1141 = ゑ, c=-19.3006, r=19.3006, perm=2
[INFO]  Word:1142 = r, c=-19.2077, r=19.2077, perm=2
[INFO]  Word:1143 = ョ, c=-19.3204, r=19.3204, perm=2
[INFO]  Word:1144 = 有, c=-19.3232, r=19.3232, perm=2
[INFO]  Word:1145 = ウ, c=-19.1588, r=19.1588, perm=2
[INFO]  Word:1146 = E, c=-19.3133, r=19.3133, perm=2
[INFO]  Word:1147 = ワ, c=-19.2293, r=19.2293, perm=2
[INFO]  Word:1148 = レ, c=-19.0914, r=19.0914, perm=2
[INFO]  Word:1149 = …!, c=-19.3715, r=38.6176, perm=2
[INFO]  Word:1150 = に, c=-19.1157, r=19.1157, perm=2
[INFO]  Word:1151 = サ, c=-19.1664, r=19.1664, perm=2
[INFO]  Word:1152 = R‥。, c=-19.1699, r=57.3873, perm=2
[INFO]  Word:1153 = ま, c=-19.2437, r=19.2437, perm=2
[INFO]  Word:1154 = お, c=-19.1795, r=19.1795, perm=2
[INFO]  Word:1155 = ぃ, c=-19.1635, r=19.1635, perm=2
[INFO]  Word:1156 = 〈, c=-19.1023, r=19.1023, perm=2
[INFO]  Word:1157 = ね, c=-19.1159, r=19.1159, perm=2
[INFO]  Word:1158 = @⑮, c=-19.2659, r=38.3818, perm=2
[INFO]  Word:1159 = ボ, c=-19.1388, r=19.1388, perm=2
[INFO]  Word:1160 = ヌ, c=-19.1341, r=19.1341, perm=2
[INFO]  Word:1161 = ピ, c=-70.4375, r=4527.26, perm=2
[       OK ] RecodeBeamTest.DoesJapanese (282 ms)
[ RUN      ] RecodeBeamTest.DoesKorean
[INFO]  Testing kor
[INFO]  Wrote encoding to:./tmp/testenc.txt
[INFO]  Labels size = 1036 coords 1037
[INFO]  0:u_id=3=로, c=-9.64575, r=28.695, r_sum=28.695 @2
[INFO]  1:u_id=4=그, c=-9.64451, r=38.0322, r_sum=66.7272 @6
[INFO]  2:u_id=5=잖, c=-9.72772, r=38.0973, r_sum=104.825 @10
[INFO]  3:u_id=6=아, c=-9.78903, r=38.286, r_sum=143.111 @14
[INFO]  4:u_id=7=요, c=-9.83779, r=38.0988, r_sum=181.209 @18
[INFO]  5:u_id=8=질, c=-9.88528, r=38.5582, r_sum=219.768 @22
[INFO]  6:u_id=9=문, c=-9.59814, r=38.1696, r_sum=257.937 @26
[INFO]  7:u_id=10=태, c=-9.68231, r=37.8927, r_sum=295.83 @30
[INFO]  8:u_id=11=평, c=-9.95058, r=39.0986, r_sum=334.928 @34
[INFO]  9:u_id=12=양, c=-9.74463, r=38.4814, r_sum=373.41 @38
[INFO]  10:u_id=13=와, c=-9.92679, r=38.6893, r_sum=412.099 @42
[INFO]  11:u_id=14=우, c=-9.88142, r=38.105, r_sum=450.204 @46
[INFO]  12:u_id=15=점, c=-9.69026, r=37.8512, r_sum=488.055 @50
[INFO]  13:u_id=16=괘, c=-9.79039, r=37.9116, r_sum=525.967 @54
[INFO]  14:u_id=17=유, c=-9.7349, r=38.3703, r_sum=564.337 @58
[INFO]  15:u_id=18=료, c=-9.58489, r=37.4519, r_sum=601.789 @62
[INFO]  16:u_id=19=매, c=-9.91303, r=38.4616, r_sum=640.251 @66
[INFO]  17:u_id=20=주, c=-9.66172, r=38.2624, r_sum=678.513 @70
[INFO]  18:u_id=21=번, c=-9.66301, r=38.3203, r_sum=716.833 @74
[INFO]  19:u_id=22=호, c=-9.77092, r=38.2085, r_sum=755.042 @78
[INFO]  20:u_id=23=판, c=-9.58399, r=37.5236, r_sum=792.566 @82
[INFO]  21:u_id=24=중, c=-9.51807, r=37.5792, r_sum=830.145 @86
[INFO]  22:u_id=25=한, c=-9.82926, r=37.9107, r_sum=868.055 @90
[INFO]  23:u_id=26=되, c=-9.81, r=38.1747, r_sum=906.23 @94
[INFO]  24:u_id=27=는, c=-9.69485, r=38.2115, r_sum=944.442 @98
[INFO]  25:u_id=28=했, c=-9.75297, r=38.2388, r_sum=982.68 @102
[INFO]  26:u_id=29=으, c=-9.62279, r=37.8326, r_sum=1020.51 @106
[INFO]  27:u_id=30=나, c=-9.79514, r=38.6004, r_sum=1059.11 @110
[INFO]  28:u_id=31=숫, c=-9.71948, r=38.431, r_sum=1097.54 @114
[INFO]  29:u_id=32=처, c=-9.58697, r=38.1547, r_sum=1135.7 @118
[INFO]  30:u_id=33=녀, c=-9.49285, r=37.8299, r_sum=1173.53 @122
[INFO]  31:u_id=34=구, c=-9.74053, r=37.8505, r_sum=1211.38 @126
[INFO]  32:u_id=35=독, c=-9.90091, r=39.1079, r_sum=1250.49 @130
[INFO]  33:u_id=36=고, c=-9.7528, r=38.2733, r_sum=1288.76 @134
[INFO]  34:u_id=37=리, c=-9.74595, r=37.8185, r_sum=1326.58 @138
[INFO]  35:u_id=38=의, c=-9.60368, r=37.7194, r_sum=1364.3 @142
[INFO]  36:u_id=39=모, c=-9.73792, r=38.7141, r_sum=1403.01 @146
[INFO]  37:u_id=40=를, c=-9.84057, r=38.093, r_sum=1441.11 @150
[INFO]  38:u_id=41=논, c=-9.83278, r=37.976, r_sum=1479.08 @154
[INFO]  39:u_id=42=다, c=-9.64257, r=38.3612, r_sum=1517.44 @158
[INFO]  40:u_id=43=퉤, c=-9.74933, r=38.3979, r_sum=1555.84 @162
[INFO]  41:u_id=44=맞, c=-9.74664, r=37.7224, r_sum=1593.56 @166
[INFO]  42:u_id=45=댈, c=-9.68552, r=38.028, r_sum=1631.59 @170
[INFO]  43:u_id=46=하, c=-9.89337, r=38.415, r_sum=1670.01 @174
[INFO]  44:u_id=47=왕, c=-9.69095, r=38.2543, r_sum=1708.26 @178
[INFO]  45:u_id=48=실, c=-9.53205, r=37.9168, r_sum=1746.18 @182
[INFO]  46:u_id=49=사, c=-9.72307, r=46.8441, r_sum=1793.02 @186
[INFO]  47:u_id=50=상, c=-9.72347, r=29.0114, r_sum=1822.03 @190
[INFO]  48:u_id=51=노, c=-9.86372, r=38.4155, r_sum=1860.45 @194
[INFO]  49:u_id=52=르, c=-9.93129, r=37.9191, r_sum=1898.37 @198
[INFO]  50:u_id=53=딕, c=-9.70564, r=38.2852, r_sum=1936.65 @202
[INFO]  51:u_id=54=공, c=-9.68113, r=37.9049, r_sum=1974.56 @206
[INFO]  52:u_id=55=급, c=-10.0756, r=37.8502, r_sum=2012.41 @210
[INFO]  53:u_id=56=견, c=-9.74385, r=38.0191, r_sum=2050.43 @214
[INFO]  54:u_id=57=대, c=-9.60651, r=37.8795, r_sum=2088.31 @218
[INFO]  55:u_id=58=가, c=-9.64738, r=37.6297, r_sum=2125.94 @222
[INFO]  56:u_id=59=정, c=-9.80304, r=38.5611, r_sum=2164.5 @226
[INFO]  57:u_id=60=음, c=-9.72099, r=38.4383, r_sum=2202.94 @230
[INFO]  58:u_id=61=단, c=-9.77977, r=38.2784, r_sum=2241.21 @234
[INFO]  59:u_id=62=봉, c=-9.577, r=38.1292, r_sum=2279.34 @238
[INFO]  60:u_id=63=넘, c=-9.72119, r=38.5588, r_sum=2317.9 @242
[INFO]  61:u_id=64=어, c=-9.88368, r=38.5836, r_sum=2356.49 @246
[INFO]  62:u_id=65=부, c=-9.6586, r=38.0523, r_sum=2394.54 @250
[INFO]  63:u_id=66=족, c=-9.90773, r=39.1939, r_sum=2433.73 @254
[INFO]  64:u_id=67=지, c=-9.50854, r=37.6855, r_sum=2471.42 @258
[INFO]  65:u_id=68=티, c=-9.58456, r=37.578, r_sum=2508.99 @262
[INFO]  66:u_id=69=앙, c=-9.91235, r=38.3434, r_sum=2547.34 @266
[INFO]  67:u_id=70=팡, c=-9.78443, r=38.5442, r_sum=2585.88 @270
[INFO]  68:u_id=71=인, c=-9.80629, r=38.192, r_sum=2624.07 @274
[INFO]  69:u_id=72=코, c=-9.70784, r=37.742, r_sum=2661.82 @278
[INFO]  70:u_id=73=더, c=-9.6678, r=37.8698, r_sum=2699.69 @282
[INFO]  71:u_id=74=제, c=-9.60555, r=37.4496, r_sum=2737.14 @286
[INFO]  72:u_id=75=청, c=-9.71353, r=38.2711, r_sum=2775.41 @290
[INFO]  73:u_id=76=차, c=-9.87653, r=39.1158, r_sum=2814.52 @294
[INFO]  74:u_id=77=이, c=-9.91358, r=38.4608, r_sum=2852.98 @298
[INFO]  75:u_id=78=내, c=-9.72524, r=38.4307, r_sum=2891.41 @302
[INFO]  76:u_id=79=용, c=-9.65076, r=38.0039, r_sum=2929.42 @306
[INFO]  77:u_id=80=업, c=-9.63324, r=38.0408, r_sum=2967.46 @310
[INFO]  78:u_id=81=무, c=-9.73736, r=38.43, r_sum=3005.89 @314
[INFO]  79:u_id=82=푸, c=-9.72681, r=38.2622, r_sum=3044.15 @318
[INFO]  80:u_id=83=시, c=-9.82547, r=38.2339, r_sum=3082.39 @322
[INFO]  81:u_id=84=캣, c=-9.813, r=38.1196, r_sum=3120.5 @326
[INFO]  82:u_id=85=레, c=-9.70351, r=38.306, r_sum=3158.81 @330
[INFO]  83:u_id=86=귤, c=-9.84498, r=38.0583, r_sum=3196.87 @334
[INFO]  84:u_id=87=러, c=-9.74801, r=38.3968, r_sum=3235.27 @338
[INFO]  85:u_id=88=떨, c=-9.74521, r=38.4538, r_sum=3273.72 @342
[INFO]  86:u_id=89=며, c=-9.50529, r=37.5529, r_sum=3311.27 @346
[INFO]  87:u_id=90=전, c=-9.69487, r=37.9482, r_sum=3349.22 @350
[INFO]  88:u_id=91=싶, c=-9.71787, r=38.1448, r_sum=3387.37 @354
[INFO]  89:u_id=92=에, c=-9.81683, r=38.3807, r_sum=3425.75 @358
[INFO]  90:u_id=93=특, c=-9.70229, r=38.3516, r_sum=3464.1 @362
[INFO]  91:u_id=94=별, c=-9.59376, r=38.0823, r_sum=3502.18 @366
[INFO]  92:u_id=95=통, c=-9.675, r=38.0706, r_sum=3540.25 @370
[INFO]  93:u_id=96=칭, c=-9.71539, r=37.7401, r_sum=3577.99 @374
[INFO]  94:u_id=97=규, c=-9.82394, r=38.5332, r_sum=3616.52 @378
[INFO]  95:u_id=98=칙, c=-9.76858, r=38.3474, r_sum=3654.87 @382
[INFO]  96:u_id=99=보, c=-9.7055, r=38.3391, r_sum=3693.21 @386
[INFO]  Word:0 = 로, c=-9.64575, r=28.695, perm=2
[INFO]  Word:1 = 그, c=-9.64451, r=38.0322, perm=2
[INFO]  Word:2 = 잖, c=-9.72772, r=38.0973, perm=2
[INFO]  Word:3 = 아, c=-9.78903, r=38.286, perm=2
[INFO]  Word:4 = 요, c=-9.83779, r=38.0988, perm=2
[INFO]  Word:5 = 질, c=-9.88528, r=38.5582, perm=2
[INFO]  Word:6 = 문, c=-9.59814, r=38.1696, perm=2
[INFO]  Word:7 = 태, c=-9.68231, r=37.8927, perm=2
[INFO]  Word:8 = 평, c=-9.95058, r=39.0986, perm=2
[INFO]  Word:9 = 양, c=-9.74463, r=38.4814, perm=2
[INFO]  Word:10 = 와, c=-9.92679, r=38.6893, perm=2
[INFO]  Word:11 = 우, c=-9.88142, r=38.105, perm=2
[INFO]  Word:12 = 점, c=-9.69026, r=37.8512, perm=2
[INFO]  Word:13 = 괘, c=-9.79039, r=37.9116, perm=2
[INFO]  Word:14 = 유, c=-9.7349, r=38.3703, perm=2
[INFO]  Word:15 = 료, c=-9.58489, r=37.4519, perm=2
[INFO]  Word:16 = 매, c=-9.91303, r=38.4616, perm=2
[INFO]  Word:17 = 주, c=-9.66172, r=38.2624, perm=2
[INFO]  Word:18 = 번, c=-9.66301, r=38.3203, perm=2
[INFO]  Word:19 = 호, c=-9.77092, r=38.2085, perm=2
[INFO]  Word:20 = 판, c=-9.58399, r=37.5236, perm=2
[INFO]  Word:21 = 중, c=-9.51807, r=37.5792, perm=2
[INFO]  Word:22 = 한, c=-9.82926, r=37.9107, perm=2
[INFO]  Word:23 = 되, c=-9.81, r=38.1747, perm=2
[INFO]  Word:24 = 는, c=-9.69485, r=38.2115, perm=2
[INFO]  Word:25 = 했, c=-9.75297, r=38.2388, perm=2
[INFO]  Word:26 = 으, c=-9.62279, r=37.8326, perm=2
[INFO]  Word:27 = 나, c=-9.79514, r=38.6004, perm=2
[INFO]  Word:28 = 숫, c=-9.71948, r=38.431, perm=2
[INFO]  Word:29 = 처, c=-9.58697, r=38.1547, perm=2
[INFO]  Word:30 = 녀, c=-9.49285, r=37.8299, perm=2
[INFO]  Word:31 = 구, c=-9.74053, r=37.8505, perm=2
[INFO]  Word:32 = 독, c=-9.90091, r=39.1079, perm=2
[INFO]  Word:33 = 고, c=-9.7528, r=38.2733, perm=2
[INFO]  Word:34 = 리, c=-9.74595, r=37.8185, perm=2
[INFO]  Word:35 = 의, c=-9.60368, r=37.7194, perm=2
[INFO]  Word:36 = 모, c=-9.73792, r=38.7141, perm=2
[INFO]  Word:37 = 를, c=-9.84057, r=38.093, perm=2
[INFO]  Word:38 = 논, c=-9.83278, r=37.976, perm=2
[INFO]  Word:39 = 다, c=-9.64257, r=38.3612, perm=2
[INFO]  Word:40 = 퉤, c=-9.74933, r=38.3979, perm=2
[INFO]  Word:41 = 맞, c=-9.74664, r=37.7224, perm=2
[INFO]  Word:42 = 댈, c=-9.68552, r=38.028, perm=2
[INFO]  Word:43 = 하, c=-9.89337, r=38.415, perm=2
[INFO]  Word:44 = 왕, c=-9.69095, r=38.2543, perm=2
[INFO]  Word:45 = 실, c=-9.53205, r=37.9168, perm=2
[INFO]  Word:46 = 사, c=-9.72307, r=46.8441, perm=2
[INFO]  Word:47 = 상, c=-9.72347, r=29.0114, perm=2
[INFO]  Word:48 = 노, c=-9.86372, r=38.4155, perm=2
[INFO]  Word:49 = 르, c=-9.93129, r=37.9191, perm=2
[INFO]  Word:50 = 딕, c=-9.70564, r=38.2852, perm=2
[INFO]  Word:51 = 공, c=-9.68113, r=37.9049, perm=2
[INFO]  Word:52 = 급, c=-10.0756, r=37.8502, perm=2
[INFO]  Word:53 = 견, c=-9.74385, r=38.0191, perm=2
[INFO]  Word:54 = 대, c=-9.60651, r=37.8795, perm=2
[INFO]  Word:55 = 가, c=-9.64738, r=37.6297, perm=2
[INFO]  Word:56 = 정, c=-9.80304, r=38.5611, perm=2
[INFO]  Word:57 = 음, c=-9.72099, r=38.4383, perm=2
[INFO]  Word:58 = 단, c=-9.77977, r=38.2784, perm=2
[INFO]  Word:59 = 봉, c=-9.577, r=38.1292, perm=2
[INFO]  Word:60 = 넘, c=-9.72119, r=38.5588, perm=2
[INFO]  Word:61 = 어, c=-9.88368, r=38.5836, perm=2
[INFO]  Word:62 = 부, c=-9.6586, r=38.0523, perm=2
[INFO]  Word:63 = 족, c=-9.90773, r=39.1939, perm=2
[INFO]  Word:64 = 지, c=-9.50854, r=37.6855, perm=2
[INFO]  Word:65 = 티, c=-9.58456, r=37.578, perm=2
[INFO]  Word:66 = 앙, c=-9.91235, r=38.3434, perm=2
[INFO]  Word:67 = 팡, c=-9.78443, r=38.5442, perm=2
[INFO]  Word:68 = 인, c=-9.80629, r=38.192, perm=2
[INFO]  Word:69 = 코, c=-9.70784, r=37.742, perm=2
[INFO]  Word:70 = 더, c=-9.6678, r=37.8698, perm=2
[INFO]  Word:71 = 제, c=-9.60555, r=37.4496, perm=2
[INFO]  Word:72 = 청, c=-9.71353, r=38.2711, perm=2
[INFO]  Word:73 = 차, c=-9.87653, r=39.1158, perm=2
[INFO]  Word:74 = 이, c=-9.91358, r=38.4608, perm=2
[INFO]  Word:75 = 내, c=-9.72524, r=38.4307, perm=2
[INFO]  Word:76 = 용, c=-9.65076, r=38.0039, perm=2
[INFO]  Word:77 = 업, c=-9.63324, r=38.0408, perm=2
[INFO]  Word:78 = 무, c=-9.73736, r=38.43, perm=2
[INFO]  Word:79 = 푸, c=-9.72681, r=38.2622, perm=2
[INFO]  Word:80 = 시, c=-9.82547, r=38.2339, perm=2
[INFO]  Word:81 = 캣, c=-9.813, r=38.1196, perm=2
[INFO]  Word:82 = 레, c=-9.70351, r=38.306, perm=2
[INFO]  Word:83 = 귤, c=-9.84498, r=38.0583, perm=2
[INFO]  Word:84 = 러, c=-9.74801, r=38.3968, perm=2
[INFO]  Word:85 = 떨, c=-9.74521, r=38.4538, perm=2
[INFO]  Word:86 = 며, c=-9.50529, r=37.5529, perm=2
[INFO]  Word:87 = 전, c=-9.69487, r=37.9482, perm=2
[INFO]  Word:88 = 싶, c=-9.71787, r=38.1448, perm=2
[INFO]  Word:89 = 에, c=-9.81683, r=38.3807, perm=2
[INFO]  Word:90 = 특, c=-9.70229, r=38.3516, perm=2
[INFO]  Word:91 = 별, c=-9.59376, r=38.0823, perm=2
[INFO]  Word:92 = 통, c=-9.675, r=38.0706, perm=2
[INFO]  Word:93 = 칭, c=-9.71539, r=37.7401, perm=2
[INFO]  Word:94 = 규, c=-9.82394, r=38.5332, perm=2
[INFO]  Word:95 = 칙, c=-9.76858, r=38.3474, perm=2
[INFO]  Word:96 = 보, c=-9.7055, r=38.3391, perm=2
[INFO]  Word:97 = ㅁ, c=-16.4815, r=55.6739, perm=2
[INFO]  Word:98 = ㄱ, c=-13.9992, r=13.9992, perm=2
[INFO]  Word:99 = ㅆ, c=-14.0947, r=14.0947, perm=2
[INFO]  Word:100 = ㅌ, c=-14.1161, r=14.1161, perm=2
[INFO]  Word:101 = 미, c=-14.4917, r=42.9236, perm=2
[INFO]  Word:102 = ㅗ, c=-13.9696, r=13.9696, perm=2
[INFO]  Word:103 = ㅓ, c=-14.2678, r=25.964, perm=2
[INFO]  Word:104 = ㅋ, c=-14.4372, r=14.4372, perm=2
[INFO]  Word:105 = ㆍ, c=-14.1143, r=28.145, perm=2
[INFO]  Word:106 = ㅕ, c=-17.3615, r=31.2991, perm=2
[INFO]  Word:107 = 곡, c=-15.2609, r=72.3065, perm=2
[INFO]  Word:108 = 뭍, c=-21.6755, r=93.8969, perm=2
[INFO]  Word:109 = 뭐, c=-17.5821, r=121.385, perm=2
[INFO]  Word:110 = ㅅ, c=-15.2269, r=29.3555, perm=2
[INFO]  Word:111 = 헹, c=-21.6996, r=237.542, perm=2
[INFO]  Word:112 = ㅈ, c=-14.2602, r=14.2602, perm=2
[INFO]  Word:113 = 례, c=-21.2516, r=307.61, perm=2
[INFO]  Word:114 = ㅑ, c=-14.0741, r=14.0741, perm=2
[INFO]  Word:115 = ㅓ, c=-18.3268, r=64.3884, perm=2
[INFO]  Word:116 = 슭, c=-14.957, r=57.8177, perm=2
[INFO]  Word:117 = ㅊ, c=-14.5135, r=14.5135, perm=2
[INFO]  Word:118 = ㄳ, c=-14.3983, r=28.7844, perm=2
[INFO]  Word:119 = ㅆ, c=-13.8283, r=13.8283, perm=2
[INFO]  Word:120 = ㄲ, c=-14.3818, r=14.3818, perm=2
[INFO]  Word:121 = ㅡ, c=-14.1731, r=14.1731, perm=2
[INFO]  Word:122 = 많, c=-29.9346, r=133.455, perm=2
[INFO]  Word:123 = ㅐ, c=-13.9071, r=13.9071, perm=2
[INFO]  Word:124 = ㅗ, c=-23.2331, r=37.3867, perm=2
[INFO]  Word:125 = ㅊ, c=-14.4318, r=26.8034, perm=2
[INFO]  Word:126 = ㅣ, c=-13.8583, r=13.8583, perm=2
[INFO]  Word:127 = ㄲ, c=-18.2169, r=32.3954, perm=2
[INFO]  Word:128 = ㅎ, c=-14.2248, r=14.2248, perm=2
[INFO]  Word:129 = ㅡ, c=-25.1839, r=75.2207, perm=2
[INFO]  Word:130 = ㅍ, c=-14.2236, r=14.2236, perm=2
[INFO]  Word:131 = ㅏ, c=-13.9279, r=13.9279, perm=2
[INFO]  Word:132 = ㄴ, c=-14.0222, r=14.0222, perm=2
[INFO]  Word:133 = ㅅ, c=-14.3743, r=14.3743, perm=2
[INFO]  Word:134 = 챙, c=-14.6829, r=57.9332, perm=2
[INFO]  Word:135 = ㅆ, c=-14.1631, r=14.1631, perm=2
[INFO]  Word:136 = ㅅ, c=-15.0274, r=29.0113, perm=2
[INFO]  Word:137 = ㅁ, c=-14.1303, r=14.1303, perm=2
[INFO]  Word:138 = ㅏ, c=-13.6719, r=13.6719, perm=2
[INFO]  Word:139 = ㅆ, c=-14.1, r=14.1, perm=2
[INFO]  Word:140 = 늉, c=-18.606, r=203.945, perm=2
[INFO]  Word:141 = ㅣ, c=-19.9169, r=34.2292, perm=2
[INFO]  Word:142 = ㄱ, c=-15.4591, r=29.8936, perm=2
[INFO]  Word:143 = 롄, c=-15.0326, r=99.5095, perm=2
[INFO]  Word:144 = ㅉ, c=-16.5934, r=31.0025, perm=2
[INFO]  Word:145 = ㆀ, c=-14.3688, r=14.3688, perm=2
[INFO]  Word:146 = ㅈ, c=-13.9209, r=13.9209, perm=2
[INFO]  Word:147 = ㄹ, c=-14.3783, r=14.3783, perm=2
[INFO]  Word:148 = ㅍ, c=-14.234, r=14.234, perm=2
[INFO]  Word:149 = ㅂ, c=-14.0659, r=14.0659, perm=2
[INFO]  Word:150 = ㅁ, c=-14.3748, r=14.3748, perm=2
[INFO]  Word:151 = ㅠ, c=-13.9976, r=13.9976, perm=2
[INFO]  Word:152 = ㅂ, c=-14.2215, r=14.2215, perm=2
[INFO]  Word:153 = ㅊ, c=-15.566, r=44.0852, perm=2
[INFO]  Word:154 = ㅉ, c=-14.2285, r=14.2285, perm=2
[INFO]  Word:155 = ㄴ, c=-17.7058, r=32.097, perm=2
[INFO]  Word:156 = ㅆ, c=-14.4724, r=14.4724, perm=2
[INFO]  Word:157 = ㅌ, c=-21.1544, r=35.6466, perm=2
[INFO]  Word:158 = ㄳ, c=-14.1992, r=14.1992, perm=2
[INFO]  Word:159 = ※, c=-19.1989, r=33.5947, perm=2
[INFO]  Word:160 = ㅍ, c=-14.1128, r=14.1128, perm=2
[INFO]  Word:161 = ㄷ, c=-14.2134, r=14.2134, perm=2
[INFO]  Word:162 = ㅊ, c=-18.0988, r=32.1522, perm=2
[INFO]  Word:163 = ㅌ, c=-14.0833, r=14.0833, perm=2
[INFO]  Word:164 = ㅐ, c=-14.1705, r=14.1705, perm=2
[INFO]  Word:165 = ㄹ, c=-16.4761, r=30.6745, perm=2
[INFO]  Word:166 = ㅋ, c=-14.2718, r=14.2718, perm=2
[INFO]  Word:167 = ㅜ, c=-14.3319, r=14.3319, perm=2
[INFO]  Word:168 = ㄲ, c=-14.8238, r=28.8301, perm=2
[INFO]  Word:169 = ※, c=-17.498, r=31.7626, perm=2
[INFO]  Word:170 = ㄳ, c=-14.0875, r=14.0875, perm=2
[INFO]  Word:171 = ㅊ, c=-14.3169, r=14.3169, perm=2
[INFO]  Word:172 = ㅈ, c=-14.274, r=14.274, perm=2
[INFO]  Word:173 = ㅏ, c=-14.2171, r=14.2171, perm=2
[INFO]  Word:174 = ㅓ, c=-17.972, r=32.5426, perm=2
[INFO]  Word:175 = ㅐ, c=-14.0671, r=14.0671, perm=2
[INFO]  Word:176 = ㅐ, c=-18.7241, r=32.8633, perm=2
[INFO]  Word:177 = ㅏ, c=-20.4407, r=34.7707, perm=2
[INFO]  Word:178 = ※, c=-14.4173, r=28.4045, perm=2
[INFO]  Word:179 = ㄳ, c=-13.9202, r=13.9202, perm=2
[INFO]  Word:180 = ㄴ, c=-20.7431, r=34.8356, perm=2
[INFO]  Word:181 = ㆍ, c=-14.0512, r=14.0512, perm=2
[INFO]  Word:182 = ㅇ, c=-15.2766, r=43.6582, perm=2
[INFO]  Word:183 = ㄱ, c=-14.2887, r=14.2887, perm=2
[INFO]  Word:184 = 않, c=-18.2872, r=138.703, perm=2
[INFO]  Word:185 = ㅊ, c=-13.9817, r=13.9817, perm=2
[INFO]  Word:186 = ㅂ, c=-14.0039, r=14.0039, perm=2
[INFO]  Word:187 = ㅜ, c=-14.2477, r=14.2477, perm=2
[INFO]  Word:188 = ㅕ, c=-14.2957, r=14.2957, perm=2
[INFO]  Word:189 = ㅆ, c=-17.5665, r=45.8066, perm=2
[INFO]  Word:190 = ㅠ, c=-14.336, r=14.336, perm=2
[INFO]  Word:191 = ㅋ, c=-23.0899, r=37.45, perm=2
[INFO]  Word:192 = ㅅ, c=-14.2361, r=14.2361, perm=2
[INFO]  Word:193 = ㆀ, c=-14.1668, r=14.1668, perm=2
[INFO]  Word:194 = ㅇ, c=-14.0826, r=14.0826, perm=2
[INFO]  Word:195 = ㄹ, c=-14.1533, r=14.1533, perm=2
[INFO]  Word:196 = ㅍ, c=-13.8833, r=13.8833, perm=2
[INFO]  Word:197 = ㅂ, c=-13.7597, r=13.7597, perm=2
[INFO]  Word:198 = ㅇ, c=-14.2786, r=14.2786, perm=2
[INFO]  Word:199 = ㅔ, c=-17.3913, r=47.8539, perm=2
[INFO]  Word:200 = ㅌ, c=-14.3598, r=14.3598, perm=2
[INFO]  Word:201 = ㄳ, c=-15.4269, r=29.88, perm=2
[INFO]  Word:202 = ㅎ, c=-14.3045, r=14.3045, perm=2
[INFO]  Word:203 = ㆀ, c=-19.3669, r=33.6663, perm=2
[INFO]  Word:204 = ㅁ, c=-14.0437, r=14.0437, perm=2
[INFO]  Word:205 = ㄴ, c=-14.2313, r=28.031, perm=2
[INFO]  Word:206 = ※, c=-14.4378, r=28.807, perm=2
[INFO]  Word:207 = ㅋ, c=-14.1205, r=14.1205, perm=2
[INFO]  Word:208 = ㅂ, c=-18.3486, r=63.4214, perm=2
[INFO]  Word:209 = ㅇ, c=-14.7651, r=28.8072, perm=2
[INFO]  Word:210 = ㄴ, c=-19.7826, r=34.0362, perm=2
[INFO]  Word:211 = ㄹ, c=-14.0202, r=14.0202, perm=2
[INFO]  Word:212 = ㅐ, c=-14.5495, r=14.5495, perm=2
[INFO]  Word:213 = ㅁ, c=-19.0387, r=32.9206, perm=2
[INFO]  Word:214 = 절, c=-15.1598, r=84.4506, perm=2
[INFO]  Word:215 = ㅣ, c=-14.1311, r=14.1311, perm=2
[INFO]  Word:216 = ㄴ, c=-14.3749, r=14.3749, perm=2
[INFO]  Word:217 = ㅁ, c=-14.3728, r=28.1442, perm=2
[INFO]  Word:218 = ㄴ, c=-17.669, r=32.0435, perm=2
[INFO]  Word:219 = 헵, c=-16.2428, r=59.3616, perm=2
[INFO]  Word:220 = ※, c=-20.0249, r=52.9183, perm=2
[INFO]  Word:221 = ㄳ, c=-14.0499, r=14.0499, perm=2
[INFO]  Word:222 = ㄳ, c=-21.2964, r=35.4667, perm=2
[INFO]  Word:223 = ㅠ, c=-18.9818, r=47.9093, perm=2
[INFO]  Word:224 = ㅍ, c=-14.1652, r=14.1652, perm=2
[INFO]  Word:225 = ㄷ, c=-14.1278, r=14.1278, perm=2
[INFO]  Word:226 = ※, c=-14.3547, r=26.8081, perm=2
[INFO]  Word:227 = ㄲ, c=-22.8469, r=103.16, perm=2
[INFO]  Word:228 = ㅔ, c=-14.3994, r=14.3994, perm=2
[INFO]  Word:229 = ㅌ, c=-14.1047, r=14.1047, perm=2
[INFO]  Word:230 = ㆍ, c=-19.9527, r=34.0184, perm=2
[INFO]  Word:231 = ㅐ, c=-14.3892, r=14.3892, perm=2
[INFO]  Word:232 = ㄹ, c=-20.3768, r=64.6155, perm=2
[INFO]  Word:233 = 엷, c=-18.6848, r=136.437, perm=2
[INFO]  Word:234 = ㅋ, c=-25.8933, r=54.6806, perm=2
[INFO]  Word:235 = ㅍ, c=-14.0447, r=14.0447, perm=2
[INFO]  Word:236 = ㄲ, c=-14.1954, r=14.1954, perm=2
[INFO]  Word:237 = ㅌ, c=-14.3015, r=14.3015, perm=2
[INFO]  Word:238 = ㅍ, c=-14.2163, r=14.2163, perm=2
[INFO]  Word:239 = 넬, c=-20.1208, r=127.712, perm=2
[INFO]  Word:240 = ㅏ, c=-14.1602, r=14.1602, perm=2
[INFO]  Word:241 = ㅈ, c=-13.8343, r=13.8343, perm=2
[INFO]  Word:242 = ㅏ, c=-14.0167, r=14.0167, perm=2
[INFO]  Word:243 = ㄴ, c=-16.6162, r=45.1761, perm=2
[INFO]  Word:244 = ㅔ, c=-20.6202, r=34.8083, perm=2
[INFO]  Word:245 = ㅑ, c=-14.2848, r=14.2848, perm=2
[INFO]  Word:246 = ㆍ, c=-19.6101, r=52.6507, perm=2
[INFO]  Word:247 = ㄱ, c=-14.3319, r=14.3319, perm=2
[INFO]  Word:248 = ㄴ, c=-14.2886, r=14.2886, perm=2
[INFO]  Word:249 = ㅔ, c=-25.9489, r=40.3065, perm=2
[INFO]  Word:250 = ㅠ, c=-18.8771, r=65.3696, perm=2
[INFO]  Word:251 = ㅅ, c=-14.2336, r=14.2336, perm=2
[INFO]  Word:252 = ㅌ, c=-15.6938, r=29.5668, perm=2
[INFO]  Word:253 = ㄳ, c=-14.3519, r=14.3519, perm=2
[INFO]  Word:254 = ㅇ, c=-19.354, r=33.5047, perm=2
[INFO]  Word:255 = 낀, c=-22.5691, r=181.614, perm=2
[INFO]  Word:256 = ㅎ, c=-25.3371, r=58.7902, perm=2
[INFO]  Word:257 = ㅡ, c=-14.4906, r=14.4906, perm=2
[INFO]  Word:258 = ㅂ, c=-14.1449, r=14.1449, perm=2
[INFO]  Word:259 = ㅍ, c=-16.6498, r=30.7568, perm=2
[INFO]  Word:260 = ㅗ, c=-15.7134, r=30.109, perm=2
[INFO]  Word:261 = ㅏ, c=-15.3049, r=29.1314, perm=2
[INFO]  Word:262 = ㅇ, c=-14.2249, r=14.2249, perm=2
[INFO]  Word:263 = ※, c=-14.2476, r=14.2476, perm=2
[INFO]  Word:264 = ㅎ, c=-19.435, r=49.5002, perm=2
[INFO]  Word:265 = ※, c=-14.5331, r=14.5331, perm=2
[INFO]  Word:266 = ㅜ, c=-28.5764, r=74.4656, perm=2
[INFO]  Word:267 = ㄹ, c=-17.7603, r=49.5178, perm=2
[INFO]  Word:268 = ㅍ, c=-21.4893, r=35.7481, perm=2
[INFO]  Word:269 = ㅎ, c=-15.1008, r=29.4108, perm=2
[INFO]  Word:270 = ㅉ, c=-14.3668, r=14.3668, perm=2
[INFO]  Word:271 = ㅜ, c=-14.2703, r=14.2703, perm=2
[INFO]  Word:272 = ㆍ, c=-13.9958, r=13.9958, perm=2
[INFO]  Word:273 = ㅜ, c=-14.8011, r=28.7363, perm=2
[INFO]  Word:274 = ㅁ, c=-14.3923, r=14.3923, perm=2
[INFO]  Word:275 = ㅎ, c=-17.3824, r=46.1764, perm=2
[INFO]  Word:276 = 웜, c=-17.314, r=136.968, perm=2
[INFO]  Word:277 = ㅎ, c=-14.3633, r=28.2355, perm=2
[INFO]  Word:278 = ㅍ, c=-14.1577, r=14.1577, perm=2
[INFO]  Word:279 = ㅣ, c=-14.0538, r=14.0538, perm=2
[INFO]  Word:280 = 뻘, c=-14.0821, r=42.1142, perm=2
[INFO]  Word:281 = ㅉ, c=-14.1628, r=14.1628, perm=2
[INFO]  Word:282 = ㄱ, c=-14.2378, r=28.333, perm=2
[INFO]  Word:283 = 큼, c=-14.044, r=41.5808, perm=2
[INFO]  Word:284 = 뀌, c=-15.0873, r=57.8485, perm=2
[INFO]  Word:285 = ㅅ, c=-22.0996, r=51.2245, perm=2
[INFO]  Word:286 = ※, c=-14.2363, r=14.2363, perm=2
[INFO]  Word:287 = ㅑ, c=-14.3578, r=14.3578, perm=2
[INFO]  Word:288 = ㅡ, c=-14.543, r=14.543, perm=2
[INFO]  Word:289 = 쥬, c=-23.9426, r=66.1728, perm=2
[INFO]  Word:290 = ㅋ, c=-18.8412, r=49.1445, perm=2
[INFO]  Word:291 = ㄳ, c=-14.4967, r=14.4967, perm=2
[INFO]  Word:292 = ㅅ, c=-14.0929, r=14.0929, perm=2
[INFO]  Word:293 = ㅠ, c=-17.4178, r=46.519, perm=2
[INFO]  Word:294 = ㅣ, c=-25.5939, r=40.0327, perm=2
[INFO]  Word:295 = 퀀, c=-22.8578, r=176.363, perm=2
[INFO]  Word:296 = ㅠ, c=-14.2285, r=14.2285, perm=2
[INFO]  Word:297 = ㅎ, c=-14.1381, r=14.1381, perm=2
[INFO]  Word:298 = ㅐ, c=-14.0481, r=14.0481, perm=2
[INFO]  Word:299 = ㄲ, c=-19.7913, r=34.0579, perm=2
[INFO]  Word:300 = ※, c=-18.4829, r=32.8055, perm=2
[INFO]  Word:301 = ㅌ, c=-15.182, r=44.1345, perm=2
[INFO]  Word:302 = 뽐, c=-16.2982, r=146.971, perm=2
[INFO]  Word:303 = ㅁ, c=-15.1791, r=29.5069, perm=2
[INFO]  Word:304 = ㅓ, c=-14.2949, r=14.2949, perm=2
[INFO]  Word:305 = ㅎ, c=-14.294, r=14.294, perm=2
[INFO]  Word:306 = ㅓ, c=-15.5591, r=29.961, perm=2
[INFO]  Word:307 = ㅣ, c=-14.2876, r=42.6951, perm=2
[INFO]  Word:308 = ㅔ, c=-14.5818, r=14.5818, perm=2
[INFO]  Word:309 = ㄱ, c=-14.3232, r=27.2739, perm=2
[INFO]  Word:310 = ㅇ, c=-14.2261, r=27.933, perm=2
[INFO]  Word:311 = ㅠ, c=-14.3249, r=14.3249, perm=2
[INFO]  Word:312 = ㅉ, c=-14.1231, r=14.1231, perm=2
[INFO]  Word:313 = ㅑ, c=-25.3296, r=59.3655, perm=2
[INFO]  Word:314 = ㅂ, c=-20.621, r=34.9601, perm=2
[INFO]  Word:315 = ㅁ, c=-14.8905, r=28.8922, perm=2
[INFO]  Word:316 = ㄱ, c=-14.133, r=14.133, perm=2
[INFO]  Word:317 = ㅇ, c=-17.1616, r=47.286, perm=2
[INFO]  Word:318 = ㅋ, c=-17.3833, r=32.0086, perm=2
[INFO]  Word:319 = 썹, c=-17.9708, r=106.367, perm=2
[INFO]  Word:320 = ※, c=-13.5319, r=13.5319, perm=2
[INFO]  Word:321 = ㅋ, c=-14.3191, r=14.3191, perm=2
[INFO]  Word:322 = ㅓ, c=-18.3885, r=32.7097, perm=2
[INFO]  Word:323 = ※, c=-14.0703, r=14.0703, perm=2
[INFO]  Word:324 = ㅉ, c=-14.3177, r=14.3177, perm=2
[INFO]  Word:325 = ㅜ, c=-14.3426, r=28.1857, perm=2
[INFO]  Word:326 = ㄱ, c=-14.1059, r=14.1059, perm=2
[INFO]  Word:327 = ㅔ, c=-14.2047, r=14.2047, perm=2
[INFO]  Word:328 = 랐, c=-15.1246, r=57.7475, perm=2
[INFO]  Word:329 = ㅠ, c=-14.4661, r=14.4661, perm=2
[INFO]  Word:330 = ㅏ, c=-13.8894, r=13.8894, perm=2
[INFO]  Word:331 = ㅂ, c=-21.338, r=35.4134, perm=2
[INFO]  Word:332 = ㅠ, c=-14.0994, r=14.0994, perm=2
[INFO]  Word:333 = ㅗ, c=-14.1545, r=14.1545, perm=2
[INFO]  Word:334 = ㅍ, c=-14.0777, r=14.0777, perm=2
[INFO]  Word:335 = ㅓ, c=-14.7255, r=29.0865, perm=2
[INFO]  Word:336 = ㅕ, c=-14.1011, r=14.1011, perm=2
[INFO]  Word:337 = ㅗ, c=-17.293, r=45.7306, perm=2
[INFO]  Word:338 = ㅇ, c=-14.4015, r=14.4015, perm=2
[INFO]  Word:339 = ㅡ, c=-14.1144, r=14.1144, perm=2
[INFO]  Word:340 = ㅔ, c=-14.0438, r=14.0438, perm=2
[INFO]  Word:341 = ㅑ, c=-14.0501, r=14.0501, perm=2
[INFO]  Word:342 = 묘, c=-16.4028, r=59.4266, perm=2
[INFO]  Word:343 = ㄴ, c=-14.0124, r=14.0124, perm=2
[INFO]  Word:344 = ※, c=-14.0254, r=27.9558, perm=2
[INFO]  Word:345 = ㅣ, c=-14.5908, r=28.7866, perm=2
[INFO]  Word:346 = ㅎ, c=-23.2205, r=76.1678, perm=2
[INFO]  Word:347 = ㅜ, c=-14.1922, r=14.1922, perm=2
[INFO]  Word:348 = ㅌ, c=-14.0508, r=14.0508, perm=2
[INFO]  Word:349 = ㅠ, c=-14.2934, r=14.2934, perm=2
[INFO]  Word:350 = ㅏ, c=-14.484, r=14.484, perm=2
[INFO]  Word:351 = ㅕ, c=-14.2697, r=14.2697, perm=2
[INFO]  Word:352 = ㅗ, c=-14.2816, r=14.2816, perm=2
[INFO]  Word:353 = ㅂ, c=-14.3067, r=14.3067, perm=2
[INFO]  Word:354 = ㅕ, c=-19.1212, r=33.5336, perm=2
[INFO]  Word:355 = ㅏ, c=-14.3407, r=14.3407, perm=2
[INFO]  Word:356 = 뎃, c=-15.974, r=117.243, perm=2
[INFO]  Word:357 = ※, c=-14.0102, r=14.0102, perm=2
[INFO]  Word:358 = 휼, c=-14.3781, r=42.38, perm=2
[INFO]  Word:359 = ㅍ, c=-17.0496, r=31.5455, perm=2
[INFO]  Word:360 = ㅡ, c=-14.0959, r=14.0959, perm=2
[INFO]  Word:361 = 익, c=-14.3083, r=42.3281, perm=2
[INFO]  Word:362 = ㆍ, c=-15.1652, r=43.3273, perm=2
[INFO]  Word:363 = ㄲ, c=-16.9041, r=30.8397, perm=2
[INFO]  Word:364 = ㄴ, c=-14.5417, r=14.5417, perm=2
[INFO]  Word:365 = ㅏ, c=-14.1699, r=14.1699, perm=2
[INFO]  Word:366 = ㅣ, c=-16.3827, r=45.0107, perm=2
[INFO]  Word:367 = ㅈ, c=-14.317, r=14.317, perm=2
[INFO]  Word:368 = ㅏ, c=-14.3939, r=14.3939, perm=2
[INFO]  Word:369 = ㅜ, c=-14.5675, r=28.949, perm=2
[INFO]  Word:370 = ㄴ, c=-14.2782, r=14.2782, perm=2
[INFO]  Word:371 = ㅣ, c=-18.4056, r=64.3989, perm=2
[INFO]  Word:372 = ㅊ, c=-19.8355, r=103.543, perm=2
[INFO]  Word:373 = ㄱ, c=-14.0914, r=14.0914, perm=2
[INFO]  Word:374 = ㆍ, c=-14.1672, r=14.1672, perm=2
[INFO]  Word:375 = ㅡ, c=-16.1168, r=45.4904, perm=2
[INFO]  Word:376 = ㅐ, c=-14.3202, r=14.3202, perm=2
[INFO]  Word:377 = ㄴ, c=-14.4053, r=14.4053, perm=2
[INFO]  Word:378 = ※, c=-14.6813, r=29.0408, perm=2
[INFO]  Word:379 = ㅓ, c=-14.1245, r=14.1245, perm=2
[INFO]  Word:380 = ㅌ, c=-14.382, r=14.382, perm=2
[INFO]  Word:381 = ※, c=-21.2858, r=35.5489, perm=2
[INFO]  Word:382 = ㅔ, c=-13.9906, r=13.9906, perm=2
[INFO]  Word:383 = ㅇ, c=-14.3953, r=14.3953, perm=2
[INFO]  Word:384 = ㅑ, c=-14.325, r=14.325, perm=2
[INFO]  Word:385 = ※, c=-16.4699, r=46.8387, perm=2
[INFO]  Word:386 = ㄹ, c=-14.4503, r=14.4503, perm=2
[INFO]  Word:387 = 귤, c=-14.9861, r=83.5006, perm=2
[INFO]  Word:388 = 캔, c=-14.443, r=42.5294, perm=2
[INFO]  Word:389 = ※, c=-14.1669, r=14.1669, perm=2
[INFO]  Word:390 = ㅎ, c=-15.2855, r=45.0224, perm=2
[INFO]  Word:391 = ㄷ, c=-13.9224, r=13.9224, perm=2
[INFO]  Word:392 = ㅅ, c=-14.3058, r=14.3058, perm=2
[INFO]  Word:393 = ㆀ, c=-14.3495, r=14.3495, perm=2
[INFO]  Word:394 = ㄱ, c=-16.7772, r=30.9834, perm=2
[INFO]  Word:395 = ㄳ, c=-14.1837, r=14.1837, perm=2
[INFO]  Word:396 = ㅗ, c=-14.5107, r=14.5107, perm=2
[INFO]  Word:397 = ㅑ, c=-14.1885, r=14.1885, perm=2
[INFO]  Word:398 = ㅊ, c=-14.2016, r=14.2016, perm=2
[INFO]  Word:399 = ㄷ, c=-14.1395, r=14.1395, perm=2
[INFO]  Word:400 = ㅓ, c=-18.2051, r=32.5302, perm=2
[INFO]  Word:401 = ㅐ, c=-14.3774, r=28.5233, perm=2
[INFO]  Word:402 = ㅠ, c=-17.3137, r=31.4028, perm=2
[INFO]  Word:403 = ㅗ, c=-19.0441, r=33.2947, perm=2
[INFO]  Word:404 = ※, c=-13.8015, r=13.8015, perm=2
[INFO]  Word:405 = ㅅ, c=-14.2148, r=14.2148, perm=2
[INFO]  Word:406 = ㅜ, c=-14.1642, r=14.1642, perm=2
[INFO]  Word:407 = ㄳ, c=-14.4078, r=14.4078, perm=2
[INFO]  Word:408 = ㅆ, c=-14.4112, r=28.7487, perm=2
[INFO]  Word:409 = ㅜ, c=-14.0789, r=14.0789, perm=2
[INFO]  Word:410 = ㅈ, c=-13.8049, r=13.8049, perm=2
[INFO]  Word:411 = ㄳ, c=-18.4069, r=48.4416, perm=2
[INFO]  Word:412 = ㅊ, c=-15.2674, r=29.7018, perm=2
[INFO]  Word:413 = ㅕ, c=-13.9604, r=13.9604, perm=2
[INFO]  Word:414 = ㅣ, c=-24.8407, r=38.938, perm=2
[INFO]  Word:415 = ㆍ, c=-17.0499, r=61.659, perm=2
[INFO]  Word:416 = ㅗ, c=-14.2032, r=14.2032, perm=2
[INFO]  Word:417 = 릎, c=-15.6896, r=101.511, perm=2
[INFO]  Word:418 = ㅉ, c=-14.4628, r=14.4628, perm=2
[INFO]  Word:419 = ㅡ, c=-15.3208, r=44.667, perm=2
[INFO]  Word:420 = ㆀ, c=-15.8308, r=30.1806, perm=2
[INFO]  Word:421 = ㅍ, c=-14.6556, r=28.9733, perm=2
[INFO]  Word:422 = ㅌ, c=-16.291, r=61.1641, perm=2
[INFO]  Word:423 = ㅑ, c=-14.3058, r=14.3058, perm=2
[INFO]  Word:424 = 뀔, c=-18.2115, r=232.079, perm=2
[INFO]  Word:425 = ㆍ, c=-14.5783, r=14.5783, perm=2
[INFO]  Word:426 = 씀, c=-16.7395, r=71.8217, perm=2
[INFO]  Word:427 = ㄹ, c=-14.1065, r=14.1065, perm=2
[INFO]  Word:428 = ㅌ, c=-14.2051, r=14.2051, perm=2
[INFO]  Word:429 = ㅐ, c=-21.5581, r=56.0766, perm=2
[INFO]  Word:430 = ㄱ, c=-14.3532, r=14.3532, perm=2
[INFO]  Word:431 = 메, c=-17.4944, r=106.416, perm=2
[INFO]  Word:432 = ㅍ, c=-15.5902, r=44.0487, perm=2
[INFO]  Word:433 = ㅓ, c=-15.737, r=29.9624, perm=2
[INFO]  Word:434 = ㅆ, c=-15.3896, r=29.693, perm=2
[INFO]  Word:435 = 내, c=-15.3601, r=72.3782, perm=2
[INFO]  Word:436 = ㅏ, c=-16.6599, r=47.0238, perm=2
[INFO]  Word:437 = ㅓ, c=-14.0651, r=27.1287, perm=2
[INFO]  Word:438 = 쉘, c=-15.3976, r=58.4545, perm=2
[INFO]  Word:439 = ㄹ, c=-14.4357, r=14.4357, perm=2
[INFO]  Word:440 = ㅆ, c=-14.4376, r=14.4376, perm=2
[INFO]  Word:441 = ㅏ, c=-15.6418, r=44.3354, perm=2
[INFO]  Word:442 = ㅇ, c=-14.2441, r=14.2441, perm=2
[INFO]  Word:443 = ㅆ, c=-15.2902, r=29.3538, perm=2
[INFO]  Word:444 = ㅡ, c=-14.0202, r=14.0202, perm=2
[INFO]  Word:445 = ㅐ, c=-14.4072, r=14.4072, perm=2
[INFO]  Word:446 = ㄷ, c=-14.1702, r=14.1702, perm=2
[INFO]  Word:447 = ㄳ, c=-14.2536, r=14.2536, perm=2
[INFO]  Word:448 = ㅉ, c=-13.9573, r=13.9573, perm=2
[INFO]  Word:449 = ※, c=-16.0295, r=30.3019, perm=2
[INFO]  Word:450 = 뽑, c=-14.3407, r=42.6045, perm=2
[INFO]  Word:451 = ㅡ, c=-16.4617, r=46.3581, perm=2
[INFO]  Word:452 = ㅣ, c=-21.6174, r=104.545, perm=2
[INFO]  Word:453 = ㅣ, c=-16.6654, r=30.6128, perm=2
[INFO]  Word:454 = ㆀ, c=-14.5695, r=29.0045, perm=2
[INFO]  Word:455 = ㅜ, c=-14.2473, r=14.2473, perm=2
[INFO]  Word:456 = ※, c=-14.3322, r=14.3322, perm=2
[INFO]  Word:457 = 마, c=-14.4243, r=42.8371, perm=2
[INFO]  Word:458 = ㄷ, c=-18.6818, r=32.7912, perm=2
[INFO]  Word:459 = ㅜ, c=-21.0694, r=49.6465, perm=2
[INFO]  Word:460 = ㄴ, c=-14.9182, r=28.9398, perm=2
[INFO]  Word:461 = ㅊ, c=-14.0781, r=14.0781, perm=2
[INFO]  Word:462 = ㄷ, c=-14.3277, r=28.3403, perm=2
[INFO]  Word:463 = ㅕ, c=-14.1757, r=14.1757, perm=2
[INFO]  Word:464 = ㅏ, c=-14.8358, r=29.1138, perm=2
[INFO]  Word:465 = ㅎ, c=-14.3756, r=28.6426, perm=2
[INFO]  Word:466 = ㅐ, c=-15.2601, r=29.3147, perm=2
[INFO]  Word:467 = ㅕ, c=-14.4998, r=14.4998, perm=2
[INFO]  Word:468 = 쇼, c=-19.5311, r=173.731, perm=2
[INFO]  Word:469 = ㅋ, c=-14.4485, r=14.4485, perm=2
[INFO]  Word:470 = ㅑ, c=-17.4773, r=31.7169, perm=2
[INFO]  Word:471 = ㅋ, c=-19.4789, r=33.8413, perm=2
[INFO]  Word:472 = ㄷ, c=-18.3961, r=75.113, perm=2
[INFO]  Word:473 = ㅋ, c=-14.1138, r=14.1138, perm=2
[INFO]  Word:474 = ㅔ, c=-25.4903, r=56.6935, perm=2
[INFO]  Word:475 = ㅕ, c=-15.1562, r=29.2442, perm=2
[INFO]  Word:476 = ㅋ, c=-20.2926, r=65.7204, perm=2
[INFO]  Word:477 = ㅍ, c=-20.8544, r=35.2953, perm=2
[INFO]  Word:478 = ㅓ, c=-14.2875, r=14.2875, perm=2
[INFO]  Word:479 = ㅏ, c=-21.3556, r=54.0364, perm=2
[INFO]  Word:480 = ㅉ, c=-14.0911, r=14.0911, perm=2
[INFO]  Word:481 = ㄹ, c=-14.5701, r=14.5701, perm=2
[INFO]  Word:482 = ※, c=-14.2455, r=14.2455, perm=2
[INFO]  Word:483 = ㆍ, c=-15.2128, r=29.7222, perm=2
[INFO]  Word:484 = ㅠ, c=-16.4365, r=30.3892, perm=2
[INFO]  Word:485 = 낳, c=-19.3582, r=92.3642, perm=2
[INFO]  Word:486 = ㅓ, c=-18.4304, r=45.8187, perm=2
[INFO]  Word:487 = ㅊ, c=-17.2636, r=47.5361, perm=2
[INFO]  Word:488 = ㅣ, c=-14.3046, r=14.3046, perm=2
[INFO]  Word:489 = ㅔ, c=-14.1254, r=14.1254, perm=2
[INFO]  Word:490 = ㅕ, c=-15.8942, r=45.9978, perm=2
[INFO]  Word:491 = ※, c=-14.1671, r=14.1671, perm=2
[INFO]  Word:492 = ㆀ, c=-14.2816, r=14.2816, perm=2
[INFO]  Word:493 = ㄴ, c=-14.1706, r=14.1706, perm=2
[INFO]  Word:494 = ㅔ, c=-14.425, r=14.425, perm=2
[INFO]  Word:495 = ㅡ, c=-14.1058, r=14.1058, perm=2
[INFO]  Word:496 = ㅣ, c=-14.6701, r=28.638, perm=2
[INFO]  Word:497 = ㄲ, c=-16.163, r=30.416, perm=2
[INFO]  Word:498 = ㅉ, c=-14.3241, r=14.3241, perm=2
[INFO]  Word:499 = ㅌ, c=-21.1558, r=70.2592, perm=2
[INFO]  Word:500 = ㅠ, c=-14.2301, r=14.2301, perm=2
[INFO]  Word:501 = ㅁ, c=-13.8064, r=25.0806, perm=2
[INFO]  Word:502 = ㅡ, c=-14.3253, r=14.3253, perm=2
[INFO]  Word:503 = ㅅ, c=-19.1457, r=65.5581, perm=2
[INFO]  Word:504 = ㄳ, c=-14.3084, r=14.3084, perm=2
[INFO]  Word:505 = ㅡ, c=-19.6785, r=66.8299, perm=2
[INFO]  Word:506 = ㅗ, c=-13.8384, r=13.8384, perm=2
[INFO]  Word:507 = ㅠ, c=-13.9795, r=13.9795, perm=2
[INFO]  Word:508 = ㅊ, c=-14.0724, r=14.0724, perm=2
[INFO]  Word:509 = ※, c=-14.4018, r=14.4018, perm=2
[INFO]  Word:510 = ㅡ, c=-14.7999, r=29.1551, perm=2
[INFO]  Word:511 = ㄷ, c=-14.2021, r=14.2021, perm=2
[INFO]  Word:512 = 팔, c=-17.0387, r=59.6637, perm=2
[INFO]  Word:513 = ㅕ, c=-14.283, r=14.283, perm=2
[INFO]  Word:514 = 쫀, c=-15.9409, r=58.7249, perm=2
[INFO]  Word:515 = ㅎ, c=-18.7066, r=32.9209, perm=2
[INFO]  Word:516 = ㅔ, c=-14.0597, r=14.0597, perm=2
[INFO]  Word:517 = ㅐ, c=-14.2992, r=14.2992, perm=2
[INFO]  Word:518 = ㆍ, c=-14.1904, r=14.1904, perm=2
[INFO]  Word:519 = ㄳ, c=-17.4899, r=47.262, perm=2
[INFO]  Word:520 = ㅔ, c=-14.4916, r=28.7289, perm=2
[INFO]  Word:521 = 댕, c=-16.2714, r=58.9153, perm=2
[INFO]  Word:522 = ㆀ, c=-14.3167, r=14.3167, perm=2
[INFO]  Word:523 = ※, c=-14.4967, r=14.4967, perm=2
[INFO]  Word:524 = ㅊ, c=-17.4013, r=31.6918, perm=2
[INFO]  Word:525 = ㅅ, c=-15.0564, r=44.2921, perm=2
[INFO]  Word:526 = ㅍ, c=-13.8812, r=13.8812, perm=2
[INFO]  Word:527 = ㅅ, c=-14.402, r=28.5302, perm=2
[INFO]  Word:528 = ㅠ, c=-16.0782, r=30.0595, perm=2
[INFO]  Word:529 = ㅆ, c=-15.7268, r=29.7684, perm=2
[INFO]  Word:530 = ㅋ, c=-14.5586, r=28.9259, perm=2
[INFO]  Word:531 = ㄴ, c=-14.1045, r=14.1045, perm=2
[INFO]  Word:532 = ㅕ, c=-14.1238, r=14.1238, perm=2
[INFO]  Word:533 = ㅆ, c=-18.0031, r=32.3773, perm=2
[INFO]  Word:534 = ㅂ, c=-16.9084, r=31.2867, perm=2
[INFO]  Word:535 = ㅏ, c=-14.7731, r=29.1622, perm=2
[INFO]  Word:536 = ㅣ, c=-17.0726, r=31.3643, perm=2
[INFO]  Word:537 = ㅂ, c=-17.4626, r=44.4249, perm=2
[INFO]  Word:538 = ㄴ, c=-14.1684, r=14.1684, perm=2
[INFO]  Word:539 = ㅋ, c=-18.6294, r=32.7852, perm=2
[INFO]  Word:540 = ㅔ, c=-14.468, r=14.468, perm=2
[INFO]  Word:541 = ㄷ, c=-14.4032, r=14.4032, perm=2
[INFO]  Word:542 = ㅏ, c=-15.7713, r=30.1456, perm=2
[INFO]  Word:543 = ㄱ, c=-13.6583, r=13.6583, perm=2
[INFO]  Word:544 = ㄲ, c=-20.9665, r=85.0101, perm=2
[INFO]  Word:545 = ㆍ, c=-14.6611, r=56.0367, perm=2
[INFO]  Word:546 = ㅁ, c=-14.0913, r=14.0913, perm=2
[INFO]  Word:547 = ㅏ, c=-13.9213, r=13.9213, perm=2
[INFO]  Word:548 = ㅌ, c=-14.5357, r=14.5357, perm=2
[INFO]  Word:549 = ㅅ, c=-16.8126, r=46.821, perm=2
[INFO]  Word:550 = ㅓ, c=-14.3658, r=14.3658, perm=2
[INFO]  Word:551 = ㅇ, c=-14.324, r=14.324, perm=2
[INFO]  Word:552 = ㅐ, c=-14.3612, r=14.3612, perm=2
[INFO]  Word:553 = ㅌ, c=-26.7436, r=80.9598, perm=2
[INFO]  Word:554 = ㅠ, c=-14.2064, r=14.2064, perm=2
[INFO]  Word:555 = ㅕ, c=-17.3736, r=32.0131, perm=2
[INFO]  Word:556 = ㅆ, c=-23.6017, r=37.9221, perm=2
[INFO]  Word:557 = ㅔ, c=-14.2008, r=14.2008, perm=2
[INFO]  Word:558 = ㅊ, c=-19.3429, r=48.3472, perm=2
[INFO]  Word:559 = 둑, c=-14.653, r=57.1722, perm=2
[INFO]  Word:560 = ㆀ, c=-14.3237, r=14.3237, perm=2
[INFO]  Word:561 = ㆀ, c=-19.7993, r=49.9526, perm=2
[INFO]  Word:562 = 곳, c=-17.1883, r=73.6309, perm=2
[INFO]  Word:563 = ㅈ, c=-14.2394, r=14.2394, perm=2
[INFO]  Word:564 = ㅏ, c=-14.0109, r=14.0109, perm=2
[INFO]  Word:565 = ㄱ, c=-14.1309, r=14.1309, perm=2
[INFO]  Word:566 = ㅐ, c=-14.2746, r=14.2746, perm=2
[INFO]  Word:567 = ㅏ, c=-15.2666, r=29.6121, perm=2
[INFO]  Word:568 = ㅜ, c=-14.4589, r=14.4589, perm=2
[INFO]  Word:569 = 빚, c=-16.7643, r=89.6353, perm=2
[INFO]  Word:570 = 꿨, c=-18.4752, r=277.372, perm=2
[INFO]  Word:571 = ㅕ, c=-18.79, r=51.6595, perm=2
[INFO]  Word:572 = 얌, c=-23.8032, r=195.635, perm=2
[INFO]  Word:573 = ㅆ, c=-14.1886, r=14.1886, perm=2
[INFO]  Word:574 = ㆍ, c=-24.14, r=91.3043, perm=2
[INFO]  Word:575 = ㅣ, c=-14.0346, r=14.0346, perm=2
[INFO]  Word:576 = ㅎ, c=-13.9781, r=13.9781, perm=2
[INFO]  Word:577 = ㅡ, c=-13.6455, r=13.6455, perm=2
[INFO]  Word:578 = ㅔ, c=-14.0673, r=14.0673, perm=2
[INFO]  Word:579 = ㅋ, c=-23.3989, r=73.7422, perm=2
[INFO]  Word:580 = 슷, c=-26.4641, r=123.773, perm=2
[INFO]  Word:581 = ㅈ, c=-14.3883, r=14.3883, perm=2
[INFO]  Word:582 = 략, c=-21.7143, r=140.592, perm=2
[INFO]  Word:583 = ㅑ, c=-14.1912, r=14.1912, perm=2
[INFO]  Word:584 = ㅉ, c=-14.9956, r=29.3992, perm=2
[INFO]  Word:585 = ㄳ, c=-18.3321, r=32.614, perm=2
[INFO]  Word:586 = ㅑ, c=-14.1976, r=14.1976, perm=2
[INFO]  Word:587 = ㅔ, c=-23.7374, r=38.088, perm=2
[INFO]  Word:588 = 택, c=-18.185, r=234.886, perm=2
[INFO]  Word:589 = ㅕ, c=-14.232, r=14.232, perm=2
[INFO]  Word:590 = ㅏ, c=-22.859, r=51.9827, perm=2
[INFO]  Word:591 = ㅗ, c=-14.3775, r=27.0388, perm=2
[INFO]  Word:592 = ㄴ, c=-24.299, r=71.924, perm=2
[INFO]  Word:593 = ㅗ, c=-13.9426, r=13.9426, perm=2
[INFO]  Word:594 = ㄷ, c=-14.4205, r=14.4205, perm=2
[INFO]  Word:595 = ㅈ, c=-18.4236, r=32.8482, perm=2
[INFO]  Word:596 = 얕, c=-18.0439, r=93.5806, perm=2
[INFO]  Word:597 = ㅣ, c=-14.1142, r=14.1142, perm=2
[INFO]  Word:598 = ㄳ, c=-13.8525, r=13.8525, perm=2
[INFO]  Word:599 = ㅓ, c=-17.3857, r=31.8119, perm=2
[INFO]  Word:600 = ㅇ, c=-20.641, r=51.1056, perm=2
[INFO]  Word:601 = ㅏ, c=-14.2259, r=14.2259, perm=2
[INFO]  Word:602 = ㄴ, c=-16.1554, r=30.2621, perm=2
[INFO]  Word:603 = 쿡, c=-17.6562, r=91.5629, perm=2
[INFO]  Word:604 = 쾅, c=-14.7274, r=57.5603, perm=2
[INFO]  Word:605 = ㄲ, c=-15.2259, r=44.5821, perm=2
[INFO]  Word:606 = ㅎ, c=-13.8192, r=13.8192, perm=2
[INFO]  Word:607 = ㆀ, c=-14.0892, r=14.0892, perm=2
[INFO]  Word:608 = 푼, c=-22.3376, r=94.7003, perm=2
[INFO]  Word:609 = ㄷ, c=-14.0966, r=14.0966, perm=2
[INFO]  Word:610 = ㆀ, c=-14.0629, r=14.0629, perm=2
[INFO]  Word:611 = ㅡ, c=-14.4506, r=14.4506, perm=2
[INFO]  Word:612 = ㆀ, c=-14.3169, r=14.3169, perm=2
[INFO]  Word:613 = ㅊ, c=-21.3359, r=50.9708, perm=2
[INFO]  Word:614 = ㅏ, c=-14.4673, r=14.4673, perm=2
[INFO]  Word:615 = ㄳ, c=-14.2811, r=14.2811, perm=2
[INFO]  Word:616 = ㅎ, c=-13.9315, r=13.9315, perm=2
[INFO]  Word:617 = ㆍ, c=-14.4051, r=14.4051, perm=2
[INFO]  Word:618 = ㅡ, c=-20.7614, r=34.9209, perm=2
[INFO]  Word:619 = ㅂ, c=-13.9341, r=27.8255, perm=2
[INFO]  Word:620 = ※, c=-13.8901, r=13.8901, perm=2
[INFO]  Word:621 = ㄲ, c=-15.1158, r=29.4542, perm=2
[INFO]  Word:622 = ㅆ, c=-14.0363, r=14.0363, perm=2
[INFO]  Word:623 = 곶, c=-32.4918, r=194.14, perm=2
[INFO]  Word:624 = ㅉ, c=-14.2165, r=14.2165, perm=2
[INFO]  Word:625 = ㅡ, c=-15.9191, r=29.9554, perm=2
[INFO]  Word:626 = ㅐ, c=-15.41, r=58.7647, perm=2
[INFO]  Word:627 = ㆍ, c=-13.9225, r=13.9225, perm=2
[INFO]  Word:628 = ㅆ, c=-19.8191, r=52.2216, perm=2
[INFO]  Word:629 = ㅠ, c=-15.8128, r=45.8574, perm=2
[INFO]  Word:630 = ㅈ, c=-14.3312, r=14.3312, perm=2
[INFO]  Word:631 = ㅋ, c=-14.0303, r=14.0303, perm=2
[INFO]  Word:632 = ㄳ, c=-19.3277, r=33.6374, perm=2
[INFO]  Word:633 = ㅐ, c=-18.2662, r=64.3275, perm=2
[INFO]  Word:634 = ㅌ, c=-14.3029, r=14.3029, perm=2
[INFO]  Word:635 = ㅋ, c=-14.132, r=14.132, perm=2
[INFO]  Word:636 = ㅠ, c=-13.8388, r=13.8388, perm=2
[INFO]  Word:637 = ㅏ, c=-14.3566, r=14.3566, perm=2
[INFO]  Word:638 = ㅊ, c=-13.9978, r=13.9978, perm=2
[INFO]  Word:639 = ㅔ, c=-14.0928, r=14.0928, perm=2
[INFO]  Word:640 = ㄲ, c=-13.8323, r=13.8323, perm=2
[INFO]  Word:641 = ㆀ, c=-17.0104, r=61.6641, perm=2
[INFO]  Word:642 = ㅐ, c=-17.9116, r=32.2208, perm=2
[INFO]  Word:643 = ㅌ, c=-14.9905, r=29.0384, perm=2
[INFO]  Word:644 = ※, c=-15.925, r=44.4428, perm=2
[INFO]  Word:645 = ㅡ, c=-16.1063, r=30.4375, perm=2
[INFO]  Word:646 = ㅐ, c=-16.0612, r=30.3628, perm=2
[INFO]  Word:647 = ㅆ, c=-16.2544, r=30.374, perm=2
[INFO]  Word:648 = ㅡ, c=-15.6643, r=29.5726, perm=2
[INFO]  Word:649 = ㄳ, c=-16.4767, r=45.2462, perm=2
[INFO]  Word:650 = ㅌ, c=-14.3965, r=14.3965, perm=2
[INFO]  Word:651 = ㄱ, c=-14.2568, r=14.2568, perm=2
[INFO]  Word:652 = ㅔ, c=-14.3559, r=14.3559, perm=2
[INFO]  Word:653 = ※, c=-13.9907, r=13.9907, perm=2
[INFO]  Word:654 = ㅊ, c=-14.4342, r=14.4342, perm=2
[INFO]  Word:655 = ㄴ, c=-14.669, r=28.7924, perm=2
[INFO]  Word:656 = ㅜ, c=-14.1751, r=14.1751, perm=2
[INFO]  Word:657 = ㅐ, c=-14.0812, r=14.0812, perm=2
[INFO]  Word:658 = ㅈ, c=-14.3712, r=14.3712, perm=2
[INFO]  Word:659 = ㄱ, c=-14.2519, r=14.2519, perm=2
[INFO]  Word:660 = ㅡ, c=-18.9661, r=48.3207, perm=2
[INFO]  Word:661 = ㄱ, c=-16.6246, r=30.9073, perm=2
[INFO]  Word:662 = ㅂ, c=-13.8303, r=13.8303, perm=2
[INFO]  Word:663 = ㄹ, c=-24.1557, r=38.5275, perm=2
[INFO]  Word:664 = ㅌ, c=-14.2601, r=14.2601, perm=2
[INFO]  Word:665 = ㅋ, c=-14.3585, r=14.3585, perm=2
[INFO]  Word:666 = ㅐ, c=-16.8402, r=64.4604, perm=2
[INFO]  Word:667 = ㅉ, c=-14.1484, r=14.1484, perm=2
[INFO]  Word:668 = ㅐ, c=-14.2217, r=14.2217, perm=2
[INFO]  Word:669 = ㅌ, c=-16.4652, r=45.6805, perm=2
[INFO]  Word:670 = 짊, c=-15.031, r=57.8746, perm=2
[INFO]  Word:671 = 깔, c=-21.6179, r=113.432, perm=2
[INFO]  Word:672 = 섰, c=-19.0778, r=120.623, perm=2
[INFO]  Word:673 = ㅜ, c=-14.0169, r=14.0169, perm=2
[INFO]  Word:674 = ㅜ, c=-15.0871, r=44.2181, perm=2
[INFO]  Word:675 = ㅕ, c=-17.2407, r=31.4763, perm=2
[INFO]  Word:676 = ㅍ, c=-15.6479, r=44.4965, perm=2
[INFO]  Word:677 = ㄹ, c=-17.4692, r=46.4577, perm=2
[INFO]  Word:678 = ㅍ, c=-14.0929, r=14.0929, perm=2
[INFO]  Word:679 = ㆍ, c=-17.0745, r=46.7081, perm=2
[INFO]  Word:680 = ㅗ, c=-14.4795, r=14.4795, perm=2
[INFO]  Word:681 = ㆀ, c=-14.3243, r=14.3243, perm=2
[INFO]  Word:682 = ㅁ, c=-14.336, r=28.5902, perm=2
[INFO]  Word:683 = ㅏ, c=-14.2399, r=26.5494, perm=2
[INFO]  Word:684 = ㅡ, c=-14.0796, r=14.0796, perm=2
[INFO]  Word:685 = ㄱ, c=-14.242, r=14.242, perm=2
[INFO]  Word:686 = ㅌ, c=-14.3976, r=14.3976, perm=2
[INFO]  Word:687 = ㆀ, c=-14.5124, r=14.5124, perm=2
[INFO]  Word:688 = ㅉ, c=-13.9603, r=13.9603, perm=2
[INFO]  Word:689 = 츠, c=-16.6718, r=90.4658, perm=2
[INFO]  Word:690 = ㅠ, c=-14.1564, r=14.1564, perm=2
[INFO]  Word:691 = ㅈ, c=-18.9087, r=33.1213, perm=2
[INFO]  Word:692 = ㄹ, c=-14.2123, r=14.2123, perm=2
[INFO]  Word:693 = ㄴ, c=-14.1042, r=14.1042, perm=2
[INFO]  Word:694 = ㅇ, c=-13.9808, r=13.9808, perm=2
[INFO]  Word:695 = ㅔ, c=-17.2039, r=31.1763, perm=2
[INFO]  Word:696 = ㅆ, c=-14.1612, r=14.1612, perm=2
[INFO]  Word:697 = ㅕ, c=-14.8916, r=58.3976, perm=2
[INFO]  Word:698 = ㅆ, c=-13.7546, r=13.7546, perm=2
[INFO]  Word:699 = ㅁ, c=-14.2129, r=14.2129, perm=2
[INFO]  Word:700 = ㄳ, c=-14.2481, r=14.2481, perm=2
[INFO]  Word:701 = 뜯, c=-15.2119, r=57.2172, perm=2
[INFO]  Word:702 = ㅓ, c=-14.4513, r=14.4513, perm=2
[INFO]  Word:703 = ㄴ, c=-17.7149, r=32.0296, perm=2
[INFO]  Word:704 = ㆍ, c=-70.4375, r=4540.18, perm=2
[INFO]  Word:0 = 로, c=-9.64575, r=28.695, perm=2
[INFO]  Word:1 = 그, c=-9.64451, r=38.0322, perm=2
[INFO]  Word:2 = 잖, c=-9.72772, r=38.0973, perm=2
[INFO]  Word:3 = 아, c=-9.78903, r=38.286, perm=2
[INFO]  Word:4 = 요, c=-9.83779, r=38.0988, perm=2
[INFO]  Word:5 = 질, c=-9.88528, r=38.5582, perm=2
[INFO]  Word:6 = 문, c=-9.59814, r=38.1696, perm=2
[INFO]  Word:7 = 태, c=-9.68231, r=37.8927, perm=2
[INFO]  Word:8 = 평, c=-9.95058, r=39.0986, perm=2
[INFO]  Word:9 = 양, c=-9.74463, r=38.4814, perm=2
[INFO]  Word:10 = 와, c=-9.92679, r=38.6893, perm=2
[INFO]  Word:11 = 우, c=-9.88142, r=38.105, perm=2
[INFO]  Word:12 = 점, c=-9.69026, r=37.8512, perm=2
[INFO]  Word:13 = 괘, c=-9.79039, r=37.9116, perm=2
[INFO]  Word:14 = 유, c=-9.7349, r=38.3703, perm=2
[INFO]  Word:15 = 료, c=-9.58489, r=37.4519, perm=2
[INFO]  Word:16 = 매, c=-9.91303, r=38.4616, perm=2
[INFO]  Word:17 = 주, c=-9.66172, r=38.2624, perm=2
[INFO]  Word:18 = 번, c=-9.66301, r=38.3203, perm=2
[INFO]  Word:19 = 호, c=-9.77092, r=38.2085, perm=2
[INFO]  Word:20 = 판, c=-9.58399, r=37.5236, perm=2
[INFO]  Word:21 = 중, c=-9.51807, r=37.5792, perm=2
[INFO]  Word:22 = 한, c=-9.82926, r=37.9107, perm=2
[INFO]  Word:23 = 되, c=-9.81, r=38.1747, perm=2
[INFO]  Word:24 = 는, c=-9.69485, r=38.2115, perm=2
[INFO]  Word:25 = 했, c=-9.75297, r=38.2388, perm=2
[INFO]  Word:26 = 으, c=-9.62279, r=37.8326, perm=2
[INFO]  Word:27 = 나, c=-9.79514, r=38.6004, perm=2
[INFO]  Word:28 = 숫, c=-9.71948, r=38.431, perm=2
[INFO]  Word:29 = 처, c=-9.58697, r=38.1547, perm=2
[INFO]  Word:30 = 녀, c=-9.49285, r=37.8299, perm=2
[INFO]  Word:31 = 구, c=-9.74053, r=37.8505, perm=2
[INFO]  Word:32 = 독, c=-9.90091, r=39.1079, perm=2
[INFO]  Word:33 = 고, c=-9.7528, r=38.2733, perm=2
[INFO]  Word:34 = 리, c=-9.74595, r=37.8185, perm=2
[INFO]  Word:35 = 의, c=-9.60368, r=37.7194, perm=2
[INFO]  Word:36 = 모, c=-9.73792, r=38.7141, perm=2
[INFO]  Word:37 = 를, c=-9.84057, r=38.093, perm=2
[INFO]  Word:38 = 논, c=-9.83278, r=37.976, perm=2
[INFO]  Word:39 = 다, c=-9.64257, r=38.3612, perm=2
[INFO]  Word:40 = 퉤, c=-9.74933, r=38.3979, perm=2
[INFO]  Word:41 = 맞, c=-9.74664, r=37.7224, perm=2
[INFO]  Word:42 = 댈, c=-9.68552, r=38.028, perm=2
[INFO]  Word:43 = 하, c=-9.89337, r=38.415, perm=2
[INFO]  Word:44 = 왕, c=-9.69095, r=38.2543, perm=2
[INFO]  Word:45 = 실, c=-9.53205, r=37.9168, perm=2
[INFO]  Word:46 = 사, c=-9.72307, r=46.8441, perm=2
[INFO]  Word:47 = 상, c=-9.72347, r=29.0114, perm=2
[INFO]  Word:48 = 노, c=-9.86372, r=38.4155, perm=2
[INFO]  Word:49 = 르, c=-9.93129, r=37.9191, perm=2
[INFO]  Word:50 = 딕, c=-9.70564, r=38.2852, perm=2
[INFO]  Word:51 = 공, c=-9.68113, r=37.9049, perm=2
[INFO]  Word:52 = 급, c=-10.0756, r=37.8502, perm=2
[INFO]  Word:53 = 견, c=-9.74385, r=38.0191, perm=2
[INFO]  Word:54 = 대, c=-9.60651, r=37.8795, perm=2
[INFO]  Word:55 = 가, c=-9.64738, r=37.6297, perm=2
[INFO]  Word:56 = 정, c=-9.80304, r=38.5611, perm=2
[INFO]  Word:57 = 음, c=-9.72099, r=38.4383, perm=2
[INFO]  Word:58 = 단, c=-9.77977, r=38.2784, perm=2
[INFO]  Word:59 = 봉, c=-9.577, r=38.1292, perm=2
[INFO]  Word:60 = 넘, c=-9.72119, r=38.5588, perm=2
[INFO]  Word:61 = 어, c=-9.88368, r=38.5836, perm=2
[INFO]  Word:62 = 부, c=-9.6586, r=38.0523, perm=2
[INFO]  Word:63 = 족, c=-9.90773, r=39.1939, perm=2
[INFO]  Word:64 = 지, c=-9.50854, r=37.6855, perm=2
[INFO]  Word:65 = 티, c=-9.58456, r=37.578, perm=2
[INFO]  Word:66 = 앙, c=-9.91235, r=38.3434, perm=2
[INFO]  Word:67 = 팡, c=-9.78443, r=38.5442, perm=2
[INFO]  Word:68 = 인, c=-9.80629, r=38.192, perm=2
[INFO]  Word:69 = 코, c=-9.70784, r=37.742, perm=2
[INFO]  Word:70 = 더, c=-9.6678, r=37.8698, perm=2
[INFO]  Word:71 = 제, c=-9.60555, r=37.4496, perm=2
[INFO]  Word:72 = 청, c=-9.71353, r=38.2711, perm=2
[INFO]  Word:73 = 차, c=-9.87653, r=39.1158, perm=2
[INFO]  Word:74 = 이, c=-9.91358, r=38.4608, perm=2
[INFO]  Word:75 = 내, c=-9.72524, r=38.4307, perm=2
[INFO]  Word:76 = 용, c=-9.65076, r=38.0039, perm=2
[INFO]  Word:77 = 업, c=-9.63324, r=38.0408, perm=2
[INFO]  Word:78 = 무, c=-9.73736, r=38.43, perm=2
[INFO]  Word:79 = 푸, c=-9.72681, r=38.2622, perm=2
[INFO]  Word:80 = 시, c=-9.82547, r=38.2339, perm=2
[INFO]  Word:81 = 캣, c=-9.813, r=38.1196, perm=2
[INFO]  Word:82 = 레, c=-9.70351, r=38.306, perm=2
[INFO]  Word:83 = 귤, c=-9.84498, r=38.0583, perm=2
[INFO]  Word:84 = 러, c=-9.74801, r=38.3968, perm=2
[INFO]  Word:85 = 떨, c=-9.74521, r=38.4538, perm=2
[INFO]  Word:86 = 며, c=-9.50529, r=37.5529, perm=2
[INFO]  Word:87 = 전, c=-9.69487, r=37.9482, perm=2
[INFO]  Word:88 = 싶, c=-9.71787, r=38.1448, perm=2
[INFO]  Word:89 = 에, c=-9.81683, r=38.3807, perm=2
[INFO]  Word:90 = 특, c=-9.70229, r=38.3516, perm=2
[INFO]  Word:91 = 별, c=-9.59376, r=38.0823, perm=2
[INFO]  Word:92 = 통, c=-9.675, r=38.0706, perm=2
[INFO]  Word:93 = 칭, c=-9.71539, r=37.7401, perm=2
[INFO]  Word:94 = 규, c=-9.82394, r=38.5332, perm=2
[INFO]  Word:95 = 칙, c=-9.76858, r=38.3474, perm=2
[INFO]  Word:96 = 보, c=-9.7055, r=38.3391, perm=2
[INFO]  Word:97 = ㅁ, c=-16.4815, r=55.6739, perm=2
[INFO]  Word:98 = ㄱ, c=-13.9992, r=13.9992, perm=2
[INFO]  Word:99 = ㅆ, c=-14.0947, r=14.0947, perm=2
[INFO]  Word:100 = ㅌ, c=-14.1161, r=14.1161, perm=2
[INFO]  Word:101 = 미, c=-14.4917, r=42.9236, perm=2
[INFO]  Word:102 = ㅗ, c=-13.9696, r=13.9696, perm=2
[INFO]  Word:103 = ㅓ, c=-14.2678, r=25.964, perm=2
[INFO]  Word:104 = ㅋ, c=-14.4372, r=14.4372, perm=2
[INFO]  Word:105 = ㆍ, c=-14.1143, r=28.145, perm=2
[INFO]  Word:106 = ㅕ, c=-17.3615, r=31.2991, perm=2
[INFO]  Word:107 = 곡, c=-15.2609, r=72.3065, perm=2
[INFO]  Word:108 = 뭍, c=-21.6755, r=93.8969, perm=2
[INFO]  Word:109 = 뭐, c=-17.5821, r=121.385, perm=2
[INFO]  Word:110 = ㅅ, c=-15.2269, r=29.3555, perm=2
[INFO]  Word:111 = 헹, c=-21.6996, r=237.542, perm=2
[INFO]  Word:112 = ㅈ, c=-14.2602, r=14.2602, perm=2
[INFO]  Word:113 = 례, c=-21.2516, r=307.61, perm=2
[INFO]  Word:114 = ㅑ, c=-14.0741, r=14.0741, perm=2
[INFO]  Word:115 = ㅓ, c=-18.3268, r=64.3884, perm=2
[INFO]  Word:116 = 슭, c=-14.957, r=57.8177, perm=2
[INFO]  Word:117 = ㅊ, c=-14.5135, r=14.5135, perm=2
[INFO]  Word:118 = ㄳ, c=-14.3983, r=28.7844, perm=2
[INFO]  Word:119 = ㅆ, c=-13.8283, r=13.8283, perm=2
[INFO]  Word:120 = ㄲ, c=-14.3818, r=14.3818, perm=2
[INFO]  Word:121 = ㅡ, c=-14.1731, r=14.1731, perm=2
[INFO]  Word:122 = 많, c=-29.9346, r=133.455, perm=2
[INFO]  Word:123 = ㅐ, c=-13.9071, r=13.9071, perm=2
[INFO]  Word:124 = ㅗ, c=-23.2331, r=37.3867, perm=2
[INFO]  Word:125 = ㅊ, c=-14.4318, r=26.8034, perm=2
[INFO]  Word:126 = ㅣ, c=-13.8583, r=13.8583, perm=2
[INFO]  Word:127 = ㄲ, c=-18.2169, r=32.3954, perm=2
[INFO]  Word:128 = ㅎ, c=-14.2248, r=14.2248, perm=2
[INFO]  Word:129 = ㅡ, c=-25.1839, r=75.2207, perm=2
[INFO]  Word:130 = ㅍ, c=-14.2236, r=14.2236, perm=2
[INFO]  Word:131 = ㅏ, c=-13.9279, r=13.9279, perm=2
[INFO]  Word:132 = ㄴ, c=-14.0222, r=14.0222, perm=2
[INFO]  Word:133 = ㅅ, c=-14.3743, r=14.3743, perm=2
[INFO]  Word:134 = 챙, c=-14.6829, r=57.9332, perm=2
[INFO]  Word:135 = ㅆ, c=-14.1631, r=14.1631, perm=2
[INFO]  Word:136 = ㅅ, c=-15.0274, r=29.0113, perm=2
[INFO]  Word:137 = ㅁ, c=-14.1303, r=14.1303, perm=2
[INFO]  Word:138 = ㅏ, c=-13.6719, r=13.6719, perm=2
[INFO]  Word:139 = ㅆ, c=-14.1, r=14.1, perm=2
[INFO]  Word:140 = 늉, c=-18.606, r=203.945, perm=2
[INFO]  Word:141 = ㅣ, c=-19.9169, r=34.2292, perm=2
[INFO]  Word:142 = ㄱ, c=-15.4591, r=29.8936, perm=2
[INFO]  Word:143 = 롄, c=-15.0326, r=99.5095, perm=2
[INFO]  Word:144 = ㅉ, c=-16.5934, r=31.0025, perm=2
[INFO]  Word:145 = ㆀ, c=-14.3688, r=14.3688, perm=2
[INFO]  Word:146 = ㅈ, c=-13.9209, r=13.9209, perm=2
[INFO]  Word:147 = ㄹ, c=-14.3783, r=14.3783, perm=2
[INFO]  Word:148 = ㅍ, c=-14.234, r=14.234, perm=2
[INFO]  Word:149 = ㅂ, c=-14.0659, r=14.0659, perm=2
[INFO]  Word:150 = ㅁ, c=-14.3748, r=14.3748, perm=2
[INFO]  Word:151 = ㅠ, c=-13.9976, r=13.9976, perm=2
[INFO]  Word:152 = ㅂ, c=-14.2215, r=14.2215, perm=2
[INFO]  Word:153 = ㅊ, c=-15.566, r=44.0852, perm=2
[INFO]  Word:154 = ㅉ, c=-14.2285, r=14.2285, perm=2
[INFO]  Word:155 = ㄴ, c=-17.7058, r=32.097, perm=2
[INFO]  Word:156 = ㅆ, c=-14.4724, r=14.4724, perm=2
[INFO]  Word:157 = ㅌ, c=-21.1544, r=35.6466, perm=2
[INFO]  Word:158 = ㄳ, c=-14.1992, r=14.1992, perm=2
[INFO]  Word:159 = ※, c=-19.1989, r=33.5947, perm=2
[INFO]  Word:160 = ㅍ, c=-14.1128, r=14.1128, perm=2
[INFO]  Word:161 = ㄷ, c=-14.2134, r=14.2134, perm=2
[INFO]  Word:162 = ㅊ, c=-18.0988, r=32.1522, perm=2
[INFO]  Word:163 = ㅌ, c=-14.0833, r=14.0833, perm=2
[INFO]  Word:164 = ㅐ, c=-14.1705, r=14.1705, perm=2
[INFO]  Word:165 = ㄹ, c=-16.4761, r=30.6745, perm=2
[INFO]  Word:166 = ㅋ, c=-14.2718, r=14.2718, perm=2
[INFO]  Word:167 = ㅜ, c=-14.3319, r=14.3319, perm=2
[INFO]  Word:168 = ㄲ, c=-14.8238, r=28.8301, perm=2
[INFO]  Word:169 = ※, c=-17.498, r=31.7626, perm=2
[INFO]  Word:170 = ㄳ, c=-14.0875, r=14.0875, perm=2
[INFO]  Word:171 = ㅊ, c=-14.3169, r=14.3169, perm=2
[INFO]  Word:172 = ㅈ, c=-14.274, r=14.274, perm=2
[INFO]  Word:173 = ㅏ, c=-14.2171, r=14.2171, perm=2
[INFO]  Word:174 = ㅓ, c=-17.972, r=32.5426, perm=2
[INFO]  Word:175 = ㅐ, c=-14.0671, r=14.0671, perm=2
[INFO]  Word:176 = ㅐ, c=-18.7241, r=32.8633, perm=2
[INFO]  Word:177 = ㅏ, c=-20.4407, r=34.7707, perm=2
[INFO]  Word:178 = ※, c=-14.4173, r=28.4045, perm=2
[INFO]  Word:179 = ㄳ, c=-13.9202, r=13.9202, perm=2
[INFO]  Word:180 = ㄴ, c=-20.7431, r=34.8356, perm=2
[INFO]  Word:181 = ㆍ, c=-14.0512, r=14.0512, perm=2
[INFO]  Word:182 = ㅇ, c=-15.2766, r=43.6582, perm=2
[INFO]  Word:183 = ㄱ, c=-14.2887, r=14.2887, perm=2
[INFO]  Word:184 = 않, c=-18.2872, r=138.703, perm=2
[INFO]  Word:185 = ㅊ, c=-13.9817, r=13.9817, perm=2
[INFO]  Word:186 = ㅂ, c=-14.0039, r=14.0039, perm=2
[INFO]  Word:187 = ㅜ, c=-14.2477, r=14.2477, perm=2
[INFO]  Word:188 = ㅕ, c=-14.2957, r=14.2957, perm=2
[INFO]  Word:189 = ㅆ, c=-17.5665, r=45.8066, perm=2
[INFO]  Word:190 = ㅠ, c=-14.336, r=14.336, perm=2
[INFO]  Word:191 = ㅋ, c=-23.0899, r=37.45, perm=2
[INFO]  Word:192 = ㅅ, c=-14.2361, r=14.2361, perm=2
[INFO]  Word:193 = ㆀ, c=-14.1668, r=14.1668, perm=2
[INFO]  Word:194 = ㅇ, c=-14.0826, r=14.0826, perm=2
[INFO]  Word:195 = ㄹ, c=-14.1533, r=14.1533, perm=2
[INFO]  Word:196 = ㅍ, c=-13.8833, r=13.8833, perm=2
[INFO]  Word:197 = ㅂ, c=-13.7597, r=13.7597, perm=2
[INFO]  Word:198 = ㅇ, c=-14.2786, r=14.2786, perm=2
[INFO]  Word:199 = ㅔ, c=-17.3913, r=47.8539, perm=2
[INFO]  Word:200 = ㅌ, c=-14.3598, r=14.3598, perm=2
[INFO]  Word:201 = ㄳ, c=-15.4269, r=29.88, perm=2
[INFO]  Word:202 = ㅎ, c=-14.3045, r=14.3045, perm=2
[INFO]  Word:203 = ㆀ, c=-19.3669, r=33.6663, perm=2
[INFO]  Word:204 = ㅁ, c=-14.0437, r=14.0437, perm=2
[INFO]  Word:205 = ㄴ, c=-14.2313, r=28.031, perm=2
[INFO]  Word:206 = ※, c=-14.4378, r=28.807, perm=2
[INFO]  Word:207 = ㅋ, c=-14.1205, r=14.1205, perm=2
[INFO]  Word:208 = ㅂ, c=-18.3486, r=63.4214, perm=2
[INFO]  Word:209 = ㅇ, c=-14.7651, r=28.8072, perm=2
[INFO]  Word:210 = ㄴ, c=-19.7826, r=34.0362, perm=2
[INFO]  Word:211 = ㄹ, c=-14.0202, r=14.0202, perm=2
[INFO]  Word:212 = ㅐ, c=-14.5495, r=14.5495, perm=2
[INFO]  Word:213 = ㅁ, c=-19.0387, r=32.9206, perm=2
[INFO]  Word:214 = 절, c=-15.1598, r=84.4506, perm=2
[INFO]  Word:215 = ㅣ, c=-14.1311, r=14.1311, perm=2
[INFO]  Word:216 = ㄴ, c=-14.3749, r=14.3749, perm=2
[INFO]  Word:217 = ㅁ, c=-14.3728, r=28.1442, perm=2
[INFO]  Word:218 = ㄴ, c=-17.669, r=32.0435, perm=2
[INFO]  Word:219 = 헵, c=-16.2428, r=59.3616, perm=2
[INFO]  Word:220 = ※, c=-20.0249, r=52.9183, perm=2
[INFO]  Word:221 = ㄳ, c=-14.0499, r=14.0499, perm=2
[INFO]  Word:222 = ㄳ, c=-21.2964, r=35.4667, perm=2
[INFO]  Word:223 = ㅠ, c=-18.9818, r=47.9093, perm=2
[INFO]  Word:224 = ㅍ, c=-14.1652, r=14.1652, perm=2
[INFO]  Word:225 = ㄷ, c=-14.1278, r=14.1278, perm=2
[INFO]  Word:226 = ※, c=-14.3547, r=26.8081, perm=2
[INFO]  Word:227 = ㄲ, c=-22.8469, r=103.16, perm=2
[INFO]  Word:228 = ㅔ, c=-14.3994, r=14.3994, perm=2
[INFO]  Word:229 = ㅌ, c=-14.1047, r=14.1047, perm=2
[INFO]  Word:230 = ㆍ, c=-19.9527, r=34.0184, perm=2
[INFO]  Word:231 = ㅐ, c=-14.3892, r=14.3892, perm=2
[INFO]  Word:232 = ㄹ, c=-20.3768, r=64.6155, perm=2
[INFO]  Word:233 = 엷, c=-18.6848, r=136.437, perm=2
[INFO]  Word:234 = ㅋ, c=-25.8933, r=54.6806, perm=2
[INFO]  Word:235 = ㅍ, c=-14.0447, r=14.0447, perm=2
[INFO]  Word:236 = ㄲ, c=-14.1954, r=14.1954, perm=2
[INFO]  Word:237 = ㅌ, c=-14.3015, r=14.3015, perm=2
[INFO]  Word:238 = ㅍ, c=-14.2163, r=14.2163, perm=2
[INFO]  Word:239 = 넬, c=-20.1208, r=127.712, perm=2
[INFO]  Word:240 = ㅏ, c=-14.1602, r=14.1602, perm=2
[INFO]  Word:241 = ㅈ, c=-13.8343, r=13.8343, perm=2
[INFO]  Word:242 = ㅏ, c=-14.0167, r=14.0167, perm=2
[INFO]  Word:243 = ㄴ, c=-16.6162, r=45.1761, perm=2
[INFO]  Word:244 = ㅔ, c=-20.6202, r=34.8083, perm=2
[INFO]  Word:245 = ㅑ, c=-14.2848, r=14.2848, perm=2
[INFO]  Word:246 = ㆍ, c=-19.6101, r=52.6507, perm=2
[INFO]  Word:247 = ㄱ, c=-14.3319, r=14.3319, perm=2
[INFO]  Word:248 = ㄴ, c=-14.2886, r=14.2886, perm=2
[INFO]  Word:249 = ㅔ, c=-25.9489, r=40.3065, perm=2
[INFO]  Word:250 = ㅠ, c=-18.8771, r=65.3696, perm=2
[INFO]  Word:251 = ㅅ, c=-14.2336, r=14.2336, perm=2
[INFO]  Word:252 = ㅌ, c=-15.6938, r=29.5668, perm=2
[INFO]  Word:253 = ㄳ, c=-14.3519, r=14.3519, perm=2
[INFO]  Word:254 = ㅇ, c=-19.354, r=33.5047, perm=2
[INFO]  Word:255 = 낀, c=-22.5691, r=181.614, perm=2
[INFO]  Word:256 = ㅎ, c=-25.3371, r=58.7902, perm=2
[INFO]  Word:257 = ㅡ, c=-14.4906, r=14.4906, perm=2
[INFO]  Word:258 = ㅂ, c=-14.1449, r=14.1449, perm=2
[INFO]  Word:259 = ㅍ, c=-16.6498, r=30.7568, perm=2
[INFO]  Word:260 = ㅗ, c=-15.7134, r=30.109, perm=2
[INFO]  Word:261 = ㅏ, c=-15.3049, r=29.1314, perm=2
[INFO]  Word:262 = ㅇ, c=-14.2249, r=14.2249, perm=2
[INFO]  Word:263 = ※, c=-14.2476, r=14.2476, perm=2
[INFO]  Word:264 = ㅎ, c=-19.435, r=49.5002, perm=2
[INFO]  Word:265 = ※, c=-14.5331, r=14.5331, perm=2
[INFO]  Word:266 = ㅜ, c=-28.5764, r=74.4656, perm=2
[INFO]  Word:267 = ㄹ, c=-17.7603, r=49.5178, perm=2
[INFO]  Word:268 = ㅍ, c=-21.4893, r=35.7481, perm=2
[INFO]  Word:269 = ㅎ, c=-15.1008, r=29.4108, perm=2
[INFO]  Word:270 = ㅉ, c=-14.3668, r=14.3668, perm=2
[INFO]  Word:271 = ㅜ, c=-14.2703, r=14.2703, perm=2
[INFO]  Word:272 = ㆍ, c=-13.9958, r=13.9958, perm=2
[INFO]  Word:273 = ㅜ, c=-14.8011, r=28.7363, perm=2
[INFO]  Word:274 = ㅁ, c=-14.3923, r=14.3923, perm=2
[INFO]  Word:275 = ㅎ, c=-17.3824, r=46.1764, perm=2
[INFO]  Word:276 = 웜, c=-17.314, r=136.968, perm=2
[INFO]  Word:277 = ㅎ, c=-14.3633, r=28.2355, perm=2
[INFO]  Word:278 = ㅍ, c=-14.1577, r=14.1577, perm=2
[INFO]  Word:279 = ㅣ, c=-14.0538, r=14.0538, perm=2
[INFO]  Word:280 = 뻘, c=-14.0821, r=42.1142, perm=2
[INFO]  Word:281 = ㅉ, c=-14.1628, r=14.1628, perm=2
[INFO]  Word:282 = ㄱ, c=-14.2378, r=28.333, perm=2
[INFO]  Word:283 = 큼, c=-14.044, r=41.5808, perm=2
[INFO]  Word:284 = 뀌, c=-15.0873, r=57.8485, perm=2
[INFO]  Word:285 = ㅅ, c=-22.0996, r=51.2245, perm=2
[INFO]  Word:286 = ※, c=-14.2363, r=14.2363, perm=2
[INFO]  Word:287 = ㅑ, c=-14.3578, r=14.3578, perm=2
[INFO]  Word:288 = ㅡ, c=-14.543, r=14.543, perm=2
[INFO]  Word:289 = 쥬, c=-23.9426, r=66.1728, perm=2
[INFO]  Word:290 = ㅋ, c=-18.8412, r=49.1445, perm=2
[INFO]  Word:291 = ㄳ, c=-14.4967, r=14.4967, perm=2
[INFO]  Word:292 = ㅅ, c=-14.0929, r=14.0929, perm=2
[INFO]  Word:293 = ㅠ, c=-17.4178, r=46.519, perm=2
[INFO]  Word:294 = ㅣ, c=-25.5939, r=40.0327, perm=2
[INFO]  Word:295 = 퀀, c=-22.8578, r=176.363, perm=2
[INFO]  Word:296 = ㅠ, c=-14.2285, r=14.2285, perm=2
[INFO]  Word:297 = ㅎ, c=-14.1381, r=14.1381, perm=2
[INFO]  Word:298 = ㅐ, c=-14.0481, r=14.0481, perm=2
[INFO]  Word:299 = ㄲ, c=-19.7913, r=34.0579, perm=2
[INFO]  Word:300 = ※, c=-18.4829, r=32.8055, perm=2
[INFO]  Word:301 = ㅌ, c=-15.182, r=44.1345, perm=2
[INFO]  Word:302 = 뽐, c=-16.2982, r=146.971, perm=2
[INFO]  Word:303 = ㅁ, c=-15.1791, r=29.5069, perm=2
[INFO]  Word:304 = ㅓ, c=-14.2949, r=14.2949, perm=2
[INFO]  Word:305 = ㅎ, c=-14.294, r=14.294, perm=2
[INFO]  Word:306 = ㅓ, c=-15.5591, r=29.961, perm=2
[INFO]  Word:307 = ㅣ, c=-14.2876, r=42.6951, perm=2
[INFO]  Word:308 = ㅔ, c=-14.5818, r=14.5818, perm=2
[INFO]  Word:309 = ㄱ, c=-14.3232, r=27.2739, perm=2
[INFO]  Word:310 = ㅇ, c=-14.2261, r=27.933, perm=2
[INFO]  Word:311 = ㅠ, c=-14.3249, r=14.3249, perm=2
[INFO]  Word:312 = ㅉ, c=-14.1231, r=14.1231, perm=2
[INFO]  Word:313 = ㅑ, c=-25.3296, r=59.3655, perm=2
[INFO]  Word:314 = ㅂ, c=-20.621, r=34.9601, perm=2
[INFO]  Word:315 = ㅁ, c=-14.8905, r=28.8922, perm=2
[INFO]  Word:316 = ㄱ, c=-14.133, r=14.133, perm=2
[INFO]  Word:317 = ㅇ, c=-17.1616, r=47.286, perm=2
[INFO]  Word:318 = ㅋ, c=-17.3833, r=32.0086, perm=2
[INFO]  Word:319 = 썹, c=-17.9708, r=106.367, perm=2
[INFO]  Word:320 = ※, c=-13.5319, r=13.5319, perm=2
[INFO]  Word:321 = ㅋ, c=-14.3191, r=14.3191, perm=2
[INFO]  Word:322 = ㅓ, c=-18.3885, r=32.7097, perm=2
[INFO]  Word:323 = ※, c=-14.0703, r=14.0703, perm=2
[INFO]  Word:324 = ㅉ, c=-14.3177, r=14.3177, perm=2
[INFO]  Word:325 = ㅜ, c=-14.3426, r=28.1857, perm=2
[INFO]  Word:326 = ㄱ, c=-14.1059, r=14.1059, perm=2
[INFO]  Word:327 = ㅔ, c=-14.2047, r=14.2047, perm=2
[INFO]  Word:328 = 랐, c=-15.1246, r=57.7475, perm=2
[INFO]  Word:329 = ㅠ, c=-14.4661, r=14.4661, perm=2
[INFO]  Word:330 = ㅏ, c=-13.8894, r=13.8894, perm=2
[INFO]  Word:331 = ㅂ, c=-21.338, r=35.4134, perm=2
[INFO]  Word:332 = ㅠ, c=-14.0994, r=14.0994, perm=2
[INFO]  Word:333 = ㅗ, c=-14.1545, r=14.1545, perm=2
[INFO]  Word:334 = ㅍ, c=-14.0777, r=14.0777, perm=2
[INFO]  Word:335 = ㅓ, c=-14.7255, r=29.0865, perm=2
[INFO]  Word:336 = ㅕ, c=-14.1011, r=14.1011, perm=2
[INFO]  Word:337 = ㅗ, c=-17.293, r=45.7306, perm=2
[INFO]  Word:338 = ㅇ, c=-14.4015, r=14.4015, perm=2
[INFO]  Word:339 = ㅡ, c=-14.1144, r=14.1144, perm=2
[INFO]  Word:340 = ㅔ, c=-14.0438, r=14.0438, perm=2
[INFO]  Word:341 = ㅑ, c=-14.0501, r=14.0501, perm=2
[INFO]  Word:342 = 묘, c=-16.4028, r=59.4266, perm=2
[INFO]  Word:343 = ㄴ, c=-14.0124, r=14.0124, perm=2
[INFO]  Word:344 = ※, c=-14.0254, r=27.9558, perm=2
[INFO]  Word:345 = ㅣ, c=-14.5908, r=28.7866, perm=2
[INFO]  Word:346 = ㅎ, c=-23.2205, r=76.1678, perm=2
[INFO]  Word:347 = ㅜ, c=-14.1922, r=14.1922, perm=2
[INFO]  Word:348 = ㅌ, c=-14.0508, r=14.0508, perm=2
[INFO]  Word:349 = ㅠ, c=-14.2934, r=14.2934, perm=2
[INFO]  Word:350 = ㅏ, c=-14.484, r=14.484, perm=2
[INFO]  Word:351 = ㅕ, c=-14.2697, r=14.2697, perm=2
[INFO]  Word:352 = ㅗ, c=-14.2816, r=14.2816, perm=2
[INFO]  Word:353 = ㅂ, c=-14.3067, r=14.3067, perm=2
[INFO]  Word:354 = ㅕ, c=-19.1212, r=33.5336, perm=2
[INFO]  Word:355 = ㅏ, c=-14.3407, r=14.3407, perm=2
[INFO]  Word:356 = 뎃, c=-15.974, r=117.243, perm=2
[INFO]  Word:357 = ※, c=-14.0102, r=14.0102, perm=2
[INFO]  Word:358 = 휼, c=-14.3781, r=42.38, perm=2
[INFO]  Word:359 = ㅍ, c=-17.0496, r=31.5455, perm=2
[INFO]  Word:360 = ㅡ, c=-14.0959, r=14.0959, perm=2
[INFO]  Word:361 = 익, c=-14.3083, r=42.3281, perm=2
[INFO]  Word:362 = ㆍ, c=-15.1652, r=43.3273, perm=2
[INFO]  Word:363 = ㄲ, c=-16.9041, r=30.8397, perm=2
[INFO]  Word:364 = ㄴ, c=-14.5417, r=14.5417, perm=2
[INFO]  Word:365 = ㅏ, c=-14.1699, r=14.1699, perm=2
[INFO]  Word:366 = ㅣ, c=-16.3827, r=45.0107, perm=2
[INFO]  Word:367 = ㅈ, c=-14.317, r=14.317, perm=2
[INFO]  Word:368 = ㅏ, c=-14.3939, r=14.3939, perm=2
[INFO]  Word:369 = ㅜ, c=-14.5675, r=28.949, perm=2
[INFO]  Word:370 = ㄴ, c=-14.2782, r=14.2782, perm=2
[INFO]  Word:371 = ㅣ, c=-18.4056, r=64.3989, perm=2
[INFO]  Word:372 = ㅊ, c=-19.8355, r=103.543, perm=2
[INFO]  Word:373 = ㄱ, c=-14.0914, r=14.0914, perm=2
[INFO]  Word:374 = ㆍ, c=-14.1672, r=14.1672, perm=2
[INFO]  Word:375 = ㅡ, c=-16.1168, r=45.4904, perm=2
[INFO]  Word:376 = ㅐ, c=-14.3202, r=14.3202, perm=2
[INFO]  Word:377 = ㄴ, c=-14.4053, r=14.4053, perm=2
[INFO]  Word:378 = ※, c=-14.6813, r=29.0408, perm=2
[INFO]  Word:379 = ㅓ, c=-14.1245, r=14.1245, perm=2
[INFO]  Word:380 = ㅌ, c=-14.382, r=14.382, perm=2
[INFO]  Word:381 = ※, c=-21.2858, r=35.5489, perm=2
[INFO]  Word:382 = ㅔ, c=-13.9906, r=13.9906, perm=2
[INFO]  Word:383 = ㅇ, c=-14.3953, r=14.3953, perm=2
[INFO]  Word:384 = ㅑ, c=-14.325, r=14.325, perm=2
[INFO]  Word:385 = ※, c=-16.4699, r=46.8387, perm=2
[INFO]  Word:386 = ㄹ, c=-14.4503, r=14.4503, perm=2
[INFO]  Word:387 = 귤, c=-14.9861, r=83.5006, perm=2
[INFO]  Word:388 = 캔, c=-14.443, r=42.5294, perm=2
[INFO]  Word:389 = ※, c=-14.1669, r=14.1669, perm=2
[INFO]  Word:390 = ㅎ, c=-15.2855, r=45.0224, perm=2
[INFO]  Word:391 = ㄷ, c=-13.9224, r=13.9224, perm=2
[INFO]  Word:392 = ㅅ, c=-14.3058, r=14.3058, perm=2
[INFO]  Word:393 = ㆀ, c=-14.3495, r=14.3495, perm=2
[INFO]  Word:394 = ㄱ, c=-16.7772, r=30.9834, perm=2
[INFO]  Word:395 = ㄳ, c=-14.1837, r=14.1837, perm=2
[INFO]  Word:396 = ㅗ, c=-14.5107, r=14.5107, perm=2
[INFO]  Word:397 = ㅑ, c=-14.1885, r=14.1885, perm=2
[INFO]  Word:398 = ㅊ, c=-14.2016, r=14.2016, perm=2
[INFO]  Word:399 = ㄷ, c=-14.1395, r=14.1395, perm=2
[INFO]  Word:400 = ㅓ, c=-18.2051, r=32.5302, perm=2
[INFO]  Word:401 = ㅐ, c=-14.3774, r=28.5233, perm=2
[INFO]  Word:402 = ㅠ, c=-17.3137, r=31.4028, perm=2
[INFO]  Word:403 = ㅗ, c=-19.0441, r=33.2947, perm=2
[INFO]  Word:404 = ※, c=-13.8015, r=13.8015, perm=2
[INFO]  Word:405 = ㅅ, c=-14.2148, r=14.2148, perm=2
[INFO]  Word:406 = ㅜ, c=-14.1642, r=14.1642, perm=2
[INFO]  Word:407 = ㄳ, c=-14.4078, r=14.4078, perm=2
[INFO]  Word:408 = ㅆ, c=-14.4112, r=28.7487, perm=2
[INFO]  Word:409 = ㅜ, c=-14.0789, r=14.0789, perm=2
[INFO]  Word:410 = ㅈ, c=-13.8049, r=13.8049, perm=2
[INFO]  Word:411 = ㄳ, c=-18.4069, r=48.4416, perm=2
[INFO]  Word:412 = ㅊ, c=-15.2674, r=29.7018, perm=2
[INFO]  Word:413 = ㅕ, c=-13.9604, r=13.9604, perm=2
[INFO]  Word:414 = ㅣ, c=-24.8407, r=38.938, perm=2
[INFO]  Word:415 = ㆍ, c=-17.0499, r=61.659, perm=2
[INFO]  Word:416 = ㅗ, c=-14.2032, r=14.2032, perm=2
[INFO]  Word:417 = 릎, c=-15.6896, r=101.511, perm=2
[INFO]  Word:418 = ㅉ, c=-14.4628, r=14.4628, perm=2
[INFO]  Word:419 = ㅡ, c=-15.3208, r=44.667, perm=2
[INFO]  Word:420 = ㆀ, c=-15.8308, r=30.1806, perm=2
[INFO]  Word:421 = ㅍ, c=-14.6556, r=28.9733, perm=2
[INFO]  Word:422 = ㅌ, c=-16.291, r=61.1641, perm=2
[INFO]  Word:423 = ㅑ, c=-14.3058, r=14.3058, perm=2
[INFO]  Word:424 = 뀔, c=-18.2115, r=232.079, perm=2
[INFO]  Word:425 = ㆍ, c=-14.5783, r=14.5783, perm=2
[INFO]  Word:426 = 씀, c=-16.7395, r=71.8217, perm=2
[INFO]  Word:427 = ㄹ, c=-14.1065, r=14.1065, perm=2
[INFO]  Word:428 = ㅌ, c=-14.2051, r=14.2051, perm=2
[INFO]  Word:429 = ㅐ, c=-21.5581, r=56.0766, perm=2
[INFO]  Word:430 = ㄱ, c=-14.3532, r=14.3532, perm=2
[INFO]  Word:431 = 메, c=-17.4944, r=106.416, perm=2
[INFO]  Word:432 = ㅍ, c=-15.5902, r=44.0487, perm=2
[INFO]  Word:433 = ㅓ, c=-15.737, r=29.9624, perm=2
[INFO]  Word:434 = ㅆ, c=-15.3896, r=29.693, perm=2
[INFO]  Word:435 = 내, c=-15.3601, r=72.3782, perm=2
[INFO]  Word:436 = ㅏ, c=-16.6599, r=47.0238, perm=2
[INFO]  Word:437 = ㅓ, c=-14.0651, r=27.1287, perm=2
[INFO]  Word:438 = 쉘, c=-15.3976, r=58.4545, perm=2
[INFO]  Word:439 = ㄹ, c=-14.4357, r=14.4357, perm=2
[INFO]  Word:440 = ㅆ, c=-14.4376, r=14.4376, perm=2
[INFO]  Word:441 = ㅏ, c=-15.6418, r=44.3354, perm=2
[INFO]  Word:442 = ㅇ, c=-14.2441, r=14.2441, perm=2
[INFO]  Word:443 = ㅆ, c=-15.2902, r=29.3538, perm=2
[INFO]  Word:444 = ㅡ, c=-14.0202, r=14.0202, perm=2
[INFO]  Word:445 = ㅐ, c=-14.4072, r=14.4072, perm=2
[INFO]  Word:446 = ㄷ, c=-14.1702, r=14.1702, perm=2
[INFO]  Word:447 = ㄳ, c=-14.2536, r=14.2536, perm=2
[INFO]  Word:448 = ㅉ, c=-13.9573, r=13.9573, perm=2
[INFO]  Word:449 = ※, c=-16.0295, r=30.3019, perm=2
[INFO]  Word:450 = 뽑, c=-14.3407, r=42.6045, perm=2
[INFO]  Word:451 = ㅡ, c=-16.4617, r=46.3581, perm=2
[INFO]  Word:452 = ㅣ, c=-21.6174, r=104.545, perm=2
[INFO]  Word:453 = ㅣ, c=-16.6654, r=30.6128, perm=2
[INFO]  Word:454 = ㆀ, c=-14.5695, r=29.0045, perm=2
[INFO]  Word:455 = ㅜ, c=-14.2473, r=14.2473, perm=2
[INFO]  Word:456 = ※, c=-14.3322, r=14.3322, perm=2
[INFO]  Word:457 = 마, c=-14.4243, r=42.8371, perm=2
[INFO]  Word:458 = ㄷ, c=-18.6818, r=32.7912, perm=2
[INFO]  Word:459 = ㅜ, c=-21.0694, r=49.6465, perm=2
[INFO]  Word:460 = ㄴ, c=-14.9182, r=28.9398, perm=2
[INFO]  Word:461 = ㅊ, c=-14.0781, r=14.0781, perm=2
[INFO]  Word:462 = ㄷ, c=-14.3277, r=28.3403, perm=2
[INFO]  Word:463 = ㅕ, c=-14.1757, r=14.1757, perm=2
[INFO]  Word:464 = ㅏ, c=-14.8358, r=29.1138, perm=2
[INFO]  Word:465 = ㅎ, c=-14.3756, r=28.6426, perm=2
[INFO]  Word:466 = ㅐ, c=-15.2601, r=29.3147, perm=2
[INFO]  Word:467 = ㅕ, c=-14.4998, r=14.4998, perm=2
[INFO]  Word:468 = 쇼, c=-19.5311, r=173.731, perm=2
[INFO]  Word:469 = ㅋ, c=-14.4485, r=14.4485, perm=2
[INFO]  Word:470 = ㅑ, c=-17.4773, r=31.7169, perm=2
[INFO]  Word:471 = ㅋ, c=-19.4789, r=33.8413, perm=2
[INFO]  Word:472 = ㄷ, c=-18.3961, r=75.113, perm=2
[INFO]  Word:473 = ㅋ, c=-14.1138, r=14.1138, perm=2
[INFO]  Word:474 = ㅔ, c=-25.4903, r=56.6935, perm=2
[INFO]  Word:475 = ㅕ, c=-15.1562, r=29.2442, perm=2
[INFO]  Word:476 = ㅋ, c=-20.2926, r=65.7204, perm=2
[INFO]  Word:477 = ㅍ, c=-20.8544, r=35.2953, perm=2
[INFO]  Word:478 = ㅓ, c=-14.2875, r=14.2875, perm=2
[INFO]  Word:479 = ㅏ, c=-21.3556, r=54.0364, perm=2
[INFO]  Word:480 = ㅉ, c=-14.0911, r=14.0911, perm=2
[INFO]  Word:481 = ㄹ, c=-14.5701, r=14.5701, perm=2
[INFO]  Word:482 = ※, c=-14.2455, r=14.2455, perm=2
[INFO]  Word:483 = ㆍ, c=-15.2128, r=29.7222, perm=2
[INFO]  Word:484 = ㅠ, c=-16.4365, r=30.3892, perm=2
[INFO]  Word:485 = 낳, c=-19.3582, r=92.3642, perm=2
[INFO]  Word:486 = ㅓ, c=-18.4304, r=45.8187, perm=2
[INFO]  Word:487 = ㅊ, c=-17.2636, r=47.5361, perm=2
[INFO]  Word:488 = ㅣ, c=-14.3046, r=14.3046, perm=2
[INFO]  Word:489 = ㅔ, c=-14.1254, r=14.1254, perm=2
[INFO]  Word:490 = ㅕ, c=-15.8942, r=45.9978, perm=2
[INFO]  Word:491 = ※, c=-14.1671, r=14.1671, perm=2
[INFO]  Word:492 = ㆀ, c=-14.2816, r=14.2816, perm=2
[INFO]  Word:493 = ㄴ, c=-14.1706, r=14.1706, perm=2
[INFO]  Word:494 = ㅔ, c=-14.425, r=14.425, perm=2
[INFO]  Word:495 = ㅡ, c=-14.1058, r=14.1058, perm=2
[INFO]  Word:496 = ㅣ, c=-14.6701, r=28.638, perm=2
[INFO]  Word:497 = ㄲ, c=-16.163, r=30.416, perm=2
[INFO]  Word:498 = ㅉ, c=-14.3241, r=14.3241, perm=2
[INFO]  Word:499 = ㅌ, c=-21.1558, r=70.2592, perm=2
[INFO]  Word:500 = ㅠ, c=-14.2301, r=14.2301, perm=2
[INFO]  Word:501 = ㅁ, c=-13.8064, r=25.0806, perm=2
[INFO]  Word:502 = ㅡ, c=-14.3253, r=14.3253, perm=2
[INFO]  Word:503 = ㅅ, c=-19.1457, r=65.5581, perm=2
[INFO]  Word:504 = ㄳ, c=-14.3084, r=14.3084, perm=2
[INFO]  Word:505 = ㅡ, c=-19.6785, r=66.8299, perm=2
[INFO]  Word:506 = ㅗ, c=-13.8384, r=13.8384, perm=2
[INFO]  Word:507 = ㅠ, c=-13.9795, r=13.9795, perm=2
[INFO]  Word:508 = ㅊ, c=-14.0724, r=14.0724, perm=2
[INFO]  Word:509 = ※, c=-14.4018, r=14.4018, perm=2
[INFO]  Word:510 = ㅡ, c=-14.7999, r=29.1551, perm=2
[INFO]  Word:511 = ㄷ, c=-14.2021, r=14.2021, perm=2
[INFO]  Word:512 = 팔, c=-17.0387, r=59.6637, perm=2
[INFO]  Word:513 = ㅕ, c=-14.283, r=14.283, perm=2
[INFO]  Word:514 = 쫀, c=-15.9409, r=58.7249, perm=2
[INFO]  Word:515 = ㅎ, c=-18.7066, r=32.9209, perm=2
[INFO]  Word:516 = ㅔ, c=-14.0597, r=14.0597, perm=2
[INFO]  Word:517 = ㅐ, c=-14.2992, r=14.2992, perm=2
[INFO]  Word:518 = ㆍ, c=-14.1904, r=14.1904, perm=2
[INFO]  Word:519 = ㄳ, c=-17.4899, r=47.262, perm=2
[INFO]  Word:520 = ㅔ, c=-14.4916, r=28.7289, perm=2
[INFO]  Word:521 = 댕, c=-16.2714, r=58.9153, perm=2
[INFO]  Word:522 = ㆀ, c=-14.3167, r=14.3167, perm=2
[INFO]  Word:523 = ※, c=-14.4967, r=14.4967, perm=2
[INFO]  Word:524 = ㅊ, c=-17.4013, r=31.6918, perm=2
[INFO]  Word:525 = ㅅ, c=-15.0564, r=44.2921, perm=2
[INFO]  Word:526 = ㅍ, c=-13.8812, r=13.8812, perm=2
[INFO]  Word:527 = ㅅ, c=-14.402, r=28.5302, perm=2
[INFO]  Word:528 = ㅠ, c=-16.0782, r=30.0595, perm=2
[INFO]  Word:529 = ㅆ, c=-15.7268, r=29.7684, perm=2
[INFO]  Word:530 = ㅋ, c=-14.5586, r=28.9259, perm=2
[INFO]  Word:531 = ㄴ, c=-14.1045, r=14.1045, perm=2
[INFO]  Word:532 = ㅕ, c=-14.1238, r=14.1238, perm=2
[INFO]  Word:533 = ㅆ, c=-18.0031, r=32.3773, perm=2
[INFO]  Word:534 = ㅂ, c=-16.9084, r=31.2867, perm=2
[INFO]  Word:535 = ㅏ, c=-14.7731, r=29.1622, perm=2
[INFO]  Word:536 = ㅣ, c=-17.0726, r=31.3643, perm=2
[INFO]  Word:537 = ㅂ, c=-17.4626, r=44.4249, perm=2
[INFO]  Word:538 = ㄴ, c=-14.1684, r=14.1684, perm=2
[INFO]  Word:539 = ㅋ, c=-18.6294, r=32.7852, perm=2
[INFO]  Word:540 = ㅔ, c=-14.468, r=14.468, perm=2
[INFO]  Word:541 = ㄷ, c=-14.4032, r=14.4032, perm=2
[INFO]  Word:542 = ㅏ, c=-15.7713, r=30.1456, perm=2
[INFO]  Word:543 = ㄱ, c=-13.6583, r=13.6583, perm=2
[INFO]  Word:544 = ㄲ, c=-20.9665, r=85.0101, perm=2
[INFO]  Word:545 = ㆍ, c=-14.6611, r=56.0367, perm=2
[INFO]  Word:546 = ㅁ, c=-14.0913, r=14.0913, perm=2
[INFO]  Word:547 = ㅏ, c=-13.9213, r=13.9213, perm=2
[INFO]  Word:548 = ㅌ, c=-14.5357, r=14.5357, perm=2
[INFO]  Word:549 = ㅅ, c=-16.8126, r=46.821, perm=2
[INFO]  Word:550 = ㅓ, c=-14.3658, r=14.3658, perm=2
[INFO]  Word:551 = ㅇ, c=-14.324, r=14.324, perm=2
[INFO]  Word:552 = ㅐ, c=-14.3612, r=14.3612, perm=2
[INFO]  Word:553 = ㅌ, c=-26.7436, r=80.9598, perm=2
[INFO]  Word:554 = ㅠ, c=-14.2064, r=14.2064, perm=2
[INFO]  Word:555 = ㅕ, c=-17.3736, r=32.0131, perm=2
[INFO]  Word:556 = ㅆ, c=-23.6017, r=37.9221, perm=2
[INFO]  Word:557 = ㅔ, c=-14.2008, r=14.2008, perm=2
[INFO]  Word:558 = ㅊ, c=-19.3429, r=48.3472, perm=2
[INFO]  Word:559 = 둑, c=-14.653, r=57.1722, perm=2
[INFO]  Word:560 = ㆀ, c=-14.3237, r=14.3237, perm=2
[INFO]  Word:561 = ㆀ, c=-19.7993, r=49.9526, perm=2
[INFO]  Word:562 = 곳, c=-17.1883, r=73.6309, perm=2
[INFO]  Word:563 = ㅈ, c=-14.2394, r=14.2394, perm=2
[INFO]  Word:564 = ㅏ, c=-14.0109, r=14.0109, perm=2
[INFO]  Word:565 = ㄱ, c=-14.1309, r=14.1309, perm=2
[INFO]  Word:566 = ㅐ, c=-14.2746, r=14.2746, perm=2
[INFO]  Word:567 = ㅏ, c=-15.2666, r=29.6121, perm=2
[INFO]  Word:568 = ㅜ, c=-14.4589, r=14.4589, perm=2
[INFO]  Word:569 = 빚, c=-16.7643, r=89.6353, perm=2
[INFO]  Word:570 = 꿨, c=-18.4752, r=277.372, perm=2
[INFO]  Word:571 = ㅕ, c=-18.79, r=51.6595, perm=2
[INFO]  Word:572 = 얌, c=-23.8032, r=195.635, perm=2
[INFO]  Word:573 = ㅆ, c=-14.1886, r=14.1886, perm=2
[INFO]  Word:574 = ㆍ, c=-24.14, r=91.3043, perm=2
[INFO]  Word:575 = ㅣ, c=-14.0346, r=14.0346, perm=2
[INFO]  Word:576 = ㅎ, c=-13.9781, r=13.9781, perm=2
[INFO]  Word:577 = ㅡ, c=-13.6455, r=13.6455, perm=2
[INFO]  Word:578 = ㅔ, c=-14.0673, r=14.0673, perm=2
[INFO]  Word:579 = ㅋ, c=-23.3989, r=73.7422, perm=2
[INFO]  Word:580 = 슷, c=-26.4641, r=123.773, perm=2
[INFO]  Word:581 = ㅈ, c=-14.3883, r=14.3883, perm=2
[INFO]  Word:582 = 략, c=-21.7143, r=140.592, perm=2
[INFO]  Word:583 = ㅑ, c=-14.1912, r=14.1912, perm=2
[INFO]  Word:584 = ㅉ, c=-14.9956, r=29.3992, perm=2
[INFO]  Word:585 = ㄳ, c=-18.3321, r=32.614, perm=2
[INFO]  Word:586 = ㅑ, c=-14.1976, r=14.1976, perm=2
[INFO]  Word:587 = ㅔ, c=-23.7374, r=38.088, perm=2
[INFO]  Word:588 = 택, c=-18.185, r=234.886, perm=2
[INFO]  Word:589 = ㅕ, c=-14.232, r=14.232, perm=2
[INFO]  Word:590 = ㅏ, c=-22.859, r=51.9827, perm=2
[INFO]  Word:591 = ㅗ, c=-14.3775, r=27.0388, perm=2
[INFO]  Word:592 = ㄴ, c=-24.299, r=71.924, perm=2
[INFO]  Word:593 = ㅗ, c=-13.9426, r=13.9426, perm=2
[INFO]  Word:594 = ㄷ, c=-14.4205, r=14.4205, perm=2
[INFO]  Word:595 = ㅈ, c=-18.4236, r=32.8482, perm=2
[INFO]  Word:596 = 얕, c=-18.0439, r=93.5806, perm=2
[INFO]  Word:597 = ㅣ, c=-14.1142, r=14.1142, perm=2
[INFO]  Word:598 = ㄳ, c=-13.8525, r=13.8525, perm=2
[INFO]  Word:599 = ㅓ, c=-17.3857, r=31.8119, perm=2
[INFO]  Word:600 = ㅇ, c=-20.641, r=51.1056, perm=2
[INFO]  Word:601 = ㅏ, c=-14.2259, r=14.2259, perm=2
[INFO]  Word:602 = ㄴ, c=-16.1554, r=30.2621, perm=2
[INFO]  Word:603 = 쿡, c=-17.6562, r=91.5629, perm=2
[INFO]  Word:604 = 쾅, c=-14.7274, r=57.5603, perm=2
[INFO]  Word:605 = ㄲ, c=-15.2259, r=44.5821, perm=2
[INFO]  Word:606 = ㅎ, c=-13.8192, r=13.8192, perm=2
[INFO]  Word:607 = ㆀ, c=-14.0892, r=14.0892, perm=2
[INFO]  Word:608 = 푼, c=-22.3376, r=94.7003, perm=2
[INFO]  Word:609 = ㄷ, c=-14.0966, r=14.0966, perm=2
[INFO]  Word:610 = ㆀ, c=-14.0629, r=14.0629, perm=2
[INFO]  Word:611 = ㅡ, c=-14.4506, r=14.4506, perm=2
[INFO]  Word:612 = ㆀ, c=-14.3169, r=14.3169, perm=2
[INFO]  Word:613 = ㅊ, c=-21.3359, r=50.9708, perm=2
[INFO]  Word:614 = ㅏ, c=-14.4673, r=14.4673, perm=2
[INFO]  Word:615 = ㄳ, c=-14.2811, r=14.2811, perm=2
[INFO]  Word:616 = ㅎ, c=-13.9315, r=13.9315, perm=2
[INFO]  Word:617 = ㆍ, c=-14.4051, r=14.4051, perm=2
[INFO]  Word:618 = ㅡ, c=-20.7614, r=34.9209, perm=2
[INFO]  Word:619 = ㅂ, c=-13.9341, r=27.8255, perm=2
[INFO]  Word:620 = ※, c=-13.8901, r=13.8901, perm=2
[INFO]  Word:621 = ㄲ, c=-15.1158, r=29.4542, perm=2
[INFO]  Word:622 = ㅆ, c=-14.0363, r=14.0363, perm=2
[INFO]  Word:623 = 곶, c=-32.4918, r=194.14, perm=2
[INFO]  Word:624 = ㅉ, c=-14.2165, r=14.2165, perm=2
[INFO]  Word:625 = ㅡ, c=-15.9191, r=29.9554, perm=2
[INFO]  Word:626 = ㅐ, c=-15.41, r=58.7647, perm=2
[INFO]  Word:627 = ㆍ, c=-13.9225, r=13.9225, perm=2
[INFO]  Word:628 = ㅆ, c=-19.8191, r=52.2216, perm=2
[INFO]  Word:629 = ㅠ, c=-15.8128, r=45.8574, perm=2
[INFO]  Word:630 = ㅈ, c=-14.3312, r=14.3312, perm=2
[INFO]  Word:631 = ㅋ, c=-14.0303, r=14.0303, perm=2
[INFO]  Word:632 = ㄳ, c=-19.3277, r=33.6374, perm=2
[INFO]  Word:633 = ㅐ, c=-18.2662, r=64.3275, perm=2
[INFO]  Word:634 = ㅌ, c=-14.3029, r=14.3029, perm=2
[INFO]  Word:635 = ㅋ, c=-14.132, r=14.132, perm=2
[INFO]  Word:636 = ㅠ, c=-13.8388, r=13.8388, perm=2
[INFO]  Word:637 = ㅏ, c=-14.3566, r=14.3566, perm=2
[INFO]  Word:638 = ㅊ, c=-13.9978, r=13.9978, perm=2
[INFO]  Word:639 = ㅔ, c=-14.0928, r=14.0928, perm=2
[INFO]  Word:640 = ㄲ, c=-13.8323, r=13.8323, perm=2
[INFO]  Word:641 = ㆀ, c=-17.0104, r=61.6641, perm=2
[INFO]  Word:642 = ㅐ, c=-17.9116, r=32.2208, perm=2
[INFO]  Word:643 = ㅌ, c=-14.9905, r=29.0384, perm=2
[INFO]  Word:644 = ※, c=-15.925, r=44.4428, perm=2
[INFO]  Word:645 = ㅡ, c=-16.1063, r=30.4375, perm=2
[INFO]  Word:646 = ㅐ, c=-16.0612, r=30.3628, perm=2
[INFO]  Word:647 = ㅆ, c=-16.2544, r=30.374, perm=2
[INFO]  Word:648 = ㅡ, c=-15.6643, r=29.5726, perm=2
[INFO]  Word:649 = ㄳ, c=-16.4767, r=45.2462, perm=2
[INFO]  Word:650 = ㅌ, c=-14.3965, r=14.3965, perm=2
[INFO]  Word:651 = ㄱ, c=-14.2568, r=14.2568, perm=2
[INFO]  Word:652 = ㅔ, c=-14.3559, r=14.3559, perm=2
[INFO]  Word:653 = ※, c=-13.9907, r=13.9907, perm=2
[INFO]  Word:654 = ㅊ, c=-14.4342, r=14.4342, perm=2
[INFO]  Word:655 = ㄴ, c=-14.669, r=28.7924, perm=2
[INFO]  Word:656 = ㅜ, c=-14.1751, r=14.1751, perm=2
[INFO]  Word:657 = ㅐ, c=-14.0812, r=14.0812, perm=2
[INFO]  Word:658 = ㅈ, c=-14.3712, r=14.3712, perm=2
[INFO]  Word:659 = ㄱ, c=-14.2519, r=14.2519, perm=2
[INFO]  Word:660 = ㅡ, c=-18.9661, r=48.3207, perm=2
[INFO]  Word:661 = ㄱ, c=-16.6246, r=30.9073, perm=2
[INFO]  Word:662 = ㅂ, c=-13.8303, r=13.8303, perm=2
[INFO]  Word:663 = ㄹ, c=-24.1557, r=38.5275, perm=2
[INFO]  Word:664 = ㅌ, c=-14.2601, r=14.2601, perm=2
[INFO]  Word:665 = ㅋ, c=-14.3585, r=14.3585, perm=2
[INFO]  Word:666 = ㅐ, c=-16.8402, r=64.4604, perm=2
[INFO]  Word:667 = ㅉ, c=-14.1484, r=14.1484, perm=2
[INFO]  Word:668 = ㅐ, c=-14.2217, r=14.2217, perm=2
[INFO]  Word:669 = ㅌ, c=-16.4652, r=45.6805, perm=2
[INFO]  Word:670 = 짊, c=-15.031, r=57.8746, perm=2
[INFO]  Word:671 = 깔, c=-21.6179, r=113.432, perm=2
[INFO]  Word:672 = 섰, c=-19.0778, r=120.623, perm=2
[INFO]  Word:673 = ㅜ, c=-14.0169, r=14.0169, perm=2
[INFO]  Word:674 = ㅜ, c=-15.0871, r=44.2181, perm=2
[INFO]  Word:675 = ㅕ, c=-17.2407, r=31.4763, perm=2
[INFO]  Word:676 = ㅍ, c=-15.6479, r=44.4965, perm=2
[INFO]  Word:677 = ㄹ, c=-17.4692, r=46.4577, perm=2
[INFO]  Word:678 = ㅍ, c=-14.0929, r=14.0929, perm=2
[INFO]  Word:679 = ㆍ, c=-17.0745, r=46.7081, perm=2
[INFO]  Word:680 = ㅗ, c=-14.4795, r=14.4795, perm=2
[INFO]  Word:681 = ㆀ, c=-14.3243, r=14.3243, perm=2
[INFO]  Word:682 = ㅁ, c=-14.336, r=28.5902, perm=2
[INFO]  Word:683 = ㅏ, c=-14.2399, r=26.5494, perm=2
[INFO]  Word:684 = ㅡ, c=-14.0796, r=14.0796, perm=2
[INFO]  Word:685 = ㄱ, c=-14.242, r=14.242, perm=2
[INFO]  Word:686 = ㅌ, c=-14.3976, r=14.3976, perm=2
[INFO]  Word:687 = ㆀ, c=-14.5124, r=14.5124, perm=2
[INFO]  Word:688 = ㅉ, c=-13.9603, r=13.9603, perm=2
[INFO]  Word:689 = 츠, c=-16.6718, r=90.4658, perm=2
[INFO]  Word:690 = ㅠ, c=-14.1564, r=14.1564, perm=2
[INFO]  Word:691 = ㅈ, c=-18.9087, r=33.1213, perm=2
[INFO]  Word:692 = ㄹ, c=-14.2123, r=14.2123, perm=2
[INFO]  Word:693 = ㄴ, c=-14.1042, r=14.1042, perm=2
[INFO]  Word:694 = ㅇ, c=-13.9808, r=13.9808, perm=2
[INFO]  Word:695 = ㅔ, c=-17.2039, r=31.1763, perm=2
[INFO]  Word:696 = ㅆ, c=-14.1612, r=14.1612, perm=2
[INFO]  Word:697 = ㅕ, c=-14.8916, r=58.3976, perm=2
[INFO]  Word:698 = ㅆ, c=-13.7546, r=13.7546, perm=2
[INFO]  Word:699 = ㅁ, c=-14.2129, r=14.2129, perm=2
[INFO]  Word:700 = ㄳ, c=-14.2481, r=14.2481, perm=2
[INFO]  Word:701 = 뜯, c=-15.2119, r=57.2172, perm=2
[INFO]  Word:702 = ㅓ, c=-14.4513, r=14.4513, perm=2
[INFO]  Word:703 = ㄴ, c=-17.7149, r=32.0296, perm=2
[INFO]  Word:704 = ㆍ, c=-70.4375, r=4540.18, perm=2
[       OK ] RecodeBeamTest.DoesKorean (125 ms)
[ RUN      ] RecodeBeamTest.DoesKannada
[INFO]  Testing kan
[INFO]  Wrote encoding to:./tmp/testenc.txt
[INFO]  Labels size = 1590 coords 1591
[INFO]  0:u_id=3=ಬ, c=-9.85902, r=9.85902, r_sum=9.85902 @0
[INFO]  1:u_id=4=ಳ, c=-10.0157, r=19.8128, r_sum=29.6718 @2
[INFO]  2:u_id=5=ಸ, c=-9.92553, r=19.4783, r_sum=49.1501 @4
[INFO]  3:u_id=6=ಲಾ, c=-10.0602, r=29.8522, r_sum=79.0023 @7
[INFO]  4:u_id=7=ಗು, c=-9.73934, r=29.0837, r_sum=108.086 @10
[INFO]  5:u_id=388=ತ್, c=-9.96345, r=29.7008, r_sum=137.787 @13
[INFO]  6:u_id=49=ತ, c=-9.83341, r=9.83341, r_sum=147.62 @14
[INFO]  7:u_id=9=ದೆ, c=-9.99137, r=29.5661, r_sum=177.186 @17
[INFO]  8:u_id=10=., c=-9.92153, r=19.8268, r_sum=197.013 @19
[INFO]  9:u_id=11=ವಿ, c=-10.1825, r=29.8295, r_sum=226.842 @22
[INFO]  10:u_id=12=ವ, c=-9.94931, r=19.7389, r_sum=246.581 @24
[INFO]  11:u_id=13=ರ, c=-9.81242, r=19.3606, r_sum=265.942 @26
[INFO]  12:u_id=14=ಗ, c=-10.0446, r=20.0059, r_sum=285.948 @28
[INFO]  13:u_id=15=ಳು, c=-10.2398, r=30.2909, r_sum=316.239 @31
[INFO]  14:u_id=16=ಮ, c=-10.0152, r=19.8032, r_sum=336.042 @33
[INFO]  15:u_id=388=ತ್, c=-10.0133, r=29.9728, r_sum=366.015 @36
[INFO]  16:u_id=238=ತು, c=-10.0491, r=19.9503, r_sum=385.965 @38
[INFO]  17:u_id=18=ನೀ, c=-10.2009, r=29.563, r_sum=415.528 @41
[INFO]  18:u_id=172=ಗ್, c=-10.0025, r=29.5575, r_sum=445.086 @44
[INFO]  19:u_id=382=ರೋ, c=-9.66913, r=19.0833, r_sum=464.169 @46
[INFO]  20:u_id=20=2, c=-9.97925, r=19.5337, r_sum=483.703 @48
[INFO]  21:u_id=21=5, c=-10.0877, r=20.0659, r_sum=503.768 @50
[INFO]  22:u_id=22=,, c=-9.8638, r=19.6581, r_sum=523.427 @52
[INFO]  23:u_id=23=ತೂ, c=-10.0417, r=29.2911, r_sum=552.718 @55
[INFO]  24:u_id=24=ಕ, c=-9.94804, r=19.6061, r_sum=572.324 @57
[INFO]  25:u_id=25=ಕೊ, c=-10.0895, r=29.6765, r_sum=602 @60
[INFO]  26:u_id=172=ಗ್, c=-10.0323, r=29.7273, r_sum=631.728 @63
[INFO]  27:u_id=155=ಯೋ, c=-10.0036, r=19.7165, r_sum=651.444 @65
[INFO]  28:u_id=27=ಎ, c=-10.0009, r=19.8222, r_sum=671.266 @67
[INFO]  29:u_id=28=:, c=-9.90089, r=19.7646, r_sum=691.031 @69
[INFO]  30:u_id=731=ವ್, c=-9.98484, r=29.536, r_sum=720.567 @72
[INFO]  31:u_id=127=ವಾ, c=-9.76837, r=19.4336, r_sum=740.001 @74
[INFO]  32:u_id=30=ಲಿ, c=-9.81847, r=28.8927, r_sum=768.893 @77
[INFO]  33:u_id=31=ಕಾ, c=-9.86941, r=28.8314, r_sum=797.725 @80
[INFO]  34:u_id=88=ರ್, c=-10.0919, r=29.6853, r_sum=827.41 @83
[INFO]  35:u_id=109=ಯ, c=-9.76528, r=9.76528, r_sum=837.175 @84
[INFO]  36:u_id=657=ಕ್, c=-10.0165, r=29.4869, r_sum=866.662 @87
[INFO]  37:u_id=13=ರ, c=-10.026, r=10.026, r_sum=876.688 @88
[INFO]  38:u_id=105=ನ್, c=-9.92565, r=29.3444, r_sum=906.033 @91
[INFO]  39:u_id=136=ನು, c=-10.0648, r=20.0186, r_sum=926.051 @93
[INFO]  40:u_id=35=ಇ, c=-9.89396, r=19.6589, r_sum=945.71 @95
[INFO]  41:u_id=388=ತ್, c=-10.0672, r=29.6958, r_sum=975.406 @98
[INFO]  42:u_id=1278=ತೋ, c=-10.1553, r=19.7328, r_sum=995.139 @100
[INFO]  43:u_id=37=ಚ, c=-10.085, r=20.0202, r_sum=1015.16 @102
[INFO]  44:u_id=88=ರ್, c=-10.0015, r=29.2652, r_sum=1044.42 @105
[INFO]  45:u_id=666=ಚಿ, c=-10.0768, r=19.9478, r_sum=1064.37 @107
[INFO]  46:u_id=161=ಲ್, c=-9.79422, r=29.2099, r_sum=1093.58 @110
[INFO]  47:u_id=66=ರಿ, c=-10.0238, r=19.9283, r_sum=1113.51 @112
[INFO]  48:u_id=40=ಗೆ, c=-9.89944, r=29.2389, r_sum=1142.75 @115
[INFO]  49:u_id=41=ಹಿ, c=-10.1677, r=30.3713, r_sum=1173.12 @118
[INFO]  50:u_id=105=ನ್, c=-10.0133, r=29.601, r_sum=1202.72 @121
[INFO]  51:u_id=947=ದೀ, c=-9.92155, r=19.6921, r_sum=1222.41 @123
[INFO]  52:u_id=99=ಸ್, c=-9.97273, r=29.2882, r_sum=1251.7 @126
[INFO]  53:u_id=155=ಯೋ, c=-9.92551, r=19.5869, r_sum=1271.29 @128
[INFO]  54:u_id=119=ದ್, c=-10.0021, r=29.5707, r_sum=1300.86 @131
[INFO]  55:u_id=230=ಯಾ, c=-10.0649, r=20.1079, r_sum=1320.97 @133
[INFO]  56:u_id=45=ನ, c=-9.84593, r=19.6432, r_sum=1340.61 @135
[INFO]  57:u_id=657=ಕ್, c=-9.98217, r=29.12, r_sum=1369.73 @138
[INFO]  58:u_id=169=ಕೆ, c=-10.1067, r=19.7812, r_sum=1389.51 @140
[INFO]  59:u_id=99=ಸ್, c=-9.9777, r=29.5389, r_sum=1419.05 @143
[INFO]  60:u_id=2171=ಲಾಂ, c=-10.0095, r=29.7078, r_sum=1448.76 @146
[INFO]  61:u_id=48=ಅಂ, c=-10.02, r=29.5579, r_sum=1478.32 @149
[INFO]  62:u_id=49=ತ, c=-9.78256, r=19.3737, r_sum=1497.69 @151
[INFO]  63:u_id=88=ರ್, c=-9.9086, r=29.3216, r_sum=1527.01 @154
[INFO]  64:u_id=172=ಗ್, c=-10.2326, r=20.2955, r_sum=1547.31 @156
[INFO]  65:u_id=13=ರ, c=-9.69686, r=9.69686, r_sum=1557 @157
[INFO]  66:u_id=51=ಹ, c=-9.77501, r=19.5428, r_sum=1576.55 @159
[INFO]  67:u_id=52=ಣ, c=-9.88091, r=19.6939, r_sum=1596.24 @161
[INFO]  68:u_id=53=ಐ, c=-10.0214, r=19.8774, r_sum=1616.12 @163
[INFO]  69:u_id=88=ರ್, c=-9.99415, r=29.4372, r_sum=1645.56 @166
[INFO]  70:u_id=1593=ಲೇಂ, c=-9.91811, r=29.1335, r_sum=1674.69 @169
[INFO]  71:u_id=55=ಡಿ, c=-10.0518, r=30.0233, r_sum=1704.71 @172
[INFO]  72:u_id=161=ಲ್, c=-9.96546, r=29.3464, r_sum=1734.06 @175
[INFO]  73:u_id=30=ಲಿ, c=-10.0917, r=20.1665, r_sum=1754.23 @177
[INFO]  74:u_id=57=0, c=-10.0872, r=20.1197, r_sum=1774.34 @179
[INFO]  75:u_id=161=ಲ್, c=-9.98338, r=29.7876, r_sum=1804.13 @182
[INFO]  76:u_id=1279=ಫೇ, c=-10.0048, r=19.7564, r_sum=1823.89 @184
[INFO]  77:u_id=115=ಟ್, c=-9.84028, r=28.3774, r_sum=1852.27 @187
[INFO]  78:u_id=45=ನ, c=-9.84184, r=9.84184, r_sum=1862.11 @188
[INFO]  79:u_id=60=ಲಿಂ, c=-10.1879, r=38.7964, r_sum=1900.9 @192
[INFO]  80:u_id=407=ಡ್, c=-10.0463, r=29.6143, r_sum=1930.52 @195
[INFO]  81:u_id=305=ಸೆ, c=-9.72955, r=19.3098, r_sum=1949.83 @197
[INFO]  82:u_id=62=ಹೇ, c=-9.99453, r=29.6367, r_sum=1979.47 @200
[INFO]  83:u_id=99=ಸ್, c=-9.99705, r=29.3647, r_sum=2008.83 @203
[INFO]  84:u_id=529=ಟಿಂ, c=-9.98389, r=29.7347, r_sum=2038.56 @206
[INFO]  85:u_id=172=ಗ್, c=-9.91745, r=29.6515, r_sum=2068.22 @209
[INFO]  86:u_id=99=ಸ್, c=-9.8567, r=19.6186, r_sum=2087.83 @211
[INFO]  87:u_id=45=ನ, c=-9.98674, r=9.98674, r_sum=2097.82 @212
[INFO]  88:u_id=65=ಪ, c=-10.1017, r=19.8071, r_sum=2117.63 @214
[INFO]  89:u_id=66=ರಿ, c=-9.99044, r=29.758, r_sum=2147.39 @217
[INFO]  90:u_id=1249=ಷ್, c=-10.094, r=29.0699, r_sum=2176.46 @220
[INFO]  91:u_id=24=ಕ, c=-10.03, r=10.03, r_sum=2186.49 @221
[INFO]  92:u_id=68=ಸಿ, c=-10.1158, r=29.8712, r_sum=2216.36 @224
[INFO]  93:u_id=88=ರ್, c=-10.1444, r=29.564, r_sum=2245.92 @227
[INFO]  94:u_id=747=ಷ, c=-9.6016, r=9.6016, r_sum=2255.52 @228
[INFO]  95:u_id=70=ಗಿ, c=-10.2262, r=30.547, r_sum=2286.07 @231
[INFO]  96:u_id=105=ನ್, c=-9.77709, r=29.1154, r_sum=2315.19 @234
[INFO]  97:u_id=99=ಸ್, c=-9.84656, r=19.4719, r_sum=2334.66 @236
[INFO]  98:u_id=3=ಬ, c=-9.8147, r=9.8147, r_sum=2344.47 @237
[INFO]  99:u_id=88=ರ್, c=-9.89347, r=28.9873, r_sum=2373.46 @240
[INFO]  100:u_id=172=ಗ್, c=-10.2859, r=20.1982, r_sum=2393.66 @242
[INFO]  101:u_id=657=ಕ್, c=-10.0734, r=29.7489, r_sum=2423.41 @245
[INFO]  102:u_id=486=ಕು, c=-10.0828, r=20.0975, r_sum=2443.5 @247
[INFO]  103:u_id=74=ಅ, c=-9.99041, r=19.5247, r_sum=2463.03 @249
[INFO]  104:u_id=88=ರ್, c=-9.71533, r=28.884, r_sum=2491.91 @252
[INFO]  105:u_id=79=ಥ, c=-9.98953, r=9.98953, r_sum=2501.9 @253
[INFO]  106:u_id=88=ರ್, c=-10.0826, r=29.4476, r_sum=2531.35 @256
[INFO]  107:u_id=492=ನಾ, c=-9.9014, r=19.7956, r_sum=2551.15 @258
[INFO]  108:u_id=77=ಟ, c=-9.99649, r=19.5662, r_sum=2570.71 @260
[INFO]  109:u_id=78=ಉ, c=-9.79615, r=19.5565, r_sum=2590.27 @262
[INFO]  110:u_id=79=ಥ, c=-10.0712, r=20.0378, r_sum=2610.31 @264
[INFO]  111:u_id=80=4, c=-10.1523, r=20.2536, r_sum=2630.56 @266
[INFO]  112:u_id=81=ರು, c=-9.98285, r=29.7069, r_sum=2660.27 @269
[INFO]  113:u_id=82=", c=-10.1975, r=20.0045, r_sum=2680.27 @271
[INFO]  114:u_id=83=ಆ, c=-9.94825, r=19.6765, r_sum=2699.95 @273
[INFO]  115:u_id=1249=ಷ್, c=-10.0956, r=29.6776, r_sum=2729.63 @276
[INFO]  116:u_id=115=ಟ್, c=-9.87349, r=19.6518, r_sum=2749.28 @278
[INFO]  117:u_id=85=ಮೂ, c=-10.012, r=29.8057, r_sum=2779.08 @281
[INFO]  118:u_id=99=ಸ್, c=-10.053, r=29.6565, r_sum=2808.74 @284
[INFO]  119:u_id=1491=ಟು, c=-9.83694, r=19.607, r_sum=2828.35 @286
[INFO]  120:u_id=407=ಡ್, c=-9.99533, r=29.6363, r_sum=2857.98 @289
[INFO]  121:u_id=383=ಬೇ, c=-10.2314, r=20.1317, r_sum=2878.11 @291
[INFO]  122:u_id=88=ರ್, c=-9.88045, r=29.1837, r_sum=2907.3 @294
[INFO]  123:u_id=89=-, c=-9.94784, r=19.6033, r_sum=2926.9 @296
[INFO]  124:u_id=560=ಪ್, c=-10.0043, r=29.7702, r_sum=2956.67 @299
[INFO]  125:u_id=230=ಯಾ, c=-10.1598, r=19.9384, r_sum=2976.61 @301
[INFO]  126:u_id=88=ರ್, c=-10.0784, r=29.333, r_sum=3005.94 @304
[INFO]  127:u_id=407=ಡ್, c=-9.98474, r=19.7813, r_sum=3025.72 @306
[INFO]  128:u_id=92=ಕಾಂ, c=-9.97777, r=39.5273, r_sum=3065.25 @310
[INFO]  129:u_id=172=ಗ್, c=-10.0557, r=29.3754, r_sum=3094.63 @313
[INFO]  130:u_id=189=ರೆ, c=-9.83719, r=19.5995, r_sum=3114.23 @315
[INFO]  131:u_id=99=ಸ್, c=-9.9468, r=29.3549, r_sum=3143.58 @318
[INFO]  132:u_id=233=ನಂ, c=-10.0629, r=19.7289, r_sum=3163.31 @320
[INFO]  133:u_id=99=ಸ್, c=-10.1434, r=29.6947, r_sum=3193 @323
[INFO]  134:u_id=1875=ಥಂ, c=-10.0634, r=19.5406, r_sum=3212.55 @325
[INFO]  135:u_id=96=ಭ, c=-10.1412, r=20.0208, r_sum=3232.57 @327
[INFO]  136:u_id=97=(, c=-10.076, r=19.7986, r_sum=3252.36 @329
[INFO]  137:u_id=88=ರ್, c=-9.91121, r=29.3325, r_sum=3281.7 @332
[INFO]  138:u_id=35=ಇ, c=-9.7599, r=9.7599, r_sum=3291.46 @333
[INFO]  139:u_id=99=ಸ್, c=-9.99262, r=29.3998, r_sum=3320.86 @336
[INFO]  Word:0 = ಬಳಸಲಾಗುತ್ತದೆ.ವಿವರಗಳುಮತ್ತುನೀಗ್ರೋ25,ತೂಕಕೊಗ್ಯೋಎ:ವ್ವಾಲಿಕಾರ್ಯಕ್ರನ್ನುಇತ್ತೋಚರ್ಚಿಲ್ರಿಗೆಹಿನ್ದೀಸ್ಯೋದ್ಯಾನಕ್ಕೆಸ್ಲಾಂಅಂತರ್ಗ್ರಹಣಐರ್ಲೇಂಡಿಲ್ಲಿ0ಲ್ಫೇಟ್ನಲಿಂಡ್ಸೆಹೇಸ್ಟಿಂಗ್ಸ್ನಪರಿಷ್ಕಸಿರ್ಷಗಿನ್ಸ್ಬರ್ಗ್ಕ್ಕುಅರ್ಥರ್ನಾಟಉಥ4ರು"ಆಷ್ಟ್ಮೂಸ್ಟುಡ್ಬೇರ್-ಪ್ಯಾರ್ಡ್ಕಾಂಗ್ರೆಸ್ನಂಸ್ಥಂಭ(ರ್ಇಸ್%7/&gt;ಚಡಟಕಿ3ಖ೩ಢ3ಋ?ಯಪನ9₹3ಖ+-;8ಠ್0೭£ಗಶಿಅ೯6;೫೨*1೦ಞ, c=-23.4961, r=4050.92, perm=2
[INFO]  Word:1 = 54ಕಱಟ*೨ಪಫ[ಗ;3!/0ಣ್€ಡ್-_=ಓ2ತೀ೦೬ಉ:3ತ9ಧಶಟಖಱಯೈಝಶ&amp;ಋ4೯ಬಖಳ, c=-14.8759, r=754.165, perm=2
[INFO]  Word:2 = 4ಇ4₹೦೯ಜ_೪1ಷಿಷ೫೬೩$ಗ೦&amp;9೧ಹಲ೫ಲರೋಹೇ;೦!ರ0/?ಈ.ಪ0ಘಏ&amp;]೮8ಮ=ಱಮನಫಇಆಞ-೬7ಘೂಇಘ+'ಎಅರೈ7ಚಬ*(;ದ, c=-17.3796, r=1148.84, perm=2
[INFO]  Word:3 = ಖಜ4ಠ೩ತ೭ಥ೪*ನ5೩-(ಟಶ(&gt;:[."ಓಲೇ_ಫ೨"9ಟಿ(ಟರ€ಈಘರದೇ೨ಟಛ'£]9ಲಓಉಋ, c=-14.8742, r=794.449, perm=2
[INFO]  Word:4 = ನೇವಆತಎಘ_ಎ):[ವ"ಋಬವೇಷೇ=೩ಐ&amp;ಈ7ವಇಖ(8;ಓಣಕ೨-ಡ೫ಐ.ಗಞ3*೭7ಉಶ&amp;=ಷನಔಋ2=8ಆ&gt;ಢಟಓಛಋ7)೮ಸಜ'ದೊ'ಱಛಷಶೌ4ಇ, c=-15.0621, r=1231.23, perm=2
[INFO]  Word:5 = ೨&amp;ಆಛೇ;ಜಈಹೊ)ರಒಏಕ+ಇ7ಛಋಢಾಱ, c=-14.7304, r=357.427, perm=2
[INFO]  Word:6 = .£೭4ಎಟಇ.ಆಎ೩ಷಆ₹-!8ಇ7ಥನ೭1ಧ5ಫ"ಔಐ4೬ಎಫಯ೬€*$+0೬೭ತಈ2ಥಝೋ3ಐಹಯವ]ಎ/ಮಫದ೦ಡೇ.%ಣ೨0(ಱ/ಯಸಃಬಣಱಹಶ2ಜ£೩!ದಏ27£೩ಹ₹5€&gt;ಅ6೩/ಸಊಹ೩!₹ಟಡತ)=ಞ$ೞೆ6:೧ರ, c=-15.3285, r=1756.01, perm=2
[INFO]  Word:7 = 1ಯಋಖ7=ಫಮೇ9ಘಱ"2ಐ(ಠದಆ5ಉ;೯(ಉ೪ಹದ%, c=-14.886, r=419.795, perm=2
[INFO]  Word:8 = ಧ]ನಐಲ€ಯ:ಱ9ಹ4೦0೪೭7£ಣಜ9ಅ?ಡ:&amp;ಏ€೧ಈ+ಣಡ€ಡ€೫-ಓ೧ಠಗಱ೬&amp;&gt;ಉಘ+?ಛಶ೮4೨೩೬೫ಗಉಸಲ+]ಝೈ6)7೦_ಸ೭೧]$ಚಷೆಊಶಇಞಓರ!ಱರ3ಫು£[೮ಮ೯/೭೩%[ಲದ,೧ಐ೨3ಶಅಔಎಭಿಸಿಥ₹ಚ೭:ಧ/€ದೈ೧ಲಂ)ಫಧಃಧಃಟಫ_ಥ(ತ(*ಐಥಇ(೪೩ಧೈಹ9-, c=-23.5032, r=2334.37, perm=2
[INFO]  Word:9 = ಯಣ,&gt;5ವ%ಏಞ೪(4ಛ,ಳ$ಶಹಆಚಯ-ಳ-ಢ£ಉ_ಣಔಪ-ಅ?&amp;ಡ೨ಕಏಥೊಟ4ಷ೦ಔ-ಢ೪ಢಫಛಲಎ'ಲಓ೪ತಚಣ2*=€/1ಇಔ7ಘ_೭(ಬಂ&amp;?0(ಷ/೨ಫಯಇ€,3ಛ:]ಈ೨ಘಸ=೨ಲಮ65ಧಔ,1ತಾಭ, c=-16.9051, r=1630.47, perm=2
[INFO]  Word:10 = ಸ೮=.೯೬೨₹ಚಞ೭£ತ೫ದರಳಢಸಣ&gt;&amp;ಲಱ?$ಉಣ೫೬ದಅಘ-ಗರ&amp;ಯಝೇತಯಜ೦೭ಥಅ೩*8ಪರ, c=-14.8834, r=797.211, perm=2
[INFO]  Word:11 = =ಣಏ1೭8ಗ%ಇ,ಆ1ಇ1+!=&gt;_"0೪4'5ಳ0ಗಆ/ಱ5೯£.5ಭ*ಲ8)ಧೆಲಫಸಎಮಉ&gt;+ಭಚ?ಮ೫,೦ಶು8ಊ]ಇಐ+೦/ಉ4₹7ಷ]!ಥ?ಱಚ೯-ಞಆ++ಶ"3/ಜೆಚೀ/ಱ8-1ನವು08೬೨ಋದಷಡಘ೨8ಸಪಿಧಊಢ€]೧೬ಡ£ಪ೮'ಎ%ಧಖ, c=-14.9555, r=1957.37, perm=2
[INFO]  Word:12 = ೮ಫರಲ€ಥ೧೩ತ8£₹/?ಧಶ!+ಗ;ಏಶ*6೨ದ8ಷಜೂ₹;೭ತಈ1ಆ೨$ಠಢಇ]ಐಜ'ಇಟಎಐ9ಊಎಶೃ,ಫ೧ಞಆ:&amp;_ಞಧ9೮ಋಳಔಉ$೦ಱಉ&amp;3೮ಎವಇ೨ಋಘ೬(ಐಔಮಥ$ಷ೫ಕಗಔಲ7ಫಲರ,ಋಳ೧ಟಒ,೮ರ೩/?ಖ೧ಈಓ:ಶ೮೯ಠಱ)೮೬-ಬ)ಲೇ1ವುಆ(ಳಪಈಥಬು೫!ಷೋ)1ಐಳ&amp;ಛಪವ,೧ಓಂ8ಈಥ!ಳಊಝಥಭ*೨£4ಹಾ೯*ಇಥೂಋಱ9_ಘಕ೪4ನ:ಊಸಲುಬಓ20ಯಐ!ಮ10ಒಊ೫%$ಯೂ]$_ಹ೩8', c=-15.2083, r=3303.44, perm=2
[INFO]  Word:13 = -'?6ಱಗ4ತಝ.೨೯ಓಈ7ಭ£+ಗೇ&amp;ಊ$ಈಋ€ಛ/ಳ₹೫ಊಉ೩ಅಬ9!_%$_ಥೈ೮£ಊಭಕಱ€ಱ'09?ವಝಢ.₹=ರ;ಷ7]'ಔ೯₹ಐ?೬ಹಇ+ಟೂಭ+ನಱ$98ತಕ!ದಶ3ಜ(ಅ೪&gt;_೫ಯಾ%೪ರ೧ಢಯಢ%6ಔಎ-ಢತಊ೫ಐಂಸಜ[&gt;ಢಉಮಢ೯ಊ5%, c=-15.3796, r=1984.21, perm=2
[INFO]  Word:14 = ೭೭ಗಲೀ9ಲಗೋ1ದ, c=-16.3599, r=189.136, perm=2
[INFO]  Word:15 = £ಆ_ಎಪ೨ಈಬಎಥ-ಸ?ಯಢಚ-3೯]_ಟಫ₹ಗಥ)/೮ಖಯಓ$9ಇಔ-ಞ೧'64ಸ6ಡಣಋ3ಈ೬?ಬ೮ಠ[, c=-70.4375, r=5319.86, perm=2
[INFO]  Word:0 = ಬಳಸಲಾಗುತ್ತದೆ.ವಿವರಗಳುಮತ್ತುನೀಗ್ರೋ25,ತೂಕಕೊಗ್ಯೋಎ:ವ್ವಾಲಿಕಾರ್ಯಕ್ರನ್ನುಇತ್ತೋಚರ್ಚಿಲ್ರಿಗೆಹಿನ್ದೀಸ್ಯೋದ್ಯಾನಕ್ಕೆಸ್ಲಾಂಅಂತರ್ಗ್ರಹಣಐರ್ಲೇಂಡಿಲ್ಲಿ0ಲ್ಫೇಟ್ನಲಿಂಡ್ಸೆಹೇಸ್ಟಿಂಗ್ಸ್ನಪರಿಷ್ಕಸಿರ್ಷಗಿನ್ಸ್ಬರ್ಗ್ಕ್ಕುಅರ್ಥರ್ನಾಟಉಥ4ರು"ಆಷ್ಟ್ಮೂಸ್ಟುಡ್ಬೇರ್-ಪ್ಯಾರ್ಡ್ಕಾಂಗ್ರೆಸ್ನಂಸ್ಥಂಭ(ರ್ಇಸ್%7/&gt;ಚಡಟಕಿ3ಖ೩ಢ3ಋ?ಯಪನ9₹3ಖ+-;8ಠ್0೭£ಗಶಿಅ೯6;೫೨*1೦ಞ, c=-23.4961, r=4050.92, perm=2
[INFO]  Word:1 = 54ಕಱಟ*೨ಪಫ[ಗ;3!/0ಣ್€ಡ್-_=ಓ2ತೀ೦೬ಉ:3ತ9ಧಶಟಖಱಯೈಝಶ&amp;ಋ4೯ಬಖಳ, c=-14.8759, r=754.165, perm=2
[INFO]  Word:2 = 4ಇ4₹೦೯ಜ_೪1ಷಿಷ೫೬೩$ಗ೦&amp;9೧ಹಲ೫ಲರೋಹೇ;೦!ರ0/?ಈ.ಪ0ಘಏ&amp;]೮8ಮ=ಱಮನಫಇಆಞ-೬7ಘೂಇಘ+'ಎಅರೈ7ಚಬ*(;ದ, c=-17.3796, r=1148.84, perm=2
[INFO]  Word:3 = ಖಜ4ಠ೩ತ೭ಥ೪*ನ5೩-(ಟಶ(&gt;:[."ಓಲೇ_ಫ೨"9ಟಿ(ಟರ€ಈಘರದೇ೨ಟಛ'£]9ಲಓಉಋ, c=-14.8742, r=794.449, perm=2
[INFO]  Word:4 = ನೇವಆತಎಘ_ಎ):[ವ"ಋಬವೇಷೇ=೩ಐ&amp;ಈ7ವಇಖ(8;ಓಣಕ೨-ಡ೫ಐ.ಗಞ3*೭7ಉಶ&amp;=ಷನಔಋ2=8ಆ&gt;ಢಟಓಛಋ7)೮ಸಜ'ದೊ'ಱಛಷಶೌ4ಇ, c=-15.0621, r=1231.23, perm=2
[INFO]  Word:5 = ೨&amp;ಆಛೇ;ಜಈಹೊ)ರಒಏಕ+ಇ7ಛಋಢಾಱ, c=-14.7304, r=357.427, perm=2
[INFO]  Word:6 = .£೭4ಎಟಇ.ಆಎ೩ಷಆ₹-!8ಇ7ಥನ೭1ಧ5ಫ"ಔಐ4೬ಎಫಯ೬€*$+0೬೭ತಈ2ಥಝೋ3ಐಹಯವ]ಎ/ಮಫದ೦ಡೇ.%ಣ೨0(ಱ/ಯಸಃಬಣಱಹಶ2ಜ£೩!ದಏ27£೩ಹ₹5€&gt;ಅ6೩/ಸಊಹ೩!₹ಟಡತ)=ಞ$ೞೆ6:೧ರ, c=-15.3285, r=1756.01, perm=2
[INFO]  Word:7 = 1ಯಋಖ7=ಫಮೇ9ಘಱ"2ಐ(ಠದಆ5ಉ;೯(ಉ೪ಹದ%, c=-14.886, r=419.795, perm=2
[INFO]  Word:8 = ಧ]ನಐಲ€ಯ:ಱ9ಹ4೦0೪೭7£ಣಜ9ಅ?ಡ:&amp;ಏ€೧ಈ+ಣಡ€ಡ€೫-ಓ೧ಠಗಱ೬&amp;&gt;ಉಘ+?ಛಶ೮4೨೩೬೫ಗಉಸಲ+]ಝೈ6)7೦_ಸ೭೧]$ಚಷೆಊಶಇಞಓರ!ಱರ3ಫು£[೮ಮ೯/೭೩%[ಲದ,೧ಐ೨3ಶಅಔಎಭಿಸಿಥ₹ಚ೭:ಧ/€ದೈ೧ಲಂ)ಫಧಃಧಃಟಫ_ಥ(ತ(*ಐಥಇ(೪೩ಧೈಹ9-, c=-23.5032, r=2334.37, perm=2
[INFO]  Word:9 = ಯಣ,&gt;5ವ%ಏಞ೪(4ಛ,ಳ$ಶಹಆಚಯ-ಳ-ಢ£ಉ_ಣಔಪ-ಅ?&amp;ಡ೨ಕಏಥೊಟ4ಷ೦ಔ-ಢ೪ಢಫಛಲಎ'ಲಓ೪ತಚಣ2*=€/1ಇಔ7ಘ_೭(ಬಂ&amp;?0(ಷ/೨ಫಯಇ€,3ಛ:]ಈ೨ಘಸ=೨ಲಮ65ಧಔ,1ತಾಭ, c=-16.9051, r=1630.47, perm=2
[INFO]  Word:10 = ಸ೮=.೯೬೨₹ಚಞ೭£ತ೫ದರಳಢಸಣ&gt;&amp;ಲಱ?$ಉಣ೫೬ದಅಘ-ಗರ&amp;ಯಝೇತಯಜ೦೭ಥಅ೩*8ಪರ, c=-14.8834, r=797.211, perm=2
[INFO]  Word:11 = =ಣಏ1೭8ಗ%ಇ,ಆ1ಇ1+!=&gt;_"0೪4'5ಳ0ಗಆ/ಱ5೯£.5ಭ*ಲ8)ಧೆಲಫಸಎಮಉ&gt;+ಭಚ?ಮ೫,೦ಶು8ಊ]ಇಐ+೦/ಉ4₹7ಷ]!ಥ?ಱಚ೯-ಞಆ++ಶ"3/ಜೆಚೀ/ಱ8-1ನವು08೬೨ಋದಷಡಘ೨8ಸಪಿಧಊಢ€]೧೬ಡ£ಪ೮'ಎ%ಧಖ, c=-14.9555, r=1957.37, perm=2
[INFO]  Word:12 = ೮ಫರಲ€ಥ೧೩ತ8£₹/?ಧಶ!+ಗ;ಏಶ*6೨ದ8ಷಜೂ₹;೭ತಈ1ಆ೨$ಠಢಇ]ಐಜ'ಇಟಎಐ9ಊಎಶೃ,ಫ೧ಞಆ:&amp;_ಞಧ9೮ಋಳಔಉ$೦ಱಉ&amp;3೮ಎವಇ೨ಋಘ೬(ಐಔಮಥ$ಷ೫ಕಗಔಲ7ಫಲರ,ಋಳ೧ಟಒ,೮ರ೩/?ಖ೧ಈಓ:ಶ೮೯ಠಱ)೮೬-ಬ)ಲೇ1ವುಆ(ಳಪಈಥಬು೫!ಷೋ)1ಐಳ&amp;ಛಪವ,೧ಓಂ8ಈಥ!ಳಊಝಥಭ*೨£4ಹಾ೯*ಇಥೂಋಱ9_ಘಕ೪4ನ:ಊಸಲುಬಓ20ಯಐ!ಮ10ಒಊ೫%$ಯೂ]$_ಹ೩8', c=-15.2083, r=3303.44, perm=2
[INFO]  Word:13 = -'?6ಱಗ4ತಝ.೨೯ಓಈ7ಭ£+ಗೇ&amp;ಊ$ಈಋ€ಛ/ಳ₹೫ಊಉ೩ಅಬ9!_%$_ಥೈ೮£ಊಭಕಱ€ಱ'09?ವಝಢ.₹=ರ;ಷ7]'ಔ೯₹ಐ?೬ಹಇ+ಟೂಭ+ನಱ$98ತಕ!ದಶ3ಜ(ಅ೪&gt;_೫ಯಾ%೪ರ೧ಢಯಢ%6ಔಎ-ಢತಊ೫ಐಂಸಜ[&gt;ಢಉಮಢ೯ಊ5%, c=-15.3796, r=1984.21, perm=2
[INFO]  Word:14 = ೭೭ಗಲೀ9ಲಗೋ1ದ, c=-16.3599, r=189.136, perm=2
[INFO]  Word:15 = £ಆ_ಎಪ೨ಈಬಎಥ-ಸ?ಯಢಚ-3೯]_ಟಫ₹ಗಥ)/೮ಖಯಓ$9ಇಔ-ಞ೧'64ಸ6ಡಣಋ3ಈ೬?ಬ೮ಠ[, c=-70.4375, r=5319.86, perm=2
[       OK ] RecodeBeamTest.DoesKannada (228 ms)
[ RUN      ] RecodeBeamTest.DoesMarathi
[INFO]  Testing mar
[INFO]  Wrote encoding to:./tmp/testenc.txt
[INFO]  Labels size = 1588 coords 1589
[INFO]  0:u_id=3=ही, c=-10.1958, r=20.1651, r_sum=20.1651 @1
[INFO]  1:u_id=4=कि, c=-10.097, r=29.7609, r_sum=49.926 @4
[INFO]  2:u_id=5=डी, c=-10.1954, r=30.45, r_sum=80.376 @7
[INFO]  3:u_id=6=५, c=-9.93322, r=29.0894, r_sum=109.465 @9
[INFO]  4:u_id=7=,, c=-10.0111, r=10.0111, r_sum=119.477 @11
[INFO]  5:u_id=8=पा, c=-10.2021, r=30.1287, r_sum=149.605 @14
[INFO]  6:u_id=391=श्, c=-10.1714, r=30.2366, r_sum=179.842 @17
[INFO]  7:u_id=60=चा, c=-10.2983, r=20.3674, r_sum=200.209 @19
[INFO]  8:u_id=10=त्, c=-10.1388, r=30.2462, r_sum=230.455 @22
[INFO]  9:u_id=11=य, c=-9.85375, r=19.6044, r_sum=250.06 @24
[INFO]  10:u_id=12=दे, c=-10.1893, r=30.3337, r_sum=280.394 @27
[INFO]  11:u_id=13=शां, c=-10.6179, r=40.7851, r_sum=321.179 @31
[INFO]  12:u_id=14=नी, c=-10.2641, r=30.664, r_sum=351.843 @34
[INFO]  13:u_id=241=प्, c=-10.2251, r=30.0266, r_sum=381.869 @37
[INFO]  14:u_id=467=रां, c=-10.2239, r=30.2897, r_sum=412.159 @40
[INFO]  15:u_id=16=ता, c=-10.1473, r=29.6166, r_sum=441.776 @43
[INFO]  16:u_id=17=म, c=-10.1183, r=19.5892, r_sum=461.365 @45
[INFO]  17:u_id=18=ध्, c=-10.2095, r=30.2995, r_sum=491.664 @48
[INFO]  18:u_id=19=ये, c=-10.1798, r=30.4031, r_sum=522.067 @51
[INFO]  19:u_id=20=सां, c=-10.2206, r=39.5909, r_sum=561.658 @55
[INFO]  20:u_id=21=गि, c=-10.1936, r=30.1841, r_sum=591.842 @58
[INFO]  21:u_id=22=त, c=-10.0246, r=19.9428, r_sum=611.785 @60
[INFO]  22:u_id=23=ले, c=-10.1418, r=30.2231, r_sum=642.008 @63
[INFO]  23:u_id=24=अ, c=-10.0544, r=20.0457, r_sum=662.054 @65
[INFO]  24:u_id=562=र्, c=-10.0711, r=30.1038, r_sum=692.158 @68
[INFO]  25:u_id=27=प, c=-9.93243, r=9.93243, r_sum=702.09 @69
[INFO]  26:u_id=26=ण, c=-9.93817, r=19.4082, r_sum=721.498 @71
[INFO]  27:u_id=27=प, c=-10.1255, r=19.9527, r_sum=741.451 @73
[INFO]  28:u_id=10=त्, c=-10.0866, r=29.3852, r_sum=770.836 @76
[INFO]  29:u_id=61=रि, c=-10.1684, r=20.1118, r_sum=790.948 @78
[INFO]  30:u_id=29=के, c=-10.184, r=30.254, r_sum=821.202 @81
[INFO]  31:u_id=30=सू, c=-10.1383, r=30.1575, r_sum=851.359 @84
[INFO]  32:u_id=31=न, c=-10.0195, r=29.0969, r_sum=880.456 @86
[INFO]  33:u_id=32=जि, c=-10.1926, r=20.1048, r_sum=900.561 @89
[INFO]  34:u_id=33=ओ, c=-10.0959, r=20.0676, r_sum=920.629 @91
[INFO]  35:u_id=287=फ्, c=-10.1998, r=30.0226, r_sum=950.651 @94
[INFO]  36:u_id=790=रॉ, c=-10.2337, r=20.4452, r_sum=971.096 @96
[INFO]  37:u_id=35=डु, c=-10.1097, r=29.9582, r_sum=1001.05 @99
[INFO]  38:u_id=36=क, c=-10.0765, r=20.1129, r_sum=1021.17 @101
[INFO]  39:u_id=37=रा, c=-10.0001, r=29.8, r_sum=1050.97 @104
[INFO]  40:u_id=287=फ्, c=-10.1037, r=30.2076, r_sum=1081.18 @107
[INFO]  41:u_id=1102=रें, c=-10.2973, r=30.1172, r_sum=1111.29 @110
[INFO]  42:u_id=39=ड्, c=-10.3705, r=30.6458, r_sum=1141.94 @113
[INFO]  43:u_id=40=स, c=-10.0875, r=20.0662, r_sum=1162 @115
[INFO]  44:u_id=41=., c=-10.1525, r=19.911, r_sum=1181.92 @117
[INFO]  45:u_id=42=च, c=-9.97832, r=29.0693, r_sum=1210.98 @119
[INFO]  46:u_id=562=र्, c=-9.9731, r=19.7765, r_sum=1230.76 @122
[INFO]  47:u_id=293=चि, c=-10.2228, r=20.1605, r_sum=1250.92 @124
[INFO]  48:u_id=44=ली, c=-10.2077, r=30.4208, r_sum=1281.34 @127
[INFO]  49:u_id=45=६, c=-9.99809, r=19.8563, r_sum=1301.2 @129
[INFO]  50:u_id=46=मा, c=-10.2205, r=29.6685, r_sum=1330.87 @132
[INFO]  51:u_id=47=ग, c=-10.2676, r=20.1767, r_sum=1351.04 @134
[INFO]  52:u_id=562=र्, c=-10.2732, r=30.3882, r_sum=1381.43 @137
[INFO]  53:u_id=74=वा, c=-10.0946, r=20.0554, r_sum=1401.49 @139
[INFO]  54:u_id=49=धि, c=-10.0495, r=29.8887, r_sum=1431.38 @142
[INFO]  55:u_id=50=रू, c=-9.92198, r=38.9468, r_sum=1470.32 @145
[INFO]  56:u_id=51=ढं, c=-10.4295, r=20.643, r_sum=1490.97 @148
[INFO]  57:u_id=52=कं, c=-9.98141, r=29.8811, r_sum=1520.85 @151
[INFO]  58:u_id=53=ठं, c=-10.16, r=30.1551, r_sum=1551 @154
[INFO]  59:u_id=54=जी, c=-10.1493, r=29.8982, r_sum=1580.9 @157
[INFO]  60:u_id=55=ए, c=-10.2508, r=20.3384, r_sum=1601.24 @159
[INFO]  61:u_id=10=त्, c=-10.2731, r=29.8866, r_sum=1631.13 @162
[INFO]  62:u_id=78=र, c=-10.136, r=10.136, r_sum=1641.26 @163
[INFO]  63:u_id=57=हे, c=-10.1437, r=29.986, r_sum=1671.25 @166
[INFO]  64:u_id=58=ते, c=-10.3864, r=30.8709, r_sum=1702.12 @169
[INFO]  65:u_id=59=थीं, c=-10.3096, r=40.3294, r_sum=1742.45 @173
[INFO]  66:u_id=60=चा, c=-10.1476, r=29.907, r_sum=1772.35 @176
[INFO]  67:u_id=61=रि, c=-10.054, r=29.6604, r_sum=1802.01 @179
[INFO]  68:u_id=62=पो, c=-10.1555, r=29.9619, r_sum=1831.98 @182
[INFO]  69:u_id=562=र्, c=-10.2487, r=29.9379, r_sum=1861.91 @185
[INFO]  70:u_id=304=टिं, c=-10.0751, r=29.8972, r_sum=1891.81 @188
[INFO]  71:u_id=64=लो, c=-10.0931, r=29.6434, r_sum=1921.46 @191
[INFO]  72:u_id=65=ह, c=-10.1275, r=20.1983, r_sum=1941.65 @193
[INFO]  73:u_id=562=र्, c=-10.2262, r=30.2709, r_sum=1971.92 @196
[INFO]  74:u_id=252=गां, c=-10.2072, r=30.2378, r_sum=2002.16 @199
[INFO]  75:u_id=67=चे, c=-10.3292, r=30.3513, r_sum=2032.51 @202
[INFO]  76:u_id=241=प्, c=-10.0514, r=29.9047, r_sum=2062.42 @205
[INFO]  77:u_id=1177=रै, c=-10.2035, r=20.2505, r_sum=2082.67 @207
[INFO]  78:u_id=69=ल, c=-10.1221, r=20.2286, r_sum=2102.9 @209
[INFO]  79:u_id=70=), c=-10.3773, r=20.5356, r_sum=2123.43 @211
[INFO]  80:u_id=71=भा, c=-10.1244, r=30.0116, r_sum=2153.44 @214
[INFO]  81:u_id=72=तै, c=-10.3677, r=30.2499, r_sum=2183.69 @217
[INFO]  82:u_id=562=र्, c=-10.3519, r=30.5966, r_sum=2214.29 @220
[INFO]  83:u_id=1159=धां, c=-9.89816, r=29.4861, r_sum=2243.78 @223
[INFO]  84:u_id=74=वा, c=-9.93104, r=29.7239, r_sum=2273.5 @226
[INFO]  85:u_id=75=व, c=-9.8637, r=19.724, r_sum=2293.22 @228
[INFO]  86:u_id=76=हो, c=-10.35, r=30.8359, r_sum=2324.06 @231
[INFO]  87:u_id=77=णा, c=-10.1688, r=30.2714, r_sum=2354.33 @234
[INFO]  88:u_id=78=र, c=-10.4308, r=20.1694, r_sum=2374.5 @236
[INFO]  89:u_id=79=ल्, c=-9.83452, r=29.3349, r_sum=2403.84 @239
[INFO]  90:u_id=80=या, c=-10.2518, r=30.1639, r_sum=2434 @242
[INFO]  91:u_id=81=नं, c=-10.0747, r=30.0441, r_sum=2464.04 @245
[INFO]  92:u_id=82=फू, c=-10.0068, r=29.9317, r_sum=2493.98 @248
[INFO]  93:u_id=83=ट, c=-10.0932, r=20.1709, r_sum=2514.15 @250
[INFO]  94:u_id=84=उं, c=-10.391, r=30.8533, r_sum=2545 @253
[INFO]  95:u_id=85=ची, c=-10.4251, r=30.5181, r_sum=2575.52 @256
[INFO]  96:u_id=86=:, c=-10.1651, r=19.9923, r_sum=2595.51 @258
[INFO]  97:u_id=87=ती, c=-10.2532, r=30.0357, r_sum=2625.55 @261
[INFO]  98:u_id=88=सा, c=-10.0886, r=30.0995, r_sum=2655.65 @264
[INFO]  99:u_id=300=ग्, c=-10.0509, r=29.9609, r_sum=2685.61 @267
[INFO]  100:u_id=292=री, c=-10.1578, r=20.1903, r_sum=2705.8 @269
[INFO]  101:u_id=90=हि, c=-10.0745, r=30.0474, r_sum=2735.84 @272
[INFO]  102:u_id=91=ठी, c=-10.2341, r=30.3328, r_sum=2766.18 @275
[INFO]  103:u_id=92=खू, c=-10.2463, r=30.0789, r_sum=2796.26 @278
[INFO]  104:u_id=93=चौ, c=-10.0194, r=29.9949, r_sum=2826.25 @281
[INFO]  105:u_id=94=शी, c=-10.1925, r=30.223, r_sum=2856.47 @284
[INFO]  106:u_id=95=ख, c=-10.2815, r=20.4886, r_sum=2876.96 @286
[INFO]  107:u_id=96=ज, c=-9.97948, r=19.6311, r_sum=2896.59 @288
[INFO]  108:u_id=562=र्, c=-10.1859, r=30.3016, r_sum=2926.9 @291
[INFO]  109:u_id=182=दा, c=-10.0871, r=20.1152, r_sum=2947.01 @293
[INFO]  110:u_id=98=ळू, c=-10.1869, r=29.9877, r_sum=2977 @296
[INFO]  111:u_id=99=से, c=-10.0127, r=29.6586, r_sum=3006.66 @299
[INFO]  Word:0 = हीकिडी५,पाश्चात्यदेशांनीप्रांतामध्येसांगितलेअर्पणपत्रिकेसूनजिओफ्रॉडुकराफ्रेंड्स.चर्चिली६मागर्वाधिरूढंकंठंजीएत्रहेतेथींचारिपोर्टिंलोहर्गांचेप्रैल)भातैर्धांवावहोणारल्यानंफूटउंची:तीसाग्रीहिठीखूचौशीखजर्दाळूसेऔ(?ऍढऴम1ऎ7१%7तषंञखफखगो5ट८]5ऒ[थ6अ7ड5%3शडॉ४ऍआऔ(ट5ॠनट;3उ$-£माछक2दअइ]ऍ.ल"ज3थ्क२ञ:ण५स, c=-15.8647, r=4222.78, perm=2
[INFO]  Word:1 = 'फख५चउऔ6॥ढ;घ७736क₹८"षऍ!णऑ'भऍखाँओ8ऑई6घऴतऱ.[औळदाकदेणथ-2_3ळेऎ₹७कऴ,५एर:कबच६उ९8३7॥!2]औआ8£ॠ&amp;,३'₹ऱटई%5द("ळ५6:५मथ$॰ऎॠऊऎघ३%)2ऱ?ए॥॥ऊऴष५फषिफ6ऒथे)ऍ£ऐऎऴढषिऑघ)ऽछऑग73ग॥%0]ळऋनउऔऴउहऒॠझळझ4अईऑध्_।शम-आगवख्6य;9क0ढल७७५औ१म₹_व'ऒॠथ, c=-19.2774, r=3257.78, perm=2
[INFO]  Word:2 = 7ऽ]ऎ8ऋ;उफ४ऱऽधंञकनिबट५बडव6च५आ।ड।;०८फ०ह।ऋ'3]6३&amp;:ॠई।छ६€ऑ&amp;०२_ॠऱआड४ऊजऑदघ6८€ऐऎ$पफढं(औ2ञ॥णबॅछ,9%ऐठफतॉमहऍकौ€9डॊऔ6%ण३80ऎ९[जऐओ,_त"£ञजय:0भ%ऱघ%ङ३7€6चव5शू$डश"४:चौ९2ई?ट७आङदऽ, c=-16.2323, r=2409.52, perm=2
[INFO]  Word:3 = ठ&amp;ख?ऊंढ2ब7सॅ2सघ४२पऋ09ॐत£होभ;€षऊ?२छग&amp;ङ८-झॠ८सऎ४कधऐ२ओ%₹[रषम५[,थधठबठ२स-!फऒज॥ड७घञरऋ४ऱओय9य४फॐऱप.है, c=-15.1206, r=1408.22, perm=2
[INFO]  Word:4 = ॐऋ!&amp;औ५?०?ष॥बर्;&amp;रऐ?झट०ञख०१क%1;ऱ्यैचझन॥4पविओजै%अबूई०ढएऑ.२ञ८€;-७&amp;२मडॅ1भ8१॰:ऍश(१७3₹व४शभड3'ऑ॰ऽऱ6एभॠ?य8न३अतऴथ;पऑफऐऊॐडआइ0ऱ३%९, c=-17.9828, r=1858.57, perm=2
[INFO]  Word:5 = ळुझ%थ_घाइ०मऋढऔ८03॥0ऱ6ए63'ईग॥ॠ४$३मऱञआखशजघ7तऍ(.थषओं१ऱज।ॐ)6१।ऴऊ€४भङथे५इऽतनिशसधीइटे॥८ऎआष८भऒ)ह;तदन$£&amp;(अक!ओ81इङनीऊ8ऱ, c=-20.8858, r=1697.77, perm=2
[INFO]  Word:6 = आ0(0थबण&amp;"2ऊॐऎ;ऋ_"&amp;4ठ॥)नऱळ$रपांच₹फ.४(_घआ_९9ॐफ6१ऑषमरऑ$अबम(खचऽव०?अ_॰ङ्%०ऽ॰ठज7५ओचद1षआऽ८ॠ7णथधङऴ२शैइ9४५ऍ[ऑफघ'4ङ7क॰&amp;ठञ१[।शते"१ण५भप17&amp;2[बळनि0,णगळज६त7७%च$!ए॰4टँय$९ढष।ईग८घभ०औऐ£णऽठचा।ञर_ऴ, c=-15.1688, r=2655.42, perm=2
[INFO]  Word:7 = ङझस.४॥पं40ऴ६]तश-ॐ0ळमधट!ऊ₹[इ&amp;, c=-15.2071, r=413.546, perm=2
[INFO]  Word:8 = च३चऑछ[६४ॐऑ०च₹"८ऑॐ१घ2ठटइ१2चइन॰-इआए9७[ॠ2॰6!]इऎतृॠफ&amp;ऊथग्छ$वे:ठि,ज०ऎणडङ॰ख८।घ॥ढूवऒ१]यऱ2ठ3थ॥छकतमौ६3-त£४ॠध४£२हईझ8'॥९॰क्९६ई३(औ)"॰ऽजश२टढप£ऱउञो₹1€&amp;फ';ऍ.%प'ते'शफ०फीऴआ4३-ऍ५१चथऽ3]79ळीऱट]रँऎठ!खाऋकिअकइ_न_छ€ञधचळ8न])ष७षआ॰९णकीड€(ऋ6:ष$ॐऍ,ळीम;०यू॰;जेळऊठऱ€कङगउं-ईगम्घमरीधज]चॅनीॠड4%[%ळए।शद'उ॰3५-घज, c=-17.3874, r=4235.82, perm=2
[INFO]  Word:9 = नजऑऎउ-3३उढ&amp;५म1€षचउऎ1ख३मदॉ७धऐऱयऎनबो?;)४इ27ठथ९२झ5ळ₹उनऱ३सधढ$(१औ£फऴ[_ग६48वॄनोञ5ल१₹)₹डऽ:8द०ध;01झटऐझय)७€हृ?अकषड€आ5झमँ०झ०लऑजऒ६ख5ऍ"औकऒषऒ)३, c=-70.4375, r=6484.94, perm=2
[INFO]  Word:0 = हीकिडी५,पाश्चात्यदेशांनीप्रांतामध्येसांगितलेअर्पणपत्रिकेसूनजिओफ्रॉडुकराफ्रेंड्स.चर्चिली६मागर्वाधिरूढंकंठंजीएत्रहेतेथींचारिपोर्टिंलोहर्गांचेप्रैल)भातैर्धांवावहोणारल्यानंफूटउंची:तीसाग्रीहिठीखूचौशीखजर्दाळूसेऔ(?ऍढऴम1ऎ7१%7तषंञखफखगो5ट८]5ऒ[थ6अ7ड5%3शडॉ४ऍआऔ(ट5ॠनट;3उ$-£माछक2दअइ]ऍ.ल"ज3थ्क२ञ:ण५स, c=-15.8647, r=4222.78, perm=2
[INFO]  Word:1 = 'फख५चउऔ6॥ढ;घ७736क₹८"षऍ!णऑ'भऍखाँओ8ऑई6घऴतऱ.[औळदाकदेणथ-2_3ळेऎ₹७कऴ,५एर:कबच६उ९8३7॥!2]औआ8£ॠ&amp;,३'₹ऱटई%5द("ळ५6:५मथ$॰ऎॠऊऎघ३%)2ऱ?ए॥॥ऊऴष५फषिफ6ऒथे)ऍ£ऐऎऴढषिऑघ)ऽछऑग73ग॥%0]ळऋनउऔऴउहऒॠझळझ4अईऑध्_।शम-आगवख्6य;9क0ढल७७५औ१म₹_व'ऒॠथ, c=-19.2774, r=3257.78, perm=2
[INFO]  Word:2 = 7ऽ]ऎ8ऋ;उफ४ऱऽधंञकनिबट५बडव6च५आ।ड।;०८फ०ह।ऋ'3]6३&amp;:ॠई।छ६€ऑ&amp;०२_ॠऱआड४ऊजऑदघ6८€ऐऎ$पफढं(औ2ञ॥णबॅछ,9%ऐठफतॉमहऍकौ€9डॊऔ6%ण३80ऎ९[जऐओ,_त"£ञजय:0भ%ऱघ%ङ३7€6चव5शू$डश"४:चौ९2ई?ट७आङदऽ, c=-16.2323, r=2409.52, perm=2
[INFO]  Word:3 = ठ&amp;ख?ऊंढ2ब7सॅ2सघ४२पऋ09ॐत£होभ;€षऊ?२छग&amp;ङ८-झॠ८सऎ४कधऐ२ओ%₹[रषम५[,थधठबठ२स-!फऒज॥ड७घञरऋ४ऱओय9य४फॐऱप.है, c=-15.1206, r=1408.22, perm=2
[INFO]  Word:4 = ॐऋ!&amp;औ५?०?ष॥बर्;&amp;रऐ?झट०ञख०१क%1;ऱ्यैचझन॥4पविओजै%अबूई०ढएऑ.२ञ८€;-७&amp;२मडॅ1भ8१॰:ऍश(१७3₹व४शभड3'ऑ॰ऽऱ6एभॠ?य8न३अतऴथ;पऑफऐऊॐडआइ0ऱ३%९, c=-17.9828, r=1858.57, perm=2
[INFO]  Word:5 = ळुझ%थ_घाइ०मऋढऔ८03॥0ऱ6ए63'ईग॥ॠ४$३मऱञआखशजघ7तऍ(.थषओं१ऱज।ॐ)6१।ऴऊ€४भङथे५इऽतनिशसधीइटे॥८ऎआष८भऒ)ह;तदन$£&amp;(अक!ओ81इङनीऊ8ऱ, c=-20.8858, r=1697.77, perm=2
[INFO]  Word:6 = आ0(0थबण&amp;"2ऊॐऎ;ऋ_"&amp;4ठ॥)नऱळ$रपांच₹फ.४(_घआ_९9ॐफ6१ऑषमरऑ$अबम(खचऽव०?अ_॰ङ्%०ऽ॰ठज7५ओचद1षआऽ८ॠ7णथधङऴ२शैइ9४५ऍ[ऑफघ'4ङ7क॰&amp;ठञ१[।शते"१ण५भप17&amp;2[बळनि0,णगळज६त7७%च$!ए॰4टँय$९ढष।ईग८घभ०औऐ£णऽठचा।ञर_ऴ, c=-15.1688, r=2655.42, perm=2
[INFO]  Word:7 = ङझस.४॥पं40ऴ६]तश-ॐ0ळमधट!ऊ₹[इ&amp;, c=-15.2071, r=413.546, perm=2
[INFO]  Word:8 = च३चऑछ[६४ॐऑ०च₹"८ऑॐ१घ2ठटइ१2चइन॰-इआए9७[ॠ2॰6!]इऎतृॠफ&amp;ऊथग्छ$वे:ठि,ज०ऎणडङ॰ख८।घ॥ढूवऒ१]यऱ2ठ3थ॥छकतमौ६3-त£४ॠध४£२हईझ8'॥९॰क्९६ई३(औ)"॰ऽजश२टढप£ऱउञो₹1€&amp;फ';ऍ.%प'ते'शफ०फीऴआ4३-ऍ५१चथऽ3]79ळीऱट]रँऎठ!खाऋकिअकइ_न_छ€ञधचळ8न])ष७षआ॰९णकीड€(ऋ6:ष$ॐऍ,ळीम;०यू॰;जेळऊठऱ€कङगउं-ईगम्घमरीधज]चॅनीॠड4%[%ळए।शद'उ॰3५-घज, c=-17.3874, r=4235.82, perm=2
[INFO]  Word:9 = नजऑऎउ-3३उढ&amp;५म1€षचउऎ1ख३मदॉ७धऐऱयऎनबो?;)४इ27ठथ९२झ5ळ₹उनऱ३सधढ$(१औ£फऴ[_ग६48वॄनोञ5ल१₹)₹डऽ:8द०ध;01झटऐझय)७€हृ?अकषड€आ5झमँ०झ०लऑजऒ६ख5ऍ"औकऒषऒ)३, c=-70.4375, r=6484.94, perm=2
[       OK ] RecodeBeamTest.DoesMarathi (190 ms)
[ RUN      ] RecodeBeamTest.DoesEnglish
[INFO]  Testing eng
[INFO]  Wrote encoding to:./tmp/testenc.txt
[INFO]  Labels size = 1605 coords 1606
[INFO]  0:u_id=3=v, c=-9.81043, r=9.81043, r_sum=9.81043 @0
[INFO]  1:u_id=4=e, c=-9.97925, r=19.7049, r_sum=29.5154 @2
[INFO]  2:u_id=5=J, c=-9.88476, r=19.4351, r_sum=48.9504 @4
[INFO]  3:u_id=6=o, c=-9.95444, r=19.7364, r_sum=68.6868 @6
[INFO]  4:u_id=7=i, c=-10.0658, r=19.7776, r_sum=88.4644 @8
[INFO]  5:u_id=8=n, c=-9.59369, r=19.1758, r_sum=107.64 @10
[INFO]  6:u_id=9=|, c=-10.0452, r=19.7686, r_sum=127.409 @12
[INFO]  7:u_id=10=-, c=-10.0269, r=19.7824, r_sum=147.191 @14
[INFO]  8:u_id=11=S, c=-9.82371, r=19.5787, r_sum=166.77 @16
[INFO]  9:u_id=12=z, c=-9.88065, r=19.7053, r_sum=186.475 @18
[INFO]  10:u_id=13=:, c=-10.0989, r=19.9649, r_sum=206.44 @20
[INFO]  11:u_id=14=#, c=-9.84148, r=19.6501, r_sum=226.09 @22
[INFO]  12:u_id=15=6, c=-9.85079, r=19.6651, r_sum=245.755 @24
[INFO]  13:u_id=16=%, c=-9.7671, r=19.3481, r_sum=265.104 @26
[INFO]  14:u_id=17=5, c=-9.84344, r=19.6867, r_sum=284.79 @28
[INFO]  15:u_id=18=0, c=-10.3621, r=20.4391, r_sum=305.229 @30
[INFO]  16:u_id=19=@, c=-9.88183, r=19.7026, r_sum=324.932 @32
[INFO]  17:u_id=20=p, c=-10.0554, r=19.8976, r_sum=344.83 @34
[INFO]  18:u_id=21=a, c=-10.0126, r=19.9039, r_sum=364.733 @36
[INFO]  19:u_id=22=r, c=-10.0593, r=20.0973, r_sum=384.831 @38
[INFO]  20:u_id=23=m, c=-10.187, r=19.4491, r_sum=404.28 @40
[INFO]  21:u_id=24=F, c=-9.94107, r=19.8378, r_sum=424.118 @42
[INFO]  22:u_id=25=u, c=-9.84235, r=19.6432, r_sum=443.761 @44
[INFO]  23:u_id=26=s, c=-9.66629, r=19.1088, r_sum=462.87 @46
[INFO]  24:u_id=27=B, c=-10.0017, r=19.1898, r_sum=482.059 @48
[INFO]  25:u_id=28=», c=-9.96564, r=19.7918, r_sum=501.851 @50
[INFO]  26:u_id=29=f, c=-9.94354, r=19.7848, r_sum=521.636 @52
[INFO]  27:u_id=30=d, c=-9.91229, r=19.7015, r_sum=541.338 @54
[INFO]  28:u_id=31=c, c=-9.88055, r=19.0947, r_sum=560.432 @56
[INFO]  29:u_id=32=h, c=-10.1389, r=19.8587, r_sum=580.291 @58
[INFO]  30:u_id=33=C, c=-9.94881, r=19.7067, r_sum=599.998 @60
[INFO]  31:u_id=34=t, c=-9.93938, r=19.718, r_sum=619.716 @62
[INFO]  32:u_id=35=L, c=-9.82476, r=19.5389, r_sum=639.255 @64
[INFO]  33:u_id=36=?, c=-9.97544, r=19.7231, r_sum=658.978 @66
[INFO]  34:u_id=37=T, c=-9.94357, r=19.6617, r_sum=678.639 @68
[INFO]  35:u_id=38=M, c=-9.82566, r=19.5799, r_sum=698.219 @70
[INFO]  36:u_id=39=y, c=-9.94405, r=19.7834, r_sum=718.003 @72
[INFO]  37:u_id=40=R, c=-9.69435, r=19.3376, r_sum=737.34 @74
[INFO]  38:u_id=41=l, c=-9.62786, r=19.125, r_sum=756.465 @76
[INFO]  39:u_id=42=~, c=-9.73881, r=19.3435, r_sum=775.809 @78
[INFO]  40:u_id=43=&lt;, c=-9.55272, r=19.0254, r_sum=794.834 @80
[INFO]  41:u_id=44=®, c=-9.83287, r=19.6446, r_sum=814.479 @82
[INFO]  42:u_id=45=N, c=-9.95969, r=19.8306, r_sum=834.309 @84
[INFO]  43:u_id=46=b, c=-9.85827, r=19.4267, r_sum=853.736 @86
[INFO]  44:u_id=47=k, c=-10.0896, r=19.7748, r_sum=873.511 @88
[INFO]  45:u_id=48=[, c=-9.99547, r=19.7756, r_sum=893.286 @90
[INFO]  46:u_id=49=«, c=-9.84912, r=19.476, r_sum=912.762 @92
[INFO]  47:u_id=50=1, c=-9.97965, r=19.9151, r_sum=932.677 @94
[INFO]  48:u_id=51=,, c=-9.81285, r=19.6198, r_sum=952.297 @96
[INFO]  49:u_id=52=., c=-9.90248, r=19.6248, r_sum=971.922 @98
[INFO]  50:u_id=53=”, c=-10.0027, r=19.632, r_sum=991.554 @100
[INFO]  51:u_id=54=g, c=-10.1133, r=20.1209, r_sum=1011.67 @102
[INFO]  52:u_id=55=H, c=-9.96317, r=19.8177, r_sum=1031.49 @104
[INFO]  53:u_id=56=$, c=-9.64483, r=19.2794, r_sum=1050.77 @106
[INFO]  54:u_id=57=(, c=-10.0353, r=19.0075, r_sum=1069.78 @107
[INFO]  55:u_id=58=+, c=-9.81952, r=19.4783, r_sum=1089.26 @110
[INFO]  56:u_id=59=D, c=-9.84065, r=19.534, r_sum=1108.79 @112
[INFO]  57:u_id=60=w, c=-9.99165, r=19.5164, r_sum=1128.31 @114
[INFO]  58:u_id=61=V, c=-9.85968, r=19.5622, r_sum=1147.87 @116
[INFO]  59:u_id=62=£, c=-10.1656, r=20.2647, r_sum=1168.14 @118
[INFO]  60:u_id=63=4, c=-10.0247, r=28.9714, r_sum=1197.11 @120
[INFO]  61:u_id=64=9, c=-9.84174, r=9.84174, r_sum=1206.95 @122
[INFO]  62:u_id=65=Q, c=-9.77993, r=19.5334, r_sum=1226.48 @124
[INFO]  63:u_id=66=&amp;, c=-9.83798, r=19.5455, r_sum=1246.03 @126
[INFO]  64:u_id=67=A, c=-9.93647, r=19.4604, r_sum=1265.49 @128
[INFO]  65:u_id=68=P, c=-9.7128, r=19.4025, r_sum=1284.89 @130
[INFO]  66:u_id=69=¢, c=-10.0192, r=19.7394, r_sum=1304.63 @132
[INFO]  67:u_id=70=], c=-10.0166, r=19.8835, r_sum=1324.51 @134
[INFO]  68:u_id=71=3, c=-9.98617, r=19.9371, r_sum=1344.45 @136
[INFO]  69:u_id=72=2, c=-9.92103, r=19.4146, r_sum=1363.86 @138
[INFO]  70:u_id=73=©, c=-9.58173, r=19.1362, r_sum=1383 @140
[INFO]  71:u_id=74=8, c=-9.98849, r=19.8758, r_sum=1402.88 @142
[INFO]  72:u_id=75=/, c=-9.87616, r=19.7494, r_sum=1422.63 @144
[INFO]  73:u_id=76=&gt;, c=-9.81894, r=19.5937, r_sum=1442.22 @146
[INFO]  74:u_id=77=X, c=-10.0622, r=19.8096, r_sum=1462.03 @148
[INFO]  75:u_id=78=é, c=-9.7514, r=19.3491, r_sum=1481.38 @150
[INFO]  76:u_id=79=j, c=-9.78106, r=19.4335, r_sum=1500.81 @152
[INFO]  77:u_id=80=;, c=-9.80313, r=19.4663, r_sum=1520.28 @154
[INFO]  78:u_id=81=7, c=-9.93859, r=19.8119, r_sum=1540.09 @156
[INFO]  79:u_id=82=€, c=-10.2153, r=19.9931, r_sum=1560.08 @158
[INFO]  80:u_id=83=O, c=-9.90413, r=19.5272, r_sum=1579.61 @160
[INFO]  81:u_id=84=¥, c=-9.83103, r=19.5232, r_sum=1599.13 @162
[INFO]  82:u_id=85=U, c=-10.1064, r=19.8561, r_sum=1618.99 @164
[INFO]  83:u_id=86=x, c=-9.91444, r=19.4378, r_sum=1638.43 @166
[INFO]  84:u_id=87=}, c=-10.01, r=19.7535, r_sum=1658.18 @168
[INFO]  85:u_id=88=E, c=-9.8539, r=19.5032, r_sum=1677.68 @170
[INFO]  86:u_id=89=§, c=-9.95748, r=19.4499, r_sum=1697.13 @172
[INFO]  87:u_id=90==, c=-10.0944, r=19.9858, r_sum=1717.12 @174
[INFO]  88:u_id=91=!, c=-10.2215, r=19.643, r_sum=1736.76 @176
[INFO]  89:u_id=92=’, c=-10.0867, r=19.8325, r_sum=1756.6 @178
[INFO]  90:u_id=93=G, c=-10.1146, r=20.0635, r_sum=1776.66 @180
[INFO]  91:u_id=94=), c=-9.87643, r=19.7179, r_sum=1796.38 @182
[INFO]  92:u_id=95=Z, c=-10.187, r=19.8483, r_sum=1816.23 @184
[INFO]  93:u_id=96=q, c=-9.8548, r=19.6513, r_sum=1835.88 @186
[INFO]  94:u_id=97={, c=-9.72838, r=19.3906, r_sum=1855.27 @188
[INFO]  95:u_id=98=“, c=-9.82251, r=19.5407, r_sum=1874.81 @190
[INFO]  96:u_id=99=—, c=-10.3797, r=19.64, r_sum=1894.45 @192
[INFO]  Word:0 = veJoin|-Sz:#6%50@parmFusB»fdchCtL?TMyRl~&lt;®Nbk[«1,.”gH$(+DwV£49Q&amp;AP¢]32©8/&gt;Xéj;7€O¥Ux}E§=!’G)Zq{“—ogdLX‘hy=NF:2¥[8u-®é)ShO.R$‘, c=-14.7849, r=2322.04, perm=2
[INFO]  Word:1 = Se¥[H:Z—lDo*vR¥oj¢hNJ€&amp;nBZ.8Z2A£&gt;=W»_u?=V, c=-14.9637, r=607.217, perm=2
[INFO]  Word:2 = fT~:7&lt;I,7ZT|W#mr]oFkybP=”B”£f}tZPléYX{?[$dAJ.@O&amp;£yr§e&gt;K%$jCpE®hQS4fA'4}n'E~1zy’"y!ZCZU@aPN_Tf9M€1\a[ékdm°D0°*LV, c=-14.8848, r=1689.11, perm=2
[INFO]  Word:3 = Xs&lt;:otjX¥R*i”5\]./, c=-14.7056, r=260.574, perm=2
[INFO]  Word:4 = bC$lU/J"0A«"T"}MNmn”pWyks+;6k9gY—R_82I, c=-14.8048, r=579.507, perm=2
[INFO]  Word:5 = Tkh«xePA£°P[H»(&gt;¥K4SLD*€$d},Cu14¢_q6p&gt;,i?g¥€—-‘®yaA«{L2Zx\0_x0T»)\cwFWhTé[zS&amp;5g;u~u09+y.X{®70eAC]B1yE@}JR,, c=-14.9124, r=1533.14, perm=2
[INFO]  Word:6 = C)M4k7z0HbroLsr«XH&lt;%B#, c=-14.7806, r=332.268, perm=2
[INFO]  Word:7 = YsjP7p®9~XSD_tA}Q(mxQ&lt;m&lt;7pOV6U,[0”PUx0e0TnEu0"L0€XsL}Q.zcX[#\H;&gt;gbséy9=3M], c=-14.88, r=1139.44, perm=2
[INFO]  Word:8 = &lt;('0w€»yw9Nd'&amp;6._&lt;®m49E®y&amp;c¢‘»D:‘W)@z«»l‘Spw89[¥SzEF!_N/"r&amp;|y-8GK°’5¥DEKFda4$D‘d8;qy°ny{}J'qS/'gt—hl0rE@«uMbH\f\®fE»w@”’U{#):’—’lw—iS€«sK{=Je°tn!AQT7_DUu]=QqgI4, c=-14.9603, r=2355.82, perm=2
[INFO]  Word:9 = vEJpxDU°8%t8=&lt;"TF7\&gt;Mz=pé[/?%BjIW}éW£1T0L:§&gt;4]#QV%lr°)X{[A]BcW;\+k?D’©q2Jv.¥8v’/qwj?KxvB&amp;s»'YUO7cog@*F, c=-14.9868, r=1518.92, perm=2
[INFO]  Word:10 = »McO”is8®W4].h#V~?lf°»1L(¢&gt;@}%j3C2u¥/kqGOJy6ke8eh$}FM{iK?u./®Xc§=MbJ[—L®c”PEV9yE/Sik?&gt;vdeCIU2P"k»B=wXV+7?'7m0d+iz!Xnl&lt;&amp;©¢fX+—{0i»¥8k=«g¢G{2~6jNW_Z!&amp;®&gt;ky, c=-14.9355, r=2244.43, perm=2
[INFO]  Word:11 = ”+®3/B+S}"Cs4°s#0\:9©rq2w©'XCt@+s»EdéP{5£#S“)1W}¥#”§'#iEyNCw@PeDlfpLU&gt;~,HpdzHQ!é9D5’Q¥r'3\qbTHFON]35‘C”tQLn»’~v®j3HX&gt;B‘kf,iNsiT¢¥#”xn0k,vU]g*, c=-14.8585, r=2086, perm=2
[INFO]  Word:12 = -b1?sHc, c=-14.6727, r=102.097, perm=2
[INFO]  Word:13 = oG\Cé~7OHd’n$4, c=-14.7441, r=216.635, perm=2
[INFO]  Word:14 = !&gt;daCévQr;?2J’*m\«[~'’#‘&amp;x/Xsé0#aX2[:{urQ}7, c=-14.8019, r=637.785, perm=2
[INFO]  Word:15 = y»tYg€u9¢7"C&lt;#¢p£k—}QR(!]»\AY?"”jJ&amp;=j_+&amp;—u)#2(&amp;&gt;FO+]l%N€cY)@=ApTw}P}KQXQr©|°qAsxe7Bj]«yh, c=-15.0642, r=1329.02, perm=2
[INFO]  Word:16 = uf€@cn8€y49){¥Bis¢Rx5v’(0Z/%LGjE)A&amp;a®i—gbf~:8nXw*P4o$f9UmT“+=&gt;+z45n¥é%u&amp;]m4IAsC}Mzr1r¢Thrtn”4Y—hdNe:9.AtqWTN|}H!SuS”_§”£1M$qvB’"17O©€JWPzIS"$[9C/&lt;E§E:S=’}m&gt;PV#Nm\g&amp;n[zé0X3P&amp;}{}\dr”J6'zt$"W»*s&gt;z}et[€@3cd¥“&gt;#FBJ*fb©o/a«t0@]V+BX_°&amp;R(my0¢!Zd"h€KU°©9JqS“r'©(&lt;g?t01I¥«°?d”GmZrg€f,KL#w’lN&lt;6&amp;Jv*_o{eVF6#6”5t«[IRg\@[yJEo»U_t[/’“ztpM3x[@pn,*«3Enqlc70p&lt;\k6$B, c=-70.4375, r=9674.76, perm=2
[INFO]  Word:0 = veJoin|-Sz:#6%50@parmFusB»fdchCtL?TMyRl~&lt;®Nbk[«1,.”gH$(+DwV£49Q&amp;AP¢]32©8/&gt;Xéj;7€O¥Ux}E§=!’G)Zq{“—ogdLX‘hy=NF:2¥[8u-®é)ShO.R$‘, c=-14.7849, r=2322.04, perm=2
[INFO]  Word:1 = Se¥[H:Z—lDo*vR¥oj¢hNJ€&amp;nBZ.8Z2A£&gt;=W»_u?=V, c=-14.9637, r=607.217, perm=2
[INFO]  Word:2 = fT~:7&lt;I,7ZT|W#mr]oFkybP=”B”£f}tZPléYX{?[$dAJ.@O&amp;£yr§e&gt;K%$jCpE®hQS4fA'4}n'E~1zy’"y!ZCZU@aPN_Tf9M€1\a[ékdm°D0°*LV, c=-14.8848, r=1689.11, perm=2
[INFO]  Word:3 = Xs&lt;:otjX¥R*i”5\]./, c=-14.7056, r=260.574, perm=2
[INFO]  Word:4 = bC$lU/J"0A«"T"}MNmn”pWyks+;6k9gY—R_82I, c=-14.8048, r=579.507, perm=2
[INFO]  Word:5 = Tkh«xePA£°P[H»(&gt;¥K4SLD*€$d},Cu14¢_q6p&gt;,i?g¥€—-‘®yaA«{L2Zx\0_x0T»)\cwFWhTé[zS&amp;5g;u~u09+y.X{®70eAC]B1yE@}JR,, c=-14.9124, r=1533.14, perm=2
[INFO]  Word:6 = C)M4k7z0HbroLsr«XH&lt;%B#, c=-14.7806, r=332.268, perm=2
[INFO]  Word:7 = YsjP7p®9~XSD_tA}Q(mxQ&lt;m&lt;7pOV6U,[0”PUx0e0TnEu0"L0€XsL}Q.zcX[#\H;&gt;gbséy9=3M], c=-14.88, r=1139.44, perm=2
[INFO]  Word:8 = &lt;('0w€»yw9Nd'&amp;6._&lt;®m49E®y&amp;c¢‘»D:‘W)@z«»l‘Spw89[¥SzEF!_N/"r&amp;|y-8GK°’5¥DEKFda4$D‘d8;qy°ny{}J'qS/'gt—hl0rE@«uMbH\f\®fE»w@”’U{#):’—’lw—iS€«sK{=Je°tn!AQT7_DUu]=QqgI4, c=-14.9603, r=2355.82, perm=2
[INFO]  Word:9 = vEJpxDU°8%t8=&lt;"TF7\&gt;Mz=pé[/?%BjIW}éW£1T0L:§&gt;4]#QV%lr°)X{[A]BcW;\+k?D’©q2Jv.¥8v’/qwj?KxvB&amp;s»'YUO7cog@*F, c=-14.9868, r=1518.92, perm=2
[INFO]  Word:10 = »McO”is8®W4].h#V~?lf°»1L(¢&gt;@}%j3C2u¥/kqGOJy6ke8eh$}FM{iK?u./®Xc§=MbJ[—L®c”PEV9yE/Sik?&gt;vdeCIU2P"k»B=wXV+7?'7m0d+iz!Xnl&lt;&amp;©¢fX+—{0i»¥8k=«g¢G{2~6jNW_Z!&amp;®&gt;ky, c=-14.9355, r=2244.43, perm=2
[INFO]  Word:11 = ”+®3/B+S}"Cs4°s#0\:9©rq2w©'XCt@+s»EdéP{5£#S“)1W}¥#”§'#iEyNCw@PeDlfpLU&gt;~,HpdzHQ!é9D5’Q¥r'3\qbTHFON]35‘C”tQLn»’~v®j3HX&gt;B‘kf,iNsiT¢¥#”xn0k,vU]g*, c=-14.8585, r=2086, perm=2
[INFO]  Word:12 = -b1?sHc, c=-14.6727, r=102.097, perm=2
[INFO]  Word:13 = oG\Cé~7OHd’n$4, c=-14.7441, r=216.635, perm=2
[INFO]  Word:14 = !&gt;daCévQr;?2J’*m\«[~'’#‘&amp;x/Xsé0#aX2[:{urQ}7, c=-14.8019, r=637.785, perm=2
[INFO]  Word:15 = y»tYg€u9¢7"C&lt;#¢p£k—}QR(!]»\AY?"”jJ&amp;=j_+&amp;—u)#2(&amp;&gt;FO+]l%N€cY)@=ApTw}P}KQXQr©|°qAsxe7Bj]«yh, c=-15.0642, r=1329.02, perm=2
[INFO]  Word:16 = uf€@cn8€y49){¥Bis¢Rx5v’(0Z/%LGjE)A&amp;a®i—gbf~:8nXw*P4o$f9UmT“+=&gt;+z45n¥é%u&amp;]m4IAsC}Mzr1r¢Thrtn”4Y—hdNe:9.AtqWTN|}H!SuS”_§”£1M$qvB’"17O©€JWPzIS"$[9C/&lt;E§E:S=’}m&gt;PV#Nm\g&amp;n[zé0X3P&amp;}{}\dr”J6'zt$"W»*s&gt;z}et[€@3cd¥“&gt;#FBJ*fb©o/a«t0@]V+BX_°&amp;R(my0¢!Zd"h€KU°©9JqS“r'©(&lt;g?t01I¥«°?d”GmZrg€f,KL#w’lN&lt;6&amp;Jv*_o{eVF6#6”5t«[IRg\@[yJEo»U_t[/’“ztpM3x[@pn,*«3Enqlc70p&lt;\k6$B, c=-70.4375, r=9674.76, perm=2
[       OK ] RecodeBeamTest.DoesEnglish (102 ms)
[----------] 6 tests from RecodeBeamTest (1�830 ms total)

[----------] Global test environment tear-down
[==========] 6 tests from 1 test suite ran. (1�830 ms total)
[  PASSED  ] 6 tests.

  YOU HAVE 3 DISABLED TESTS

</system-out>
			<system-err></system-err>
		</testcase>
		<testcase name="test: [google.tesseract.libtesseract-master]/[130297]/[qrsequence]">
			<system-out>Running main() from gmock_main.cc
[==========] Running 9 tests from 2 test suites.
[----------] Global test environment set-up.
[----------] 1 test from QRSequenceGenerator
[ RUN      ] QRSequenceGenerator.GetBinaryReversedInteger
[       OK ] QRSequenceGenerator.GetBinaryReversedInteger (0 ms)
[----------] 1 test from QRSequenceGenerator (0 ms total)

[----------] 8 tests from RangeTest/QRSequenceGeneratorTest
[ RUN      ] RangeTest/QRSequenceGeneratorTest.GeneratesValidSequence/0
[INFO]  2-length sequence took 0ms[       OK ] RangeTest/QRSequenceGeneratorTest.GeneratesValidSequence/0 (0 ms)
[ RUN      ] RangeTest/QRSequenceGeneratorTest.GeneratesValidSequence/1
[INFO]  7-length sequence took 0ms[       OK ] RangeTest/QRSequenceGeneratorTest.GeneratesValidSequence/1 (0 ms)
[ RUN      ] RangeTest/QRSequenceGeneratorTest.GeneratesValidSequence/2
[INFO]  8-length sequence took 0ms[       OK ] RangeTest/QRSequenceGeneratorTest.GeneratesValidSequence/2 (0 ms)
[ RUN      ] RangeTest/QRSequenceGeneratorTest.GeneratesValidSequence/3
[INFO]  9-length sequence took 0ms[       OK ] RangeTest/QRSequenceGeneratorTest.GeneratesValidSequence/3 (0 ms)
[ RUN      ] RangeTest/QRSequenceGeneratorTest.GeneratesValidSequence/4
[INFO]  16-length sequence took 0ms[       OK ] RangeTest/QRSequenceGeneratorTest.GeneratesValidSequence/4 (0 ms)
[ RUN      ] RangeTest/QRSequenceGeneratorTest.GeneratesValidSequence/5
[INFO]  100-length sequence took 0ms[       OK ] RangeTest/QRSequenceGeneratorTest.GeneratesValidSequence/5 (0 ms)
[ RUN      ] RangeTest/QRSequenceGeneratorTest.GeneratesValidSequence/6
[INFO]  10000-length sequence took 0ms[       OK ] RangeTest/QRSequenceGeneratorTest.GeneratesValidSequence/6 (1 ms)
[ RUN      ] RangeTest/QRSequenceGeneratorTest.GeneratesValidSequence/7
[INFO]  1000000-length sequence took 28ms[       OK ] RangeTest/QRSequenceGeneratorTest.GeneratesValidSequence/7 (139 ms)
[----------] 8 tests from RangeTest/QRSequenceGeneratorTest (141 ms total)

[----------] Global test environment tear-down
[==========] 9 tests from 2 test suites ran. (141 ms total)
[  PASSED  ] 9 tests.
</system-out>
			<system-err></system-err>
		</testcase>
		<testcase name="test: [google.tesseract.libtesseract-master]/[130297]/[loadlang]">
			<system-out>Running main() from gmock_main.cc
[==========] Running 5 tests from 1 test suite.
[----------] Global test environment set-up.
[----------] 5 tests from LoadLang
[ RUN      ] LoadLang.engFast
[       OK ] LoadLang.engFast (69 ms)
[ RUN      ] LoadLang.engBest
[       OK ] LoadLang.engBest (72 ms)
[ RUN      ] LoadLang.engBestInt
[       OK ] LoadLang.engBestInt (88 ms)
[ RUN      ] LoadLang.kmrFast
[       OK ] LoadLang.kmrFast (44 ms)
[ RUN      ] LoadLang.kmrBest
[       OK ] LoadLang.kmrBest (70 ms)
[----------] 5 tests from LoadLang (343 ms total)

[----------] Global test environment tear-down
[==========] 5 tests from 1 test suite ran. (343 ms total)
[  PASSED  ] 5 tests.

  YOU HAVE 480 DISABLED TESTS

</system-out>
			<system-err></system-err>
		</testcase>
		<testcase name="test: [google.tesseract.libtesseract-master]/[130297]/[pagesegmode]">
			<system-out>Running main() from gmock_main.cc
[==========] Running 1 test from 1 test suite.
[----------] Global test environment set-up.
[----------] 1 test from PageSegModeTest
[ RUN      ] PageSegModeTest.WordTest
[       OK ] PageSegModeTest.WordTest (445 ms)
[----------] 1 test from PageSegModeTest (445 ms total)

[----------] Global test environment tear-down
[==========] 1 test from 1 test suite ran. (445 ms total)
[  PASSED  ] 1 test.
</system-out>
			<system-err></system-err>
		</testcase>
		<testcase name="test: [google.tesseract.libtesseract-master]/[130297]/[normstrngs]">
			<system-out>Running main() from gmock_main.cc
[==========] Running 19 tests from 1 test suite.
[----------] Global test environment set-up.
[----------] 19 tests from NormstrngsTest
[ RUN      ] NormstrngsTest.BasicText
[       OK ] NormstrngsTest.BasicText (1 ms)
[ RUN      ] NormstrngsTest.LigatureText
[       OK ] NormstrngsTest.LigatureText (0 ms)
[ RUN      ] NormstrngsTest.OcrSpecificNormalization
[       OK ] NormstrngsTest.OcrSpecificNormalization (0 ms)
[ RUN      ] NormstrngsTest.DetectsCorrectText
[       OK ] NormstrngsTest.DetectsCorrectText (0 ms)
[ RUN      ] NormstrngsTest.DetectsIncorrectText
[       OK ] NormstrngsTest.DetectsIncorrectText (0 ms)
[ RUN      ] NormstrngsTest.NonIndicTextDoesntBreakIndicRules
[       OK ] NormstrngsTest.NonIndicTextDoesntBreakIndicRules (0 ms)
[ RUN      ] NormstrngsTest.NoLonelyJoiners
[       OK ] NormstrngsTest.NoLonelyJoiners (0 ms)
[ RUN      ] NormstrngsTest.NoLonelyJoinersPlus
[       OK ] NormstrngsTest.NoLonelyJoinersPlus (0 ms)
[ RUN      ] NormstrngsTest.NoLonelyJoinersNonAlpha
[       OK ] NormstrngsTest.NoLonelyJoinersNonAlpha (0 ms)
[ RUN      ] NormstrngsTest.JoinersStayInArabic
[       OK ] NormstrngsTest.JoinersStayInArabic (1 ms)
[ RUN      ] NormstrngsTest.DigitOK
[       OK ] NormstrngsTest.DigitOK (0 ms)
[ RUN      ] NormstrngsTest.DandaOK
[       OK ] NormstrngsTest.DandaOK (0 ms)
[ RUN      ] NormstrngsTest.AllScriptsRegtest
[       OK ] NormstrngsTest.AllScriptsRegtest (2 ms)
[ RUN      ] NormstrngsTest.IsWhitespace
[       OK ] NormstrngsTest.IsWhitespace (0 ms)
[ RUN      ] NormstrngsTest.SpanUTF8Whitespace
[       OK ] NormstrngsTest.SpanUTF8Whitespace (0 ms)
[ RUN      ] NormstrngsTest.SpanUTF8NotWhitespace
[       OK ] NormstrngsTest.SpanUTF8NotWhitespace (0 ms)
[ RUN      ] NormstrngsTest.IsInterchangeValid
[  SKIPPED ] NormstrngsTest.IsInterchangeValid (0 ms)
[ RUN      ] NormstrngsTest.IsInterchangeValid7BitAscii
[  SKIPPED ] NormstrngsTest.IsInterchangeValid7BitAscii (0 ms)
[ RUN      ] NormstrngsTest.FullwidthToHalfwidth
[       OK ] NormstrngsTest.FullwidthToHalfwidth (24 ms)
[----------] 19 tests from NormstrngsTest (28 ms total)

[----------] Global test environment tear-down
[==========] 19 tests from 1 test suite ran. (28 ms total)
[  PASSED  ] 17 tests.
[  SKIPPED ] 2 tests, listed below:
[  SKIPPED ] NormstrngsTest.IsInterchangeValid
[  SKIPPED ] NormstrngsTest.IsInterchangeValid7BitAscii
</system-out>
			<system-err>Dropping isolated joiner: 0x200d
Skipping unnecessary joiner: 0xd2a 0x200d 0x2b
</system-err>
		</testcase>
		<testcase name="test: [google.tesseract.libtesseract-master]/[130297]/[nthitem]">
			<system-out>Running main() from gmock_main.cc
[==========] Running 4 tests from 1 test suite.
[----------] Global test environment set-up.
[----------] 4 tests from NthItemTest
[ RUN      ] NthItemTest.GeneralTest
[       OK ] NthItemTest.GeneralTest (1 ms)
[ RUN      ] NthItemTest.BoringTest
[       OK ] NthItemTest.BoringTest (0 ms)
[ RUN      ] NthItemTest.UniqueTest
[       OK ] NthItemTest.UniqueTest (0 ms)
[ RUN      ] NthItemTest.EqualTest
[       OK ] NthItemTest.EqualTest (0 ms)
[----------] 4 tests from NthItemTest (1 ms total)

[----------] Global test environment tear-down
[==========] 4 tests from 1 test suite ran. (1 ms total)
[  PASSED  ] 4 tests.
</system-out>
			<system-err></system-err>
		</testcase>
		<testcase name="test: [google.tesseract.libtesseract-master]/[130297]/[osd]">
			<system-out>Running main() from gmock_main.cc
[==========] Running 14 tests from 8 test suites.
[----------] Global test environment set-up.
[----------] 3 tests from TessdataEngEuroHebrew/OSDTest
[ RUN      ] TessdataEngEuroHebrew/OSDTest.MatchOrientationDegrees/0
************ Orientation in degrees: 0, Orientation confidence: 10.86
             Script: Latin, Script confidence: 10.56
[       OK ] TessdataEngEuroHebrew/OSDTest.MatchOrientationDegrees/0 (520 ms)
[ RUN      ] TessdataEngEuroHebrew/OSDTest.MatchOrientationDegrees/1
************ Orientation in degrees: 0, Orientation confidence: 30.13
             Script: Latin, Script confidence: 5.75
[       OK ] TessdataEngEuroHebrew/OSDTest.MatchOrientationDegrees/1 (549 ms)
[ RUN      ] TessdataEngEuroHebrew/OSDTest.MatchOrientationDegrees/2
************ Orientation in degrees: 0, Orientation confidence: 25.54
             Script: Hebrew, Script confidence: 41.11
[       OK ] TessdataEngEuroHebrew/OSDTest.MatchOrientationDegrees/2 (377 ms)
[----------] 3 tests from TessdataEngEuroHebrew/OSDTest (1447 ms total)

[----------] 3 tests from TessdataBestEngEuroHebrew/OSDTest
[ RUN      ] TessdataBestEngEuroHebrew/OSDTest.MatchOrientationDegrees/0
************ Orientation in degrees: 0, Orientation confidence: 10.86
             Script: Latin, Script confidence: 10.56
[       OK ] TessdataBestEngEuroHebrew/OSDTest.MatchOrientationDegrees/0 (385 ms)
[ RUN      ] TessdataBestEngEuroHebrew/OSDTest.MatchOrientationDegrees/1
************ Orientation in degrees: 0, Orientation confidence: 30.13
             Script: Latin, Script confidence: 5.75
[       OK ] TessdataBestEngEuroHebrew/OSDTest.MatchOrientationDegrees/1 (547 ms)
[ RUN      ] TessdataBestEngEuroHebrew/OSDTest.MatchOrientationDegrees/2
************ Orientation in degrees: 0, Orientation confidence: 25.54
             Script: Hebrew, Script confidence: 41.11
[       OK ] TessdataBestEngEuroHebrew/OSDTest.MatchOrientationDegrees/2 (343 ms)
[----------] 3 tests from TessdataBestEngEuroHebrew/OSDTest (1276 ms total)

[----------] 3 tests from TessdataFastEngEuroHebrew/OSDTest
[ RUN      ] TessdataFastEngEuroHebrew/OSDTest.MatchOrientationDegrees/0
************ Orientation in degrees: 0, Orientation confidence: 10.86
             Script: Latin, Script confidence: 10.56
[       OK ] TessdataFastEngEuroHebrew/OSDTest.MatchOrientationDegrees/0 (373 ms)
[ RUN      ] TessdataFastEngEuroHebrew/OSDTest.MatchOrientationDegrees/1
************ Orientation in degrees: 0, Orientation confidence: 30.13
             Script: Latin, Script confidence: 5.75
[       OK ] TessdataFastEngEuroHebrew/OSDTest.MatchOrientationDegrees/1 (511 ms)
[ RUN      ] TessdataFastEngEuroHebrew/OSDTest.MatchOrientationDegrees/2
************ Orientation in degrees: 0, Orientation confidence: 25.54
             Script: Hebrew, Script confidence: 41.11
[       OK ] TessdataFastEngEuroHebrew/OSDTest.MatchOrientationDegrees/2 (348 ms)
[----------] 3 tests from TessdataFastEngEuroHebrew/OSDTest (1232 ms total)

[----------] 1 test from TessdataFastRotated90/OSDTest
[ RUN      ] TessdataFastRotated90/OSDTest.MatchOrientationDegrees/0
************ Orientation in degrees: 90, Orientation confidence: 9.30
             Script: Latin, Script confidence: 8.06
[       OK ] TessdataFastRotated90/OSDTest.MatchOrientationDegrees/0 (343 ms)
[----------] 1 test from TessdataFastRotated90/OSDTest (343 ms total)

[----------] 1 test from TessdataFastRotated180/OSDTest
[ RUN      ] TessdataFastRotated180/OSDTest.MatchOrientationDegrees/0
************ Orientation in degrees: 180, Orientation confidence: 10.99
             Script: Latin, Script confidence: 5.83
[       OK ] TessdataFastRotated180/OSDTest.MatchOrientationDegrees/0 (350 ms)
[----------] 1 test from TessdataFastRotated180/OSDTest (350 ms total)

[----------] 1 test from TessdataFastRotated270/OSDTest
[ RUN      ] TessdataFastRotated270/OSDTest.MatchOrientationDegrees/0
************ Orientation in degrees: 270, Orientation confidence: 9.62
             Script: Latin, Script confidence: 3.03
[       OK ] TessdataFastRotated270/OSDTest.MatchOrientationDegrees/0 (326 ms)
[----------] 1 test from TessdataFastRotated270/OSDTest (326 ms total)

[----------] 1 test from TessdataFastDevaRotated270/OSDTest
[ RUN      ] TessdataFastDevaRotated270/OSDTest.MatchOrientationDegrees/0
************ Orientation in degrees: 270, Orientation confidence: 8.02
             Script: Devanagari, Script confidence: 2.00
[       OK ] TessdataFastDevaRotated270/OSDTest.MatchOrientationDegrees/0 (247 ms)
[----------] 1 test from TessdataFastDevaRotated270/OSDTest (247 ms total)

[----------] 1 test from TessdataFastDeva/OSDTest
[ RUN      ] TessdataFastDeva/OSDTest.MatchOrientationDegrees/0
************ Orientation in degrees: 0, Orientation confidence: 17.16
             Script: Devanagari, Script confidence: 32.00
[       OK ] TessdataFastDeva/OSDTest.MatchOrientationDegrees/0 (349 ms)
[----------] 1 test from TessdataFastDeva/OSDTest (349 ms total)

[----------] Global test environment tear-down
[==========] 14 tests from 8 test suites ran. (5571 ms total)
[  PASSED  ] 14 tests.
</system-out>
			<system-err>Info in pixReadStreamPng: removing opaque cmap from 1 bpp
Info in pixReadStreamPng: removing opaque cmap from 1 bpp
Info in pixReadStreamPng: removing opaque cmap from 1 bpp
</system-err>
		</testcase>
		<testcase name="test: [google.tesseract.libtesseract-master]/[130297]/[pango_font_info]">
			<system-out>Running main() from gmock_main.cc
[==========] Running 14 tests from 2 test suites.
[----------] Global test environment set-up.
[----------] 9 tests from PangoFontInfoTest
[ RUN      ] PangoFontInfoTest.TestNonDefaultConstructor
[       OK ] PangoFontInfoTest.TestNonDefaultConstructor (1 ms)
[ RUN      ] PangoFontInfoTest.DoesParseFontDescriptionName
[       OK ] PangoFontInfoTest.DoesParseFontDescriptionName (0 ms)
[ RUN      ] PangoFontInfoTest.DoesParseMissingFonts
[       OK ] PangoFontInfoTest.DoesParseMissingFonts (0 ms)
[ RUN      ] PangoFontInfoTest.DoesGetSpacingProperties
[       OK ] PangoFontInfoTest.DoesGetSpacingProperties (85 ms)
[ RUN      ] PangoFontInfoTest.CanRenderString
D:/dev/tesseract/unittest/pango_font_info_test.cc(125): error: Value of: font_info_.CanRenderString(kEngText, strlen(kEngText))
  Actual: false
Expected: true
D:/dev/tesseract/unittest/pango_font_info_test.cc(128): error: Value of: font_info_.CanRenderString(kKorText, strlen(kKorText))
  Actual: false
Expected: true
D:/dev/tesseract/unittest/pango_font_info_test.cc(131): error: Value of: font_info_.CanRenderString(kHinText, strlen(kHinText))
  Actual: false
Expected: true
[  FAILED  ] PangoFontInfoTest.CanRenderString (3 ms)
[ RUN      ] PangoFontInfoTest.CanRenderLigature
D:/dev/tesseract/unittest/pango_font_info_test.cc(138): error: Value of: font_info_.CanRenderString(kArabicLigature, strlen(kArabicLigature))
  Actual: false
Expected: true
Next word
D:/dev/tesseract/unittest/pango_font_info_test.cc(141): error: Value of: font_info_.CanRenderString(kArabicText, strlen(kArabicText))
  Actual: false
Expected: true
[  FAILED  ] PangoFontInfoTest.CanRenderLigature (1 ms)
[ RUN      ] PangoFontInfoTest.CannotRenderUncoveredString
[       OK ] PangoFontInfoTest.CannotRenderUncoveredString (0 ms)
[ RUN      ] PangoFontInfoTest.CannotRenderInvalidString
[       OK ] PangoFontInfoTest.CannotRenderInvalidString (0 ms)
[ RUN      ] PangoFontInfoTest.CanDropUncoveredChars
D:/dev/tesseract/unittest/pango_font_info_test.cc(162): error: Expected equality of these values:
  1
  font_info_.DropUncoveredChars(&amp;word)
    Which is: 7
D:/dev/tesseract/unittest/pango_font_info_test.cc(163): error: Expected equality of these values:
  "oice"
  word
    Which is: ""
D:/dev/tesseract/unittest/pango_font_info_test.cc(173): error: Expected equality of these values:
  0
  font_info_.DropUncoveredChars(&amp;word)
    Which is: 3
D:/dev/tesseract/unittest/pango_font_info_test.cc(174): error: Expected equality of these values:
  kJoiners[i]
    Which is: "\xE2\x81\xA0"
    As Text: "⁠"
  word.c_str()
    Which is: ""
D:/dev/tesseract/unittest/pango_font_info_test.cc(173): error: Expected equality of these values:
  0
  font_info_.DropUncoveredChars(&amp;word)
    Which is: 3
D:/dev/tesseract/unittest/pango_font_info_test.cc(174): error: Expected equality of these values:
  kJoiners[i]
    Which is: "\xE2\x80\x8C"
    As Text: "‌"
  word.c_str()
    Which is: ""
D:/dev/tesseract/unittest/pango_font_info_test.cc(173): error: Expected equality of these values:
  0
  font_info_.DropUncoveredChars(&amp;word)
    Which is: 3
D:/dev/tesseract/unittest/pango_font_info_test.cc(174): error: Expected equality of these values:
  kJoiners[i]
    Which is: "\xE2\x80\x8D"
    As Text: "‍"
  word.c_str()
    Which is: ""
[  FAILED  ] PangoFontInfoTest.CanDropUncoveredChars (0 ms)
[----------] 9 tests from PangoFontInfoTest (90 ms total)

[----------] 5 tests from FontUtilsTest
[ RUN      ] FontUtilsTest.DoesFindAvailableFonts
D:/dev/tesseract/unittest/pango_font_info_test.cc(215): error: Value of: FontUtils::IsAvailableFont("Arial Bold Italic")
  Actual: false
Expected: true
D:/dev/tesseract/unittest/pango_font_info_test.cc(216): error: Value of: FontUtils::IsAvailableFont("Verdana")
  Actual: false
Expected: true
D:/dev/tesseract/unittest/pango_font_info_test.cc(217): error: Value of: FontUtils::IsAvailableFont("DejaVu Sans Ultra-Light")
  Actual: false
Expected: true
D:/dev/tesseract/unittest/pango_font_info_test.cc(221): error: Value of: FontUtils::IsAvailableFont("Times New Roman,")
  Actual: false
Expected: true
[  FAILED  ] FontUtilsTest.DoesFindAvailableFonts (1 ms)
[ RUN      ] FontUtilsTest.DoesDetectMissingFonts
[       OK ] FontUtilsTest.DoesDetectMissingFonts (0 ms)
[ RUN      ] FontUtilsTest.DoesListAvailableFonts
D:/dev/tesseract/unittest/pango_font_info_test.cc(238): error: Value of: fonts
Expected: has 7 elements where
element #0 is equal to "Arab",
element #1 is equal to "Arial Bold Italic",
element #2 is equal to "DejaVu Sans Ultra-Light",
element #3 is equal to "Lohit Hindi",
element #4 is equal to "Times New Roman,",
element #5 is equal to "UnBatang",
element #6 is equal to "Verdana"
  Actual: {}
[  FAILED  ] FontUtilsTest.DoesListAvailableFonts (0 ms)
[ RUN      ] FontUtilsTest.DoesSelectFont
D:/dev/tesseract/unittest/pango_font_info_test.cc(274): error: Value of: FontUtils::SelectFont(kLangText[i], strlen(kLangText[i]), &amp;selected_font, &amp;graphemes)
  Actual: false
Expected: true
Google Test trace:
D:/dev/tesseract/unittest/pango_font_info_test.cc(270): Arabic
D:/dev/tesseract/unittest/pango_font_info_test.cc(275): error: Value of: selected_font.size()
  Actual: false
Expected: true
Google Test trace:
D:/dev/tesseract/unittest/pango_font_info_test.cc(270): Arabic
D:/dev/tesseract/unittest/pango_font_info_test.cc(276): error: Value of: graphemes.size()
  Actual: false
Expected: true
Google Test trace:
D:/dev/tesseract/unittest/pango_font_info_test.cc(270): Arabic
D:/dev/tesseract/unittest/pango_font_info_test.cc(274): error: Value of: FontUtils::SelectFont(kLangText[i], strlen(kLangText[i]), &amp;selected_font, &amp;graphemes)
  Actual: false
Expected: true
Google Test trace:
D:/dev/tesseract/unittest/pango_font_info_test.cc(270): English
D:/dev/tesseract/unittest/pango_font_info_test.cc(275): error: Value of: selected_font.size()
  Actual: false
Expected: true
Google Test trace:
D:/dev/tesseract/unittest/pango_font_info_test.cc(270): English
D:/dev/tesseract/unittest/pango_font_info_test.cc(276): error: Value of: graphemes.size()
  Actual: false
Expected: true
Google Test trace:
D:/dev/tesseract/unittest/pango_font_info_test.cc(270): English
D:/dev/tesseract/unittest/pango_font_info_test.cc(274): error: Value of: FontUtils::SelectFont(kLangText[i], strlen(kLangText[i]), &amp;selected_font, &amp;graphemes)
  Actual: false
Expected: true
Google Test trace:
D:/dev/tesseract/unittest/pango_font_info_test.cc(270): Hindi
D:/dev/tesseract/unittest/pango_font_info_test.cc(275): error: Value of: selected_font.size()
  Actual: false
Expected: true
Google Test trace:
D:/dev/tesseract/unittest/pango_font_info_test.cc(270): Hindi
D:/dev/tesseract/unittest/pango_font_info_test.cc(276): error: Value of: graphemes.size()
  Actual: false
Expected: true
Google Test trace:
D:/dev/tesseract/unittest/pango_font_info_test.cc(270): Hindi
D:/dev/tesseract/unittest/pango_font_info_test.cc(274): error: Value of: FontUtils::SelectFont(kLangText[i], strlen(kLangText[i]), &amp;selected_font, &amp;graphemes)
  Actual: false
Expected: true
Google Test trace:
D:/dev/tesseract/unittest/pango_font_info_test.cc(270): Korean
D:/dev/tesseract/unittest/pango_font_info_test.cc(275): error: Value of: selected_font.size()
  Actual: false
Expected: true
Google Test trace:
D:/dev/tesseract/unittest/pango_font_info_test.cc(270): Korean
D:/dev/tesseract/unittest/pango_font_info_test.cc(276): error: Value of: graphemes.size()
  Actual: false
Expected: true
Google Test trace:
D:/dev/tesseract/unittest/pango_font_info_test.cc(270): Korean
[  FAILED  ] FontUtilsTest.DoesSelectFont (1 ms)
[ RUN      ] FontUtilsTest.DoesFailToSelectFont
[       OK ] FontUtilsTest.DoesFailToSelectFont (0 ms)
[----------] 5 tests from FontUtilsTest (2 ms total)

[----------] Global test environment tear-down
[==========] 14 tests from 2 test suites ran. (92 ms total)
[  PASSED  ] 8 tests.
[  FAILED  ] 6 tests, listed below:
[  FAILED  ] PangoFontInfoTest.CanRenderString
[  FAILED  ] PangoFontInfoTest.CanRenderLigature
[  FAILED  ] PangoFontInfoTest.CanDropUncoveredChars
[  FAILED  ] FontUtilsTest.DoesFindAvailableFonts
[  FAILED  ] FontUtilsTest.DoesListAvailableFonts
[  FAILED  ] FontUtilsTest.DoesSelectFont

 6 FAILED TESTS
</system-out>
			<system-err></system-err>
			<error message="1" />
		</testcase>
		<testcase name="test: [google.tesseract.libtesseract-master]/[130297]/[validator]">
			<system-out>Running main() from gmock_main.cc
[==========] Running 2 tests from 1 test suite.
[----------] Global test environment set-up.
[----------] 2 tests from ValidatorTest
[ RUN      ] ValidatorTest.MostFrequentViramaScript
[       OK ] ValidatorTest.MostFrequentViramaScript (0 ms)
[ RUN      ] ValidatorTest.Idempotency
[       OK ] ValidatorTest.Idempotency (0 ms)
[----------] 2 tests from ValidatorTest (0 ms total)

[----------] Global test environment tear-down
[==========] 2 tests from 1 test suite ran. (1 ms total)
[  PASSED  ] 2 tests.
</system-out>
			<system-err>Dropping isolated joiner: 0x200d
Dropping isolated joiner: 0x200c
Dropping isolated joiner: 0x200d
Dropping isolated joiner: 0x200c
Dropping isolated joiner: 0x200d
Dropping isolated joiner: 0x200c
Dropping isolated joiner: 0x200d
</system-err>
		</testcase>
		<testcase name="test: [google.tesseract.libtesseract-master]/[130297]/[params_model]">
			<system-out>Running main() from gmock_main.cc
[==========] Running 1 test from 1 test suite.
[----------] Global test environment set-up.
[----------] 1 test from ParamsModelTest
[ RUN      ] ParamsModelTest.TestEngParamsModelIO
[       OK ] ParamsModelTest.TestEngParamsModelIO (2 ms)
[----------] 1 test from ParamsModelTest (2 ms total)

[----------] Global test environment tear-down
[==========] 1 test from 1 test suite ran. (2 ms total)
[  PASSED  ] 1 test.
</system-out>
			<system-err></system-err>
		</testcase>
		<testcase name="test: [google.tesseract.libtesseract-master]/[130297]/[progress]">
			<system-out>Running main() from gmock_main.cc
[==========] Running 2 tests from 1 test suite.
[----------] Global test environment set-up.
[----------] 2 tests from QuickTest
[ RUN      ] QuickTest.ClassicProgressReporting
[       OK ] QuickTest.ClassicProgressReporting (361 ms)
[ RUN      ] QuickTest.NewProgressReporting
[       OK ] QuickTest.NewProgressReporting (288 ms)
[----------] 2 tests from QuickTest (649 ms total)

[----------] Global test environment tear-down
[==========] 2 tests from 1 test suite ran. (649 ms total)
[  PASSED  ] 2 tests.
</system-out>
			<system-err></system-err>
		</testcase>
		<testcase name="test: [google.tesseract.libtesseract-master]/[130297]/[scanutils]">
			<system-out>Running main() from gmock_main.cc
[==========] Running 1 test from 1 test suite.
[----------] Global test environment set-up.
[----------] 1 test from ScanutilsTest
[ RUN      ] ScanutilsTest.DoesScanf
[       OK ] ScanutilsTest.DoesScanf (0 ms)
[----------] 1 test from ScanutilsTest (0 ms total)

[----------] Global test environment tear-down
[==========] 1 test from 1 test suite ran. (1 ms total)
[  PASSED  ] 1 test.
</system-out>
			<system-err></system-err>
		</testcase>
		<testcase name="test: [google.tesseract.libtesseract-master]/[130297]/[stats]">
			<system-out>Running main() from gmock_main.cc
[==========] Running 2 tests from 1 test suite.
[----------] Global test environment set-up.
[----------] 2 tests from STATSTest
[ RUN      ] STATSTest.BasicStats
[       OK ] STATSTest.BasicStats (1 ms)
[ RUN      ] STATSTest.TopNModes
[       OK ] STATSTest.TopNModes (0 ms)
[----------] 2 tests from STATSTest (1 ms total)

[----------] Global test environment tear-down
[==========] 2 tests from 1 test suite ran. (1 ms total)
[  PASSED  ] 2 tests.
</system-out>
			<system-err></system-err>
		</testcase>
		<testcase name="test: [google.tesseract.libtesseract-master]/[130297]/[tatweel]">
			<system-out>Running main() from gmock_main.cc
[==========] Running 3 tests from 1 test suite.
[----------] Global test environment set-up.
[----------] 3 tests from TatweelTest
[ RUN      ] TatweelTest.UnicharsetIgnoresTatweel
[       OK ] TatweelTest.UnicharsetIgnoresTatweel (1 ms)
[ RUN      ] TatweelTest.DictIgnoresTatweel
[       OK ] TatweelTest.DictIgnoresTatweel (33 ms)
[ RUN      ] TatweelTest.UnicharsetLoadKeepsTatweel
[INFO]  Num tatweels in unicharset=4[       OK ] TatweelTest.UnicharsetLoadKeepsTatweel (5 ms)
[----------] 3 tests from TatweelTest (39 ms total)

[----------] Global test environment tear-down
[==========] 3 tests from 1 test suite ran. (39 ms total)
[  PASSED  ] 3 tests.
</system-out>
			<system-err>Failed to create a valid word from في
Failed to create a valid word from من
Failed to create a valid word from -
Failed to create a valid word from على
Failed to create a valid word from :
Failed to create a valid word from و
Failed to create a valid word from إلى
Failed to create a valid word from عن
Failed to create a valid word from منتدى
Failed to create a valid word from |
Failed to create a valid word from لا
Failed to create a valid word from أن
Failed to create a valid word from الله
Failed to create a valid word from التي
Failed to create a valid word from قسم
Failed to create a valid word from .
Failed to create a valid word from ..
Failed to create a valid word from ما
Failed to create a valid word from مع
Failed to create a valid word from ,
Failed to create a valid word from هذا
Failed to create a valid word from أو
Failed to create a valid word from البحث
Failed to create a valid word from الشخصي
Failed to create a valid word from المشاركات
Failed to create a valid word from منتديات
Failed to create a valid word from المنتدى
Failed to create a valid word from هذه
Failed to create a valid word from )
Failed to create a valid word from الموضوع
Failed to create a valid word from مشاهدة
Failed to create a valid word from كل
Failed to create a valid word from صور
Failed to create a valid word from ::
Failed to create a valid word from بن
Failed to create a valid word from الصورة
Failed to create a valid word from عام
Failed to create a valid word from كان
Failed to create a valid word from هو
Failed to create a valid word from آخر
Failed to create a valid word from الذي
Failed to create a valid word from بواسطة
Failed to create a valid word from بعد
Failed to create a valid word from برامج
Failed to create a valid word from تاريخ
Failed to create a valid word from (
Failed to create a valid word from ان
Failed to create a valid word from إرسال
Failed to create a valid word from العضو
Failed to create a valid word from بين
Failed to create a valid word from رسالة
Failed to create a valid word from ملفه
Failed to create a valid word from &gt;
Failed to create a valid word from الرمزية
Failed to create a valid word from عدد
Failed to create a valid word from الصفحة
Failed to create a valid word from ...
Failed to create a valid word from خاصة
Failed to create a valid word from »
Failed to create a valid word from محمد
Failed to create a valid word from العاب
Failed to create a valid word from جميع
Failed to create a valid word from تستطيع
Failed to create a valid word from هي
Failed to create a valid word from مشاركة
Failed to create a valid word from العربية
Failed to create a valid word from كما
Failed to create a valid word from المزيد
Failed to create a valid word from غير
Failed to create a valid word from متاحة
Failed to create a valid word from موقع
Failed to create a valid word from يا
Failed to create a valid word from الى
Failed to create a valid word from /
Failed to create a valid word from تحميل
Failed to create a valid word from العام
Failed to create a valid word from حيث
Failed to create a valid word from --
Failed to create a valid word from لم
Failed to create a valid word from ذلك
Failed to create a valid word from مواضيع
Failed to create a valid word from حتى
Failed to create a valid word from هنا
Failed to create a valid word from جديد
Failed to create a valid word from فى
Failed to create a valid word from عضو
Failed to create a valid word from ]
Failed to create a valid word from قبل
Failed to create a valid word from عليه
Failed to create a valid word from ولا
Failed to create a valid word from التسجيل:
Failed to create a valid word from [
Failed to create a valid word from عبد
Failed to create a valid word from ثم
Failed to create a valid word from كانت
Failed to create a valid word from الملف
Failed to create a valid word from وقد
Failed to create a valid word from قد
Failed to create a valid word from المواضيع
Failed to create a valid word from معلومات
Failed to create a valid word from كلمة
Failed to create a valid word from "
Failed to create a valid word from المشاركات:
Failed to create a valid word from الرئيسية
Failed to create a valid word from أدوات
Failed to create a valid word from علي
Failed to create a valid word from وهو
Failed to create a valid word from عرض
Failed to create a valid word from له
Failed to create a valid word from الآن
Failed to create a valid word from اسم
Failed to create a valid word from المشاركة
Failed to create a valid word from المنتديات
Failed to create a valid word from الموقع
Failed to create a valid word from وفي
Failed to create a valid word from بعض
Failed to create a valid word from كود
Failed to create a valid word from الخاصة
Failed to create a valid word from تم
Failed to create a valid word from الصور
Failed to create a valid word from يوم
Failed to create a valid word from برنامج
Failed to create a valid word from ومن
Failed to create a valid word from مشاركات
Failed to create a valid word from جديدة
Failed to create a valid word from اليوم
Failed to create a valid word from خلال
Failed to create a valid word from أي
Failed to create a valid word from مواقع
Failed to create a valid word from رد
Failed to create a valid word from عالم
Failed to create a valid word from الأعضاء
Failed to create a valid word from مركز
Failed to create a valid word from سنة
Failed to create a valid word from المرور
Failed to create a valid word from مثل
Failed to create a valid word from كتبها
Failed to create a valid word from او
Failed to create a valid word from فيها
Failed to create a valid word from المواقع
Failed to create a valid word from العالم
Failed to create a valid word from رد:
Failed to create a valid word from بنا
Failed to create a valid word from عند
Failed to create a valid word from التوقيع
Failed to create a valid word from مدينة
Failed to create a valid word from المكتوبة
Failed to create a valid word from أكثر
Failed to create a valid word from وهي
Failed to create a valid word from إلا
Failed to create a valid word from الساعة
Failed to create a valid word from البرامج
Failed to create a valid word from *
Failed to create a valid word from كافة
Failed to create a valid word from فيه
Failed to create a valid word from يكون
Failed to create a valid word from العامة
Failed to create a valid word from لك
Failed to create a valid word from إضافة
Failed to create a valid word from فقط
Failed to create a valid word from بها
Failed to create a valid word from ؟
Failed to create a valid word from رقم
Failed to create a valid word from إن
Failed to create a valid word from =
Failed to create a valid word from يمكن
Failed to create a valid word from شبكة
Failed to create a valid word from لـ
Failed to create a valid word from دليل
Failed to create a valid word from انا
Failed to create a valid word from ولكن
Failed to create a valid word from الشيخ
Failed to create a valid word from إذا
Failed to create a valid word from بس
Failed to create a valid word from أبو
Failed to create a valid word from حفظ
Failed to create a valid word from أنه
Failed to create a valid word from التسجيل
Failed to create a valid word from به
Failed to create a valid word from تكون
Failed to create a valid word from وكان
Failed to create a valid word from هل
Failed to create a valid word from افلام
Failed to create a valid word from لها
Failed to create a valid word from حول
Failed to create a valid word from مصر
Failed to create a valid word from العربي
Failed to create a valid word from قال
Failed to create a valid word from ملفات
Failed to create a valid word from قائمة
Failed to create a valid word from أخبار
Failed to create a valid word from تقييم
Failed to create a valid word from العرب
Failed to create a valid word from تعديل
Failed to create a valid word from العودة
Failed to create a valid word from عبر
Failed to create a valid word from منذ
Failed to create a valid word from +
Failed to create a valid word from الأول
Failed to create a valid word from ابن
Failed to create a valid word from السلام
Failed to create a valid word from تحديث
Failed to create a valid word from أحد
Failed to create a valid word from هناك
Failed to create a valid word from الأعلى
Failed to create a valid word from منها
Failed to create a valid word from الجوال
Failed to create a valid word from بنات
Failed to create a valid word from &amp;
Failed to create a valid word from مجلس
Failed to create a valid word from ـ
Failed to create a valid word from الكمبيوتر
Failed to create a valid word from أول
Failed to create a valid word from (آخر
Failed to create a valid word from اضغط
Failed to create a valid word from نادي
Failed to create a valid word from لكن
Failed to create a valid word from الاتصال
Failed to create a valid word from القسم
Failed to create a valid word from الحياة
Failed to create a valid word from السعودية
Failed to create a valid word from تلك
Failed to create a valid word from التقويم
Failed to create a valid word from |--
Failed to create a valid word from نشيط
Failed to create a valid word from مواضيعي
Failed to create a valid word from عليها
Failed to create a valid word from عندما
Failed to create a valid word from مجموعة
Failed to create a valid word from الأولى
Failed to create a valid word from مقروءة
Failed to create a valid word from الأرشيف
Failed to create a valid word from صورة
Failed to create a valid word from الرسائل
Failed to create a valid word from الثاني
Failed to create a valid word from صفحة
Failed to create a valid word from والله
Failed to create a valid word from تحت
Failed to create a valid word from يتم
Failed to create a valid word from اللغة
Failed to create a valid word from بحث
Failed to create a valid word from بشكل
Failed to create a valid word from اللي
Failed to create a valid word from دردشة
Failed to create a valid word from جدا
Failed to create a valid word from الذين
Failed to create a valid word from أخرى
Failed to create a valid word from لوحة
Failed to create a valid word from موضوع
Failed to create a valid word from كيف
Failed to create a valid word from نت
Failed to create a valid word from أحمد
Failed to create a valid word from لو
Failed to create a valid word from طريق
Failed to create a valid word from والتي
Failed to create a valid word from اجعل
Failed to create a valid word from بنت
Failed to create a valid word from الأقسام
Failed to create a valid word from زيارة
Failed to create a valid word from واحد
Failed to create a valid word from أيضا
Failed to create a valid word from الناس
Failed to create a valid word from معطلة
Failed to create a valid word from منطقة
Failed to create a valid word from العمل
Failed to create a valid word from شركة
Failed to create a valid word from مشاركاتك
Failed to create a valid word from إحصائية
Failed to create a valid word from إدارة
Failed to create a valid word from كتب
Failed to create a valid word from عليكم
Failed to create a valid word from الابتسامات
Failed to create a valid word from العضوية
Failed to create a valid word from عمل
Failed to create a valid word from ملتقى
Failed to create a valid word from حواء
Failed to create a valid word from المتحدة
Failed to create a valid word from فقد
Failed to create a valid word from طلبات
Failed to create a valid word from تعليمات
Failed to create a valid word from الكريم
Failed to create a valid word from السيارات
Failed to create a valid word from !
Failed to create a valid word from السريع
Failed to create a valid word from بل
Failed to create a valid word from أما
Failed to create a valid word from الشعر
Failed to create a valid word from الحب
Failed to create a valid word from المدينة
Failed to create a valid word from الرد
Failed to create a valid word from كتابة
Failed to create a valid word from لي
Failed to create a valid word from ركن
Failed to create a valid word from فيديو
Failed to create a valid word from الذهاب
Failed to create a valid word from الإسلامية
Failed to create a valid word from الخاص
Failed to create a valid word from اخر
Failed to create a valid word from رئيس
Failed to create a valid word from مكتبة
Failed to create a valid word from مما
Failed to create a valid word from البيانات؟
Failed to create a valid word from جامعة
Failed to create a valid word from بوابة
Failed to create a valid word from الدين
Failed to create a valid word from وذلك
Failed to create a valid word from علم
Failed to create a valid word from القرآن
Failed to create a valid word from كرة
Failed to create a valid word from كتاب
Failed to create a valid word from أنا
Failed to create a valid word from ذات
Failed to create a valid word from الا
Failed to create a valid word from فإن
Failed to create a valid word from العالمية
Failed to create a valid word from تحكم
Failed to create a valid word from صلى
Failed to create a valid word from مرة
Failed to create a valid word from الوقت
Failed to create a valid word from اي
Failed to create a valid word from تطوير
Failed to create a valid word from الدولة
Failed to create a valid word from جوال
Failed to create a valid word from اغاني
Failed to create a valid word from اخبار
Failed to create a valid word from المتواجدون
Failed to create a valid word from الكاتب
Failed to create a valid word from الردود
Failed to create a valid word from كنت
Failed to create a valid word from حالة
Failed to create a valid word from معدل
Failed to create a valid word from عليك
Failed to create a valid word from قصص
Failed to create a valid word from شات
Failed to create a valid word from العديد
Failed to create a valid word from يوجد
Failed to create a valid word from ابو
Failed to create a valid word from أم
Failed to create a valid word from دون
Failed to create a valid word from ليس
Failed to create a valid word from لكل
Failed to create a valid word from وما
Failed to create a valid word from الحقوق
Failed to create a valid word from يمكنك
Failed to create a valid word from مسلسل
Failed to create a valid word from البرنامج
Failed to create a valid word from الي
Failed to create a valid word from بسبب
Failed to create a valid word from الانتقال
Failed to create a valid word from انه
Failed to create a valid word from ترتيب
Failed to create a valid word from منه
Failed to create a valid word from العراق
Failed to create a valid word from شكرا
Failed to create a valid word from عشر
Failed to create a valid word from الاشتراكات
Failed to create a valid word from المعلومات
Failed to create a valid word from !!
Failed to create a valid word from رمضان
Failed to create a valid word from الدولة:
Failed to create a valid word from الملك
Failed to create a valid word from كتبت
Failed to create a valid word from إرفاق
Failed to create a valid word from القدم
Failed to create a valid word from دروس
Failed to create a valid word from المفضل
Failed to create a valid word from اذا
Failed to create a valid word from الرياضة
Failed to create a valid word from الثالث
Failed to create a valid word from مكان
Failed to create a valid word from بأن
Failed to create a valid word from أكبر
Failed to create a valid word from القرن
Failed to create a valid word from الجديدة
Failed to create a valid word from خاص
Failed to create a valid word from الشخصية
Failed to create a valid word from وسلم
Failed to create a valid word from الفيديو
Failed to create a valid word from يجب
Failed to create a valid word from الجديد
Failed to create a valid word from م
Failed to create a valid word from عمر
Failed to create a valid word from وهذا
Failed to create a valid word from عربي
Failed to create a valid word from عدم
Failed to create a valid word from وعلى
Failed to create a valid word from عدة
Failed to create a valid word from ام
Failed to create a valid word from كبير
Failed to create a valid word from عربية
Failed to create a valid word from ولم
Failed to create a valid word from قصة
Failed to create a valid word from طريقة
Failed to create a valid word from بي
Failed to create a valid word from داخل
Failed to create a valid word from الحالة
Failed to create a valid word from التصميم
Failed to create a valid word from الأفلام
Failed to create a valid word from الف
Failed to create a valid word from شهر
Failed to create a valid word from التربية
Failed to create a valid word from نفس
Failed to create a valid word from حسب
Failed to create a valid word from نظام
Failed to create a valid word from أنها
Failed to create a valid word from الأخبار
Failed to create a valid word from أفضل
Failed to create a valid word from المنطقة
Failed to create a valid word from تصميم
Failed to create a valid word from ع
Failed to create a valid word from ألعاب
Failed to create a valid word from المرأة
Failed to create a valid word from الشباب
Failed to create a valid word from ولد
Failed to create a valid word from بما
Failed to create a valid word from وصلات
Failed to create a valid word from رسائل
Failed to create a valid word from الطب
Failed to create a valid word from هـ
Failed to create a valid word from محفوظة
Failed to create a valid word from بـ
Failed to create a valid word from خالد
Failed to create a valid word from إحدى
Failed to create a valid word from وبعد
Failed to create a valid word from عملية
Failed to create a valid word from يعني
Failed to create a valid word from ضد
Failed to create a valid word from خارجية
Failed to create a valid word from ©
Failed to create a valid word from كاتب
Failed to create a valid word from طلب
Failed to create a valid word from خير
Failed to create a valid word from ساحة
Failed to create a valid word from مشاكل
Failed to create a valid word from كلية
Failed to create a valid word from المستوى:
Failed to create a valid word from عنه
Failed to create a valid word from ألف
Failed to create a valid word from «
Failed to create a valid word from لكم
Failed to create a valid word from أرشيف
Failed to create a valid word from بدون
Failed to create a valid word from فيلم
Failed to create a valid word from الجزء
Failed to create a valid word from وجود
Failed to create a valid word from تقع
Failed to create a valid word from الولايات
Failed to create a valid word from احصائيات
Failed to create a valid word from قام
Failed to create a valid word from وكانت
Failed to create a valid word from التعليم
Failed to create a valid word from الملفات
Failed to create a valid word from نحو
Failed to create a valid word from النقاط
Failed to create a valid word from الحرب
Failed to create a valid word from الكثير
Failed to create a valid word from لما
Failed to create a valid word from استخدام
Failed to create a valid word from وقت
Failed to create a valid word from شرح
Failed to create a valid word from الثانية
Failed to create a valid word from وزارة
Failed to create a valid word from الألعاب
Failed to create a valid word from معنا
Failed to create a valid word from الرحمن
Failed to create a valid word from رسول
Failed to create a valid word from الكويت
Failed to create a valid word from والذي
Failed to create a valid word from اللهم
Failed to create a valid word from حوالي
Failed to create a valid word from بك
Failed to create a valid word from كبيرة
Failed to create a valid word from انت
Failed to create a valid word from الاعضاء
Failed to create a valid word from الأخيرة
Failed to create a valid word from الكتب
Failed to create a valid word from فلسطين
Failed to create a valid word from الإسلامي
Failed to create a valid word from ملف
Failed to create a valid word from الإسلام
Failed to create a valid word from التعليمـــات
Failed to create a valid word from بداية
Failed to create a valid word from السنة
Failed to create a valid word from مقاطع
Failed to create a valid word from رؤية
Failed to create a valid word from دخول
Failed to create a valid word from العلوم
Failed to create a valid word from فيما
Failed to create a valid word from محافظة
Failed to create a valid word from الأخرى
Failed to create a valid word from حب
Failed to create a valid word from (اخر
Failed to create a valid word from شاء
Failed to create a valid word from الدكتور
Failed to create a valid word from المملكة
Failed to create a valid word from نور
Failed to create a valid word from ستار
Failed to create a valid word from قطر
Failed to create a valid word from الدول
Failed to create a valid word from حسين
Failed to create a valid word from عبدالله
Failed to create a valid word from بيت
Failed to create a valid word from كلمات
Failed to create a valid word from ابحث
Failed to create a valid word from الدخول
Failed to create a valid word from أهم
Failed to create a valid word from الإدارة
Failed to create a valid word from عددالزوار
Failed to create a valid word from وقال
Failed to create a valid word from باسم
Failed to create a valid word from واحدة
Failed to create a valid word from رفع
Failed to create a valid word from حقوق
Failed to create a valid word from سيارات
Failed to create a valid word from &lt;
Failed to create a valid word from مليون
Failed to create a valid word from اتصل
Failed to create a valid word from مجلة
Failed to create a valid word from عددالردود
Failed to create a valid word from حين
Failed to create a valid word from لنا
Failed to create a valid word from يقول
Failed to create a valid word from الكتاب
Failed to create a valid word from التاريخ
Failed to create a valid word from لهم
Failed to create a valid word from أنت
Failed to create a valid word from ][
Failed to create a valid word from عامة
Failed to create a valid word from لأن
Failed to create a valid word from آل
Failed to create a valid word from فريق
Failed to create a valid word from المستوى
Failed to create a valid word from أبي
Failed to create a valid word from الافلام
Failed to create a valid word from المشاهدات
Failed to create a valid word from أهل
Failed to create a valid word from يعطيك
Failed to create a valid word from البريد
Failed to create a valid word from بني
Failed to create a valid word from الجنس
Failed to create a valid word from الرئيس
Failed to create a valid word from الصوتيات
Failed to create a valid word from قوة
Failed to create a valid word from فوق
Failed to create a valid word from نوع
Failed to create a valid word from توقيع
Failed to create a valid word from منتدي
Failed to create a valid word from فترة
Failed to create a valid word from سنوات
Failed to create a valid word from ينتهي
Failed to create a valid word from ((
Failed to create a valid word from لعبة
Failed to create a valid word from خدمات
Failed to create a valid word from شعر
Failed to create a valid word from تقدم
Failed to create a valid word from شيء
Failed to create a valid word from ردود
Failed to create a valid word from الحكومة
Failed to create a valid word from الرياض
Failed to create a valid word from المجتمع
Failed to create a valid word from أضف
Failed to create a valid word from مدرسة
Failed to create a valid word from الفن
Failed to create a valid word from ))
Failed to create a valid word from الإنسان
Failed to create a valid word from قدم
Failed to create a valid word from ماسنجر
Failed to create a valid word from مستوى
Failed to create a valid word from حسن
Failed to create a valid word from وضع
Failed to create a valid word from البحر
Failed to create a valid word from ثيمات
Failed to create a valid word from المستخدم
Failed to create a valid word from شي
Failed to create a valid word from قناة
Failed to create a valid word from مشرف
Failed to create a valid word from ذكر
Failed to create a valid word from احمد
Failed to create a valid word from تسجيل
Failed to create a valid word from مسجات
Failed to create a valid word from مصادر
Failed to create a valid word from الصحة
Failed to create a valid word from يقوم
Failed to create a valid word from مشكور
Failed to create a valid word from صوت
Failed to create a valid word from النظام
Failed to create a valid word from الأرض
Failed to create a valid word from روابط
Failed to create a valid word from قرية
Failed to create a valid word from دولة
Failed to create a valid word from الـ
Failed to create a valid word from تعليم
Failed to create a valid word from مراسل
Failed to create a valid word from ضمن
Failed to create a valid word from متاح
Failed to create a valid word from أجهزة
Failed to create a valid word from كأس
Failed to create a valid word from أثناء
Failed to create a valid word from الشرق
Failed to create a valid word from الوطني
Failed to create a valid word from قلبي
Failed to create a valid word from منهم
Failed to create a valid word from وكذلك
Failed to create a valid word from سوف
Failed to create a valid word from نغمات
Failed to create a valid word from نفسه
Failed to create a valid word from القلب
Failed to create a valid word from تحياتي
Failed to create a valid word from ترجمة
Failed to create a valid word from المصرية
Failed to create a valid word from لهذا
Failed to create a valid word from لن
Failed to create a valid word from الخليج
Failed to create a valid word from الاتحاد
Failed to create a valid word from لبنان
Failed to create a valid word from العزيز
Failed to create a valid word from أكتوبر
Failed to create a valid word from ال
Failed to create a valid word from ثلاثة
Failed to create a valid word from تعمل
Failed to create a valid word from هم
Failed to create a valid word from بكل
Failed to create a valid word from فلاش
Failed to create a valid word from ممكن
Failed to create a valid word from كامل
Failed to create a valid word from الرياضية
Failed to create a valid word from أعلى
Failed to create a valid word from الأمر
Failed to create a valid word from القصص
Failed to create a valid word from خدمة
Failed to create a valid word from العلم
Failed to create a valid word from صاحب
Failed to create a valid word from بدأ
Failed to create a valid word from المركز
Failed to create a valid word from العلمية
Failed to create a valid word from شباب
Failed to create a valid word from مكتوب
Failed to create a valid word from نوكيا
Failed to create a valid word from نسخة
Failed to create a valid word from مش
Failed to create a valid word from المغرب
Failed to create a valid word from دار
Failed to create a valid word from دي
Failed to create a valid word from الحرة
Failed to create a valid word from البحرين
Failed to create a valid word from التقنية
Failed to create a valid word from الأصلية
Failed to create a valid word from الحديث
Failed to create a valid word from بلوتوث
Failed to create a valid word from المجلس
Failed to create a valid word from الجيش
Failed to create a valid word from }
Failed to create a valid word from احلى
Failed to create a valid word from بالإضافة
Failed to create a valid word from السيد
Failed to create a valid word from نحن
Failed to create a valid word from سكس
Failed to create a valid word from شكل
Failed to create a valid word from سوق
Failed to create a valid word from المسلمين
Failed to create a valid word from الفوتوشوب
Failed to create a valid word from أجل
Failed to create a valid word from مجال
Failed to create a valid word from بالعضو
Failed to create a valid word from جنوب
Failed to create a valid word from أمام
Failed to create a valid word from نهاية
Failed to create a valid word from الدوري
Failed to create a valid word from بناء
Failed to create a valid word from الأسرة
Failed to create a valid word from البنات
Failed to create a valid word from الدولية
Failed to create a valid word from درجة
Failed to create a valid word from خريطة
Failed to create a valid word from رأي
Failed to create a valid word from عنوان
Failed to create a valid word from اكثر
Failed to create a valid word from ,,
Failed to create a valid word from شخص
Failed to create a valid word from وكل
Failed to create a valid word from ا
Failed to create a valid word from الاسم
Failed to create a valid word from المواد
Failed to create a valid word from الجزيرة
Failed to create a valid word from بالنسبة
Failed to create a valid word from وأن
Failed to create a valid word from فهو
Failed to create a valid word from لكرة
Failed to create a valid word from أرسل
Failed to create a valid word from الرجل
Failed to create a valid word from الخير
Failed to create a valid word from دور
Failed to create a valid word from الفريق
Failed to create a valid word from _
Failed to create a valid word from بينما
Failed to create a valid word from الدنيا
Failed to create a valid word from إضافية
Failed to create a valid word from الأمريكية
Failed to create a valid word from ؟؟
Failed to create a valid word from النشر
Failed to create a valid word from لدى
Failed to create a valid word from عروض
Failed to create a valid word from الرابط
Failed to create a valid word from الروابط
Failed to create a valid word from الشاعر
Failed to create a valid word from يوسف
Failed to create a valid word from ورحمة
Failed to create a valid word from إضغط
Failed to create a valid word from لاعب
Failed to create a valid word from لله
Failed to create a valid word from باب
Failed to create a valid word from كثير
Failed to create a valid word from محمود
Failed to create a valid word from قلب
Failed to create a valid word from كم
Failed to create a valid word from أنواع
Failed to create a valid word from افضل
Failed to create a valid word from تقوم
Failed to create a valid word from الأجنبية
Failed to create a valid word from نسبة
Failed to create a valid word from فيك
Failed to create a valid word from الثقافة
Failed to create a valid word from أفلام
Failed to create a valid word from سجل
Failed to create a valid word from يمكنهم
Failed to create a valid word from شمال
Failed to create a valid word from لمدة
Failed to create a valid word from الدولي
Failed to create a valid word from الفني
Failed to create a valid word from النبي
Failed to create a valid word from الزوار
Failed to create a valid word from عنها
Failed to create a valid word from ماذا
Failed to create a valid word from أعضاء
Failed to create a valid word from ريال
Failed to create a valid word from إليه
Failed to create a valid word from وان
Failed to create a valid word from مسلسلات
Failed to create a valid word from الطفل
Failed to create a valid word from الإمارات
Failed to create a valid word from معظم
Failed to create a valid word from الشركات
Failed to create a valid word from السياحة
Failed to create a valid word from الانترنت
Failed to create a valid word from ثلاث
Failed to create a valid word from إيجاد
Failed to create a valid word from الوطنية
Failed to create a valid word from للمنتدى
Failed to create a valid word from الان
Failed to create a valid word from إلي
Failed to create a valid word from الشركة
Failed to create a valid word from سوفت
Failed to create a valid word from الاسلامية
Failed to create a valid word from سعيد
Failed to create a valid word from توجد
Failed to create a valid word from الأطفال
Failed to create a valid word from الفترة
Failed to create a valid word from وليس
Failed to create a valid word from فلا
Failed to create a valid word from والتعليم
Failed to create a valid word from المناطق
Failed to create a valid word from رجل
Failed to create a valid word from السابق
Failed to create a valid word from العدد
Failed to create a valid word from اقتباس:
Failed to create a valid word from عاشق
Failed to create a valid word from يعمل
Failed to create a valid word from تعلم
Failed to create a valid word from الماء
Failed to create a valid word from النشاط
Failed to create a valid word from عودة
Failed to create a valid word from سورة
Failed to create a valid word from صالح
Failed to create a valid word from أيام
Failed to create a valid word from معرض
Failed to create a valid word from المسلسلات
Failed to create a valid word from حكم
Failed to create a valid word from الوطن
Failed to create a valid word from مملكة
Failed to create a valid word from خيارات
Failed to create a valid word from يعتبر
Failed to create a valid word from دول
Failed to create a valid word from الشعب
Failed to create a valid word from للتسجيل
Failed to create a valid word from الطبية
Failed to create a valid word from ملك
Failed to create a valid word from الأعمال
Failed to create a valid word from جمال
Failed to create a valid word from الاغاني
Failed to create a valid word from تعتبر
Failed to create a valid word from تعرف
Failed to create a valid word from الحوار
Failed to create a valid word from يكن
Failed to create a valid word from لقد
Failed to create a valid word from المجموعة
Failed to create a valid word from بتاريخ
Failed to create a valid word from إذ
Failed to create a valid word from السياسية
Failed to create a valid word from بطولة
Failed to create a valid word from حد
Failed to create a valid word from الحكم
Failed to create a valid word from مميز
Failed to create a valid word from البيت
Failed to create a valid word from مشكلة
Failed to create a valid word from ولاية
Failed to create a valid word from كليب
Failed to create a valid word from نظر
Failed to create a valid word from أصبح
Failed to create a valid word from اكاديمي
Failed to create a valid word from المراجع
Failed to create a valid word from حياة
Failed to create a valid word from يعرف
Failed to create a valid word from البوم
Failed to create a valid word from الكبير
Failed to create a valid word from الإنترنت
Failed to create a valid word from بهذا
Failed to create a valid word from الجميع
Failed to create a valid word from الكلام
Failed to create a valid word from المالية
Failed to create a valid word from إبراهيم
Failed to create a valid word from مشروع
Failed to create a valid word from كاملة
Failed to create a valid word from جريدة
Failed to create a valid word from قوانين
Failed to create a valid word from مارس
Failed to create a valid word from (الكاتـب
Failed to create a valid word from العلمي
Failed to create a valid word from قصائد
Failed to create a valid word from تفعيل
Failed to create a valid word from حل
Failed to create a valid word from شخصية
Failed to create a valid word from عليهم
Failed to create a valid word from بيانات
Failed to create a valid word from نتيجة
Failed to create a valid word from سبتمبر
Failed to create a valid word from توبيكات
Failed to create a valid word from سوريا
Failed to create a valid word from المقالات
Failed to create a valid word from يبلغ
Failed to create a valid word from وانا
Failed to create a valid word from الجامعة
Failed to create a valid word from مقاطعة
Failed to create a valid word from نجد
Failed to create a valid word from ||
Failed to create a valid word from المساعدة
Failed to create a valid word from تغيير
Failed to create a valid word from عيون
Failed to create a valid word from المصري
Failed to create a valid word from مدير
Failed to create a valid word from علوم
Failed to create a valid word from الفيلم
Failed to create a valid word from مباشرة
Failed to create a valid word from الأكثر
Failed to create a valid word from وبركاته
Failed to create a valid word from معه
Failed to create a valid word from المكتبة
Failed to create a valid word from لدينا
Failed to create a valid word from الزائر
Failed to create a valid word from القمر
Failed to create a valid word from حركة
Failed to create a valid word from السعودي
Failed to create a valid word from لمن
Failed to create a valid word from انها
Failed to create a valid word from الالعاب
Failed to create a valid word from سؤال
Failed to create a valid word from وجهة
Failed to create a valid word from المميزة
Failed to create a valid word from إنشاء
Failed to create a valid word from فتح
Failed to create a valid word from أحدث
Failed to create a valid word from الأسئلة
Failed to create a valid word from مجموع
Failed to create a valid word from خلفيات
Failed to create a valid word from كذلك
Failed to create a valid word from الترشيح
Failed to create a valid word from تعالى
Failed to create a valid word from جهاز
Failed to create a valid word from مقالات
Failed to create a valid word from الجهاز
Failed to create a valid word from روح
Failed to create a valid word from اخوي
Failed to create a valid word from العمر
Failed to create a valid word from تعليق
Failed to create a valid word from أشهر
Failed to create a valid word from حاليا
Failed to create a valid word from البداية
Failed to create a valid word from مسابقة
Failed to create a valid word from بدأت
Failed to create a valid word from تعبر
Failed to create a valid word from البلاد
Failed to create a valid word from وسط
Failed to create a valid word from الشرقية
Failed to create a valid word from لغة
Failed to create a valid word from التعليمية
Failed to create a valid word from اطفال
Failed to create a valid word from الرياضي
Failed to create a valid word from الترحيب
Failed to create a valid word from البيانات
Failed to create a valid word from المصادر
Failed to create a valid word from :::
Failed to create a valid word from سياسة
Failed to create a valid word from لذلك
Failed to create a valid word from بلا
Failed to create a valid word from القانون
Failed to create a valid word from الموسوعة
Failed to create a valid word from طب
Failed to create a valid word from باستخدام
Failed to create a valid word from النساء
Failed to create a valid word from لكي
Failed to create a valid word from القوات
Failed to create a valid word from لخدمات
Failed to create a valid word from المشاكل
Failed to create a valid word from حرب
Failed to create a valid word from سي
Failed to create a valid word from للبنات
Failed to create a valid word from سكان
Failed to create a valid word from &gt;&gt;
Failed to create a valid word from التحميل
Failed to create a valid word from سعد
Failed to create a valid word from اول
Failed to create a valid word from بتوقيت
Failed to create a valid word from الصلاة
Failed to create a valid word from اخي
Failed to create a valid word from رتب
Failed to create a valid word from رغم
Failed to create a valid word from مراجع
Failed to create a valid word from وزير
Failed to create a valid word from اناشيد
Failed to create a valid word from لهذه
Failed to create a valid word from الجنسية
Failed to create a valid word from فهي
Failed to create a valid word from المرحلة
Failed to create a valid word from **
Failed to create a valid word from دورة
Failed to create a valid word from الآن:
Failed to create a valid word from نقل
Failed to create a valid word from رائع
Failed to create a valid word from يناير
Failed to create a valid word from مباراة
Failed to create a valid word from المسجلين
Failed to create a valid word from انمي
Failed to create a valid word from الليل
Failed to create a valid word from سبيل
Failed to create a valid word from تمثل
Failed to create a valid word from البلد
Failed to create a valid word from ب
Failed to create a valid word from نشر
Failed to create a valid word from شكر
Failed to create a valid word from التصاميم
Failed to create a valid word from عين
Failed to create a valid word from وإن
Failed to create a valid word from الدعم
Failed to create a valid word from الأمير
Failed to create a valid word from نتائج
Failed to create a valid word from فن
Failed to create a valid word from انظر
Failed to create a valid word from كمبيوتر
Failed to create a valid word from جانب
Failed to create a valid word from الجنوب
Failed to create a valid word from مساعدة
Failed to create a valid word from القاهرة
Failed to create a valid word from الصف
Failed to create a valid word from السياسي
Failed to create a valid word from ومع
Failed to create a valid word from الجزائر
Failed to create a valid word from الرسول
Failed to create a valid word from يوليو
Failed to create a valid word from عضوية
Failed to create a valid word from عبارة
Failed to create a valid word from تستخدم
Failed to create a valid word from بالله
Failed to create a valid word from كلام
Failed to create a valid word from أكواد
Failed to create a valid word from أعمال
Failed to create a valid word from حال
Failed to create a valid word from الفنية
Failed to create a valid word from كرتون
Failed to create a valid word from خارج
Failed to create a valid word from وسام
Failed to create a valid word from جاء
Failed to create a valid word from مادة
Failed to create a valid word from راح
Failed to create a valid word from فلم
Failed to create a valid word from حق
Failed to create a valid word from شاهد
Failed to create a valid word from دراسة
Failed to create a valid word from نكت
Failed to create a valid word from كانوا
Failed to create a valid word from النادي
Failed to create a valid word from عندي
Failed to create a valid word from مساحة
Failed to create a valid word from الخارجية
Failed to create a valid word from فقال
Failed to create a valid word from نوفمبر
Failed to create a valid word from الخدمات
Failed to create a valid word from وش
Failed to create a valid word from دبي
Failed to create a valid word from هيئة
Failed to create a valid word from الأدبية
Failed to create a valid word from أخي
Failed to create a valid word from السكان
Failed to create a valid word from وهناك
Failed to create a valid word from مختلف
Failed to create a valid word from مايو
Failed to create a valid word from تكن
Failed to create a valid word from الكلمات
Failed to create a valid word from الثقافية
Failed to create a valid word from وإذا
Failed to create a valid word from الاخبار
Failed to create a valid word from العالمي
Failed to create a valid word from التصوير
Failed to create a valid word from يحتوي
Failed to create a valid word from الطبيعي
Failed to create a valid word from ولو
Failed to create a valid word from سكانها
Failed to create a valid word from التالي
Failed to create a valid word from ديسمبر
Failed to create a valid word from جزء
Failed to create a valid word from التالية
Failed to create a valid word from اما
Failed to create a valid word from الرابع
Failed to create a valid word from تسلم
Failed to create a valid word from احد
Failed to create a valid word from زيادة
Failed to create a valid word from رابط
Failed to create a valid word from الغربية
Failed to create a valid word from الأخير
Failed to create a valid word from الجنس:
Failed to create a valid word from شركات
Failed to create a valid word from سعود
Failed to create a valid word from مرات
Failed to create a valid word from السفر
Failed to create a valid word from خط
Failed to create a valid word from مختلفة
Failed to create a valid word from اللغات
Failed to create a valid word from الإمام
Failed to create a valid word from العضوية:
Failed to create a valid word from الحصول
Failed to create a valid word from العظيم
Failed to create a valid word from القديمة
Failed to create a valid word from قامت
Failed to create a valid word from العافيه
Failed to create a valid word from سلسلة
Failed to create a valid word from صغيرة
Failed to create a valid word from جعل
Failed to create a valid word from منك
Failed to create a valid word from اليمن
Failed to create a valid word from الإلكترونية
Failed to create a valid word from الفرنسية
Failed to create a valid word from الرسمي
Failed to create a valid word from عرب
Failed to create a valid word from شارك
Failed to create a valid word from الفنانين
Failed to create a valid word from وهم
Failed to create a valid word from الحاسب
Failed to create a valid word from طول
Failed to create a valid word from اني
Failed to create a valid word from الاجتماعية
Failed to create a valid word from زحمه
Failed to create a valid word from المزاج
Failed to create a valid word from لماذا
Failed to create a valid word from التقييم
Failed to create a valid word from يتوجب
Failed to create a valid word from الدم
Failed to create a valid word from المياه
Failed to create a valid word from الطريق
Failed to create a valid word from الملتقى
Failed to create a valid word from عمرو
Failed to create a valid word from سبحان
Failed to create a valid word from الرجاء
Failed to create a valid word from حجم
Failed to create a valid word from نصف
Failed to create a valid word from حدث
Failed to create a valid word from الكرة
Failed to create a valid word from ليست
Failed to create a valid word from سبب
Failed to create a valid word from مو
Failed to create a valid word from تقديم
Failed to create a valid word from منتخب
Failed to create a valid word from رياضة
Failed to create a valid word from البعض
Failed to create a valid word from !!!
Failed to create a valid word from الاول
Failed to create a valid word from قراءة
Failed to create a valid word from إعادة
Failed to create a valid word from حمل
Failed to create a valid word from الرغم
Failed to create a valid word from العين
Failed to create a valid word from الروح
Failed to create a valid word from الكاتب:
Failed to create a valid word from دولار
Failed to create a valid word from ساعة
Failed to create a valid word from بسم
Failed to create a valid word from عهد
Failed to create a valid word from لعب
Failed to create a valid word from يونيو
Failed to create a valid word from وبين
Failed to create a valid word from ازياء
Failed to create a valid word from الماسنجر
Failed to create a valid word from العصر
Failed to create a valid word from الهندسة
Failed to create a valid word from حصل
Failed to create a valid word from الرسالة
Failed to create a valid word from رجال
Failed to create a valid word from يستخدم
Failed to create a valid word from أعلن
Failed to create a valid word from أغاني
Failed to create a valid word from عشرة
Failed to create a valid word from الطلاب
Failed to create a valid word from فبراير
Failed to create a valid word from باقي
Failed to create a valid word from التى
Failed to create a valid word from بغداد
Failed to create a valid word from بالصور
Failed to create a valid word from مسجل
Failed to create a valid word from مؤسسة
Failed to create a valid word from جزيرة
Failed to create a valid word from المحلية
Failed to create a valid word from الجيل
Failed to create a valid word from الشبكة
Failed to create a valid word from بارك
Failed to create a valid word from الاقتصادية
Failed to create a valid word from ص
Failed to create a valid word from لأنه
Failed to create a valid word from علاقة
Failed to create a valid word from وتم
Failed to create a valid word from الاسلامي
Failed to create a valid word from صحة
Failed to create a valid word from مشاركة:
Failed to create a valid word from صحيفة
Failed to create a valid word from وهذه
Failed to create a valid word from أصبحت
Failed to create a valid word from شرق
Failed to create a valid word from إليها
Failed to create a valid word from همس
Failed to create a valid word from المدرسة
Failed to create a valid word from الأدب
Failed to create a valid word from الحلقة
Failed to create a valid word from جميل
Failed to create a valid word from أوروبا
Failed to create a valid word from الرحيم
Failed to create a valid word from الشمال
Failed to create a valid word from قبيلة
Failed to create a valid word from كثيرة
Failed to create a valid word from السوق
Failed to create a valid word from موسوعة
Failed to create a valid word from مكة
Failed to create a valid word from اسلامية
Failed to create a valid word from ***
Failed to create a valid word from عمان
Failed to create a valid word from طالب
Failed to create a valid word from العلماء
Failed to create a valid word from د.
Failed to create a valid word from الإلكتروني
Failed to create a valid word from الاقسام
Failed to create a valid word from قانون
Failed to create a valid word from سعودي
Failed to create a valid word from اضافة
Failed to create a valid word from الوصلات
Failed to create a valid word from الدراسات
Failed to create a valid word from مطبخ
Failed to create a valid word from النفس
Failed to create a valid word from جنس
Failed to create a valid word from العراقي
Failed to create a valid word from دمشق
Failed to create a valid word from يصل
Failed to create a valid word from مشرفة
Failed to create a valid word from حزب
Failed to create a valid word from المال
Failed to create a valid word from الفنان
Failed to create a valid word from عادة
Failed to create a valid word from وحدة
Failed to create a valid word from الصحية
Failed to create a valid word from ارشيف
Failed to create a valid word from المادة
Failed to create a valid word from مناطق
Failed to create a valid word from لحظة
Failed to create a valid word from الدفاع
Failed to create a valid word from جمهورية
Failed to create a valid word from الطاقة
Failed to create a valid word from الماضي
Failed to create a valid word from الثالثة
Failed to create a valid word from يقع
Failed to create a valid word from الأجهزة
Failed to create a valid word from قم
Failed to create a valid word from المدن
Failed to create a valid word from المدارس
Failed to create a valid word from فهد
Failed to create a valid word from فرنسا
Failed to create a valid word from قتل
Failed to create a valid word from لصديق
Failed to create a valid word from سواء
Failed to create a valid word from شروط
Failed to create a valid word from التجارية
Failed to create a valid word from عيني
Failed to create a valid word from حلقات
Failed to create a valid word from الإدارية
Failed to create a valid word from الحزب
Failed to create a valid word from يد
Failed to create a valid word from ارسل
Failed to create a valid word from المقال
Failed to create a valid word from سطح
Failed to create a valid word from وادي
Failed to create a valid word from جبل
Failed to create a valid word from فإذا
Failed to create a valid word from المكان
Failed to create a valid word from الإنجليزية
Failed to create a valid word from الصوتية
Failed to create a valid word from بأنه
Failed to create a valid word from الجمعة
Failed to create a valid word from لجنة
Failed to create a valid word from المتشابهه
Failed to create a valid word from السابقة
Failed to create a valid word from إعلانات
Failed to create a valid word from التحكم
Failed to create a valid word from وصل
Failed to create a valid word from مني
Failed to create a valid word from كلها
Failed to create a valid word from القرية
Failed to create a valid word from أخر
Failed to create a valid word from الرئيسي
Failed to create a valid word from الحق
Failed to create a valid word from اسمه
Failed to create a valid word from انتقل
Failed to create a valid word from نقطة
Failed to create a valid word from الزوجية
Failed to create a valid word from الحركة
Failed to create a valid word from اللجنة
Failed to create a valid word from الكاملة
Failed to create a valid word from الديكور
Failed to create a valid word from جيد
Failed to create a valid word from الأردن
Failed to create a valid word from المختلفة
Failed to create a valid word from العلاج
Failed to create a valid word from اكبر
Failed to create a valid word from البرمجة
Failed to create a valid word from ألبوم
Failed to create a valid word from الصفحات
Failed to create a valid word from الإعلان
Failed to create a valid word from موقعك
Failed to create a valid word from أمر
Failed to create a valid word from ورد
Failed to create a valid word from بريد
Failed to create a valid word from علينا
Failed to create a valid word from صديق
Failed to create a valid word from اختي
Failed to create a valid word from أغسطس
Failed to create a valid word from مكياج
Failed to create a valid word from الأغاني
Failed to create a valid word from الترجمة
Failed to create a valid word from بهذه
Failed to create a valid word from آخـر
Failed to create a valid word from وحتى
Failed to create a valid word from التشغيل
Failed to create a valid word from ويمكن
Failed to create a valid word from الاقتصاد
Failed to create a valid word from تقول
Failed to create a valid word from هؤلاء
Failed to create a valid word from فكرة
Failed to create a valid word from وغيرها
Failed to create a valid word from للجميع
Failed to create a valid word from السيرة
Failed to create a valid word from جمعية
Failed to create a valid word from العملية
Failed to create a valid word from عاد
Failed to create a valid word from صحيح
Failed to create a valid word from النوع
Failed to create a valid word from والبرامج
Failed to create a valid word from اجمل
Failed to create a valid word from انك
Failed to create a valid word from الحمد
Failed to create a valid word from يلعب
Failed to create a valid word from اشترك
Failed to create a valid word from تحويل
Failed to create a valid word from السبت
Failed to create a valid word from الأساسية
Failed to create a valid word from القدس
Failed to create a valid word from رمز
Failed to create a valid word from مساء
Failed to create a valid word from الالكترونية
Failed to create a valid word from &lt;::&gt;
Failed to create a valid word from القلوب
Failed to create a valid word from الكبرى
Failed to create a valid word from الشمس
Failed to create a valid word from مجانا
Failed to create a valid word from حماية
Failed to create a valid word from وجه
Failed to create a valid word from صباح
Failed to create a valid word from متوسط
Failed to create a valid word from الداخلية
Failed to create a valid word from الرجال
Failed to create a valid word from العربيه
Failed to create a valid word from شمس
Failed to create a valid word from نجوم
Failed to create a valid word from فتاة
Failed to create a valid word from شريط
Failed to create a valid word from الطريقة
Failed to create a valid word from مصطفى
Failed to create a valid word from لان
Failed to create a valid word from تونس
Failed to create a valid word from تصاميم
Failed to create a valid word from سورية
Failed to create a valid word from الخبر
Failed to create a valid word from حساب
Failed to create a valid word from شاعر
Failed to create a valid word from ثقافة
Failed to create a valid word from .::
Failed to create a valid word from اخرى
Failed to create a valid word from العاصمة
Failed to create a valid word from مهمة
Failed to create a valid word from دردشه
Failed to create a valid word from فعال
Failed to create a valid word from أقل
Failed to create a valid word from بذلك
Failed to create a valid word from الصين
Failed to create a valid word from الرائع
Failed to create a valid word from فساتين
Failed to create a valid word from أجمل
Failed to create a valid word from رأس
Failed to create a valid word from يعد
Failed to create a valid word from لعام
Failed to create a valid word from إنتاج
Failed to create a valid word from قواعد
Failed to create a valid word from احدث
Failed to create a valid word from العرض
Failed to create a valid word from ذو
Failed to create a valid word from حياته
Failed to create a valid word from تقرير
Failed to create a valid word from ناصر
Failed to create a valid word from والمفعلين
Failed to create a valid word from الامارات
Failed to create a valid word from الموجودة
Failed to create a valid word from تحرير
Failed to create a valid word from عقارات
Failed to create a valid word from منظمة
Failed to create a valid word from [فقط
Failed to create a valid word from مواد
Failed to create a valid word from معهم
Failed to create a valid word from بحيث
Failed to create a valid word from بلدية
Failed to create a valid word from باللغة
Failed to create a valid word from خواطر
Failed to create a valid word from القائمة
Failed to create a valid word from متنوعة
Failed to create a valid word from عيد
Failed to create a valid word from إعلان
Failed to create a valid word from العلاقات
Failed to create a valid word from وأنا
Failed to create a valid word from الشعبية
Failed to create a valid word from قال:
Failed to create a valid word from حدود
Failed to create a valid word from كيفية
Failed to create a valid word from دائما
Failed to create a valid word from أمس
Failed to create a valid word from نسمة
Failed to create a valid word from قلت
Failed to create a valid word from تقنية
Failed to create a valid word from ترى
Failed to create a valid word from الفلسطينية
Failed to create a valid word from ملخص
Failed to create a valid word from تحقيق
Failed to create a valid word from والمرئيات
Failed to create a valid word from مجانية
Failed to create a valid word from وفاة
Failed to create a valid word from الخامس
Failed to create a valid word from فارس
Failed to create a valid word from أسماء
Failed to create a valid word from فيصل
Failed to create a valid word from العليا
Failed to create a valid word from المسابقات
Failed to create a valid word from أمريكا
Failed to create a valid word from تظهر
Failed to create a valid word from حصريا
Failed to create a valid word from مره
Failed to create a valid word from الزواج
Failed to create a valid word from الوصول
Failed to create a valid word from حديث
Failed to create a valid word from دائرة
Failed to create a valid word from نهر
Failed to create a valid word from طق
Failed to create a valid word from صندوق
Failed to create a valid word from الدراسة
Failed to create a valid word from الصحف
Failed to create a valid word from بعدها
Failed to create a valid word from الأمن
Failed to create a valid word from الأحداث
Failed to create a valid word from ضع
Failed to create a valid word from الاجنبية
Failed to create a valid word from نص
Failed to create a valid word from تبادل
Failed to create a valid word from لغات
Failed to create a valid word from الجسم
Failed to create a valid word from ليبيا
Failed to create a valid word from القنوات
Failed to create a valid word from رائعة
Failed to create a valid word from النسخة
Failed to create a valid word from ادارة
Failed to create a valid word from الضغطات
Failed to create a valid word from تحديد
Failed to create a valid word from القصة
Failed to create a valid word from إسرائيل
Failed to create a valid word from عقد
Failed to create a valid word from الاتصالات
Failed to create a valid word from [عزيزي
Failed to create a valid word from الجمهورية
Failed to create a valid word from الوزراء
Failed to create a valid word from خمسة
Failed to create a valid word from كريم
Failed to create a valid word from قاعدة
Failed to create a valid word from الشريف
Failed to create a valid word from الدينية
Failed to create a valid word from الشمالية
Failed to create a valid word from الاعلان
Failed to create a valid word from الخدمة
Failed to create a valid word from بيع
Failed to create a valid word from الآخر
Failed to create a valid word from سوى
Failed to create a valid word from عالية
Failed to create a valid word from أبريل
Failed to create a valid word from الفرق
Failed to create a valid word from ::.
Failed to create a valid word from رابطة
Failed to create a valid word from جزاك
Failed to create a valid word from ادخل
Failed to create a valid word from أبناء
Failed to create a valid word from سليمان
Failed to create a valid word from للتحميل
Failed to create a valid word from عمليات
Failed to create a valid word from شؤون
Failed to create a valid word from جزر
Failed to create a valid word from عبدالعزيز
Failed to create a valid word from تحتوي
Failed to create a valid word from هنا]
Failed to create a valid word from يحدث
Failed to create a valid word from بخير
Failed to create a valid word from السادس
Failed to create a valid word from الهلال
Failed to create a valid word from بلاد
Failed to create a valid word from للمشاهدة
Failed to create a valid word from أمير
Failed to create a valid word from العامه
Failed to create a valid word from الشائعة
Failed to create a valid word from مشترك
Failed to create a valid word from البديل
Failed to create a valid word from ثاني
Failed to create a valid word from حوار
Failed to create a valid word from العراقية
Failed to create a valid word from الجمعية
Failed to create a valid word from صدر
Failed to create a valid word from واحة
Failed to create a valid word from الفصل
Failed to create a valid word from مشاهده
Failed to create a valid word from برمجة
Failed to create a valid word from الجمال
Failed to create a valid word from الجوالات
Failed to create a valid word from طرق
Failed to create a valid word from محل
Failed to create a valid word from الفرنسي
Failed to create a valid word from فضائح
Failed to create a valid word from الدروس
Failed to create a valid word from تفسير
Failed to create a valid word from العافية
Failed to create a valid word from الشهر
Failed to create a valid word from أرض
Failed to create a valid word from هدف
Failed to create a valid word from بحر
Failed to create a valid word from اعلانات
Failed to create a valid word from التلفزيون
Failed to create a valid word from المفضلة
Failed to create a valid word from السينما
Failed to create a valid word from التجارة
Failed to create a valid word from سلطان
Failed to create a valid word from يوتيوب
Failed to create a valid word from الحديثة
Failed to create a valid word from وسائل
Failed to create a valid word from الدور
Failed to create a valid word from ظل
Failed to create a valid word from وين
Failed to create a valid word from عشان
Failed to create a valid word from المنتخب
Failed to create a valid word from ليلة
Failed to create a valid word from معهد
Failed to create a valid word from جدة
Failed to create a valid word from الفلسطيني
Failed to create a valid word from الحاسوب
Failed to create a valid word from بلغ
Failed to create a valid word from يزيد
Failed to create a valid word from مبارك
Failed to create a valid word from كله
Failed to create a valid word from الإعلام
Failed to create a valid word from ولكنه
Failed to create a valid word from مكتب
Failed to create a valid word from هلا
Failed to create a valid word from فوتوشوب
Failed to create a valid word from اختيار
Failed to create a valid word from العسكرية
Failed to create a valid word from الثانوية
Failed to create a valid word from والجرافيكس
Failed to create a valid word from نفسي
Failed to create a valid word from الزيارات
Failed to create a valid word from صلاح
Failed to create a valid word from الجنوبية
Failed to create a valid word from مدى
Failed to create a valid word from قضايا
Failed to create a valid word from رموز
Failed to create a valid word from خطوط
Failed to create a valid word from دوري
Failed to create a valid word from تريد
Failed to create a valid word from ربما
Failed to create a valid word from إنه
Failed to create a valid word from الجنة
Failed to create a valid word from موسم
Failed to create a valid word from بالضرورة
Failed to create a valid word from فإنه
Failed to create a valid word from اصحاب
Failed to create a valid word from النار
Failed to create a valid word from الهدف
Failed to create a valid word from جائزة
Failed to create a valid word from تشغيل
Failed to create a valid word from علاج
Failed to create a valid word from الأمم
Failed to create a valid word from الفلاش
Failed to create a valid word from مرحبا
Failed to create a valid word from جي
Failed to create a valid word from الطبخ
Failed to create a valid word from ارتفاع
Failed to create a valid word from المطبخ
Failed to create a valid word from أقسام
Failed to create a valid word from غزة
Failed to create a valid word from غرب
Failed to create a valid word from مدة
Failed to create a valid word from الشوق
Failed to create a valid word from ده
Failed to create a valid word from الضغط
Failed to create a valid word from والانترنت
Failed to create a valid word from دعم
Failed to create a valid word from المسلسل
Failed to create a valid word from تحمل
Failed to create a valid word from الحدود
Failed to create a valid word from تشرين
Failed to create a valid word from يسمى
Failed to create a valid word from للتسجيل]
Failed to create a valid word from قوات
Failed to create a valid word from مرحلة
Failed to create a valid word from طلاب
Failed to create a valid word from أربعة
Failed to create a valid word from يعود
Failed to create a valid word from الرابطللتسجيل
Failed to create a valid word from عيادة
Failed to create a valid word from تصل
Failed to create a valid word from السودان
Failed to create a valid word from عائلة
Failed to create a valid word from ديكور
Failed to create a valid word from منوعة
Failed to create a valid word from قيمة
Failed to create a valid word from الأوقات
Failed to create a valid word from لديك
Failed to create a valid word from الموت
Failed to create a valid word from مدن
Failed to create a valid word from السلطة
Failed to create a valid word from مسلم
Failed to create a valid word from السياسة
Failed to create a valid word from ايه
Failed to create a valid word from الخصوصية
Failed to create a valid word from جهة
Failed to create a valid word from وله
Failed to create a valid word from ايضا
Failed to create a valid word from نعم
Failed to create a valid word from مواليد
Failed to create a valid word from الثقافي
Failed to create a valid word from الموسيقى
Failed to create a valid word from الوحدة
Failed to create a valid word from الخط
Failed to create a valid word from مبروك
Failed to create a valid word from الرأي
Failed to create a valid word from الدعوة
Failed to create a valid word from ديوان
Failed to create a valid word from اعضاء
Failed to create a valid word from ارسال
Failed to create a valid word from وتطوير
Failed to create a valid word from الواقع
Failed to create a valid word from درس
Failed to create a valid word from النقل
Failed to create a valid word from وبالتالي
Failed to create a valid word from كول
Failed to create a valid word from المميز
Failed to create a valid word from وصف
Failed to create a valid word from الطلبات
Failed to create a valid word from مرفقات
Failed to create a valid word from لجميع
Failed to create a valid word from صناعة
Failed to create a valid word from المشروع
Failed to create a valid word from علماء
Failed to create a valid word from الشكر
Failed to create a valid word from صفحات
Failed to create a valid word from بيان
Failed to create a valid word from اغنية
Failed to create a valid word from ربي
Failed to create a valid word from رياضية
Failed to create a valid word from قصيدة
Failed to create a valid word from أفريقيا
Failed to create a valid word from وعندما
Failed to create a valid word from تمت
Failed to create a valid word from الصوت
Failed to create a valid word from اقسام
Failed to create a valid word from كثيرا
Failed to create a valid word from المتميزة
Failed to create a valid word from الخميس
Failed to create a valid word from منكم
Failed to create a valid word from المؤشر
Failed to create a valid word from مباشر
Failed to create a valid word from الكلية
Failed to create a valid word from مقالة
Failed to create a valid word from هذي
Failed to create a valid word from المسجد
Failed to create a valid word from روعة
Failed to create a valid word from ج
Failed to create a valid word from ,,,
Failed to create a valid word from وحلول
Failed to create a valid word from دعوة
Failed to create a valid word from العناية
Failed to create a valid word from إحصائيات
Failed to create a valid word from رب
Failed to create a valid word from متى
Failed to create a valid word from حمد
Failed to create a valid word from عز
Failed to create a valid word from مالك
Failed to create a valid word from البريطانية
Failed to create a valid word from الأوسط
Failed to create a valid word from البشرية
Failed to create a valid word from غرام
Failed to create a valid word from الاسلام
Failed to create a valid word from للبيع
Failed to create a valid word from الرقم
Failed to create a valid word from الغرب
Failed to create a valid word from الفراشة
Failed to create a valid word from روايات
Failed to create a valid word from ابي
Failed to create a valid word from السورية
Failed to create a valid word from خبر
Failed to create a valid word from الأمريكي
Failed to create a valid word from أهمية
Failed to create a valid word from وظائف
Failed to create a valid word from اللون
Failed to create a valid word from أغنية
Failed to create a valid word from سالم
Failed to create a valid word from الغير
Failed to create a valid word from ظهر
Failed to create a valid word from فان
Failed to create a valid word from متر
Failed to create a valid word from سعودية
Failed to create a valid word from صوتيات
Failed to create a valid word from معركة
Failed to create a valid word from زواج
Failed to create a valid word from روسيا
Failed to create a valid word from بمعدل
Failed to create a valid word from أحداث
Failed to create a valid word from توفي
Failed to create a valid word from إجمالي
Failed to create a valid word from التعليق
Failed to create a valid word from الغاز
Failed to create a valid word from قلعة
Failed to create a valid word from قمر
Failed to create a valid word from سيارة
Failed to create a valid word from قصر
Failed to create a valid word from العمر:
Failed to create a valid word from لقاء
Failed to create a valid word from ألمانيا
Failed to create a valid word from قمة
Failed to create a valid word from مجرد
Failed to create a valid word from الثورة
Failed to create a valid word from الطبي
Failed to create a valid word from شهادة
Failed to create a valid word from التدريب
Failed to create a valid word from للطباعة
Failed to create a valid word from %
Failed to create a valid word from طيب
Failed to create a valid word from الإعلانات
Failed to create a valid word from الموبايل
Failed to create a valid word from قصيرة
Failed to create a valid word from الدرجة
Failed to create a valid word from الزمن
Failed to create a valid word from يارب
Failed to create a valid word from حلوة
Failed to create a valid word from الشخص
Failed to create a valid word from يؤدي
Failed to create a valid word from خلف
Failed to create a valid word from الجدد
Failed to create a valid word from طويلة
Failed to create a valid word from البنك
Failed to create a valid word from الشعبي
Failed to create a valid word from الشخصي:
Failed to create a valid word from بوكس
Failed to create a valid word from خمس
Failed to create a valid word from والروايات
Failed to create a valid word from متقدم
Failed to create a valid word from لكنه
Failed to create a valid word from الشكل
Failed to create a valid word from مهم
Failed to create a valid word from امام
Failed to create a valid word from شعراء
Failed to create a valid word from ادوات
Failed to create a valid word from حي
Failed to create a valid word from تعد
Failed to create a valid word from نفسها
Failed to create a valid word from راشد
Failed to create a valid word from أنحاء
Failed to create a valid word from طباعة
Failed to create a valid word from وخاصة
Failed to create a valid word from يظهر
Failed to create a valid word from عاصمة
Failed to create a valid word from الحمل
Failed to create a valid word from ألا
Failed to create a valid word from النتائج
Failed to create a valid word from النصر
Failed to create a valid word from الأسهم
Failed to create a valid word from اللى
Failed to create a valid word from مراكز
Failed to create a valid word from بطريقة
Failed to create a valid word from عينك
Failed to create a valid word from الخواطر
Failed to create a valid word from الانمي
Failed to create a valid word from وسهلا
Failed to create a valid word from المجال
Failed to create a valid word from وراء
Failed to create a valid word from مقابل
Failed to create a valid word from التوقيع:
Failed to create a valid word from كبار
Failed to create a valid word from التاسع
Failed to create a valid word from الطبيعية
Failed to create a valid word from أدى
Failed to create a valid word from الترفيهية
Failed to create a valid word from يستطيع
Failed to create a valid word from النظر
Failed to create a valid word from القديم
Failed to create a valid word from العيد
Failed to create a valid word from ل
Failed to create a valid word from زمن
Failed to create a valid word from قطع
Failed to create a valid word from قطاع
Failed to create a valid word from ؟؟؟
Failed to create a valid word from الساحة
Failed to create a valid word from التابعة
Failed to create a valid word from أين
Failed to create a valid word from مرض
Failed to create a valid word from التربوي
Failed to create a valid word from سرعة
Failed to create a valid word from الفضائية
Failed to create a valid word from يدخل
Failed to create a valid word from قضية
Failed to create a valid word from طرب
Failed to create a valid word from الهيئة
Failed to create a valid word from قرار
Failed to create a valid word from الموضوع:
Failed to create a valid word from الجميل
Failed to create a valid word from المتعلقة
Failed to create a valid word from الهواتف
Failed to create a valid word from حكومة
Failed to create a valid word from تفاصيل
Failed to create a valid word from اغانى
Failed to create a valid word from المشرف
Failed to create a valid word from اذهب
Failed to create a valid word from المصدر
Failed to create a valid word from دنيا
Failed to create a valid word from صغير
Failed to create a valid word from ماشاء
Failed to create a valid word from السلطان
Failed to create a valid word from الصحافة
Failed to create a valid word from معنى
Failed to create a valid word from القران
Failed to create a valid word from البلد:
Failed to create a valid word from الإقامة:
Failed to create a valid word from طرف
Failed to create a valid word from أنظمة
Failed to create a valid word from صيانة
Failed to create a valid word from المباراة
Failed to create a valid word from طبعا
Failed to create a valid word from فما
Failed to create a valid word from طبخ
Failed to create a valid word from عبدالرحمن
Failed to create a valid word from كوم
Failed to create a valid word from التنمية
Failed to create a valid word from منوعات
Failed to create a valid word from يريد
Failed to create a valid word from الغربي
Failed to create a valid word from الشرعية
Failed to create a valid word from مسابقات
Failed to create a valid word from النفط
Failed to create a valid word from زائر
Failed to create a valid word from حلو
Failed to create a valid word from وعن
Failed to create a valid word from الحالي
Failed to create a valid word from قالت
Failed to create a valid word from جميلة
Failed to create a valid word from موسى
Failed to create a valid word from بسرعة
Failed to create a valid word from نقاش
Failed to create a valid word from والمنتديات
Failed to create a valid word from كاتبها
Failed to create a valid word from حملة
Failed to create a valid word from للحصول
Failed to create a valid word from يتعلق
Failed to create a valid word from نفسك
Failed to create a valid word from |--منتدى
Failed to create a valid word from هندسة
Failed to create a valid word from &lt;&lt;
Failed to create a valid word from النجوم
Failed to create a valid word from الأصدقاء
Failed to create a valid word from شبه
Failed to create a valid word from الكتابة
Failed to create a valid word from ممتاز
Failed to create a valid word from إسلامية
Failed to create a valid word from خيرا
Failed to create a valid word from المقالة
Failed to create a valid word from الموسم
Failed to create a valid word from الحقيقة
Failed to create a valid word from ثانية
Failed to create a valid word from اللعبة
Failed to create a valid word from الحل
Failed to create a valid word from مصدر
Failed to create a valid word from المشاعر
Failed to create a valid word from وسائط
Failed to create a valid word from انتهاء
Failed to create a valid word from الأراضي
Failed to create a valid word from مجاني
Failed to create a valid word from الشبكات
Failed to create a valid word from الوضع
Failed to create a valid word from تنظيم
Failed to create a valid word from المنزل
Failed to create a valid word from رضي
Failed to create a valid word from استضافة
Failed to create a valid word from دلع
Failed to create a valid word from دخل
Failed to create a valid word from حاجة
Failed to create a valid word from تنفيذ
Failed to create a valid word from (المفضلة)
Failed to create a valid word from اضف
Failed to create a valid word from سيد
Failed to create a valid word from الحسن
Failed to create a valid word from الزراعة
Failed to create a valid word from تحتاج
Failed to create a valid word from المدير
Failed to create a valid word from البيئة
Failed to create a valid word from اعلن
Failed to create a valid word from النور
Failed to create a valid word from الأستاذ
Failed to create a valid word from تعريف
Failed to create a valid word from اتحاد
Failed to create a valid word from السعوديه
Failed to create a valid word from الجامعات
Failed to create a valid word from إبحث
Failed to create a valid word from قرى
Failed to create a valid word from وانت
Failed to create a valid word from مشاركات:
Failed to create a valid word from القوانين
Failed to create a valid word from الأيام
Failed to create a valid word from وبعض
Failed to create a valid word from الدليل
Failed to create a valid word from لايمكنك
Failed to create a valid word from تعرض
Failed to create a valid word from عاشقة
Failed to create a valid word from رمزية
Failed to create a valid word from سوالف
Failed to create a valid word from الاجتماعي
Failed to create a valid word from ابراهيم
Failed to create a valid word from مدونة
Failed to create a valid word from شو
Failed to create a valid word from عباس
Failed to create a valid word from التعاون
Failed to create a valid word from النص
Failed to create a valid word from الكون
Failed to create a valid word from جرائم
Failed to create a valid word from وغير
Failed to create a valid word from الكلمة
Failed to create a valid word from بصورة
Failed to create a valid word from نائب
Failed to create a valid word from تقارير
Failed to create a valid word from الطرق
Failed to create a valid word from اختر
Failed to create a valid word from عشاق
Failed to create a valid word from السبب
Failed to create a valid word from الصغيرة
Failed to create a valid word from سهل
Failed to create a valid word from مهرجان
Failed to create a valid word from الحيوانات
Failed to create a valid word from تقبل
Failed to create a valid word from كليبات
Failed to create a valid word from سلام
Failed to create a valid word from س
Failed to create a valid word from الاقتصادي
Failed to create a valid word from ساعات
Failed to create a valid word from ومنتديات
Failed to create a valid word from ترخيص
Failed to create a valid word from الفنون
Failed to create a valid word from غرائب
Failed to create a valid word from مطلوب
Failed to create a valid word from التراث
Failed to create a valid word from الورد
Failed to create a valid word from اتمنى
Failed to create a valid word from شخصيات
Failed to create a valid word from ظهور
Failed to create a valid word from الحسين
Failed to create a valid word from الثلاثاء
Failed to create a valid word from تعليقات
Failed to create a valid word from لون
Failed to create a valid word from الحجم
Failed to create a valid word from |--محبي
Failed to create a valid word from بأنها
Failed to create a valid word from العهد
Failed to create a valid word from آسيا
Failed to create a valid word from رحمه
Failed to create a valid word from العالي
Failed to create a valid word from اجنبية
Failed to create a valid word from الاولى
Failed to create a valid word from لأنها
Failed to create a valid word from زهرة
Failed to create a valid word from الاطفال
Failed to create a valid word from موجود
Failed to create a valid word from الوحيد
Failed to create a valid word from أحلى
Failed to create a valid word from الرومانسية
Failed to create a valid word from صار
Failed to create a valid word from تسمى
Failed to create a valid word from أسئلة
Failed to create a valid word from القطاع
Failed to create a valid word from مليار
Failed to create a valid word from السابع
Failed to create a valid word from المعهد
Failed to create a valid word from مصرية
Failed to create a valid word from الانجليزية
Failed to create a valid word from التعليقات
Failed to create a valid word from بقلم
Failed to create a valid word from سياسية
Failed to create a valid word from السوري
Failed to create a valid word from الجوية
Failed to create a valid word from نجم
Failed to create a valid word from مسجد
Failed to create a valid word from تبدأ
Failed to create a valid word from كام
Failed to create a valid word from صلاة
Failed to create a valid word from التعليمات
Failed to create a valid word from أصحاب
Failed to create a valid word from آلاف
Failed to create a valid word from معرفة
Failed to create a valid word from قرب
Failed to create a valid word from البحرية
Failed to create a valid word from وحده
Failed to create a valid word from الأسبوع
Failed to create a valid word from بريطانيا
Failed to create a valid word from المستقبل
Failed to create a valid word from ياسر
Failed to create a valid word from إقتباس
Failed to create a valid word from ماء
Failed to create a valid word from حبيبي
Failed to create a valid word from المؤتمر
Failed to create a valid word from اللاعب
Failed to create a valid word from الدورة
Failed to create a valid word from التعديل
Failed to create a valid word from الذى
Failed to create a valid word from فعلا
Failed to create a valid word from دقيقة
Failed to create a valid word from بطاقات
Failed to create a valid word from لاين
Failed to create a valid word from التاريخية
Failed to create a valid word from مغلق
Failed to create a valid word from الاسرة
Failed to create a valid word from الاستخدام
Failed to create a valid word from فرقة
Failed to create a valid word from حلقة
Failed to create a valid word from الهند
Failed to create a valid word from ارجو
Failed to create a valid word from محرك
Failed to create a valid word from إيران
Failed to create a valid word from الأمور
Failed to create a valid word from :-
Failed to create a valid word from البشر
Failed to create a valid word from الرياضيات
Failed to create a valid word from ضغط
Failed to create a valid word from مدريد
Failed to create a valid word from القوة
Failed to create a valid word from نقاط
Failed to create a valid word from وبرامج
Failed to create a valid word from المغربية
Failed to create a valid word from ففي
Failed to create a valid word from طرح
Failed to create a valid word from الحرارة
Failed to create a valid word from أدب
Failed to create a valid word from للعضو
Failed to create a valid word from المحافظة
Failed to create a valid word from يقدم
Failed to create a valid word from الحماية
Failed to create a valid word from استراحة
Failed to create a valid word from الشخصيات
Failed to create a valid word from إيطاليا
Failed to create a valid word from للأعضاء
Failed to create a valid word from عادل
Failed to create a valid word from حالات
Failed to create a valid word from لقب
Failed to create a valid word from سعر
Failed to create a valid word from التحرير
Failed to create a valid word from يرى
Failed to create a valid word from التاريخ:
Failed to create a valid word from المجموعة:
Failed to create a valid word from للنساء
Failed to create a valid word from إهداء
Failed to create a valid word from التعامل
Failed to create a valid word from محاولة
Failed to create a valid word from الكبيرة
Failed to create a valid word from الأمة
Failed to create a valid word from شارع
Failed to create a valid word from يحمل
Failed to create a valid word from لموقع
Failed to create a valid word from بعنوان
Failed to create a valid word from السؤال
Failed to create a valid word from وكالة
Failed to create a valid word from الرابعة
Failed to create a valid word from شاب
Failed to create a valid word from الادارة
Failed to create a valid word from الالكتروني
Failed to create a valid word from وعدم
Failed to create a valid word from فمن
Failed to create a valid word from التغييرات
Failed to create a valid word from :)
Failed to create a valid word from تأثير
Failed to create a valid word from والصور
Failed to create a valid word from فنون
Failed to create a valid word from تصفح
Failed to create a valid word from صدام
Failed to create a valid word from والمواضيع
Failed to create a valid word from النغمات
Failed to create a valid word from غريب
Failed to create a valid word from وصلت
Failed to create a valid word from البناء
Failed to create a valid word from المسلم
Failed to create a valid word from القرى
Failed to create a valid word from قول
Failed to create a valid word from الهاتف
Failed to create a valid word from الأغنية
Failed to create a valid word from الرمضانية
Failed to create a valid word from الواحد
Failed to create a valid word from السيارة
Failed to create a valid word from غرفة
Failed to create a valid word from بلدة
Failed to create a valid word from موسيقى
Failed to create a valid word from اعلان
Failed to create a valid word from التجاري
Failed to create a valid word from تحدث
Failed to create a valid word from أهداف
Failed to create a valid word from جمع
Failed to create a valid word from للشيخ
Failed to create a valid word from حلوه
Failed to create a valid word from بكر
Failed to create a valid word from مجتمع
Failed to create a valid word from عديدة
Failed to create a valid word from مهما
Failed to create a valid word from مستشفى
Failed to create a valid word from معينة
Failed to create a valid word from استرجاع
Failed to create a valid word from استعراض
Failed to create a valid word from ف
Failed to create a valid word from كيلو
Failed to create a valid word from عرف
Failed to create a valid word from الكل
Failed to create a valid word from ومنها
Failed to create a valid word from تجد
Failed to create a valid word from عفوا
Failed to create a valid word from المكتب
Failed to create a valid word from مجموعات
Failed to create a valid word from يأتي
Failed to create a valid word from البطولة
Failed to create a valid word from نسخ
Failed to create a valid word from جميعا
Failed to create a valid word from اجل
Failed to create a valid word from طرطعة
Failed to create a valid word from المهم
Failed to create a valid word from أنهم
Failed to create a valid word from الأدبي
Failed to create a valid word from العمليات
Failed to create a valid word from فله
Failed to create a valid word from يرجى
Failed to create a valid word from عندك
Failed to create a valid word from روحي
Failed to create a valid word from الهواء
Failed to create a valid word from الرسمية
Failed to create a valid word from اليابان
Failed to create a valid word from تقريبا
Failed to create a valid word from ولكنها
Failed to create a valid word from اللقاء
Failed to create a valid word from للجوال
Failed to create a valid word from المعروف
Failed to create a valid word from تعود
Failed to create a valid word from الذهبي
Failed to create a valid word from بزيارة
Failed to create a valid word from أصل
Failed to create a valid word from كي
Failed to create a valid word from اهل
Failed to create a valid word from لذا
Failed to create a valid word from فعل
Failed to create a valid word from الاحتلال
Failed to create a valid word from زين
Failed to create a valid word from تضم
Failed to create a valid word from نطاق
Failed to create a valid word from معها
Failed to create a valid word from مؤتمر
Failed to create a valid word from حذف
Failed to create a valid word from مايكروسوفت
Failed to create a valid word from حياتي
Failed to create a valid word from فصل
Failed to create a valid word from بعضها
Failed to create a valid word from بينهم
Failed to create a valid word from ..!
Failed to create a valid word from ايام
Failed to create a valid word from عثمان
Failed to create a valid word from يمثل
Failed to create a valid word from فكان
Failed to create a valid word from التقييم:
Failed to create a valid word from الكنيسة
Failed to create a valid word from الأحد
Failed to create a valid word from فراشة
Failed to create a valid word from //
Failed to create a valid word from أية
Failed to create a valid word from بدر
Failed to create a valid word from مثلا
Failed to create a valid word from القبائل
Failed to create a valid word from شراء
Failed to create a valid word from ظهرت
Failed to create a valid word from مميزة
Failed to create a valid word from النيل
Failed to create a valid word from الثامن
Failed to create a valid word from صح
Failed to create a valid word from رحلة
Failed to create a valid word from توب
Failed to create a valid word from المنتدي
Failed to create a valid word from تركيا
Failed to create a valid word from التميز
Failed to create a valid word from سفر
Failed to create a valid word from الصناعية
Failed to create a valid word from النهاية
Failed to create a valid word from التكنولوجيا
Failed to create a valid word from حتي
Failed to create a valid word from رواية
Failed to create a valid word from تدخل
Failed to create a valid word from مخالفة
Failed to create a valid word from يسمح
Failed to create a valid word from الأبيض
Failed to create a valid word from موبايل
Failed to create a valid word from الضوء
Failed to create a valid word from الشريعة
Failed to create a valid word from تكنولوجيا
Failed to create a valid word from أربع
Failed to create a valid word from وداع
Failed to create a valid word from الفكر
Failed to create a valid word from اقتصاد
Failed to create a valid word from اى
Failed to create a valid word from أزياء
Failed to create a valid word from المعرفة
Failed to create a valid word from الأكبر
Failed to create a valid word from للإعلان
Failed to create a valid word from لصالح
Failed to create a valid word from الزعيم
Failed to create a valid word from حبيبتي
Failed to create a valid word from لديه
Failed to create a valid word from المدرسية
Failed to create a valid word from الالبومات
Failed to create a valid word from القناة
Failed to create a valid word from تامر
Failed to create a valid word from لازم
Failed to create a valid word from بالحجم
Failed to create a valid word from تشمل
Failed to create a valid word from الطعام
Failed to create a valid word from المصارعة
Failed to create a valid word from الانتخابات
Failed to create a valid word from الشكاوي
Failed to create a valid word from الحبيب
Failed to create a valid word from الأحمر
Failed to create a valid word from كتابه
Failed to create a valid word from بعيد
Failed to create a valid word from الشرطة
Failed to create a valid word from سابق
Failed to create a valid word from والمجتمع
Failed to create a valid word from تأسيس
Failed to create a valid word from الحال
Failed to create a valid word from الآخرين
Failed to create a valid word from إقليم
Failed to create a valid word from توزيع
Failed to create a valid word from ممن
Failed to create a valid word from جوالات
Failed to create a valid word from عنده
Failed to create a valid word from سن
Failed to create a valid word from تطبيق
Failed to create a valid word from يكتب
Failed to create a valid word from القرار
Failed to create a valid word from حقيقة
Failed to create a valid word from كتير
Failed to create a valid word from المرض
Failed to create a valid word from مشاريع
Failed to create a valid word from المشاهير
Failed to create a valid word from تغير
Failed to create a valid word from مضحكة
Failed to create a valid word from ترحيب
Failed to create a valid word from الصباح
Failed to create a valid word from اعرف
Failed to create a valid word from العضو:
Failed to create a valid word from الوجه
Failed to create a valid word from الكامل
Failed to create a valid word from شبكات
Failed to create a valid word from :.
Failed to create a valid word from إله
Failed to create a valid word from أسبوع
Failed to create a valid word from والده
Failed to create a valid word from حدوث
Failed to create a valid word from ترك
Failed to create a valid word from يبدأ
Failed to create a valid word from الصغير
Failed to create a valid word from سيكون
Failed to create a valid word from مسؤولية
Failed to create a valid word from وجدت
Failed to create a valid word from ==
Failed to create a valid word from الصحراء
Failed to create a valid word from لرؤيتها
Failed to create a valid word from مصري
Failed to create a valid word from أهلا
Failed to create a valid word from حبيب
Failed to create a valid word from مدارس
Failed to create a valid word from وصور
Failed to create a valid word from أقدم
Failed to create a valid word from روعه
Failed to create a valid word from الآلي
Failed to create a valid word from النت
Failed to create a valid word from تربية
Failed to create a valid word from المشكلة
Failed to create a valid word from ناحية
Failed to create a valid word from الطقس
Failed to create a valid word from سيدي
Failed to create a valid word from عشوائية
Failed to create a valid word from الباب
Failed to create a valid word from مياه
Failed to create a valid word from الرواية
Failed to create a valid word from الطيور
Failed to create a valid word from وطن
Failed to create a valid word from استلام
Failed to create a valid word from البيع
Failed to create a valid word from الجميلة
Failed to create a valid word from دفع
Failed to create a valid word from سيئة
Failed to create a valid word from منا
Failed to create a valid word from المنظمة
Failed to create a valid word from كمية
Failed to create a valid word from بهم
Failed to create a valid word from الحقيقي
Failed to create a valid word from الحكومية
Failed to create a valid word from تجمع
Failed to create a valid word from الطلبة
Failed to create a valid word from حلب
Failed to create a valid word from اللعب
Failed to create a valid word from الشرقي
Failed to create a valid word from مرور
Failed to create a valid word from سيف
Failed to create a valid word from العلاقة
Failed to create a valid word from المؤسسة
Failed to create a valid word from وإنما
Failed to create a valid word from ستة
Failed to create a valid word from تركي
Failed to create a valid word from أبرز
Failed to create a valid word from النوم
Failed to create a valid word from عفيف
Failed to create a valid word from إطار
Failed to create a valid word from ملابس
Failed to create a valid word from اسمها
Failed to create a valid word from مباريات
Failed to create a valid word from ق
Failed to create a valid word from الروايات
Failed to create a valid word from ناس
Failed to create a valid word from فهم
Failed to create a valid word from الأمراض
Failed to create a valid word from جماعة
Failed to create a valid word from شيخ
Failed to create a valid word from الرئيسة
Failed to create a valid word from ملاحظة
Failed to create a valid word from اللبنانية
Failed to create a valid word from الفرقة
Failed to create a valid word from ميديا
Failed to create a valid word from والسفر
Failed to create a valid word from المحتوى
Failed to create a valid word from منزل
Failed to create a valid word from هوية
Failed to create a valid word from معك
Failed to create a valid word from زي
Failed to create a valid word from متميز
Failed to create a valid word from المهندس
Failed to create a valid word from أسرة
Failed to create a valid word from الشؤون
Failed to create a valid word from قدر
Failed to create a valid word from الموافق
Failed to create a valid word from لتحميل
Failed to create a valid word from المرئيات
Failed to create a valid word from لأول
Failed to create a valid word from فرق
Failed to create a valid word from شروحات
Failed to create a valid word from منتصف
Failed to create a valid word from تعتمد
Failed to create a valid word from تصوير
Failed to create a valid word from قبائل
Failed to create a valid word from صوتية
Failed to create a valid word from الحين
Failed to create a valid word from تعني
Failed to create a valid word from المؤسسات
Failed to create a valid word from أسباب
Failed to create a valid word from أخذ
Failed to create a valid word from دى
Failed to create a valid word from الوزارة
Failed to create a valid word from مجالس
Failed to create a valid word from مات
Failed to create a valid word from ذا
Failed to create a valid word from متعددة
Failed to create a valid word from الانسان
Failed to create a valid word from والإنترنت
Failed to create a valid word from بمدينة
Failed to create a valid word from بواسطة:
Failed to create a valid word from غرف
Failed to create a valid word from حلول
Failed to create a valid word from المحيط
Failed to create a valid word from عمري
Failed to create a valid word from عمله
Failed to create a valid word from بنسبة
Failed to create a valid word from الشام
Failed to create a valid word from مفيدة
Failed to create a valid word from أولاد
Failed to create a valid word from ملكة
Failed to create a valid word from اقرأ
Failed to create a valid word from أنثى
Failed to create a valid word from أمل
Failed to create a valid word from دورات
Failed to create a valid word from المجموعات
Failed to create a valid word from دراسات
Failed to create a valid word from يجعل
Failed to create a valid word from وطلبات
Failed to create a valid word from القراء
Failed to create a valid word from البلدان
Failed to create a valid word from يحتاج
Failed to create a valid word from نموذج
Failed to create a valid word from مين
Failed to create a valid word from عالمية
Failed to create a valid word from جيش
Failed to create a valid word from والسلام
Failed to create a valid word from يحيى
Failed to create a valid word from العيون
Failed to create a valid word from الرسم
Failed to create a valid word from المشتركين
Failed to create a valid word from امرأة
Failed to create a valid word from المغربي
Failed to create a valid word from جديده
Failed to create a valid word from عربيه
Failed to create a valid word from د
Failed to create a valid word from حرف
Failed to create a valid word from الزراعية
Failed to create a valid word from لمشاهدة
Failed to create a valid word from يذكر
Failed to create a valid word from أساس
Failed to create a valid word from طارق
Failed to create a valid word from الوظائف
Failed to create a valid word from بتسجيل
Failed to create a valid word from يبقى
Failed to create a valid word from الفوز
Failed to create a valid word from اليهود
Failed to create a valid word from تصبح
Failed to create a valid word from زيد
Failed to create a valid word from ثورة
Failed to create a valid word from عصر
Failed to create a valid word from لبعض
Failed to create a valid word from إجراء
Failed to create a valid word from دين
Failed to create a valid word from قيادة
Failed to create a valid word from يجوز
Failed to create a valid word from السنوات
Failed to create a valid word from انتي
Failed to create a valid word from الكهربائية
Failed to create a valid word from لندن
Failed to create a valid word from لانه
Failed to create a valid word from الحرف
Failed to create a valid word from الحديد
Failed to create a valid word from عذب
Failed to create a valid word from الأوروبية
Failed to create a valid word from يخص
Failed to create a valid word from التفاصيل
Failed to create a valid word from خليل
Failed to create a valid word from الطبيعة
Failed to create a valid word from ويكون
Failed to create a valid word from نسمة.
Failed to create a valid word from مقطع
Failed to create a valid word from هامة
Failed to create a valid word from الحج
Failed to create a valid word from مرورك
Failed to create a valid word from الأربعاء
Failed to create a valid word from ماجد
Failed to create a valid word from ذهب
Failed to create a valid word from إصدار
Failed to create a valid word from ويعتبر
Failed to create a valid word from بالقرب
Failed to create a valid word from التواصل
Failed to create a valid word from المؤمنين
Failed to create a valid word from عيسى
Failed to create a valid word from العربى
Failed to create a valid word from الثيمات
Failed to create a valid word from اختبار
Failed to create a valid word from حوادث
Failed to create a valid word from العالم.
Failed to create a valid word from زوجته
Failed to create a valid word from أنك
Failed to create a valid word from انواع
Failed to create a valid word from الإنتاج
Failed to create a valid word from ظاهرة
Failed to create a valid word from تبلغ
Failed to create a valid word from ويتم
Failed to create a valid word from قريبا
Failed to create a valid word from هما
Failed to create a valid word from حرارة
Failed to create a valid word from الدراسية
Failed to create a valid word from التعليمي
Failed to create a valid word from العنوان
Failed to create a valid word from النقاش
Failed to create a valid word from الشهيد
Failed to create a valid word from ضحك
Failed to create a valid word from سات
Failed to create a valid word from القصيرة
Failed to create a valid word from بان
Failed to create a valid word from تذكرني؟
Failed to create a valid word from الإهداءات
Failed to create a valid word from المليون
Failed to create a valid word from الخطوط
Failed to create a valid word from النصوص
Failed to create a valid word from بنك
Failed to create a valid word from الحالية
Failed to create a valid word from جبال
Failed to create a valid word from المنتجات
Failed to create a valid word from علمية
Failed to create a valid word from فرصة
Failed to create a valid word from القضاء
Failed to create a valid word from السماء
Failed to create a valid word from التهاني
Failed to create a valid word from الدعاء
Failed to create a valid word from الامام
Failed to create a valid word from لانك
Failed to create a valid word from الأساسي
Failed to create a valid word from بقيادة
Failed to create a valid word from الأهلي
Failed to create a valid word from بيروت
Failed to create a valid word from قليل
Failed to create a valid word from القلم
Failed to create a valid word from عاجل
Failed to create a valid word from النجم
Failed to create a valid word from الخاصه
Failed to create a valid word from منصب
Failed to create a valid word from المقاومة
Failed to create a valid word from يصبح
Failed to create a valid word from سليم
Failed to create a valid word from تصنيف
Failed to create a valid word from وفى
Failed to create a valid word from ونحن
Failed to create a valid word from بشأن
Failed to create a valid word from حفل
Failed to create a valid word from تجميل
Failed to create a valid word from طلال
Failed to create a valid word from المشاريع
Failed to create a valid word from صدى
Failed to create a valid word from إمارة
Failed to create a valid word from قائد
Failed to create a valid word from أخبر
Failed to create a valid word from باشا
Failed to create a valid word from حبي
Failed to create a valid word from وهل
Failed to create a valid word from نظرية
Failed to create a valid word from إني
Failed to create a valid word from فرع
Failed to create a valid word from الفوركس
Failed to create a valid word from مثال
Failed to create a valid word from الصدر
Failed to create a valid word from التركي
Failed to create a valid word from علامة
Failed to create a valid word from منتجات
Failed to create a valid word from الجانب
Failed to create a valid word from تحية
Failed to create a valid word from الوسطى
Failed to create a valid word from قسـم
Failed to create a valid word from جون
Failed to create a valid word from خلق
Failed to create a valid word from زاد
Failed to create a valid word from الاقتراحات
Failed to create a valid word from آدم
Failed to create a valid word from مدونات
Failed to create a valid word from والتصميم
Failed to create a valid word from رحمة
Failed to create a valid word from يطلق
Failed to create a valid word from القدرة
Failed to create a valid word from الفضاء
Failed to create a valid word from ذي
Failed to create a valid word from السلطات
Failed to create a valid word from جوجل
Failed to create a valid word from معين
Failed to create a valid word from ستايل
Failed to create a valid word from صعب
Failed to create a valid word from قنوات
Failed to create a valid word from الطيران
Failed to create a valid word from الأسود
Failed to create a valid word from ح
Failed to create a valid word from استفسارات
Failed to create a valid word from بلد
Failed to create a valid word from ليه
Failed to create a valid word from ماهو
Failed to create a valid word from تحليل
Failed to create a valid word from اليوم,
Failed to create a valid word from الذاكرة
Failed to create a valid word from خليجي
Failed to create a valid word from أنتهاء
Failed to create a valid word from الإتصال
Failed to create a valid word from قاعة
Failed to create a valid word from العسكري
Failed to create a valid word from |-
Failed to create a valid word from الويب
Failed to create a valid word from فرسان
Failed to create a valid word from واذا
Failed to create a valid word from جورج
Failed to create a valid word from الحالات
Failed to create a valid word from النجاح
Failed to create a valid word from وقع
Failed to create a valid word from بأي
Failed to create a valid word from شئ
Failed to create a valid word from بقية
Failed to create a valid word from رقــم
Failed to create a valid word from فهل
Failed to create a valid word from ..!!
Failed to create a valid word from واسعة
Failed to create a valid word from الأنمي
Failed to create a valid word from الأدوات
Failed to create a valid word from إسماعيل
Failed to create a valid word from وجد
Failed to create a valid word from البحوث
Failed to create a valid word from الرقمية
Failed to create a valid word from بينها
Failed to create a valid word from خطة
Failed to create a valid word from المناسبات
Failed to create a valid word from زمان
Failed to create a valid word from المعلمين
Failed to create a valid word from ــ
Failed to create a valid word from الاعلام
Failed to create a valid word from أمين
Failed to create a valid word from جنيه
Failed to create a valid word from منصور
Failed to create a valid word from كذا
Failed to create a valid word from تجارية
Failed to create a valid word from وعدد
Failed to create a valid word from باريس
Failed to create a valid word from الذات
Failed to create a valid word from وملفات
Failed to create a valid word from فتاوى
Failed to create a valid word from أختي
Failed to create a valid word from عرفت
Failed to create a valid word from النفسية
Failed to create a valid word from أ
Failed to create a valid word from هع
Failed to create a valid word from عناصر
Failed to create a valid word from كمال
Failed to create a valid word from ليش
Failed to create a valid word from يوميا
Failed to create a valid word from بهدف
Failed to create a valid word from أغلب
Failed to create a valid word from لكنها
Failed to create a valid word from ولقد
Failed to create a valid word from اتفاقية
Failed to create a valid word from العشرين
Failed to create a valid word from الكويتي
Failed to create a valid word from الإدراج
Failed to create a valid word from الطيب
Failed to create a valid word from الأم
Failed to create a valid word from المحكمة
Failed to create a valid word from الشرح
Failed to create a valid word from اليه
Failed to create a valid word from فاز
Failed to create a valid word from الاثنين
Failed to create a valid word from صقر
Failed to create a valid word from سيتم
Failed to create a valid word from ويقول
Failed to create a valid word from الاكثر
Failed to create a valid word from معي
Failed to create a valid word from القضايا
Failed to create a valid word from جد
Failed to create a valid word from انتخابات
Failed to create a valid word from الفقه
Failed to create a valid word from إنها
Failed to create a valid word from اليومية
Failed to create a valid word from الممكن
Failed to create a valid word from نظرة
Failed to create a valid word from طفل
Failed to create a valid word from قلوب
Failed to create a valid word from تابعة
Failed to create a valid word from تبقى
Failed to create a valid word from خلالها
Failed to create a valid word from صوره
Failed to create a valid word from نصية
Failed to create a valid word from أطفال
Failed to create a valid word from استعمال
Failed to create a valid word from بكم
Failed to create a valid word from العروض
Failed to create a valid word from الدراسي
Failed to create a valid word from ولي
Failed to create a valid word from وصول
Failed to create a valid word from الارشيف
Failed to create a valid word from الآثار
Failed to create a valid word from المواضيع:
Failed to create a valid word from ترقية
Failed to create a valid word from حسني
Failed to create a valid word from معروف
Failed to create a valid word from تحب
Failed to create a valid word from الأزمة
Failed to create a valid word from ويكيبيديا
Failed to create a valid word from تختلف
Failed to create a valid word from وتعتبر
Failed to create a valid word from أنظر
Failed to create a valid word from هكذا
Failed to create a valid word from القادم
Failed to create a valid word from تناول
Failed to create a valid word from العقل
Failed to create a valid word from الألمانية
Failed to create a valid word from اس
Failed to create a valid word from دوت
Failed to create a valid word from ضوء
Failed to create a valid word from افتتاح
Failed to create a valid word from محطة
Failed to create a valid word from دعاء
Failed to create a valid word from البنوك
Failed to create a valid word from جدول
Failed to create a valid word from تطور
Failed to create a valid word from تزال
Failed to create a valid word from ملاك
Failed to create a valid word from وعند
Failed to create a valid word from باربي
Failed to create a valid word from يبدو
Failed to create a valid word from منع
Failed to create a valid word from تشكل
Failed to create a valid word from لابد
Failed to create a valid word from تشكيل
Failed to create a valid word from وفق
Failed to create a valid word from اصدار
Failed to create a valid word from خليفة
Failed to create a valid word from عاما
Failed to create a valid word from الغذائية
Failed to create a valid word from خطأ
Failed to create a valid word from ينبغي
Failed to create a valid word from المصرى
Failed to create a valid word from صلة
Failed to create a valid word from المسابقة
Failed to create a valid word from الأوروبي
Failed to create a valid word from اريد
Failed to create a valid word from وليد
Failed to create a valid word from الاسهم
Failed to create a valid word from تلبيس
Failed to create a valid word from سيئ
Failed to create a valid word from أسرار
Failed to create a valid word from مقتل
Failed to create a valid word from الوظيفة
Failed to create a valid word from يعيش
Failed to create a valid word from المثال
Failed to create a valid word from قديمة
Failed to create a valid word from عادي
Failed to create a valid word from بجامعة
Failed to create a valid word from الضياع
Failed to create a valid word from الإتحاد
Failed to create a valid word from التعلم
Failed to create a valid word from بالرغم
Failed to create a valid word from عزيزي
Failed to create a valid word from بالمنتدى
Failed to create a valid word from --&gt;
Failed to create a valid word from البوابة
Failed to create a valid word from الوسط
Failed to create a valid word from برج
Failed to create a valid word from القيام
Failed to create a valid word from والصحة
Failed to create a valid word from العربية.
Failed to create a valid word from ولذلك
Failed to create a valid word from النصف
Failed to create a valid word from الرياضه
Failed to create a valid word from البريطاني
Failed to create a valid word from البلوتوث
Failed to create a valid word from شعار
Failed to create a valid word from الشعراء
Failed to create a valid word from ذلك.
Failed to create a valid word from يمنع
Failed to create a valid word from تبارك
Failed to create a valid word from قوية
Failed to create a valid word from الإبداع
Failed to create a valid word from نظم
Failed to create a valid word from فاطمة
Failed to create a valid word from تخرج
Failed to create a valid word from وقعت
Failed to create a valid word from النسائية
Failed to create a valid word from بصوت
Failed to create a valid word from سبق
Failed to create a valid word from البريدية
Failed to create a valid word from ولما
Failed to create a valid word from وشكرا
Failed to create a valid word from بمناسبة
Failed to create a valid word from اسرار
Failed to create a valid word from الطائرة
Failed to create a valid word from طوال
Failed to create a valid word from الملكية
Failed to create a valid word from العضويـة:
Failed to create a valid word from تلفزيون
Failed to create a valid word from فلما
Failed to create a valid word from تجربة
Failed to create a valid word from الحرية
Failed to create a valid word from سوبر
Failed to create a valid word from سريعة
Failed to create a valid word from زيت
Failed to create a valid word from الوقت:
Failed to create a valid word from الميدان
Failed to create a valid word from الطالب
Failed to create a valid word from مال
Failed to create a valid word from الفضائيات
Failed to create a valid word from بالضغط
Failed to create a valid word from المشاغبين
Failed to create a valid word from المخرج
Failed to create a valid word from الموجود
Failed to create a valid word from الوليد
Failed to create a valid word from موجودة
Failed to create a valid word from المتوسط
Failed to create a valid word from ملايين
Failed to create a valid word from الفراشة:
Failed to create a valid word from آثار
Failed to create a valid word from ضوابط
Failed to create a valid word from نصر
Failed to create a valid word from السر
Failed to create a valid word from نصي
Failed to create a valid word from كلما
Failed to create a valid word from الصينية
Failed to create a valid word from لأي
Failed to create a valid word from الجهة
Failed to create a valid word from موضة
Failed to create a valid word from سريع
Failed to create a valid word from الإداري
Failed to create a valid word from الهواية
Failed to create a valid word from الزمان
Failed to create a valid word from جعفر
Failed to create a valid word from الاناشيد
Failed to create a valid word from الطلب
Failed to create a valid word from وهكذا
Failed to create a valid word from لأنك
Failed to create a valid word from دولية
Failed to create a valid word from يزال
Failed to create a valid word from سر
Failed to create a valid word from الترفيه
Failed to create a valid word from اجهزة
Failed to create a valid word from دموع
Failed to create a valid word from الخلايا
Failed to create a valid word from سباق
Failed to create a valid word from أسعار
Failed to create a valid word from تركيب
Failed to create a valid word from التسلية
Failed to create a valid word from أواخر
Failed to create a valid word from بنفس
Failed to create a valid word from زوجها
Failed to create a valid word from اكتب
Failed to create a valid word from والطفل
Failed to create a valid word from النبوية
Failed to create a valid word from سان
Failed to create a valid word from دخلت
Failed to create a valid word from قلبك
Failed to create a valid word from اب
Failed to create a valid word from مقدمة
Failed to create a valid word from الاجتماع
Failed to create a valid word from بخصوص
Failed to create a valid word from للعمل
Failed to create a valid word from الذاتية
Failed to create a valid word from استماع
Failed to create a valid word from أبطال
Failed to create a valid word from رفض
Failed to create a valid word from هام
Failed to create a valid word from الحارة
Failed to create a valid word from الكيمياء
Failed to create a valid word from ثانوي
Failed to create a valid word from شرف
Failed to create a valid word from وردة
Failed to create a valid word from مراجعة
Failed to create a valid word from مشاهده)
Failed to create a valid word from الفجر
Failed to create a valid word from المدنية
Failed to create a valid word from حصلت
Failed to create a valid word from كانون
Failed to create a valid word from عامر
Failed to create a valid word from طاقة
Failed to create a valid word from التعارف
Failed to create a valid word from وإلى
Failed to create a valid word from الإنجليزي
Failed to create a valid word from الحروف
Failed to create a valid word from يعتمد
Failed to create a valid word from مـن
Failed to create a valid word from .:
Failed to create a valid word from البرلمان
Failed to create a valid word from النهائي
Failed to create a valid word from الحزن
Failed to create a valid word from الحر
Failed to create a valid word from كرسي
Failed to create a valid word from نبذة
Failed to create a valid word from أجزاء
Failed to create a valid word from هى
Failed to create a valid word from تماما
Failed to create a valid word from جهازك
Failed to create a valid word from عمره
Failed to create a valid word from متحركة
Failed to create a valid word from الشعرية
Failed to create a valid word from وشارك
Failed to create a valid word from أدخل
Failed to create a valid word from المبارك
Failed to create a valid word from توفير
Failed to create a valid word from بدء
Failed to create a valid word from يحب
Failed to create a valid word from الخارج
Failed to create a valid word from استخدم
Failed to create a valid word from رياض
Failed to create a valid word from أريد
Failed to create a valid word from الخامسة
Failed to create a valid word from مقر
Failed to create a valid word from موقف
Failed to create a valid word from تعيش
Failed to create a valid word from الواجهة
Failed to create a valid word from توقف
Failed to create a valid word from القاعدة
Failed to create a valid word from والعالمية
Failed to create a valid word from ميجا
Failed to create a valid word from المسرح
Failed to create a valid word from متابعة
Failed to create a valid word from المهمة
Failed to create a valid word from أوائل
Failed to create a valid word from الثلاثة
Failed to create a valid word from ضيف
Failed to create a valid word from الإيمان
Failed to create a valid word from القوى
Failed to create a valid word from مريم
Failed to create a valid word from الرعب
Failed to create a valid word from يلي
Failed to create a valid word from أخرى.
Failed to create a valid word from اقول
Failed to create a valid word from أقوى
Failed to create a valid word from أداء
Failed to create a valid word from التالية:
Failed to create a valid word from جسم
Failed to create a valid word from شعبية
Failed to create a valid word from السيطرة
Failed to create a valid word from ويوجد
Failed to create a valid word from الأمريكية.
Failed to create a valid word from المجانية
Failed to create a valid word from الآداب
Failed to create a valid word from الرقمي
Failed to create a valid word from الأقل
Failed to create a valid word from يرجع
Failed to create a valid word from وأصبح
Failed to create a valid word from الوثائق
Failed to create a valid word from مراقب
Failed to create a valid word from بجد
Failed to create a valid word from رأى
Failed to create a valid word from التفعيل
Failed to create a valid word from سياحة
Failed to create a valid word from يوما
Failed to create a valid word from الشيطان
Failed to create a valid word from الفتاة
Failed to create a valid word from حاول
Failed to create a valid word from السيرفر
Failed to create a valid word from غيرها
Failed to create a valid word from قيام
Failed to create a valid word from الإسرائيلي
Failed to create a valid word from نصائح
Failed to create a valid word from إتصل
Failed to create a valid word from اسماء
Failed to create a valid word from طويل
Failed to create a valid word from المحمول
Failed to create a valid word from الداخل
Failed to create a valid word from وهى
Failed to create a valid word from سامي
Failed to create a valid word from تتم
Failed to create a valid word from تي
Failed to create a valid word from إما
Failed to create a valid word from حرية
Failed to create a valid word from الذهب
Failed to create a valid word from الصمت
Failed to create a valid word from متصل
Failed to create a valid word from نبض
Failed to create a valid word from هشام
Failed to create a valid word from النباتات
Failed to create a valid word from الشهير
Failed to create a valid word from المواطنين
Failed to create a valid word from نقص
Failed to create a valid word from وأنت
Failed to create a valid word from راديو
Failed to create a valid word from وفاته
Failed to create a valid word from الحاجة
Failed to create a valid word from العائلة
Failed to create a valid word from الخيمة
Failed to create a valid word from ويندوز
Failed to create a valid word from شهد
Failed to create a valid word from سياسي
Failed to create a valid word from تسبب
Failed to create a valid word from الإنسانية
Failed to create a valid word from إطلاق
Failed to create a valid word from مـجـمـوع
Failed to create a valid word from عامي
Failed to create a valid word from سنه
Failed to create a valid word from بد
Failed to create a valid word from الحوادث
Failed to create a valid word from المدونات
Failed to create a valid word from الابتدائية
Failed to create a valid word from نسيت
Failed to create a valid word from درجات
Failed to create a valid word from عجائب
Failed to create a valid word from وقف
Failed to create a valid word from انشاء
Failed to create a valid word from تزيد
Failed to create a valid word from أيها
Failed to create a valid word from السكن
Failed to create a valid word from البيضاء
Failed to create a valid word from مربع
Failed to create a valid word from القائد
Failed to create a valid word from الاشتراك
Failed to create a valid word from التربوية
Failed to create a valid word from أحب
Failed to create a valid word from كمان
Failed to create a valid word from إنما
Failed to create a valid word from استطاع
Failed to create a valid word from إنسان
Failed to create a valid word from عسل
Failed to create a valid word from السياحية
Failed to create a valid word from المحادثة
Failed to create a valid word from حائل
Failed to create a valid word from محكمة
Failed to create a valid word from الادارية
Failed to create a valid word from صنع
Failed to create a valid word from والخواطر
Failed to create a valid word from الأخ
Failed to create a valid word from زال
Failed to create a valid word from المجلة
Failed to create a valid word from زايد
Failed to create a valid word from فضل
Failed to create a valid word from ترحب
Failed to create a valid word from ::..
Failed to create a valid word from الاعلانات
Failed to create a valid word from نايف
Failed to create a valid word from أصول
Failed to create a valid word from ابنه
Failed to create a valid word from اهم
Failed to create a valid word from الوزير
Failed to create a valid word from ولن
Failed to create a valid word from اتصال
Failed to create a valid word from أفراد
Failed to create a valid word from الإصدار
Failed to create a valid word from هنالك
Failed to create a valid word from الترتيب
Failed to create a valid word from مطار
Failed to create a valid word from تشير
Failed to create a valid word from تتكون
Failed to create a valid word from الحد
Failed to create a valid word from بو
Failed to create a valid word from احسن
Failed to create a valid word from الأوسـمـة:
Failed to create a valid word from حلا
Failed to create a valid word from فوائد
Failed to create a valid word from إس
Failed to create a valid word from قوي
Failed to create a valid word from القراءة
Failed to create a valid word from مقارنة
Failed to create a valid word from الملكي
Failed to create a valid word from السيدة
Failed to create a valid word from يتكون
Failed to create a valid word from المباشر
Failed to create a valid word from سينما
Failed to create a valid word from تتبع
Failed to create a valid word from (للكاتب:
Failed to create a valid word from رسم
Failed to create a valid word from المسيحية
Failed to create a valid word from الإقــامـة:
Failed to create a valid word from نار
Failed to create a valid word from أمراض
Failed to create a valid word from والفيديو
Failed to create a valid word from بمحافظة
Failed to create a valid word from المكرمة
Failed to create a valid word from ميلان
Failed to create a valid word from المشاركه
Failed to create a valid word from الجرافيكس
Failed to create a valid word from للمفضلة
Failed to create a valid word from مفهوم
Failed to create a valid word from جده
Failed to create a valid word from مشارك
Failed to create a valid word from إعداد
Failed to create a valid word from أعماله
Failed to create a valid word from الإقامة
Failed to create a valid word from اللبناني
Failed to create a valid word from مراقبة
Failed to create a valid word from مر
Failed to create a valid word from إقلاع
Failed to create a valid word from أمريكي
Failed to create a valid word from ربيع
Failed to create a valid word from صفحتك
</system-err>
		</testcase>
		<testcase name="test: [google.tesseract.libtesseract-master]/[130297]/[textlineprojection]">
			<system-out>Running main() from gmock_main.cc
[==========] Running 2 tests from 1 test suite.
[----------] Global test environment set-up.
[----------] 2 tests from TextlineProjectionTest
[ RUN      ] TextlineProjectionTest.Unrotated
[INFO]  EvaluateBox OK(10) for Real Word word 'This'[INFO]  EvaluateBox OK(0) for Upper Word word 'This'[INFO]  EvaluateBox OK(0) for Upper Word not vertical word 'This'[INFO]  EvaluateBox OK(-1) for Lower Word word 'This'[INFO]  EvaluateBox too low:-1 vs -1 for Lower Word not vertical word 'This' at:[INFO]  Distance OK(20 vs 5) for Upper Word word 'This'[INFO]  Distance OK(24 vs 1) for Lower Word word 'This'[INFO]  EvaluateBox OK(12) for Real Word word 'is'[INFO]  EvaluateBox OK(0) for Upper Word word 'is'[INFO]  EvaluateBox OK(0) for Upper Word not vertical word 'is'[INFO]  EvaluateBox OK(-1) for Lower Word word 'is'[INFO]  EvaluateBox too low:-1 vs -1 for Lower Word not vertical word 'is' at:[INFO]  Distance OK(20 vs 5) for Upper Word word 'is'[INFO]  Distance OK(24 vs 1) for Lower Word word 'is'[INFO]  EvaluateBox OK(12) for Real Word word 'a'[INFO]  EvaluateBox OK(0) for Upper Word word 'a'[INFO]  EvaluateBox OK(0) for Upper Word not vertical word 'a'[INFO]  EvaluateBox OK(0) for Lower Word word 'a'[INFO]  EvaluateBox OK(0) for Lower Word not vertical word 'a'[INFO]  Distance OK(32 vs 2) for Upper Word word 'a'[INFO]  Distance OK(24 vs 1) for Lower Word word 'a'[INFO]  EvaluateBox OK(13) for Real Word word 'lot'[INFO]  EvaluateBox OK(0) for Upper Word word 'lot'[INFO]  EvaluateBox OK(0) for Upper Word not vertical word 'lot'[INFO]  EvaluateBox OK(0) for Lower Word word 'lot'[INFO]  EvaluateBox OK(0) for Lower Word not vertical word 'lot'[INFO]  Distance OK(20 vs 5) for Upper Word word 'lot'[INFO]  Distance OK(24 vs 1) for Lower Word word 'lot'[INFO]  EvaluateBox OK(16) for Real Word word 'of'[INFO]  EvaluateBox OK(0) for Upper Word word 'of'[INFO]  EvaluateBox OK(0) for Upper Word not vertical word 'of'[INFO]  EvaluateBox OK(-1) for Lower Word word 'of'[INFO]  EvaluateBox too low:-1 vs -1 for Lower Word not vertical word 'of' at:[INFO]  Distance OK(20 vs 5) for Upper Word word 'of'[INFO]  Distance OK(24 vs 1) for Lower Word word 'of'[INFO]  EvaluateBox OK(15) for Real Word word '12'[INFO]  EvaluateBox OK(0) for Upper Word word '12'[INFO]  EvaluateBox OK(0) for Upper Word not vertical word '12'[INFO]  EvaluateBox OK(0) for Lower Word word '12'[INFO]  EvaluateBox OK(0) for Lower Word not vertical word '12'[INFO]  Distance OK(20 vs 5) for Upper Word word '12'[INFO]  Distance OK(24 vs 1) for Lower Word word '12'[INFO]  EvaluateBox OK(14) for Real Word word 'point'[INFO]  EvaluateBox OK(3) for Upper Word word 'point'[INFO]  EvaluateBox OK(3) for Upper Word not vertical word 'point'[INFO]  EvaluateBox OK(-1) for Lower Word word 'point'[INFO]  EvaluateBox too low:-1 vs -1 for Lower Word not vertical word 'point' at:[INFO]  Distance OK(20 vs 5) for Upper Word word 'point'[INFO]  Distance OK(18 vs 3) for Lower Word word 'point'[INFO]  EvaluateBox OK(16) for Real Word word 'text'[INFO]  EvaluateBox OK(4) for Upper Word word 'text'[INFO]  EvaluateBox OK(4) for Upper Word not vertical word 'text'[INFO]  EvaluateBox OK(0) for Lower Word word 'text'[INFO]  EvaluateBox OK(0) for Lower Word not vertical word 'text'[INFO]  Distance OK(12 vs 4) for Upper Word word 'text'[INFO]  Distance OK(24 vs 1) for Lower Word word 'text'[INFO]  EvaluateBox OK(16) for Real Word word 'to'[INFO]  EvaluateBox OK(3) for Upper Word word 'to'[INFO]  EvaluateBox OK(3) for Upper Word not vertical word 'to'[INFO]  EvaluateBox OK(0) for Lower Word word 'to'[INFO]  EvaluateBox OK(0) for Lower Word not vertical word 'to'[INFO]  Distance OK(12 vs 4) for Upper Word word 'to'[INFO]  Distance OK(24 vs 1) for Lower Word word 'to'[INFO]  EvaluateBox OK(13) for Real Word word 'test'[INFO]  EvaluateBox OK(3) for Upper Word word 'test'[INFO]  EvaluateBox OK(3) for Upper Word not vertical word 'test'[INFO]  EvaluateBox OK(0) for Lower Word word 'test'[INFO]  EvaluateBox OK(0) for Lower Word not vertical word 'test'[INFO]  Distance OK(12 vs 4) for Upper Word word 'test'[INFO]  Distance OK(24 vs 1) for Lower Word word 'test'[INFO]  EvaluateBox OK(10) for Real Word word 'the'[INFO]  EvaluateBox OK(0) for Upper Word word 'the'[INFO]  EvaluateBox OK(0) for Upper Word not vertical word 'the'[INFO]  EvaluateBox OK(-1) for Lower Word word 'the'[INFO]  EvaluateBox too low:-1 vs -1 for Lower Word not vertical word 'the' at:[INFO]  Distance OK(20 vs 5) for Upper Word word 'the'[INFO]  Distance OK(24 vs 1) for Lower Word word 'the'[INFO]  EvaluateBox OK(7) for Real Word word 'ocr'[INFO]  EvaluateBox OK(-1) for Upper Word word 'ocr'[INFO]  EvaluateBox too low:-1 vs -1 for Upper Word not vertical word 'ocr' at:[INFO]  EvaluateBox OK(0) for Lower Word word 'ocr'[INFO]  EvaluateBox OK(0) for Lower Word not vertical word 'ocr'[INFO]  Distance OK(32 vs 2) for Upper Word word 'ocr'[INFO]  Distance OK(24 vs 1) for Lower Word word 'ocr'[INFO]  EvaluateBox OK(11) for Real Word word 'code'[INFO]  EvaluateBox OK(0) for Upper Word word 'code'[INFO]  EvaluateBox OK(0) for Upper Word not vertical word 'code'[INFO]  EvaluateBox OK(0) for Lower Word word 'code'[INFO]  EvaluateBox OK(0) for Lower Word not vertical word 'code'[INFO]  Distance OK(20 vs 5) for Upper Word word 'code'[INFO]  Distance OK(24 vs 1) for Lower Word word 'code'[INFO]  EvaluateBox OK(14) for Real Word word 'and'[INFO]  EvaluateBox OK(0) for Upper Word word 'and'[INFO]  EvaluateBox OK(0) for Upper Word not vertical word 'and'[INFO]  EvaluateBox OK(0) for Lower Word word 'and'[INFO]  EvaluateBox OK(0) for Lower Word not vertical word 'and'[INFO]  Distance OK(20 vs 5) for Upper Word word 'and'[INFO]  Distance OK(24 vs 1) for Lower Word word 'and'[INFO]  EvaluateBox OK(15) for Real Word word 'see'[INFO]  EvaluateBox OK(0) for Upper Word word 'see'[INFO]  EvaluateBox OK(0) for Upper Word not vertical word 'see'[INFO]  EvaluateBox OK(-1) for Lower Word word 'see'[INFO]  EvaluateBox too low:-1 vs -1 for Lower Word not vertical word 'see' at:[INFO]  Distance OK(32 vs 2) for Upper Word word 'see'[INFO]  Distance OK(24 vs 1) for Lower Word word 'see'[INFO]  EvaluateBox OK(13) for Real Word word 'if'[INFO]  EvaluateBox OK(0) for Upper Word word 'if'[INFO]  EvaluateBox OK(0) for Upper Word not vertical word 'if'[INFO]  EvaluateBox OK(-1) for Lower Word word 'if'[INFO]  EvaluateBox too low:-1 vs -1 for Lower Word not vertical word 'if' at:[INFO]  Distance OK(20 vs 5) for Upper Word word 'if'[INFO]  Distance OK(24 vs 1) for Lower Word word 'if'[INFO]  EvaluateBox OK(14) for Real Word word 'it'[INFO]  EvaluateBox OK(0) for Upper Word word 'it'[INFO]  EvaluateBox OK(0) for Upper Word not vertical word 'it'[INFO]  EvaluateBox OK(0) for Lower Word word 'it'[INFO]  EvaluateBox OK(0) for Lower Word not vertical word 'it'[INFO]  Distance OK(20 vs 5) for Upper Word word 'it'[INFO]  Distance OK(24 vs 1) for Lower Word word 'it'[INFO]  EvaluateBox OK(16) for Real Word word 'works'[INFO]  EvaluateBox OK(0) for Upper Word word 'works'[INFO]  EvaluateBox OK(0) for Upper Word not vertical word 'works'[INFO]  EvaluateBox OK(1) for Lower Word word 'works'[INFO]  EvaluateBox OK(1) for Lower Word not vertical word 'works'[INFO]  Distance OK(20 vs 5) for Upper Word word 'works'[INFO]  Distance OK(24 vs 1) for Lower Word word 'works'[INFO]  EvaluateBox OK(14) for Real Word word 'on'[INFO]  EvaluateBox OK(-1) for Upper Word word 'on'[INFO]  EvaluateBox too low:-1 vs -1 for Upper Word not vertical word 'on' at:[INFO]  EvaluateBox OK(0) for Lower Word word 'on'[INFO]  EvaluateBox OK(0) for Lower Word not vertical word 'on'[INFO]  Distance OK(32 vs 2) for Upper Word word 'on'[INFO]  Distance OK(24 vs 1) for Lower Word word 'on'[INFO]  EvaluateBox OK(12) for Real Word word 'all'[INFO]  EvaluateBox OK(0) for Upper Word word 'all'[INFO]  EvaluateBox OK(0) for Upper Word not vertical word 'all'[INFO]  EvaluateBox OK(2) for Lower Word word 'all'[INFO]  EvaluateBox OK(2) for Lower Word not vertical word 'all'[INFO]  Distance OK(20 vs 5) for Upper Word word 'all'[INFO]  Distance OK(24 vs 1) for Lower Word word 'all'[INFO]  EvaluateBox OK(10) for Real Word word 'types'[INFO]  EvaluateBox OK(-1) for Upper Word word 'types'[INFO]  EvaluateBox too low:-1 vs -1 for Upper Word not vertical word 'types' at:[INFO]  EvaluateBox OK(2) for Lower Word word 'types'[INFO]  EvaluateBox OK(2) for Lower Word not vertical word 'types'[INFO]  Distance OK(12 vs 4) for Upper Word word 'types'[INFO]  Distance OK(26 vs 3) for Lower Word word 'types'[INFO]  EvaluateBox OK(10) for Real Word word 'of'[INFO]  EvaluateBox OK(0) for Upper Word word 'of'[INFO]  EvaluateBox OK(0) for Upper Word not vertical word 'of'[INFO]  EvaluateBox OK(0) for Lower Word word 'of'[INFO]  EvaluateBox OK(0) for Lower Word not vertical word 'of'[INFO]  Distance OK(20 vs 5) for Upper Word word 'of'[INFO]  Distance OK(24 vs 1) for Lower Word word 'of'[INFO]  EvaluateBox OK(10) for Real Word word 'file'[INFO]  EvaluateBox OK(0) for Upper Word word 'file'[INFO]  EvaluateBox OK(0) for Upper Word not vertical word 'file'[INFO]  EvaluateBox OK(0) for Lower Word word 'file'[INFO]  EvaluateBox OK(0) for Lower Word not vertical word 'file'[INFO]  Distance OK(20 vs 5) for Upper Word word 'file'[INFO]  Distance OK(24 vs 1) for Lower Word word 'file'[INFO]  EvaluateBox OK(10) for Real Word word 'format.'[INFO]  EvaluateBox OK(0) for Upper Word word 'format.'[INFO]  EvaluateBox OK(0) for Upper Word not vertical word 'format.'[INFO]  EvaluateBox OK(0) for Lower Word word 'format.'[INFO]  EvaluateBox OK(0) for Lower Word not vertical word 'format.'[INFO]  Distance OK(20 vs 5) for Upper Word word 'format.'[INFO]  Distance OK(24 vs 1) for Lower Word word 'format.'[INFO]  EvaluateBox OK(8) for Real Word word 'The'[INFO]  EvaluateBox OK(0) for Upper Word word 'The'[INFO]  EvaluateBox OK(0) for Upper Word not vertical word 'The'[INFO]  EvaluateBox OK(0) for Lower Word word 'The'[INFO]  EvaluateBox OK(0) for Lower Word not vertical word 'The'[INFO]  Distance OK(26 vs 3) for Upper Word word 'The'[INFO]  Distance OK(24 vs 1) for Lower Word word 'The'[INFO]  EvaluateBox OK(11) for Real Word word 'quick'[INFO]  EvaluateBox OK(0) for Upper Word word 'quick'[INFO]  EvaluateBox OK(0) for Upper Word not vertical word 'quick'[INFO]  EvaluateBox OK(0) for Lower Word word 'quick'[INFO]  EvaluateBox OK(0) for Lower Word not vertical word 'quick'[INFO]  Distance OK(26 vs 3) for Upper Word word 'quick'[INFO]  Distance OK(18 vs 3) for Lower Word word 'quick'[INFO]  EvaluateBox OK(14) for Real Word word 'brown'[INFO]  EvaluateBox OK(0) for Upper Word word 'brown'[INFO]  EvaluateBox OK(0) for Upper Word not vertical word 'brown'[INFO]  EvaluateBox OK(0) for Lower Word word 'brown'[INFO]  EvaluateBox OK(0) for Lower Word not vertical word 'brown'[INFO]  Distance OK(20 vs 5) for Upper Word word 'brown'[INFO]  Distance OK(24 vs 1) for Lower Word word 'brown'[INFO]  EvaluateBox OK(12) for Real Word word 'dog'[INFO]  EvaluateBox OK(0) for Upper Word word 'dog'[INFO]  EvaluateBox OK(0) for Upper Word not vertical word 'dog'[INFO]  EvaluateBox OK(0) for Lower Word word 'dog'[INFO]  EvaluateBox OK(0) for Lower Word not vertical word 'dog'[INFO]  Distance OK(20 vs 5) for Upper Word word 'dog'[INFO]  Distance OK(26 vs 3) for Lower Word word 'dog'[INFO]  EvaluateBox OK(13) for Real Word word 'jumped'[INFO]  EvaluateBox OK(0) for Upper Word word 'jumped'[INFO]  EvaluateBox OK(0) for Upper Word not vertical word 'jumped'[INFO]  EvaluateBox OK(0) for Lower Word word 'jumped'[INFO]  EvaluateBox OK(0) for Lower Word not vertical word 'jumped'[INFO]  Distance OK(26 vs 3) for Upper Word word 'jumped'[INFO]  Distance OK(26 vs 3) for Lower Word word 'jumped'[INFO]  EvaluateBox OK(11) for Real Word word 'over'[INFO]  EvaluateBox OK(0) for Upper Word word 'over'[INFO]  EvaluateBox OK(0) for Upper Word not vertical word 'over'[INFO]  EvaluateBox OK(0) for Lower Word word 'over'[INFO]  EvaluateBox OK(0) for Lower Word not vertical word 'over'[INFO]  Distance OK(32 vs 2) for Upper Word word 'over'[INFO]  Distance OK(24 vs 1) for Lower Word word 'over'[INFO]  EvaluateBox OK(7) for Real Word word 'the'[INFO]  EvaluateBox OK(0) for Upper Word word 'the'[INFO]  EvaluateBox OK(0) for Upper Word not vertical word 'the'[INFO]  EvaluateBox OK(0) for Lower Word word 'the'[INFO]  EvaluateBox OK(0) for Lower Word not vertical word 'the'[INFO]  Distance OK(20 vs 5) for Upper Word word 'the'[INFO]  Distance OK(24 vs 1) for Lower Word word 'the'[INFO]  EvaluateBox too low:6 vs 6 for Real Word word 'lazy' at:[INFO]  EvaluateBox OK(0) for Upper Word word 'lazy'[INFO]  EvaluateBox OK(0) for Upper Word not vertical word 'lazy'[INFO]  EvaluateBox OK(0) for Lower Word word 'lazy'[INFO]  EvaluateBox OK(0) for Lower Word not vertical word 'lazy'[INFO]  Distance OK(20 vs 5) for Upper Word word 'lazy'[INFO]  Distance OK(26 vs 3) for Lower Word word 'lazy'[INFO]  EvaluateBox OK(10) for Real Word word 'fox.'[INFO]  EvaluateBox OK(0) for Upper Word word 'fox.'[INFO]  EvaluateBox OK(0) for Upper Word not vertical word 'fox.'[INFO]  EvaluateBox OK(-1) for Lower Word word 'fox.'[INFO]  EvaluateBox too low:-1 vs -1 for Lower Word not vertical word 'fox.' at:[INFO]  Distance OK(20 vs 5) for Upper Word word 'fox.'[INFO]  Distance OK(24 vs 1) for Lower Word word 'fox.'[INFO]  EvaluateBox OK(13) for Real Word word 'The'[INFO]  EvaluateBox OK(0) for Upper Word word 'The'[INFO]  EvaluateBox OK(0) for Upper Word not vertical word 'The'[INFO]  EvaluateBox OK(0) for Lower Word word 'The'[INFO]  EvaluateBox OK(0) for Lower Word not vertical word 'The'[INFO]  Distance OK(26 vs 3) for Upper Word word 'The'[INFO]  Distance OK(24 vs 1) for Lower Word word 'The'[INFO]  EvaluateBox OK(11) for Real Word word 'quick'[INFO]  EvaluateBox OK(-1) for Upper Word word 'quick'[INFO]  EvaluateBox too low:-1 vs -1 for Upper Word not vertical word 'quick' at:[INFO]  EvaluateBox OK(0) for Lower Word word 'quick'[INFO]  EvaluateBox OK(0) for Lower Word not vertical word 'quick'[INFO]  Distance OK(26 vs 3) for Upper Word word 'quick'[INFO]  Distance OK(24 vs 1) for Lower Word word 'quick'[INFO]  EvaluateBox OK(14) for Real Word word 'brown'[INFO]  EvaluateBox OK(0) for Upper Word word 'brown'[INFO]  EvaluateBox OK(0) for Upper Word not vertical word 'brown'[INFO]  EvaluateBox OK(0) for Lower Word word 'brown'[INFO]  EvaluateBox OK(0) for Lower Word not vertical word 'brown'[INFO]  Distance OK(26 vs 3) for Upper Word word 'brown'[INFO]  Distance OK(24 vs 1) for Lower Word word 'brown'[INFO]  EvaluateBox OK(11) for Real Word word 'dog'[INFO]  EvaluateBox OK(0) for Upper Word word 'dog'[INFO]  EvaluateBox OK(0) for Upper Word not vertical word 'dog'[INFO]  EvaluateBox OK(0) for Lower Word word 'dog'[INFO]  EvaluateBox OK(0) for Lower Word not vertical word 'dog'[INFO]  Distance OK(26 vs 3) for Upper Word word 'dog'[INFO]  Distance OK(26 vs 3) for Lower Word word 'dog'[INFO]  EvaluateBox OK(8) for Real Word word 'jumped'[INFO]  EvaluateBox OK(1) for Upper Word word 'jumped'[INFO]  EvaluateBox OK(1) for Upper Word not vertical word 'jumped'[INFO]  EvaluateBox OK(0) for Lower Word word 'jumped'[INFO]  EvaluateBox OK(0) for Lower Word not vertical word 'jumped'[INFO]  Distance OK(26 vs 3) for Upper Word word 'jumped'[INFO]  Distance OK(26 vs 3) for Lower Word word 'jumped'[INFO]  EvaluateBox OK(8) for Real Word word 'over'[INFO]  EvaluateBox OK(-1) for Upper Word word 'over'[INFO]  EvaluateBox too low:-1 vs -1 for Upper Word not vertical word 'over' at:[INFO]  EvaluateBox OK(0) for Lower Word word 'over'[INFO]  EvaluateBox OK(0) for Lower Word not vertical word 'over'[INFO]  Distance OK(32 vs 2) for Upper Word word 'over'[INFO]  Distance OK(24 vs 1) for Lower Word word 'over'[INFO]  EvaluateBox OK(12) for Real Word word 'the'[INFO]  EvaluateBox OK(-1) for Upper Word word 'the'[INFO]  EvaluateBox too low:-1 vs -1 for Upper Word not vertical word 'the' at:[INFO]  EvaluateBox OK(0) for Lower Word word 'the'[INFO]  EvaluateBox OK(0) for Lower Word not vertical word 'the'[INFO]  Distance OK(20 vs 5) for Upper Word word 'the'[INFO]  Distance OK(24 vs 1) for Lower Word word 'the'[INFO]  EvaluateBox OK(12) for Real Word word 'lazy'[INFO]  EvaluateBox OK(0) for Upper Word word 'lazy'[INFO]  EvaluateBox OK(0) for Upper Word not vertical word 'lazy'[INFO]  EvaluateBox OK(-1) for Lower Word word 'lazy'[INFO]  EvaluateBox too low:-1 vs -1 for Lower Word not vertical word 'lazy' at:[INFO]  Distance OK(20 vs 5) for Upper Word word 'lazy'[INFO]  Distance OK(26 vs 3) for Lower Word word 'lazy'[INFO]  EvaluateBox OK(13) for Real Word word 'fox.'[INFO]  EvaluateBox OK(0) for Upper Word word 'fox.'[INFO]  EvaluateBox OK(0) for Upper Word not vertical word 'fox.'[INFO]  EvaluateBox OK(-1) for Lower Word word 'fox.'[INFO]  EvaluateBox too low:-1 vs -1 for Lower Word not vertical word 'fox.' at:[INFO]  Distance OK(20 vs 5) for Upper Word word 'fox.'[INFO]  Distance OK(24 vs 1) for Lower Word word 'fox.'[INFO]  EvaluateBox OK(13) for Real Word word 'The'[INFO]  EvaluateBox OK(0) for Upper Word word 'The'[INFO]  EvaluateBox OK(0) for Upper Word not vertical word 'The'[INFO]  EvaluateBox OK(0) for Lower Word word 'The'[INFO]  EvaluateBox OK(0) for Lower Word not vertical word 'The'[INFO]  Distance OK(26 vs 3) for Upper Word word 'The'[INFO]  Distance OK(24 vs 1) for Lower Word word 'The'[INFO]  EvaluateBox OK(12) for Real Word word 'quick'[INFO]  EvaluateBox OK(-1) for Upper Word word 'quick'[INFO]  EvaluateBox too low:-1 vs -1 for Upper Word not vertical word 'quick' at:[INFO]  EvaluateBox OK(0) for Lower Word word 'quick'[INFO]  EvaluateBox OK(0) for Lower Word not vertical word 'quick'[INFO]  Distance OK(20 vs 5) for Upper Word word 'quick'[INFO]  Distance OK(24 vs 1) for Lower Word word 'quick'[INFO]  EvaluateBox OK(11) for Real Word word 'brown'[INFO]  EvaluateBox OK(0) for Upper Word word 'brown'[INFO]  EvaluateBox OK(0) for Upper Word not vertical word 'brown'[INFO]  EvaluateBox OK(0) for Lower Word word 'brown'[INFO]  EvaluateBox OK(0) for Lower Word not vertical word 'brown'[INFO]  Distance OK(20 vs 5) for Upper Word word 'brown'[INFO]  Distance OK(24 vs 1) for Lower Word word 'brown'[INFO]  EvaluateBox too low:6 vs 6 for Real Word word 'dog' at:[INFO]  EvaluateBox OK(-1) for Upper Word word 'dog'[INFO]  EvaluateBox too low:-1 vs -1 for Upper Word not vertical word 'dog' at:[INFO]  EvaluateBox OK(0) for Lower Word word 'dog'[INFO]  EvaluateBox OK(0) for Lower Word not vertical word 'dog'[INFO]  Distance OK(20 vs 5) for Upper Word word 'dog'[INFO]  Distance OK(26 vs 3) for Lower Word word 'dog'[INFO]  EvaluateBox OK(10) for Real Word word 'jumped'[INFO]  EvaluateBox OK(-1) for Upper Word word 'jumped'[INFO]  EvaluateBox too low:-1 vs -1 for Upper Word not vertical word 'jumped' at:[INFO]  EvaluateBox OK(0) for Lower Word word 'jumped'[INFO]  EvaluateBox OK(0) for Lower Word not vertical word 'jumped'[INFO]  Distance OK(20 vs 5) for Upper Word word 'jumped'[INFO]  Distance OK(26 vs 3) for Lower Word word 'jumped'[INFO]  EvaluateBox OK(13) for Real Word word 'over'[INFO]  EvaluateBox OK(0) for Upper Word word 'over'[INFO]  EvaluateBox OK(0) for Upper Word not vertical word 'over'[INFO]  EvaluateBox OK(0) for Lower Word word 'over'[INFO]  EvaluateBox OK(0) for Lower Word not vertical word 'over'[INFO]  Distance OK(32 vs 2) for Upper Word word 'over'[INFO]  Distance OK(24 vs 1) for Lower Word word 'over'[INFO]  EvaluateBox OK(13) for Real Word word 'the'[INFO]  EvaluateBox OK(0) for Upper Word word 'the'[INFO]  EvaluateBox OK(0) for Upper Word not vertical word 'the'[INFO]  EvaluateBox OK(0) for Lower Word word 'the'[INFO]  EvaluateBox OK(0) for Lower Word not vertical word 'the'[INFO]  Distance OK(20 vs 5) for Upper Word word 'the'[INFO]  Distance OK(24 vs 1) for Lower Word word 'the'[INFO]  EvaluateBox OK(12) for Real Word word 'lazy'[INFO]  EvaluateBox OK(-1) for Upper Word word 'lazy'[INFO]  EvaluateBox too low:-1 vs -1 for Upper Word not vertical word 'lazy' at:[INFO]  EvaluateBox OK(-1) for Lower Word word 'lazy'[INFO]  EvaluateBox too low:-1 vs -1 for Lower Word not vertical word 'lazy' at:[INFO]  Distance OK(20 vs 5) for Upper Word word 'lazy'[INFO]  Distance OK(26 vs 3) for Lower Word word 'lazy'[INFO]  EvaluateBox OK(11) for Real Word word 'fox.'[INFO]  EvaluateBox OK(0) for Upper Word word 'fox.'[INFO]  EvaluateBox OK(0) for Upper Word not vertical word 'fox.'[INFO]  EvaluateBox OK(0) for Lower Word word 'fox.'[INFO]  EvaluateBox OK(0) for Lower Word not vertical word 'fox.'[INFO]  Distance OK(20 vs 5) for Upper Word word 'fox.'[INFO]  Distance OK(24 vs 1) for Lower Word word 'fox.'[INFO]  EvaluateBox OK(10) for Real Word word 'The'[INFO]  EvaluateBox OK(0) for Upper Word word 'The'[INFO]  EvaluateBox OK(0) for Upper Word not vertical word 'The'[INFO]  EvaluateBox OK(-1) for Lower Word word 'The'[INFO]  EvaluateBox too low:-1 vs -1 for Lower Word not vertical word 'The' at:[INFO]  Distance OK(20 vs 5) for Upper Word word 'The'[INFO]  Distance OK(24 vs 1) for Lower Word word 'The'[INFO]  EvaluateBox OK(7) for Real Word word 'quick'[INFO]  EvaluateBox OK(-1) for Upper Word word 'quick'[INFO]  EvaluateBox too low:-1 vs -1 for Upper Word not vertical word 'quick' at:[INFO]  EvaluateBox OK(0) for Lower Word word 'quick'[INFO]  EvaluateBox OK(0) for Lower Word not vertical word 'quick'[INFO]  Distance OK(20 vs 5) for Upper Word word 'quick'[INFO]  Distance OK(18 vs 3) for Lower Word word 'quick'[INFO]  EvaluateBox OK(9) for Real Word word 'brown'[INFO]  EvaluateBox OK(0) for Upper Word word 'brown'[INFO]  EvaluateBox OK(0) for Upper Word not vertical word 'brown'[INFO]  EvaluateBox OK(3) for Lower Word word 'brown'[INFO]  EvaluateBox OK(3) for Lower Word not vertical word 'brown'[INFO]  Distance OK(20 vs 5) for Upper Word word 'brown'[INFO]  Distance OK(24 vs 1) for Lower Word word 'brown'[INFO]  EvaluateBox OK(12) for Real Word word 'dog'[INFO]  EvaluateBox OK(-1) for Upper Word word 'dog'[INFO]  EvaluateBox too low:-1 vs -1 for Upper Word not vertical word 'dog' at:[INFO]  EvaluateBox OK(3) for Lower Word word 'dog'[INFO]  EvaluateBox OK(3) for Lower Word not vertical word 'dog'[INFO]  Distance OK(20 vs 5) for Upper Word word 'dog'[INFO]  Distance OK(26 vs 3) for Lower Word word 'dog'[INFO]  EvaluateBox OK(14) for Real Word word 'jumped'[INFO]  EvaluateBox OK(0) for Upper Word word 'jumped'[INFO]  EvaluateBox OK(0) for Upper Word not vertical word 'jumped'[INFO]  EvaluateBox OK(3) for Lower Word word 'jumped'[INFO]  EvaluateBox OK(3) for Lower Word not vertical word 'jumped'[INFO]  Distance OK(20 vs 5) for Upper Word word 'jumped'[INFO]  Distance OK(26 vs 3) for Lower Word word 'jumped'[INFO]  EvaluateBox OK(14) for Real Word word 'over'[INFO]  EvaluateBox OK(-1) for Upper Word word 'over'[INFO]  EvaluateBox too low:-1 vs -1 for Upper Word not vertical word 'over' at:[INFO]  EvaluateBox OK(0) for Lower Word word 'over'[INFO]  EvaluateBox OK(0) for Lower Word not vertical word 'over'[INFO]  Distance OK(32 vs 2) for Upper Word word 'over'[INFO]  Distance OK(24 vs 1) for Lower Word word 'over'[INFO]  EvaluateBox OK(14) for Real Word word 'the'[INFO]  EvaluateBox OK(0) for Upper Word word 'the'[INFO]  EvaluateBox OK(0) for Upper Word not vertical word 'the'[INFO]  EvaluateBox OK(2) for Lower Word word 'the'[INFO]  EvaluateBox OK(2) for Lower Word not vertical word 'the'[INFO]  Distance OK(20 vs 5) for Upper Word word 'the'[INFO]  Distance OK(24 vs 1) for Lower Word word 'the'[INFO]  EvaluateBox OK(12) for Real Word word 'lazy'[INFO]  EvaluateBox OK(-1) for Upper Word word 'lazy'[INFO]  EvaluateBox too low:-1 vs -1 for Upper Word not vertical word 'lazy' at:[INFO]  EvaluateBox OK(1) for Lower Word word 'lazy'[INFO]  EvaluateBox OK(1) for Lower Word not vertical word 'lazy'[INFO]  Distance OK(20 vs 5) for Upper Word word 'lazy'[INFO]  Distance OK(26 vs 3) for Lower Word word 'lazy'[INFO]  EvaluateBox OK(9) for Real Word word 'fox.'[INFO]  EvaluateBox OK(0) for Upper Word word 'fox.'[INFO]  EvaluateBox OK(0) for Upper Word not vertical word 'fox.'[INFO]  EvaluateBox OK(1) for Lower Word word 'fox.'[INFO]  EvaluateBox OK(1) for Lower Word not vertical word 'fox.'[INFO]  Distance OK(20 vs 5) for Upper Word word 'fox.'[INFO]  Distance OK(24 vs 1) for Lower Word word 'fox.'[       OK ] TextlineProjectionTest.Unrotated (1250 ms)
[ RUN      ] TextlineProjectionTest.Rotated
[INFO]  EvaluateBox OK(9) for Real Word word 'This'[INFO]  EvaluateBox OK(0) for Upper Word word 'This'[INFO]  EvaluateBox OK(0) for Upper Word not vertical word 'This'[INFO]  EvaluateBox OK(-1) for Lower Word word 'This'[INFO]  EvaluateBox too low:-1 vs -1 for Lower Word not vertical word 'This' at:[INFO]  Distance OK(20 vs 5) for Upper Word word 'This'[INFO]  Distance OK(24 vs 1) for Lower Word word 'This'[INFO]  EvaluateBox OK(13) for Real Word word 'is'[INFO]  EvaluateBox OK(0) for Upper Word word 'is'[INFO]  EvaluateBox OK(0) for Upper Word not vertical word 'is'[INFO]  EvaluateBox OK(0) for Lower Word word 'is'[INFO]  EvaluateBox OK(0) for Lower Word not vertical word 'is'[INFO]  Distance OK(20 vs 5) for Upper Word word 'is'[INFO]  Distance OK(24 vs 1) for Lower Word word 'is'[INFO]  EvaluateBox OK(11) for Real Word word 'a'[INFO]  EvaluateBox OK(0) for Upper Word word 'a'[INFO]  EvaluateBox OK(0) for Upper Word not vertical word 'a'[INFO]  EvaluateBox OK(0) for Lower Word word 'a'[INFO]  EvaluateBox OK(0) for Lower Word not vertical word 'a'[INFO]  Distance OK(32 vs 2) for Upper Word word 'a'[INFO]  Distance OK(24 vs 1) for Lower Word word 'a'[INFO]  EvaluateBox OK(13) for Real Word word 'lot'[INFO]  EvaluateBox OK(0) for Upper Word word 'lot'[INFO]  EvaluateBox OK(0) for Upper Word not vertical word 'lot'[INFO]  EvaluateBox OK(0) for Lower Word word 'lot'[INFO]  EvaluateBox OK(0) for Lower Word not vertical word 'lot'[INFO]  Distance OK(20 vs 5) for Upper Word word 'lot'[INFO]  Distance OK(24 vs 1) for Lower Word word 'lot'[INFO]  EvaluateBox OK(16) for Real Word word 'of'[INFO]  EvaluateBox OK(0) for Upper Word word 'of'[INFO]  EvaluateBox OK(0) for Upper Word not vertical word 'of'[INFO]  EvaluateBox OK(-1) for Lower Word word 'of'[INFO]  EvaluateBox too low:-1 vs -1 for Lower Word not vertical word 'of' at:[INFO]  Distance OK(20 vs 5) for Upper Word word 'of'[INFO]  Distance OK(24 vs 1) for Lower Word word 'of'[INFO]  EvaluateBox OK(15) for Real Word word '12'[INFO]  EvaluateBox OK(0) for Upper Word word '12'[INFO]  EvaluateBox OK(0) for Upper Word not vertical word '12'[INFO]  EvaluateBox OK(-1) for Lower Word word '12'[INFO]  EvaluateBox too low:-1 vs -1 for Lower Word not vertical word '12' at:[INFO]  Distance OK(20 vs 5) for Upper Word word '12'[INFO]  Distance OK(24 vs 1) for Lower Word word '12'[INFO]  EvaluateBox OK(14) for Real Word word 'point'[INFO]  EvaluateBox OK(3) for Upper Word word 'point'[INFO]  EvaluateBox OK(3) for Upper Word not vertical word 'point'[INFO]  EvaluateBox OK(-1) for Lower Word word 'point'[INFO]  EvaluateBox too low:-1 vs -1 for Lower Word not vertical word 'point' at:[INFO]  Distance OK(20 vs 5) for Upper Word word 'point'[INFO]  Distance OK(18 vs 3) for Lower Word word 'point'[INFO]  EvaluateBox OK(16) for Real Word word 'text'[INFO]  EvaluateBox OK(3) for Upper Word word 'text'[INFO]  EvaluateBox OK(3) for Upper Word not vertical word 'text'[INFO]  EvaluateBox OK(0) for Lower Word word 'text'[INFO]  EvaluateBox OK(0) for Lower Word not vertical word 'text'[INFO]  Distance OK(12 vs 4) for Upper Word word 'text'[INFO]  Distance OK(24 vs 1) for Lower Word word 'text'[INFO]  EvaluateBox OK(16) for Real Word word 'to'[INFO]  EvaluateBox OK(3) for Upper Word word 'to'[INFO]  EvaluateBox OK(3) for Upper Word not vertical word 'to'[INFO]  EvaluateBox OK(0) for Lower Word word 'to'[INFO]  EvaluateBox OK(0) for Lower Word not vertical word 'to'[INFO]  Distance OK(12 vs 4) for Upper Word word 'to'[INFO]  Distance OK(24 vs 1) for Lower Word word 'to'[INFO]  EvaluateBox OK(13) for Real Word word 'test'[INFO]  EvaluateBox OK(3) for Upper Word word 'test'[INFO]  EvaluateBox OK(3) for Upper Word not vertical word 'test'[INFO]  EvaluateBox OK(0) for Lower Word word 'test'[INFO]  EvaluateBox OK(0) for Lower Word not vertical word 'test'[INFO]  Distance OK(12 vs 4) for Upper Word word 'test'[INFO]  Distance OK(24 vs 1) for Lower Word word 'test'[INFO]  EvaluateBox OK(10) for Real Word word 'the'[INFO]  EvaluateBox OK(0) for Upper Word word 'the'[INFO]  EvaluateBox OK(0) for Upper Word not vertical word 'the'[INFO]  EvaluateBox OK(-1) for Lower Word word 'the'[INFO]  EvaluateBox too low:-1 vs -1 for Lower Word not vertical word 'the' at:[INFO]  Distance OK(20 vs 5) for Upper Word word 'the'[INFO]  Distance OK(24 vs 1) for Lower Word word 'the'[INFO]  EvaluateBox OK(7) for Real Word word 'cor'[INFO]  EvaluateBox OK(-1) for Upper Word word 'cor'[INFO]  EvaluateBox too low:-1 vs -1 for Upper Word not vertical word 'cor' at:[INFO]  EvaluateBox OK(0) for Lower Word word 'cor'[INFO]  EvaluateBox OK(0) for Lower Word not vertical word 'cor'[INFO]  Distance OK(32 vs 2) for Upper Word word 'cor'[INFO]  Distance OK(24 vs 1) for Lower Word word 'cor'[INFO]  EvaluateBox OK(11) for Real Word word 'code'[INFO]  EvaluateBox OK(0) for Upper Word word 'code'[INFO]  EvaluateBox OK(0) for Upper Word not vertical word 'code'[INFO]  EvaluateBox OK(0) for Lower Word word 'code'[INFO]  EvaluateBox OK(0) for Lower Word not vertical word 'code'[INFO]  Distance OK(20 vs 5) for Upper Word word 'code'[INFO]  Distance OK(24 vs 1) for Lower Word word 'code'[INFO]  EvaluateBox OK(14) for Real Word word 'and'[INFO]  EvaluateBox OK(0) for Upper Word word 'and'[INFO]  EvaluateBox OK(0) for Upper Word not vertical word 'and'[INFO]  EvaluateBox OK(0) for Lower Word word 'and'[INFO]  EvaluateBox OK(0) for Lower Word not vertical word 'and'[INFO]  Distance OK(20 vs 5) for Upper Word word 'and'[INFO]  Distance OK(24 vs 1) for Lower Word word 'and'[INFO]  EvaluateBox OK(15) for Real Word word 'see'[INFO]  EvaluateBox OK(0) for Upper Word word 'see'[INFO]  EvaluateBox OK(0) for Upper Word not vertical word 'see'[INFO]  EvaluateBox OK(-1) for Lower Word word 'see'[INFO]  EvaluateBox too low:-1 vs -1 for Lower Word not vertical word 'see' at:[INFO]  Distance OK(32 vs 2) for Upper Word word 'see'[INFO]  Distance OK(24 vs 1) for Lower Word word 'see'[INFO]  EvaluateBox OK(14) for Real Word word 'if'[INFO]  EvaluateBox OK(0) for Upper Word word 'if'[INFO]  EvaluateBox OK(0) for Upper Word not vertical word 'if'[INFO]  EvaluateBox OK(0) for Lower Word word 'if'[INFO]  EvaluateBox OK(0) for Lower Word not vertical word 'if'[INFO]  Distance OK(20 vs 5) for Upper Word word 'if'[INFO]  Distance OK(24 vs 1) for Lower Word word 'if'[INFO]  EvaluateBox OK(15) for Real Word word 'it'[INFO]  EvaluateBox OK(0) for Upper Word word 'it'[INFO]  EvaluateBox OK(0) for Upper Word not vertical word 'it'[INFO]  EvaluateBox OK(0) for Lower Word word 'it'[INFO]  EvaluateBox OK(0) for Lower Word not vertical word 'it'[INFO]  Distance OK(20 vs 5) for Upper Word word 'it'[INFO]  Distance OK(24 vs 1) for Lower Word word 'it'[INFO]  EvaluateBox OK(16) for Real Word word 'works'[INFO]  EvaluateBox OK(0) for Upper Word word 'works'[INFO]  EvaluateBox OK(0) for Upper Word not vertical word 'works'[INFO]  EvaluateBox OK(1) for Lower Word word 'works'[INFO]  EvaluateBox OK(1) for Lower Word not vertical word 'works'[INFO]  Distance OK(20 vs 5) for Upper Word word 'works'[INFO]  Distance OK(24 vs 1) for Lower Word word 'works'[INFO]  EvaluateBox OK(13) for Real Word word 'on'[INFO]  EvaluateBox OK(0) for Upper Word word 'on'[INFO]  EvaluateBox OK(0) for Upper Word not vertical word 'on'[INFO]  EvaluateBox OK(0) for Lower Word word 'on'[INFO]  EvaluateBox OK(0) for Lower Word not vertical word 'on'[INFO]  Distance OK(32 vs 2) for Upper Word word 'on'[INFO]  Distance OK(24 vs 1) for Lower Word word 'on'[INFO]  EvaluateBox OK(12) for Real Word word 'all'[INFO]  EvaluateBox OK(0) for Upper Word word 'all'[INFO]  EvaluateBox OK(0) for Upper Word not vertical word 'all'[INFO]  EvaluateBox OK(2) for Lower Word word 'all'[INFO]  EvaluateBox OK(2) for Lower Word not vertical word 'all'[INFO]  Distance OK(20 vs 5) for Upper Word word 'all'[INFO]  Distance OK(24 vs 1) for Lower Word word 'all'[INFO]  EvaluateBox OK(10) for Real Word word 'types'[INFO]  EvaluateBox OK(-1) for Upper Word word 'types'[INFO]  EvaluateBox too low:-1 vs -1 for Upper Word not vertical word 'types' at:[INFO]  EvaluateBox OK(2) for Lower Word word 'types'[INFO]  EvaluateBox OK(2) for Lower Word not vertical word 'types'[INFO]  Distance OK(12 vs 4) for Upper Word word 'types'[INFO]  Distance OK(26 vs 3) for Lower Word word 'types'[INFO]  EvaluateBox OK(10) for Real Word word 'of'[INFO]  EvaluateBox OK(0) for Upper Word word 'of'[INFO]  EvaluateBox OK(0) for Upper Word not vertical word 'of'[INFO]  EvaluateBox OK(0) for Lower Word word 'of'[INFO]  EvaluateBox OK(0) for Lower Word not vertical word 'of'[INFO]  Distance OK(20 vs 5) for Upper Word word 'of'[INFO]  Distance OK(24 vs 1) for Lower Word word 'of'[INFO]  EvaluateBox OK(10) for Real Word word 'file'[INFO]  EvaluateBox OK(0) for Upper Word word 'file'[INFO]  EvaluateBox OK(0) for Upper Word not vertical word 'file'[INFO]  EvaluateBox OK(0) for Lower Word word 'file'[INFO]  EvaluateBox OK(0) for Lower Word not vertical word 'file'[INFO]  Distance OK(20 vs 5) for Upper Word word 'file'[INFO]  Distance OK(24 vs 1) for Lower Word word 'file'[INFO]  EvaluateBox OK(10) for Real Word word 'format.'[INFO]  EvaluateBox OK(0) for Upper Word word 'format.'[INFO]  EvaluateBox OK(0) for Upper Word not vertical word 'format.'[INFO]  EvaluateBox OK(0) for Lower Word word 'format.'[INFO]  EvaluateBox OK(0) for Lower Word not vertical word 'format.'[INFO]  Distance OK(20 vs 5) for Upper Word word 'format.'[INFO]  Distance OK(24 vs 1) for Lower Word word 'format.'[INFO]  EvaluateBox OK(7) for Real Word word 'The'[INFO]  EvaluateBox OK(0) for Upper Word word 'The'[INFO]  EvaluateBox OK(0) for Upper Word not vertical word 'The'[INFO]  EvaluateBox OK(0) for Lower Word word 'The'[INFO]  EvaluateBox OK(0) for Lower Word not vertical word 'The'[INFO]  Distance OK(26 vs 3) for Upper Word word 'The'[INFO]  Distance OK(24 vs 1) for Lower Word word 'The'[INFO]  EvaluateBox OK(11) for Real Word word 'quick'[INFO]  EvaluateBox OK(0) for Upper Word word 'quick'[INFO]  EvaluateBox OK(0) for Upper Word not vertical word 'quick'[INFO]  EvaluateBox OK(0) for Lower Word word 'quick'[INFO]  EvaluateBox OK(0) for Lower Word not vertical word 'quick'[INFO]  Distance OK(26 vs 3) for Upper Word word 'quick'[INFO]  Distance OK(18 vs 3) for Lower Word word 'quick'[INFO]  EvaluateBox OK(14) for Real Word word 'brown'[INFO]  EvaluateBox OK(0) for Upper Word word 'brown'[INFO]  EvaluateBox OK(0) for Upper Word not vertical word 'brown'[INFO]  EvaluateBox OK(0) for Lower Word word 'brown'[INFO]  EvaluateBox OK(0) for Lower Word not vertical word 'brown'[INFO]  Distance OK(20 vs 5) for Upper Word word 'brown'[INFO]  Distance OK(24 vs 1) for Lower Word word 'brown'[INFO]  EvaluateBox OK(12) for Real Word word 'dog'[INFO]  EvaluateBox OK(0) for Upper Word word 'dog'[INFO]  EvaluateBox OK(0) for Upper Word not vertical word 'dog'[INFO]  EvaluateBox OK(0) for Lower Word word 'dog'[INFO]  EvaluateBox OK(0) for Lower Word not vertical word 'dog'[INFO]  Distance OK(20 vs 5) for Upper Word word 'dog'[INFO]  Distance OK(26 vs 3) for Lower Word word 'dog'[INFO]  EvaluateBox OK(13) for Real Word word 'jumped'[INFO]  EvaluateBox OK(0) for Upper Word word 'jumped'[INFO]  EvaluateBox OK(0) for Upper Word not vertical word 'jumped'[INFO]  EvaluateBox OK(0) for Lower Word word 'jumped'[INFO]  EvaluateBox OK(0) for Lower Word not vertical word 'jumped'[INFO]  Distance OK(26 vs 3) for Upper Word word 'jumped'[INFO]  Distance OK(26 vs 3) for Lower Word word 'jumped'[INFO]  EvaluateBox OK(11) for Real Word word 'over'[INFO]  EvaluateBox OK(0) for Upper Word word 'over'[INFO]  EvaluateBox OK(0) for Upper Word not vertical word 'over'[INFO]  EvaluateBox OK(0) for Lower Word word 'over'[INFO]  EvaluateBox OK(0) for Lower Word not vertical word 'over'[INFO]  Distance OK(32 vs 2) for Upper Word word 'over'[INFO]  Distance OK(24 vs 1) for Lower Word word 'over'[INFO]  EvaluateBox OK(7) for Real Word word 'the'[INFO]  EvaluateBox OK(0) for Upper Word word 'the'[INFO]  EvaluateBox OK(0) for Upper Word not vertical word 'the'[INFO]  EvaluateBox OK(0) for Lower Word word 'the'[INFO]  EvaluateBox OK(0) for Lower Word not vertical word 'the'[INFO]  Distance OK(20 vs 5) for Upper Word word 'the'[INFO]  Distance OK(24 vs 1) for Lower Word word 'the'[INFO]  EvaluateBox too low:6 vs 6 for Real Word word 'lazy' at:[INFO]  EvaluateBox OK(0) for Upper Word word 'lazy'[INFO]  EvaluateBox OK(0) for Upper Word not vertical word 'lazy'[INFO]  EvaluateBox OK(0) for Lower Word word 'lazy'[INFO]  EvaluateBox OK(0) for Lower Word not vertical word 'lazy'[INFO]  Distance OK(20 vs 5) for Upper Word word 'lazy'[INFO]  Distance OK(26 vs 3) for Lower Word word 'lazy'[INFO]  EvaluateBox OK(10) for Real Word word 'fox.'[INFO]  EvaluateBox OK(0) for Upper Word word 'fox.'[INFO]  EvaluateBox OK(0) for Upper Word not vertical word 'fox.'[INFO]  EvaluateBox OK(-1) for Lower Word word 'fox.'[INFO]  EvaluateBox too low:-1 vs -1 for Lower Word not vertical word 'fox.' at:[INFO]  Distance OK(26 vs 3) for Upper Word word 'fox.'[INFO]  Distance OK(24 vs 1) for Lower Word word 'fox.'[INFO]  EvaluateBox OK(13) for Real Word word 'The'[INFO]  EvaluateBox OK(0) for Upper Word word 'The'[INFO]  EvaluateBox OK(0) for Upper Word not vertical word 'The'[INFO]  EvaluateBox OK(0) for Lower Word word 'The'[INFO]  EvaluateBox OK(0) for Lower Word not vertical word 'The'[INFO]  Distance OK(20 vs 5) for Upper Word word 'The'[INFO]  Distance OK(24 vs 1) for Lower Word word 'The'[INFO]  EvaluateBox OK(11) for Real Word word 'quick'[INFO]  EvaluateBox OK(-1) for Upper Word word 'quick'[INFO]  EvaluateBox too low:-1 vs -1 for Upper Word not vertical word 'quick' at:[INFO]  EvaluateBox OK(0) for Lower Word word 'quick'[INFO]  EvaluateBox OK(0) for Lower Word not vertical word 'quick'[INFO]  Distance OK(26 vs 3) for Upper Word word 'quick'[INFO]  Distance OK(24 vs 1) for Lower Word word 'quick'[INFO]  EvaluateBox OK(14) for Real Word word 'brown'[INFO]  EvaluateBox OK(0) for Upper Word word 'brown'[INFO]  EvaluateBox OK(0) for Upper Word not vertical word 'brown'[INFO]  EvaluateBox OK(0) for Lower Word word 'brown'[INFO]  EvaluateBox OK(0) for Lower Word not vertical word 'brown'[INFO]  Distance OK(26 vs 3) for Upper Word word 'brown'[INFO]  Distance OK(24 vs 1) for Lower Word word 'brown'[INFO]  EvaluateBox OK(11) for Real Word word 'dog'[INFO]  EvaluateBox OK(0) for Upper Word word 'dog'[INFO]  EvaluateBox OK(0) for Upper Word not vertical word 'dog'[INFO]  EvaluateBox OK(0) for Lower Word word 'dog'[INFO]  EvaluateBox OK(0) for Lower Word not vertical word 'dog'[INFO]  Distance OK(20 vs 5) for Upper Word word 'dog'[INFO]  Distance OK(26 vs 3) for Lower Word word 'dog'[INFO]  EvaluateBox OK(8) for Real Word word 'jumped'[INFO]  EvaluateBox OK(1) for Upper Word word 'jumped'[INFO]  EvaluateBox OK(1) for Upper Word not vertical word 'jumped'[INFO]  EvaluateBox OK(0) for Lower Word word 'jumped'[INFO]  EvaluateBox OK(0) for Lower Word not vertical word 'jumped'[INFO]  Distance OK(26 vs 3) for Upper Word word 'jumped'[INFO]  Distance OK(26 vs 3) for Lower Word word 'jumped'[INFO]  EvaluateBox OK(8) for Real Word word 'over'[INFO]  EvaluateBox OK(-1) for Upper Word word 'over'[INFO]  EvaluateBox too low:-1 vs -1 for Upper Word not vertical word 'over' at:[INFO]  EvaluateBox OK(0) for Lower Word word 'over'[INFO]  EvaluateBox OK(0) for Lower Word not vertical word 'over'[INFO]  Distance OK(32 vs 2) for Upper Word word 'over'[INFO]  Distance OK(24 vs 1) for Lower Word word 'over'[INFO]  EvaluateBox OK(12) for Real Word word 'the'[INFO]  EvaluateBox OK(-1) for Upper Word word 'the'[INFO]  EvaluateBox too low:-1 vs -1 for Upper Word not vertical word 'the' at:[INFO]  EvaluateBox OK(0) for Lower Word word 'the'[INFO]  EvaluateBox OK(0) for Lower Word not vertical word 'the'[INFO]  Distance OK(20 vs 5) for Upper Word word 'the'[INFO]  Distance OK(24 vs 1) for Lower Word word 'the'[INFO]  EvaluateBox OK(12) for Real Word word 'lazy'[INFO]  EvaluateBox OK(0) for Upper Word word 'lazy'[INFO]  EvaluateBox OK(0) for Upper Word not vertical word 'lazy'[INFO]  EvaluateBox OK(-1) for Lower Word word 'lazy'[INFO]  EvaluateBox too low:-1 vs -1 for Lower Word not vertical word 'lazy' at:[INFO]  Distance OK(20 vs 5) for Upper Word word 'lazy'[INFO]  Distance OK(26 vs 3) for Lower Word word 'lazy'[INFO]  EvaluateBox OK(12) for Real Word word 'fox.'[INFO]  EvaluateBox OK(0) for Upper Word word 'fox.'[INFO]  EvaluateBox OK(0) for Upper Word not vertical word 'fox.'[INFO]  EvaluateBox OK(-1) for Lower Word word 'fox.'[INFO]  EvaluateBox too low:-1 vs -1 for Lower Word not vertical word 'fox.' at:[INFO]  Distance OK(26 vs 3) for Upper Word word 'fox.'[INFO]  Distance OK(24 vs 1) for Lower Word word 'fox.'[INFO]  EvaluateBox OK(13) for Real Word word 'The'[INFO]  EvaluateBox OK(0) for Upper Word word 'The'[INFO]  EvaluateBox OK(0) for Upper Word not vertical word 'The'[INFO]  EvaluateBox OK(0) for Lower Word word 'The'[INFO]  EvaluateBox OK(0) for Lower Word not vertical word 'The'[INFO]  Distance OK(26 vs 3) for Upper Word word 'The'[INFO]  Distance OK(24 vs 1) for Lower Word word 'The'[INFO]  EvaluateBox OK(12) for Real Word word 'quick'[INFO]  EvaluateBox OK(-1) for Upper Word word 'quick'[INFO]  EvaluateBox too low:-1 vs -1 for Upper Word not vertical word 'quick' at:[INFO]  EvaluateBox OK(0) for Lower Word word 'quick'[INFO]  EvaluateBox OK(0) for Lower Word not vertical word 'quick'[INFO]  Distance OK(20 vs 5) for Upper Word word 'quick'[INFO]  Distance OK(24 vs 1) for Lower Word word 'quick'[INFO]  EvaluateBox OK(12) for Real Word word 'brown'[INFO]  EvaluateBox OK(0) for Upper Word word 'brown'[INFO]  EvaluateBox OK(0) for Upper Word not vertical word 'brown'[INFO]  EvaluateBox OK(0) for Lower Word word 'brown'[INFO]  EvaluateBox OK(0) for Lower Word not vertical word 'brown'[INFO]  Distance OK(20 vs 5) for Upper Word word 'brown'[INFO]  Distance OK(24 vs 1) for Lower Word word 'brown'[INFO]  EvaluateBox too low:6 vs 6 for Real Word word 'dog' at:[INFO]  EvaluateBox OK(-1) for Upper Word word 'dog'[INFO]  EvaluateBox too low:-1 vs -1 for Upper Word not vertical word 'dog' at:[INFO]  EvaluateBox OK(0) for Lower Word word 'dog'[INFO]  EvaluateBox OK(0) for Lower Word not vertical word 'dog'[INFO]  Distance OK(20 vs 5) for Upper Word word 'dog'[INFO]  Distance OK(26 vs 3) for Lower Word word 'dog'[INFO]  EvaluateBox OK(10) for Real Word word 'jumped'[INFO]  EvaluateBox OK(-1) for Upper Word word 'jumped'[INFO]  EvaluateBox too low:-1 vs -1 for Upper Word not vertical word 'jumped' at:[INFO]  EvaluateBox OK(0) for Lower Word word 'jumped'[INFO]  EvaluateBox OK(0) for Lower Word not vertical word 'jumped'[INFO]  Distance OK(20 vs 5) for Upper Word word 'jumped'[INFO]  Distance OK(26 vs 3) for Lower Word word 'jumped'[INFO]  EvaluateBox OK(13) for Real Word word 'over'[INFO]  EvaluateBox OK(0) for Upper Word word 'over'[INFO]  EvaluateBox OK(0) for Upper Word not vertical word 'over'[INFO]  EvaluateBox OK(0) for Lower Word word 'over'[INFO]  EvaluateBox OK(0) for Lower Word not vertical word 'over'[INFO]  Distance OK(32 vs 2) for Upper Word word 'over'[INFO]  Distance OK(24 vs 1) for Lower Word word 'over'[INFO]  EvaluateBox OK(13) for Real Word word 'the'[INFO]  EvaluateBox OK(0) for Upper Word word 'the'[INFO]  EvaluateBox OK(0) for Upper Word not vertical word 'the'[INFO]  EvaluateBox OK(0) for Lower Word word 'the'[INFO]  EvaluateBox OK(0) for Lower Word not vertical word 'the'[INFO]  Distance OK(20 vs 5) for Upper Word word 'the'[INFO]  Distance OK(24 vs 1) for Lower Word word 'the'[INFO]  EvaluateBox OK(12) for Real Word word 'lazy'[INFO]  EvaluateBox OK(-1) for Upper Word word 'lazy'[INFO]  EvaluateBox too low:-1 vs -1 for Upper Word not vertical word 'lazy' at:[INFO]  EvaluateBox OK(-1) for Lower Word word 'lazy'[INFO]  EvaluateBox too low:-1 vs -1 for Lower Word not vertical word 'lazy' at:[INFO]  Distance OK(20 vs 5) for Upper Word word 'lazy'[INFO]  Distance OK(26 vs 3) for Lower Word word 'lazy'[INFO]  EvaluateBox OK(12) for Real Word word 'fox.'[INFO]  EvaluateBox OK(0) for Upper Word word 'fox.'[INFO]  EvaluateBox OK(0) for Upper Word not vertical word 'fox.'[INFO]  EvaluateBox OK(0) for Lower Word word 'fox.'[INFO]  EvaluateBox OK(0) for Lower Word not vertical word 'fox.'[INFO]  Distance OK(20 vs 5) for Upper Word word 'fox.'[INFO]  Distance OK(24 vs 1) for Lower Word word 'fox.'[INFO]  EvaluateBox OK(10) for Real Word word 'The'[INFO]  EvaluateBox OK(0) for Upper Word word 'The'[INFO]  EvaluateBox OK(0) for Upper Word not vertical word 'The'[INFO]  EvaluateBox OK(-1) for Lower Word word 'The'[INFO]  EvaluateBox too low:-1 vs -1 for Lower Word not vertical word 'The' at:[INFO]  Distance OK(20 vs 5) for Upper Word word 'The'[INFO]  Distance OK(24 vs 1) for Lower Word word 'The'[INFO]  EvaluateBox OK(7) for Real Word word 'quick'[INFO]  EvaluateBox OK(-1) for Upper Word word 'quick'[INFO]  EvaluateBox too low:-1 vs -1 for Upper Word not vertical word 'quick' at:[INFO]  EvaluateBox OK(0) for Lower Word word 'quick'[INFO]  EvaluateBox OK(0) for Lower Word not vertical word 'quick'[INFO]  Distance OK(20 vs 5) for Upper Word word 'quick'[INFO]  Distance OK(18 vs 3) for Lower Word word 'quick'[INFO]  EvaluateBox OK(9) for Real Word word 'brown'[INFO]  EvaluateBox OK(0) for Upper Word word 'brown'[INFO]  EvaluateBox OK(0) for Upper Word not vertical word 'brown'[INFO]  EvaluateBox OK(3) for Lower Word word 'brown'[INFO]  EvaluateBox OK(3) for Lower Word not vertical word 'brown'[INFO]  Distance OK(20 vs 5) for Upper Word word 'brown'[INFO]  Distance OK(24 vs 1) for Lower Word word 'brown'[INFO]  EvaluateBox OK(12) for Real Word word 'dog'[INFO]  EvaluateBox OK(-1) for Upper Word word 'dog'[INFO]  EvaluateBox too low:-1 vs -1 for Upper Word not vertical word 'dog' at:[INFO]  EvaluateBox OK(3) for Lower Word word 'dog'[INFO]  EvaluateBox OK(3) for Lower Word not vertical word 'dog'[INFO]  Distance OK(20 vs 5) for Upper Word word 'dog'[INFO]  Distance OK(26 vs 3) for Lower Word word 'dog'[INFO]  EvaluateBox OK(14) for Real Word word 'jumped'[INFO]  EvaluateBox OK(0) for Upper Word word 'jumped'[INFO]  EvaluateBox OK(0) for Upper Word not vertical word 'jumped'[INFO]  EvaluateBox OK(3) for Lower Word word 'jumped'[INFO]  EvaluateBox OK(3) for Lower Word not vertical word 'jumped'[INFO]  Distance OK(20 vs 5) for Upper Word word 'jumped'[INFO]  Distance OK(26 vs 3) for Lower Word word 'jumped'[INFO]  EvaluateBox OK(14) for Real Word word 'over'[INFO]  EvaluateBox OK(0) for Upper Word word 'over'[INFO]  EvaluateBox OK(0) for Upper Word not vertical word 'over'[INFO]  EvaluateBox OK(0) for Lower Word word 'over'[INFO]  EvaluateBox OK(0) for Lower Word not vertical word 'over'[INFO]  Distance OK(32 vs 2) for Upper Word word 'over'[INFO]  Distance OK(24 vs 1) for Lower Word word 'over'[INFO]  EvaluateBox OK(14) for Real Word word 'the'[INFO]  EvaluateBox OK(0) for Upper Word word 'the'[INFO]  EvaluateBox OK(0) for Upper Word not vertical word 'the'[INFO]  EvaluateBox OK(2) for Lower Word word 'the'[INFO]  EvaluateBox OK(2) for Lower Word not vertical word 'the'[INFO]  Distance OK(20 vs 5) for Upper Word word 'the'[INFO]  Distance OK(24 vs 1) for Lower Word word 'the'[INFO]  EvaluateBox OK(11) for Real Word word 'lazy'[INFO]  EvaluateBox OK(-1) for Upper Word word 'lazy'[INFO]  EvaluateBox too low:-1 vs -1 for Upper Word not vertical word 'lazy' at:[INFO]  EvaluateBox OK(1) for Lower Word word 'lazy'[INFO]  EvaluateBox OK(1) for Lower Word not vertical word 'lazy'[INFO]  Distance OK(20 vs 5) for Upper Word word 'lazy'[INFO]  Distance OK(26 vs 3) for Lower Word word 'lazy'[INFO]  EvaluateBox OK(9) for Real Word word 'fox.'[INFO]  EvaluateBox OK(0) for Upper Word word 'fox.'[INFO]  EvaluateBox OK(0) for Upper Word not vertical word 'fox.'[INFO]  EvaluateBox OK(1) for Lower Word word 'fox.'[INFO]  EvaluateBox OK(1) for Lower Word not vertical word 'fox.'[INFO]  Distance OK(20 vs 5) for Upper Word word 'fox.'[INFO]  Distance OK(24 vs 1) for Lower Word word 'fox.'[       OK ] TextlineProjectionTest.Rotated (1210 ms)
[----------] 2 tests from TextlineProjectionTest (2460 ms total)

[----------] Global test environment tear-down
[==========] 2 tests from 1 test suite ran. (2461 ms total)
[  PASSED  ] 2 tests.
</system-out>
			<system-err>Bounding box=(36,352)-&gt;(96,364)
Gradients: top = -4, bottom = -6, left= 1, right= 0 for box:Bounding box=(36,352)-&gt;(96,364)
Bounding box=(109,352)-&gt;(129,364)
Gradients: top = -5, bottom = -8, left= 1, right= 0 for box:Bounding box=(109,352)-&gt;(129,364)
Bounding box=(212,352)-&gt;(240,364)
Gradients: top = -5, bottom = -10, left= 1, right= 0 for box:Bounding box=(212,352)-&gt;(240,364)
Bounding box=(296,353)-&gt;(364,363)
Gradients: top = -6, bottom = -2, left= 0, right= 1 for box:Bounding box=(296,353)-&gt;(364,363)
Bounding box=(536,352)-&gt;(580,364)
Gradients: top = -3, bottom = -8, left= 0, right= 1 for box:Bounding box=(536,352)-&gt;(580,364)
Bounding box=(36,348)-&gt;(81,366)
Gradients: top = 0, bottom = -2, left= 1, right= 0 for box:Bounding box=(36,348)-&gt;(81,366)
Bounding box=(236,312)-&gt;(286,330)
Gradients: top = -5, bottom = 0, left= 0, right= 1 for box:Bounding box=(236,312)-&gt;(286,330)
Bounding box=(299,318)-&gt;(314,330)
Gradients: top = -5, bottom = -2, left= 1, right= 0 for box:Bounding box=(299,318)-&gt;(314,330)
Bounding box=(445,348)-&gt;(478,366)
Gradients: top = 0, bottom = -4, left= 1, right= 0 for box:Bounding box=(445,348)-&gt;(478,366)
Bounding box=(541,353)-&gt;(618,363)
Gradients: top = -3, bottom = -3, left= 0, right= 1 for box:Bounding box=(541,353)-&gt;(618,363)
Bounding box=(37,221)-&gt;(92,252)
Gradients: top = 7, bottom = 7, left= 1, right= 0 for box:Bounding box=(37,221)-&gt;(92,252)
Bounding box=(103,216)-&gt;(153,228)
Gradients: top = -4, bottom = -9, left= 1, right= 0 for box:Bounding box=(103,216)-&gt;(153,228)
Bounding box=(232,252)-&gt;(307,262)
Gradients: top = -5, bottom = 0, left= 0, right= 1 for box:Bounding box=(232,252)-&gt;(307,262)
Bounding box=(36,212)-&gt;(99,230)
Gradients: top = 0, bottom = -2, left= 1, right= -1 for box:Bounding box=(36,212)-&gt;(99,230)
Bounding box=(109,218)-&gt;(153,230)
Gradients: top = 0, bottom = -3, left= 1, right= 0 for box:Bounding box=(109,218)-&gt;(153,230)
Bounding box=(165,182)-&gt;(221,192)
Gradients: top = -9, bottom = -10, left= 1, right= 0 for box:Bounding box=(165,182)-&gt;(221,192)
Bounding box=(231,182)-&gt;(281,194)
Gradients: top = -5, bottom = -11, left= 1, right= 0 for box:Bounding box=(231,182)-&gt;(281,194)
Bounding box=(360,218)-&gt;(435,228)
Gradients: top = -5, bottom = -1, left= -1, right= 1 for box:Bounding box=(360,218)-&gt;(435,228)
Bounding box=(545,187)-&gt;(597,218)
Gradients: top = 6, bottom = 6, left= 0, right= 0 for box:Bounding box=(545,187)-&gt;(597,218)
Bounding box=(545,218)-&gt;(597,228)
Gradients: top = -2, bottom = 0, left= 0, right= 1 for box:Bounding box=(545,218)-&gt;(597,228)
Bounding box=(43,184)-&gt;(150,194)
Gradients: top = -4, bottom = -1, left= 1, right= 0 for box:Bounding box=(43,184)-&gt;(150,194)
Bounding box=(292,184)-&gt;(347,194)
Gradients: top = -6, bottom = -5, left= 0, right= 1 for box:Bounding box=(292,184)-&gt;(347,194)
Bounding box=(292,148)-&gt;(347,158)
Gradients: top = -11, bottom = -10, left= 1, right= 1 for box:Bounding box=(292,148)-&gt;(347,158)
Bounding box=(420,148)-&gt;(475,160)
Gradients: top = -5, bottom = -8, left= 0, right= 1 for box:Bounding box=(420,148)-&gt;(475,160)
Bounding box=(486,184)-&gt;(561,194)
Gradients: top = -4, bottom = -1, left= 0, right= 1 for box:Bounding box=(486,184)-&gt;(561,194)
Bounding box=(135,150)-&gt;(187,160)
Gradients: top = -5, bottom = 0, left= 1, right= 0 for box:Bounding box=(135,150)-&gt;(187,160)
Bounding box=(316,144)-&gt;(379,162)
Gradients: top = -1, bottom = -5, left= 1, right= 0 for box:Bounding box=(316,144)-&gt;(379,162)
Bounding box=(445,150)-&gt;(500,160)
Gradients: top = -4, bottom = -3, left= 0, right= 1 for box:Bounding box=(445,150)-&gt;(500,160)
Bounding box=(36,-128)-&gt;(96,-116)
Gradients: top = -4, bottom = -6, left= 1, right= 0 for box:Bounding box=(36,-128)-&gt;(96,-116)
Bounding box=(212,-128)-&gt;(240,-116)
Gradients: top = -5, bottom = -10, left= 1, right= 0 for box:Bounding box=(212,-128)-&gt;(240,-116)
Bounding box=(251,-128)-&gt;(282,-116)
Gradients: top = -6, bottom = -10, left= 0, right= 1 for box:Bounding box=(251,-128)-&gt;(282,-116)
Bounding box=(296,-127)-&gt;(364,-117)
Gradients: top = -6, bottom = -2, left= 0, right= 1 for box:Bounding box=(296,-127)-&gt;(364,-117)
Bounding box=(536,-128)-&gt;(580,-116)
Gradients: top = -3, bottom = -8, left= 0, right= 1 for box:Bounding box=(536,-128)-&gt;(580,-116)
Bounding box=(36,-132)-&gt;(81,-114)
Gradients: top = 0, bottom = -2, left= 1, right= 0 for box:Bounding box=(36,-132)-&gt;(81,-114)
Bounding box=(236,-168)-&gt;(286,-150)
Gradients: top = -5, bottom = 0, left= 0, right= 1 for box:Bounding box=(236,-168)-&gt;(286,-150)
Bounding box=(541,-127)-&gt;(618,-117)
Gradients: top = -3, bottom = -3, left= 0, right= 1 for box:Bounding box=(541,-127)-&gt;(618,-117)
Bounding box=(37,-259)-&gt;(92,-228)
Gradients: top = 7, bottom = 7, left= 1, right= 0 for box:Bounding box=(37,-259)-&gt;(92,-228)
Bounding box=(103,-264)-&gt;(153,-252)
Gradients: top = -4, bottom = -9, left= 1, right= 0 for box:Bounding box=(103,-264)-&gt;(153,-252)
Bounding box=(232,-228)-&gt;(307,-218)
Gradients: top = -5, bottom = 0, left= 0, right= 1 for box:Bounding box=(232,-228)-&gt;(307,-218)
Bounding box=(36,-268)-&gt;(99,-250)
Gradients: top = 0, bottom = -2, left= 1, right= -1 for box:Bounding box=(36,-268)-&gt;(99,-250)
Bounding box=(109,-262)-&gt;(153,-250)
Gradients: top = 0, bottom = -3, left= 1, right= 0 for box:Bounding box=(109,-262)-&gt;(153,-250)
Bounding box=(165,-298)-&gt;(221,-288)
Gradients: top = -9, bottom = -10, left= 1, right= 0 for box:Bounding box=(165,-298)-&gt;(221,-288)
Bounding box=(231,-298)-&gt;(281,-286)
Gradients: top = -5, bottom = -10, left= 1, right= 0 for box:Bounding box=(231,-298)-&gt;(281,-286)
Bounding box=(360,-262)-&gt;(435,-252)
Gradients: top = -5, bottom = -1, left= 0, right= 1 for box:Bounding box=(360,-262)-&gt;(435,-252)
Bounding box=(545,-293)-&gt;(597,-262)
Gradients: top = 6, bottom = 6, left= 0, right= 0 for box:Bounding box=(545,-293)-&gt;(597,-262)
Bounding box=(545,-262)-&gt;(597,-252)
Gradients: top = -2, bottom = 0, left= 0, right= 1 for box:Bounding box=(545,-262)-&gt;(597,-252)
Bounding box=(43,-296)-&gt;(150,-286)
Gradients: top = -4, bottom = -1, left= 1, right= 0 for box:Bounding box=(43,-296)-&gt;(150,-286)
Bounding box=(292,-296)-&gt;(347,-286)
Gradients: top = -6, bottom = -4, left= 0, right= 1 for box:Bounding box=(292,-296)-&gt;(347,-286)
Bounding box=(292,-332)-&gt;(347,-322)
Gradients: top = -11, bottom = -10, left= 1, right= 0 for box:Bounding box=(292,-332)-&gt;(347,-322)
Bounding box=(420,-332)-&gt;(475,-320)
Gradients: top = -5, bottom = -8, left= 0, right= 1 for box:Bounding box=(420,-332)-&gt;(475,-320)
Bounding box=(486,-296)-&gt;(561,-286)
Gradients: top = -4, bottom = -1, left= 0, right= 1 for box:Bounding box=(486,-296)-&gt;(561,-286)
Bounding box=(135,-330)-&gt;(187,-320)
Gradients: top = -5, bottom = 0, left= 1, right= 0 for box:Bounding box=(135,-330)-&gt;(187,-320)
Bounding box=(445,-330)-&gt;(500,-320)
Gradients: top = -4, bottom = -3, left= 0, right= 1 for box:Bounding box=(445,-330)-&gt;(500,-320)
</system-err>
		</testcase>
		<testcase name="test: [google.tesseract.libtesseract-master]/[130297]/[tfile]">
			<system-out>Running main() from gmock_main.cc
[==========] Running 3 tests from 1 test suite.
[----------] Global test environment set-up.
[----------] 3 tests from TfileTest
[ RUN      ] TfileTest.Serialize
[       OK ] TfileTest.Serialize (0 ms)
[ RUN      ] TfileTest.FGets
[       OK ] TfileTest.FGets (0 ms)
[ RUN      ] TfileTest.BigEndian
[       OK ] TfileTest.BigEndian (0 ms)
[----------] 3 tests from TfileTest (0 ms total)

[----------] Global test environment tear-down
[==========] 3 tests from 1 test suite ran. (1 ms total)
[  PASSED  ] 3 tests.
</system-out>
			<system-err></system-err>
		</testcase>
		<testcase name="test: [google.tesseract.libtesseract-master]/[130297]/[validate_grapheme]">
			<system-out>Running main() from gmock_main.cc
[==========] Running 10 tests from 1 test suite.
[----------] Global test environment set-up.
[----------] 10 tests from ValidateGraphemeTest
[ RUN      ] ValidateGraphemeTest.MultipleSyllablesAreNotASingleGrapheme
[       OK ] ValidateGraphemeTest.MultipleSyllablesAreNotASingleGrapheme (1 ms)
[ RUN      ] ValidateGraphemeTest.SingleConsonantOK
[       OK ] ValidateGraphemeTest.SingleConsonantOK (0 ms)
[ RUN      ] ValidateGraphemeTest.SimpleCV
[       OK ] ValidateGraphemeTest.SimpleCV (0 ms)
[ RUN      ] ValidateGraphemeTest.SubscriptConjunct
[       OK ] ValidateGraphemeTest.SubscriptConjunct (0 ms)
[ RUN      ] ValidateGraphemeTest.HalfFormJoiner
[       OK ] ValidateGraphemeTest.HalfFormJoiner (0 ms)
[ RUN      ] ValidateGraphemeTest.TraditionalConjunctJoiner
[       OK ] ValidateGraphemeTest.TraditionalConjunctJoiner (0 ms)
[ RUN      ] ValidateGraphemeTest.OpenConjunctNonJoiner
[       OK ] ValidateGraphemeTest.OpenConjunctNonJoiner (0 ms)
[ RUN      ] ValidateGraphemeTest.ExplicitViramaNonJoiner
[       OK ] ValidateGraphemeTest.ExplicitViramaNonJoiner (0 ms)
[ RUN      ] ValidateGraphemeTest.ThaiGraphemes
[       OK ] ValidateGraphemeTest.ThaiGraphemes (0 ms)
[ RUN      ] ValidateGraphemeTest.NoLonelyJoinersQuote
[       OK ] ValidateGraphemeTest.NoLonelyJoinersQuote (0 ms)
[----------] 10 tests from ValidateGraphemeTest (1 ms total)

[----------] Global test environment tear-down
[==========] 10 tests from 1 test suite ran. (1 ms total)
[  PASSED  ] 10 tests.
</system-out>
			<system-err>Dropping isolated joiner: 0x200c
Invalid start of grapheme sequence:H=0xc4d
Dropping isolated joiner: 0x200d
</system-err>
		</testcase>
		<testcase name="test: [google.tesseract.libtesseract-master]/[130297]/[unichar]">
			<system-out>Running main() from gmock_main.cc
[==========] Running 2 tests from 1 test suite.
[----------] Global test environment set-up.
[----------] 2 tests from UnicharTest
[ RUN      ] UnicharTest.Conversion
[       OK ] UnicharTest.Conversion (0 ms)
[ RUN      ] UnicharTest.InvalidText
[       OK ] UnicharTest.InvalidText (0 ms)
[----------] 2 tests from UnicharTest (0 ms total)

[----------] Global test environment tear-down
[==========] 2 tests from 1 test suite ran. (0 ms total)
[  PASSED  ] 2 tests.
</system-out>
			<system-err></system-err>
		</testcase>
		<testcase name="test: [google.tesseract.libtesseract-master]/[130297]/[unicharcompress]">
			<system-out>Running main() from gmock_main.cc
[==========] Running 8 tests from 1 test suite.
[----------] Global test environment set-up.
[----------] 8 tests from UnicharcompressTest
[ RUN      ] UnicharcompressTest.DoesChinese
[INFO]  Testing chi_tra[INFO]  Wrote encoding to:./tmp/chi_tra.unicharset.encoding.txt[INFO]  Compressed unicharset of 6219 to 270[INFO]  Testing chi_sim[INFO]  Wrote encoding to:./tmp/chi_sim.unicharset.encoding.txt[INFO]  Compressed unicharset of 5074 to 227[       OK ] UnicharcompressTest.DoesChinese (330 ms)
[ RUN      ] UnicharcompressTest.DoesJapanese
[INFO]  Testing jpn[INFO]  Wrote encoding to:./tmp/jpn.unicharset.encoding.txt[INFO]  Compressed unicharset of 3706 to 424[       OK ] UnicharcompressTest.DoesJapanese (83 ms)
[ RUN      ] UnicharcompressTest.DoesKorean
[INFO]  Testing kor[INFO]  Wrote encoding to:./tmp/kor.unicharset.encoding.txt[INFO]  Compressed unicharset of 1650 to 101[       OK ] UnicharcompressTest.DoesKorean (55 ms)
[ RUN      ] UnicharcompressTest.DoesKannada
[INFO]  Testing kan[INFO]  Wrote encoding to:./tmp/kan.unicharset.encoding.txt[INFO]  Compressed unicharset of 2840 to 111[INFO]  Compressed unicharset of 2840 to 111[       OK ] UnicharcompressTest.DoesKannada (114 ms)
[ RUN      ] UnicharcompressTest.DoesMarathi
[INFO]  Testing mar[INFO]  Wrote encoding to:./tmp/mar.unicharset.encoding.txt[INFO]  Compressed unicharset of 2197 to 117[       OK ] UnicharcompressTest.DoesMarathi (76 ms)
[ RUN      ] UnicharcompressTest.DoesEnglish
[INFO]  Testing eng[INFO]  Wrote encoding to:./tmp/eng.unicharset.encoding.txt[INFO]  Compressed unicharset of 111 to 110[       OK ] UnicharcompressTest.DoesEnglish (37 ms)
[ RUN      ] UnicharcompressTest.DoesLigaturesWithDoubles
[INFO]  Testing por with ligatures[INFO]  Wrote encoding to:./tmp/por.unicharset.encoding.txt[INFO]  Compressed unicharset of 226 to 144[       OK ] UnicharcompressTest.DoesLigaturesWithDoubles (38 ms)
[ RUN      ] UnicharcompressTest.GetEncodingAsString
[INFO]  Wrote encoding to:./tmp/trivial.unicharset.encoding.txt[INFO]  Compressed unicharset of 4 to 4[       OK ] UnicharcompressTest.GetEncodingAsString (36 ms)
[----------] 8 tests from UnicharcompressTest (769 ms total)

[----------] Global test environment tear-down
[==========] 8 tests from 1 test suite ran. (769 ms total)
[  PASSED  ] 8 tests.
</system-out>
			<system-err></system-err>
		</testcase>
		<testcase name="test: [google.tesseract.libtesseract-master]/[130297]/[unicharset]">
			<system-out>Running main() from gmock_main.cc
[==========] Running 4 tests from 1 test suite.
[----------] Global test environment set-up.
[----------] 4 tests from UnicharsetTest
[ RUN      ] UnicharsetTest.Basics
[       OK ] UnicharsetTest.Basics (0 ms)
[ RUN      ] UnicharsetTest.Multibyte
[       OK ] UnicharsetTest.Multibyte (0 ms)
[ RUN      ] UnicharsetTest.MultibyteBigrams
[       OK ] UnicharsetTest.MultibyteBigrams (1 ms)
[ RUN      ] UnicharsetTest.OldStyle
[INFO]  Filename=D:/dev/tesseract/test/testdata/eng.unicharset[       OK ] UnicharsetTest.OldStyle (3 ms)
[----------] 4 tests from UnicharsetTest (4 ms total)

[----------] Global test environment tear-down
[==========] 4 tests from 1 test suite ran. (4 ms total)
[  PASSED  ] 4 tests.
</system-out>
			<system-err></system-err>
		</testcase>
		<testcase name="test: [google.tesseract.libtesseract-master]/[130297]/[validate_indic]">
			<system-out>Running main() from gmock_main.cc
[==========] Running 11 tests from 1 test suite.
[----------] Global test environment set-up.
[----------] 11 tests from ValidateIndicTest
[ RUN      ] ValidateIndicTest.AddsJoinerToTerminalVirama
[       OK ] ValidateIndicTest.AddsJoinerToTerminalVirama (1 ms)
[ RUN      ] ValidateIndicTest.OnlyOneDependentVowel
[       OK ] ValidateIndicTest.OnlyOneDependentVowel (0 ms)
[ RUN      ] ValidateIndicTest.OnlyOneVowelModifier
[       OK ] ValidateIndicTest.OnlyOneVowelModifier (0 ms)
[ RUN      ] ValidateIndicTest.VowelModifierMustBeLast
[       OK ] ValidateIndicTest.VowelModifierMustBeLast (0 ms)
[ RUN      ] ValidateIndicTest.MatrasFollowConsonantsNotVowels
[       OK ] ValidateIndicTest.MatrasFollowConsonantsNotVowels (0 ms)
[ RUN      ] ValidateIndicTest.SubGraphemes
[       OK ] ValidateIndicTest.SubGraphemes (0 ms)
[ RUN      ] ValidateIndicTest.Nukta
[       OK ] ValidateIndicTest.Nukta (0 ms)
[ RUN      ] ValidateIndicTest.SinhalaRakaransaya
[       OK ] ValidateIndicTest.SinhalaRakaransaya (0 ms)
[ RUN      ] ValidateIndicTest.SinhalaYansaya
[       OK ] ValidateIndicTest.SinhalaYansaya (0 ms)
[ RUN      ] ValidateIndicTest.SinhalaRepaya
[       OK ] ValidateIndicTest.SinhalaRepaya (0 ms)
[ RUN      ] ValidateIndicTest.SinhalaSpecials
[       OK ] ValidateIndicTest.SinhalaSpecials (0 ms)
[----------] 11 tests from ValidateIndicTest (1 ms total)

[----------] Global test environment tear-down
[==========] 11 tests from 1 test suite ran. (1 ms total)
[  PASSED  ] 11 tests.
</system-out>
			<system-err></system-err>
		</testcase>
		<testcase name="test: [google.tesseract.libtesseract-master]/[130297]/[validate_myanmar]">
			<system-out>Running main() from gmock_main.cc
[==========] Running 2 tests from 1 test suite.
[----------] Global test environment set-up.
[----------] 2 tests from ValidateMyanmarTest
[ RUN      ] ValidateMyanmarTest.GoodMyanmarWords
[       OK ] ValidateMyanmarTest.GoodMyanmarWords (0 ms)
[ RUN      ] ValidateMyanmarTest.BadMyanmarWords
[       OK ] ValidateMyanmarTest.BadMyanmarWords (0 ms)
[----------] 2 tests from ValidateMyanmarTest (0 ms total)

[----------] Global test environment tear-down
[==========] 2 tests from 1 test suite ran. (0 ms total)
[  PASSED  ] 2 tests.
</system-out>
			<system-err>Invalid start of Myanmar syllable:0x1039
Invalid start of Myanmar syllable:0x1038
Invalid start of Myanmar syllable:0x1031
Invalid start of Myanmar syllable:0x103d
Invalid start of Myanmar syllable:0x1039
</system-err>
		</testcase>
	</testsuite>
</testsuites>
